Copyright 1986-2020 Xilinx, Inc. All Rights Reserved.
------------------------------------------------------------------------------------
| Tool Version : Vivado v.2020.2 (win64) Build 3064766 Wed Nov 18 09:12:45 MST 2020
| Date         : Thu Dec 11 09:26:10 2025
| Host         : DESKTOP-L4NOM67 running 64-bit major release  (build 9200)
| Command      : upgrade_ip
| Device       : xc7z020clg400-2
------------------------------------------------------------------------------------

Upgrade Log for IP 'system_stimer_onoff_pa_rw_A_0_0'

1. Summary
----------

CAUTION (success, with warnings) in the upgrade of system_stimer_onoff_pa_rw_A_0_0 (xilinx.com:user:stimer_onoff_pa_rw:1.0) from (Rev. 5) to (Rev. 6)

After upgrade, an IP may have parameter and port differences compared to the original customization. Please review the parameters within the IP customization GUI to ensure proper functionality. Also, please review the updated IP instantiation template to ensure proper connectivity, and update your design if required.

2. Connection Warnings
----------------------

Detected external port differences while upgrading 'system_stimer_onoff_pa_rw_A_0_0'. These changes may impact your design.


-Upgrade has added port 'time_up'







Copyright 1986-2020 Xilinx, Inc. All Rights Reserved.
------------------------------------------------------------------------------------
| Tool Version : Vivado v.2020.2 (win64) Build 3064766 Wed Nov 18 09:12:45 MST 2020
| Date         : Thu Dec 11 09:20:45 2025
| Host         : DESKTOP-L4NOM67 running 64-bit major release  (build 9200)
| Command      : upgrade_ip
| Device       : xc7z020clg400-2
------------------------------------------------------------------------------------

Upgrade Log for IP 'system_adc_whole_0_0'

1. Summary
----------

SUCCESS in the conversion of system_adc_whole_0_0 (xilinx.com:user:adc_whole:2.0 (Rev. 14)) to Vivado generation flows.






Copyright 1986-2020 Xilinx, Inc. All Rights Reserved.
------------------------------------------------------------------------------------
| Tool Version : Vivado v.2020.2 (win64) Build 3064766 Wed Nov 18 09:12:45 MST 2020
| Date         : Tue Dec  9 19:18:01 2025
| Host         : DESKTOP-L4NOM67 running 64-bit major release  (build 9200)
| Command      : upgrade_ip
| Device       : xc7z020clg400-2
------------------------------------------------------------------------------------

Upgrade Log for IP 'system_adc_whole_0_0'

1. Summary
----------

SUCCESS in the upgrade of system_adc_whole_0_0 (xilinx.com:user:adc_whole:2.0) from (Rev. 13) to (Rev. 14)






Copyright 1986-2020 Xilinx, Inc. All Rights Reserved.
------------------------------------------------------------------------------------
| Tool Version : Vivado v.2020.2 (win64) Build 3064766 Wed Nov 18 09:12:45 MST 2020
| Date         : Tue Dec  9 19:07:55 2025
| Host         : DESKTOP-L4NOM67 running 64-bit major release  (build 9200)
| Command      : upgrade_ip
| Device       : xc7z020clg400-2
------------------------------------------------------------------------------------

Upgrade Log for IP 'system_adc_whole_0_0'

1. Summary
----------

SUCCESS in the conversion of system_adc_whole_0_0 (xilinx.com:user:adc_whole:2.0 (Rev. 13)) to Vivado generation flows.






Copyright 1986-2020 Xilinx, Inc. All Rights Reserved.
------------------------------------------------------------------------------------
| Tool Version : Vivado v.2020.2 (win64) Build 3064766 Wed Nov 18 09:12:45 MST 2020
| Date         : Tue Dec  9 10:43:52 2025
| Host         : DESKTOP-L4NOM67 running 64-bit major release  (build 9200)
| Command      : upgrade_ip
| Device       : xc7z020clg400-2
------------------------------------------------------------------------------------

Upgrade Log for IP 'system_adc_whole_0_0'

1. Summary
----------

SUCCESS in the upgrade of system_adc_whole_0_0 (xilinx.com:user:adc_whole:2.0) from (Rev. 12) to (Rev. 13)






Copyright 1986-2020 Xilinx, Inc. All Rights Reserved.
------------------------------------------------------------------------------------
| Tool Version : Vivado v.2020.2 (win64) Build 3064766 Wed Nov 18 09:12:45 MST 2020
| Date         : Thu Jul 10 19:43:05 2025
| Host         : DESKTOP-L4NOM67 running 64-bit major release  (build 9200)
| Command      : upgrade_ip
| Device       : xc7z020clg400-2
------------------------------------------------------------------------------------

Upgrade Log for IP 'system_stimer_onoff_pa_rw_A_0_0'

1. Summary
----------

SUCCESS in the conversion of system_stimer_onoff_pa_rw_A_0_0 (xilinx.com:user:stimer_onoff_pa_rw:1.0 (Rev. 5)) to Vivado generation flows.






Copyright 1986-2020 Xilinx, Inc. All Rights Reserved.
------------------------------------------------------------------------------------
| Tool Version : Vivado v.2020.2 (win64) Build 3064766 Wed Nov 18 09:12:45 MST 2020
| Date         : Thu Jul 10 19:42:37 2025
| Host         : DESKTOP-L4NOM67 running 64-bit major release  (build 9200)
| Command      : upgrade_ip
| Device       : xc7z020clg400-2
------------------------------------------------------------------------------------

Upgrade Log for IP 'system_stimer_onoff_pa_rw_A_0_0'

1. Summary
----------

SUCCESS in the upgrade of system_stimer_onoff_pa_rw_A_0_0 (xilinx.com:user:stimer_onoff_pa_rw:1.0) from (Rev. 4) to (Rev. 5)






Copyright 1986-2020 Xilinx, Inc. All Rights Reserved.
------------------------------------------------------------------------------------
| Tool Version : Vivado v.2020.2 (win64) Build 3064766 Wed Nov 18 09:12:45 MST 2020
| Date         : Wed Jul  9 09:45:27 2025
| Host         : DESKTOP-L4NOM67 running 64-bit major release  (build 9200)
| Command      : upgrade_ip
| Device       : xc7z020clg400-2
------------------------------------------------------------------------------------

Upgrade Log for IP 'system_axi_smc_0'

1. Summary
----------

SUCCESS in the conversion of system_axi_smc_0 (xilinx.com:ip:smartconnect:1.0 (Rev. 14)) to Vivado generation flows.

After upgrade, an IP may have parameter and port differences compared to the original customization. Please review the parameters within the IP customization GUI to ensure proper functionality. Also, please review the updated IP instantiation template to ensure proper connectivity, and update your design if required.

2. Connection and Interface Information
---------------------------------------

Connection and Interface information can not be compared for deferred elaboration IPs.
system_axi_smc_0 may have connection or interface changes.







Copyright 1986-2020 Xilinx, Inc. All Rights Reserved.
------------------------------------------------------------------------------------
| Tool Version : Vivado v.2020.2 (win64) Build 3064766 Wed Nov 18 09:12:45 MST 2020
| Date         : Tue Jun 24 19:11:51 2025
| Host         : DESKTOP-L4NOM67 running 64-bit major release  (build 9200)
| Command      : upgrade_ip
| Device       : xc7z020clg400-2
------------------------------------------------------------------------------------

Upgrade Log for IP 'system_power_pulse_v1_AXI_0_0'

1. Summary
----------

SUCCESS in the upgrade of system_power_pulse_v1_AXI_0_0 (xilinx.com:user:power_pulse_v1_AXI:1.0) from (Rev. 2) to (Rev. 3)






Copyright 1986-2020 Xilinx, Inc. All Rights Reserved.
------------------------------------------------------------------------------------
| Tool Version : Vivado v.2020.2 (win64) Build 3064766 Wed Nov 18 09:12:45 MST 2020
| Date         : Thu Jun 19 19:36:53 2025
| Host         : DESKTOP-L4NOM67 running 64-bit major release  (build 9200)
| Command      : upgrade_ip
| Device       : xc7z020clg400-2
------------------------------------------------------------------------------------

Upgrade Log for IP 'system_stimer_onoff_pa_rw_A_0_0'

1. Summary
----------

SUCCESS in the conversion of system_stimer_onoff_pa_rw_A_0_0 (xilinx.com:user:stimer_onoff_pa_rw:1.0 (Rev. 4)) to Vivado generation flows.






Copyright 1986-2020 Xilinx, Inc. All Rights Reserved.
------------------------------------------------------------------------------------
| Tool Version : Vivado v.2020.2 (win64) Build 3064766 Wed Nov 18 09:12:45 MST 2020
| Date         : Thu Jun 19 16:20:27 2025
| Host         : DESKTOP-L4NOM67 running 64-bit major release  (build 9200)
| Command      : upgrade_ip
| Device       : xc7z020clg400-2
------------------------------------------------------------------------------------

Upgrade Log for IP 'system_stimer_onoff_pa_rw_A_0_0'

1. Summary
----------

SUCCESS in the upgrade of system_stimer_onoff_pa_rw_A_0_0 (xilinx.com:user:stimer_onoff_pa_rw:1.0) from (Rev. 3) to (Rev. 4)






Copyright 1986-2020 Xilinx, Inc. All Rights Reserved.
------------------------------------------------------------------------------------
| Tool Version : Vivado v.2020.2 (win64) Build 3064766 Wed Nov 18 09:12:45 MST 2020
| Date         : Sun Jun 15 16:40:07 2025
| Host         : DESKTOP-L4NOM67 running 64-bit major release  (build 9200)
| Command      : upgrade_ip
| Device       : xc7z020clg400-2
------------------------------------------------------------------------------------

Upgrade Log for IP 'system_stimer_onoff_pa_rw_A_0_0'

1. Summary
----------

SUCCESS in the conversion of system_stimer_onoff_pa_rw_A_0_0 (xilinx.com:user:stimer_onoff_pa_rw:1.0 (Rev. 3)) to Vivado generation flows.






Copyright 1986-2020 Xilinx, Inc. All Rights Reserved.
------------------------------------------------------------------------------------
| Tool Version : Vivado v.2020.2 (win64) Build 3064766 Wed Nov 18 09:12:45 MST 2020
| Date         : Sun Jun 15 09:37:00 2025
| Host         : DESKTOP-L4NOM67 running 64-bit major release  (build 9200)
| Command      : upgrade_ip
| Device       : xc7z020clg400-2
------------------------------------------------------------------------------------

Upgrade Log for IP 'system_stimer_onoff_pa_rw_A_0_0'

1. Summary
----------

SUCCESS in the upgrade of system_stimer_onoff_pa_rw_A_0_0 (xilinx.com:user:stimer_onoff_pa_rw:1.0) from (Rev. 2) to (Rev. 3)






Copyright 1986-2020 Xilinx, Inc. All Rights Reserved.
------------------------------------------------------------------------------------
| Tool Version : Vivado v.2020.2 (win64) Build 3064766 Wed Nov 18 09:12:45 MST 2020
| Date         : Sat Jun 14 11:37:13 2025
| Host         : DESKTOP-L4NOM67 running 64-bit major release  (build 9200)
| Command      : upgrade_ip
| Device       : xc7z020clg400-2
------------------------------------------------------------------------------------

Upgrade Log for IP 'system_stimer_onoff_pa_rw_A_0_0'

1. Summary
----------

SUCCESS in the conversion of system_stimer_onoff_pa_rw_A_0_0 (xilinx.com:user:stimer_onoff_pa_rw:1.0 (Rev. 2)) to Vivado generation flows.






Copyright 1986-2020 Xilinx, Inc. All Rights Reserved.
------------------------------------------------------------------------------------
| Tool Version : Vivado v.2020.2 (win64) Build 3064766 Wed Nov 18 09:12:45 MST 2020
| Date         : Sat Jun 14 10:25:00 2025
| Host         : DESKTOP-L4NOM67 running 64-bit major release  (build 9200)
| Command      : upgrade_ip
| Device       : xc7z020clg400-2
------------------------------------------------------------------------------------

Upgrade Log for IP 'system_stimer_onoff_pa_rw_A_0_0'

1. Summary
----------

SUCCESS in the conversion of system_stimer_onoff_pa_rw_A_0_0 (xilinx.com:user:stimer_onoff_pa_rw:1.0 (Rev. 2)) to Vivado generation flows.






Copyright 1986-2020 Xilinx, Inc. All Rights Reserved.
------------------------------------------------------------------------------------
| Tool Version : Vivado v.2020.2 (win64) Build 3064766 Wed Nov 18 09:12:45 MST 2020
| Date         : Sat Jun 14 10:22:44 2025
| Host         : DESKTOP-L4NOM67 running 64-bit major release  (build 9200)
| Command      : upgrade_ip
| Device       : xc7z020clg400-2
------------------------------------------------------------------------------------

Upgrade Log for IP 'system_stimer_onoff_pa_rw_A_0_0'

1. Summary
----------

SUCCESS in the upgrade of system_stimer_onoff_pa_rw_A_0_0 (xilinx.com:user:stimer_onoff_pa_rw:1.0) from (Rev. 1) to (Rev. 2)






Copyright 1986-2020 Xilinx, Inc. All Rights Reserved.
------------------------------------------------------------------------------------
| Tool Version : Vivado v.2020.2 (win64) Build 3064766 Wed Nov 18 09:12:45 MST 2020
| Date         : Sat Jun 14 09:13:40 2025
| Host         : DESKTOP-L4NOM67 running 64-bit major release  (build 9200)
| Command      : upgrade_ip
| Device       : xc7z020clg400-2
------------------------------------------------------------------------------------

Upgrade Log for IP 'system_stimer_onoff_pa_rw_A_0_0'

1. Summary
----------

SUCCESS in the conversion of system_stimer_onoff_pa_rw_A_0_0 (xilinx.com:user:stimer_onoff_pa_rw:1.0 (Rev. 1)) to Vivado generation flows.






Copyright 1986-2020 Xilinx, Inc. All Rights Reserved.
------------------------------------------------------------------------------------
| Tool Version : Vivado v.2020.2 (win64) Build 3064766 Wed Nov 18 09:12:45 MST 2020
| Date         : Thu Jun  5 18:25:22 2025
| Host         : DESKTOP-L4NOM67 running 64-bit major release  (build 9200)
| Command      : upgrade_ip
| Device       : xc7z020clg400-2
------------------------------------------------------------------------------------

Upgrade Log for IP 'system_stimer_onoff_pa_rw_A_0_0'

1. Summary
----------

SUCCESS in the conversion of system_stimer_onoff_pa_rw_A_0_0 (xilinx.com:user:stimer_onoff_pa_rw:1.0 (Rev. 1)) to Vivado generation flows.






Copyright 1986-2020 Xilinx, Inc. All Rights Reserved.
------------------------------------------------------------------------------------
| Tool Version : Vivado v.2020.2 (win64) Build 3064766 Wed Nov 18 09:12:45 MST 2020
| Date         : Thu Jun  5 12:21:04 2025
| Host         : DESKTOP-L4NOM67 running 64-bit major release  (build 9200)
| Command      : upgrade_ip
| Device       : xc7z020clg400-2
------------------------------------------------------------------------------------

Upgrade Log for IP 'system_stimer_onoff_pa_rw_A_0_0'

1. Summary
----------

SUCCESS in the conversion of system_stimer_onoff_pa_rw_A_0_0 (xilinx.com:user:stimer_onoff_pa_rw:1.0 (Rev. 1)) to Vivado generation flows.






Copyright 1986-2020 Xilinx, Inc. All Rights Reserved.
------------------------------------------------------------------------------------
| Tool Version : Vivado v.2020.2 (win64) Build 3064766 Wed Nov 18 09:12:45 MST 2020
| Date         : Wed Jun  4 20:35:41 2025
| Host         : DESKTOP-L4NOM67 running 64-bit major release  (build 9200)
| Command      : upgrade_ip
| Device       : xc7z020clg400-2
------------------------------------------------------------------------------------

Upgrade Log for IP 'system_stimer_onoff_pa_rw_A_0_0'

1. Summary
----------

SUCCESS in the conversion of system_stimer_onoff_pa_rw_A_0_0 (xilinx.com:user:stimer_onoff_pa_rw:1.0 (Rev. 1)) to Vivado generation flows.






Copyright 1986-2020 Xilinx, Inc. All Rights Reserved.
------------------------------------------------------------------------------------
| Tool Version : Vivado v.2020.2 (win64) Build 3064766 Wed Nov 18 09:12:45 MST 2020
| Date         : Wed Jun  4 20:16:33 2025
| Host         : DESKTOP-L4NOM67 running 64-bit major release  (build 9200)
| Command      : upgrade_ip
| Device       : xc7z020clg400-2
------------------------------------------------------------------------------------

Upgrade Log for IP 'system_stimer_onoff_pa_rw_A_0_0'

1. Summary
----------

SUCCESS in the conversion of system_stimer_onoff_pa_rw_A_0_0 (xilinx.com:user:stimer_onoff_pa_rw:1.0 (Rev. 1)) to Vivado generation flows.






Copyright 1986-2020 Xilinx, Inc. All Rights Reserved.
------------------------------------------------------------------------------------
| Tool Version : Vivado v.2020.2 (win64) Build 3064766 Wed Nov 18 09:12:45 MST 2020
| Date         : Wed Jun  4 19:37:58 2025
| Host         : DESKTOP-L4NOM67 running 64-bit major release  (build 9200)
| Command      : upgrade_ip
| Device       : xc7z020clg400-2
------------------------------------------------------------------------------------

Upgrade Log for IP 'system_stimer_onoff_pa_rw_A_0_0'

1. Summary
----------

SUCCESS in the conversion of system_stimer_onoff_pa_rw_A_0_0 (xilinx.com:user:stimer_onoff_pa_rw:1.0 (Rev. 1)) to Vivado generation flows.






Copyright 1986-2020 Xilinx, Inc. All Rights Reserved.
------------------------------------------------------------------------------------
| Tool Version : Vivado v.2020.2 (win64) Build 3064766 Wed Nov 18 09:12:45 MST 2020
| Date         : Tue Jun  3 14:33:11 2025
| Host         : DESKTOP-L4NOM67 running 64-bit major release  (build 9200)
| Command      : upgrade_ip
| Device       : xc7z020clg400-2
------------------------------------------------------------------------------------

Upgrade Log for IP 'system_stimer_onoff_pa_rw_A_0_0'

1. Summary
----------

CAUTION (success, with warnings) in the upgrade of system_stimer_onoff_pa_rw_A_0_0 from xilinx.com:user:stimer_onoff_pa_rw_AXI:1.0 (Rev. 2) to xilinx.com:user:stimer_onoff_pa_rw:1.0 (Rev. 1)

2. Interface Information
------------------------

Detected external interface differences while upgrading 'system_stimer_onoff_pa_rw_A_0_0'.


-Upgrade has added interface 'OnOff' (xilinx.com:user:OnOff:1.0)

-Upgrade has added interface 'RdSerial' (xilinx.com:user:RdSerial:1.0)

-Upgrade has added interface 'WrSerial' (xilinx.com:user:WrSerial:1.0)







Copyright 1986-2020 Xilinx, Inc. All Rights Reserved.
------------------------------------------------------------------------------------
| Tool Version : Vivado v.2020.2 (win64) Build 3064766 Wed Nov 18 09:12:45 MST 2020
| Date         : Tue Jun  3 14:20:16 2025
| Host         : DESKTOP-L4NOM67 running 64-bit major release  (build 9200)
| Command      : upgrade_ip
| Device       : xc7z020clg400-2
------------------------------------------------------------------------------------

Upgrade Log for IP 'system_adc_whole_0_0'

1. Summary
----------

CAUTION (success, with warnings) in the upgrade of system_adc_whole_0_0 (xilinx.com:user:adc_whole:2.0) from (Rev. 11) to (Rev. 12)

After upgrade, an IP may have parameter and port differences compared to the original customization. Please review the parameters within the IP customization GUI to ensure proper functionality. Also, please review the updated IP instantiation template to ensure proper connectivity, and update your design if required.

2. Interface Information
------------------------

Detected external interface differences while upgrading 'system_adc_whole_0_0'.


-Upgrade has added interface 'adc_end_intr' (xilinx.com:signal:interrupt:1.0)


3. Connection Warnings
----------------------

Detected external port differences while upgrading 'system_adc_whole_0_0'. These changes may impact your design.


-Upgrade has added port 'adc_end_intr'







Copyright 1986-2020 Xilinx, Inc. All Rights Reserved.
------------------------------------------------------------------------------------
| Tool Version : Vivado v.2020.2 (win64) Build 3064766 Wed Nov 18 09:12:45 MST 2020
| Date         : Sun May 25 18:05:40 2025
| Host         : DESKTOP-L4NOM67 running 64-bit major release  (build 9200)
| Command      : upgrade_ip
| Device       : xc7z020clg400-2
------------------------------------------------------------------------------------

Upgrade Log for IP 'system_adc_whole_0_0'

1. Summary
----------

SUCCESS in the upgrade of system_adc_whole_0_0 (xilinx.com:user:adc_whole:2.0) from (Rev. 9) to (Rev. 11)






Copyright 1986-2020 Xilinx, Inc. All Rights Reserved.
------------------------------------------------------------------------------------
| Tool Version : Vivado v.2020.2 (win64) Build 3064766 Wed Nov 18 09:12:45 MST 2020
| Date         : Sun May 25 09:45:08 2025
| Host         : DESKTOP-L4NOM67 running 64-bit major release  (build 9200)
| Command      : upgrade_ip
| Device       : xc7z020clg400-2
------------------------------------------------------------------------------------

Upgrade Log for IP 'system_adc_whole_0_0'

1. Summary
----------

CAUTION (success, with warnings) in the upgrade of system_adc_whole_0_0 (xilinx.com:user:adc_whole:2.0) from (Rev. 8) to (Rev. 9)

After upgrade, an IP may have parameter and port differences compared to the original customization. Please review the parameters within the IP customization GUI to ensure proper functionality. Also, please review the updated IP instantiation template to ensure proper connectivity, and update your design if required.

2. Interface Information
------------------------

Detected external interface differences while upgrading 'system_adc_whole_0_0'.


-Upgrade has removed interface 'adc_end_intr'


3. Connection Warnings
----------------------

Detected external port differences while upgrading 'system_adc_whole_0_0'. These changes may impact your design.


-Upgrade has removed port 'adc_end_intr'







Copyright 1986-2020 Xilinx, Inc. All Rights Reserved.
------------------------------------------------------------------------------------
| Tool Version : Vivado v.2020.2 (win64) Build 3064766 Wed Nov 18 09:12:45 MST 2020
| Date         : Sun May 25 09:37:38 2025
| Host         : DESKTOP-L4NOM67 running 64-bit major release  (build 9200)
| Command      : upgrade_ip
| Device       : xc7z020clg400-2
------------------------------------------------------------------------------------

Upgrade Log for IP 'system_adc_whole_0_0'

1. Summary
----------

SUCCESS in the upgrade of system_adc_whole_0_0 (xilinx.com:user:adc_whole:2.0) from (Rev. 7) to (Rev. 8)






Copyright 1986-2020 Xilinx, Inc. All Rights Reserved.
------------------------------------------------------------------------------------
| Tool Version : Vivado v.2020.2 (win64) Build 3064766 Wed Nov 18 09:12:45 MST 2020
| Date         : Fri May 23 15:35:19 2025
| Host         : DESKTOP-L4NOM67 running 64-bit major release  (build 9200)
| Command      : upgrade_ip
| Device       : xc7z020clg400-2
------------------------------------------------------------------------------------

Upgrade Log for IP 'system_adc_whole_0_0'

1. Summary
----------

SUCCESS in the upgrade of system_adc_whole_0_0 (xilinx.com:user:adc_whole:2.0) from (Rev. 6) to (Rev. 7)






Copyright 1986-2020 Xilinx, Inc. All Rights Reserved.
------------------------------------------------------------------------------------
| Tool Version : Vivado v.2020.2 (win64) Build 3064766 Wed Nov 18 09:12:45 MST 2020
| Date         : Fri May 23 14:54:01 2025
| Host         : DESKTOP-L4NOM67 running 64-bit major release  (build 9200)
| Command      : upgrade_ip
| Device       : xc7z020clg400-2
------------------------------------------------------------------------------------

Upgrade Log for IP 'system_adc_whole_0_0'

1. Summary
----------

SUCCESS in the upgrade of system_adc_whole_0_0 (xilinx.com:user:adc_whole:2.0) from (Rev. 5) to (Rev. 6)






Copyright 1986-2020 Xilinx, Inc. All Rights Reserved.
------------------------------------------------------------------------------------
| Tool Version : Vivado v.2020.2 (win64) Build 3064766 Wed Nov 18 09:12:45 MST 2020
| Date         : Fri May 23 14:17:56 2025
| Host         : DESKTOP-L4NOM67 running 64-bit major release  (build 9200)
| Command      : upgrade_ip
| Device       : xc7z020clg400-2
------------------------------------------------------------------------------------

Upgrade Log for IP 'system_adc_whole_0_0'

1. Summary
----------

SUCCESS in the upgrade of system_adc_whole_0_0 (xilinx.com:user:adc_whole:2.0) from (Rev. 4) to (Rev. 5)






Copyright 1986-2020 Xilinx, Inc. All Rights Reserved.
------------------------------------------------------------------------------------
| Tool Version : Vivado v.2020.2 (win64) Build 3064766 Wed Nov 18 09:12:45 MST 2020
| Date         : Fri May 23 12:00:43 2025
| Host         : DESKTOP-L4NOM67 running 64-bit major release  (build 9200)
| Command      : upgrade_ip
| Device       : xc7z020clg400-2
------------------------------------------------------------------------------------

Upgrade Log for IP 'system_adc_whole_0_0'

1. Summary
----------

SUCCESS in the upgrade of system_adc_whole_0_0 (xilinx.com:user:adc_whole:2.0) from (Rev. 3) to (Rev. 4)






Copyright 1986-2020 Xilinx, Inc. All Rights Reserved.
------------------------------------------------------------------------------------
| Tool Version : Vivado v.2020.2 (win64) Build 3064766 Wed Nov 18 09:12:45 MST 2020
| Date         : Fri May 23 09:53:21 2025
| Host         : DESKTOP-L4NOM67 running 64-bit major release  (build 9200)
| Command      : upgrade_ip
| Device       : xc7z020clg400-2
------------------------------------------------------------------------------------

Upgrade Log for IP 'system_adc_whole_0_0'

1. Summary
----------

CAUTION (success, with warnings) in the upgrade of system_adc_whole_0_0 (xilinx.com:user:adc_whole:2.0) from (Rev. 2) to (Rev. 3)

After upgrade, an IP may have parameter and port differences compared to the original customization. Please review the parameters within the IP customization GUI to ensure proper functionality. Also, please review the updated IP instantiation template to ensure proper connectivity, and update your design if required.

2. Interface Information
------------------------

Detected external interface differences while upgrading 'system_adc_whole_0_0'.


-Upgrade has added interface 'adc_end_intr' (xilinx.com:signal:interrupt:1.0)


3. Connection Warnings
----------------------

Detected external port differences while upgrading 'system_adc_whole_0_0'. These changes may impact your design.


-Upgrade has added port 'adc_end_intr'







Copyright 1986-2020 Xilinx, Inc. All Rights Reserved.
------------------------------------------------------------------------------------
| Tool Version : Vivado v.2020.2 (win64) Build 3064766 Wed Nov 18 09:12:45 MST 2020
| Date         : Thu May 22 16:38:30 2025
| Host         : DESKTOP-L4NOM67 running 64-bit major release  (build 9200)
| Command      : upgrade_ip
| Device       : xc7z020clg400-2
------------------------------------------------------------------------------------

Upgrade Log for IP 'system_adc_whole_0_0'

1. Summary
----------

SUCCESS in the upgrade of system_adc_whole_0_0 (xilinx.com:user:adc_whole:2.0) from (Rev. 1) to (Rev. 2)






Copyright 1986-2020 Xilinx, Inc. All Rights Reserved.
------------------------------------------------------------------------------------
| Tool Version : Vivado v.2020.2 (win64) Build 3064766 Wed Nov 18 09:12:45 MST 2020
| Date         : Thu May 22 14:42:21 2025
| Host         : DESKTOP-L4NOM67 running 64-bit major release  (build 9200)
| Command      : upgrade_ip
| Device       : xc7z020clg400-2
------------------------------------------------------------------------------------

Upgrade Log for IP 'system_adc_whole_0_0'

1. Summary
----------

CAUTION (success, with warnings) in the upgrade of system_adc_whole_0_0 from xilinx.com:user:adc_whole:1.0 (Rev. 13) to xilinx.com:user:adc_whole:2.0 (Rev. 1)

After upgrade, an IP may have parameter and port differences compared to the original customization. Please review the parameters within the IP customization GUI to ensure proper functionality. Also, please review the updated IP instantiation template to ensure proper connectivity, and update your design if required.

2. Interface Information
------------------------

Detected external interface differences while upgrading 'system_adc_whole_0_0'.


-Upgrade has removed interface 'adc_end_intr'


3. Connection Warnings
----------------------

Detected external port differences while upgrading 'system_adc_whole_0_0'. These changes may impact your design.


-Upgrade has removed port 'adc_end_intr'







Copyright 1986-2020 Xilinx, Inc. All Rights Reserved.
------------------------------------------------------------------------------------
| Tool Version : Vivado v.2020.2 (win64) Build 3064766 Wed Nov 18 09:12:45 MST 2020
| Date         : Thu May 22 14:35:20 2025
| Host         : DESKTOP-L4NOM67 running 64-bit major release  (build 9200)
| Command      : upgrade_ip
| Device       : xc7z020clg400-2
------------------------------------------------------------------------------------

Upgrade Log for IP 'system_adc_whole_0_0'

1. Summary
----------

SUCCESS in the conversion of system_adc_whole_0_0 (xilinx.com:user:adc_whole:1.0 (Rev. 13)) to Vivado generation flows.






Copyright 1986-2020 Xilinx, Inc. All Rights Reserved.
------------------------------------------------------------------------------------
| Tool Version : Vivado v.2020.2 (win64) Build 3064766 Wed Nov 18 09:12:45 MST 2020
| Date         : Thu May 22 09:22:34 2025
| Host         : DESKTOP-L4NOM67 running 64-bit major release  (build 9200)
| Command      : upgrade_ip
| Device       : xc7z020clg400-2
------------------------------------------------------------------------------------

Upgrade Log for IP 'system_adc_whole_0_0'

1. Summary
----------

CAUTION (success, with warnings) in the upgrade of system_adc_whole_0_0 (xilinx.com:user:adc_whole:1.0) from (Rev. 12) to (Rev. 13)

After upgrade, an IP may have parameter and port differences compared to the original customization. Please review the parameters within the IP customization GUI to ensure proper functionality. Also, please review the updated IP instantiation template to ensure proper connectivity, and update your design if required.

2. Connection Warnings
----------------------

Detected external port differences while upgrading 'system_adc_whole_0_0'. These changes may impact your design.


-Upgrade has removed port 'yad_busy'







Copyright 1986-2020 Xilinx, Inc. All Rights Reserved.
------------------------------------------------------------------------------------
| Tool Version : Vivado v.2020.2 (win64) Build 3064766 Wed Nov 18 09:12:45 MST 2020
| Date         : Tue May 20 19:34:19 2025
| Host         : DESKTOP-L4NOM67 running 64-bit major release  (build 9200)
| Command      : upgrade_ip
| Device       : xc7z020clg400-2
------------------------------------------------------------------------------------

Upgrade Log for IP 'system_adc_whole_0_0'

1. Summary
----------

SUCCESS in the conversion of system_adc_whole_0_0 (xilinx.com:user:adc_whole:1.0 (Rev. 12)) to Vivado generation flows.






Copyright 1986-2020 Xilinx, Inc. All Rights Reserved.
------------------------------------------------------------------------------------
| Tool Version : Vivado v.2020.2 (win64) Build 3064766 Wed Nov 18 09:12:45 MST 2020
| Date         : Tue May 20 19:33:44 2025
| Host         : DESKTOP-L4NOM67 running 64-bit major release  (build 9200)
| Command      : upgrade_ip
| Device       : xc7z020clg400-2
------------------------------------------------------------------------------------

Upgrade Log for IP 'system_adc_whole_0_0'

1. Summary
----------

CAUTION (success, with warnings) in the upgrade of system_adc_whole_0_0 (xilinx.com:user:adc_whole:1.0) from (Rev. 11) to (Rev. 12)

After upgrade, an IP may have parameter and port differences compared to the original customization. Please review the parameters within the IP customization GUI to ensure proper functionality. Also, please review the updated IP instantiation template to ensure proper connectivity, and update your design if required.

2. Connection Warnings
----------------------

Detected external port differences while upgrading 'system_adc_whole_0_0'. These changes may impact your design.


-Upgrade has added port 'yad_busy'







Copyright 1986-2020 Xilinx, Inc. All Rights Reserved.
------------------------------------------------------------------------------------
| Tool Version : Vivado v.2020.2 (win64) Build 3064766 Wed Nov 18 09:12:45 MST 2020
| Date         : Tue May 20 18:58:18 2025
| Host         : DESKTOP-L4NOM67 running 64-bit major release  (build 9200)
| Command      : upgrade_ip
| Device       : xc7z020clg400-2
------------------------------------------------------------------------------------

Upgrade Log for IP 'system_adc_whole_0_0'

1. Summary
----------

SUCCESS in the conversion of system_adc_whole_0_0 (xilinx.com:user:adc_whole:1.0 (Rev. 11)) to Vivado generation flows.






Copyright 1986-2020 Xilinx, Inc. All Rights Reserved.
------------------------------------------------------------------------------------
| Tool Version : Vivado v.2020.2 (win64) Build 3064766 Wed Nov 18 09:12:45 MST 2020
| Date         : Tue May 20 17:46:27 2025
| Host         : DESKTOP-L4NOM67 running 64-bit major release  (build 9200)
| Command      : upgrade_ip
| Device       : xc7z020clg400-2
------------------------------------------------------------------------------------

Upgrade Log for IP 'system_adc_whole_0_0'

1. Summary
----------

SUCCESS in the upgrade of system_adc_whole_0_0 (xilinx.com:user:adc_whole:1.0) from (Rev. 10) to (Rev. 11)






Copyright 1986-2020 Xilinx, Inc. All Rights Reserved.
------------------------------------------------------------------------------------
| Tool Version : Vivado v.2020.2 (win64) Build 3064766 Wed Nov 18 09:12:45 MST 2020
| Date         : Tue May 20 09:01:05 2025
| Host         : DESKTOP-L4NOM67 running 64-bit major release  (build 9200)
| Command      : upgrade_ip
| Device       : xc7z020clg400-2
------------------------------------------------------------------------------------

Upgrade Log for IP 'system_adc_whole_0_0'

1. Summary
----------

SUCCESS in the conversion of system_adc_whole_0_0 (xilinx.com:user:adc_whole:1.0 (Rev. 10)) to Vivado generation flows.






Copyright 1986-2020 Xilinx, Inc. All Rights Reserved.
------------------------------------------------------------------------------------
| Tool Version : Vivado v.2020.2 (win64) Build 3064766 Wed Nov 18 09:12:45 MST 2020
| Date         : Mon May 19 20:18:10 2025
| Host         : DESKTOP-L4NOM67 running 64-bit major release  (build 9200)
| Command      : upgrade_ip
| Device       : xc7z020clg400-2
------------------------------------------------------------------------------------

Upgrade Log for IP 'system_adc_whole_0_0'

1. Summary
----------

SUCCESS in the upgrade of system_adc_whole_0_0 (xilinx.com:user:adc_whole:1.0) from (Rev. 9) to (Rev. 10)






Copyright 1986-2020 Xilinx, Inc. All Rights Reserved.
------------------------------------------------------------------------------------
| Tool Version : Vivado v.2020.2 (win64) Build 3064766 Wed Nov 18 09:12:45 MST 2020
| Date         : Mon May 19 08:38:21 2025
| Host         : DESKTOP-L4NOM67 running 64-bit major release  (build 9200)
| Command      : upgrade_ip
| Device       : xc7z020clg400-2
------------------------------------------------------------------------------------

Upgrade Log for IP 'system_adc_whole_0_0'

1. Summary
----------

CAUTION (success, with warnings) in the upgrade of system_adc_whole_0_0 (xilinx.com:user:adc_whole:1.0) from (Rev. 8) to (Rev. 9)

After upgrade, an IP may have parameter and port differences compared to the original customization. Please review the parameters within the IP customization GUI to ensure proper functionality. Also, please review the updated IP instantiation template to ensure proper connectivity, and update your design if required.

2. Connection Warnings
----------------------

Detected external port differences while upgrading 'system_adc_whole_0_0'. These changes may impact your design.


-Upgrade has removed port 'yad_busy'







Copyright 1986-2020 Xilinx, Inc. All Rights Reserved.
------------------------------------------------------------------------------------
| Tool Version : Vivado v.2020.2 (win64) Build 3064766 Wed Nov 18 09:12:45 MST 2020
| Date         : Wed Mar 26 21:12:51 2025
| Host         : DESKTOP-L4NOM67 running 64-bit major release  (build 9200)
| Command      : upgrade_ip
| Device       : xc7z020clg400-2
------------------------------------------------------------------------------------

Upgrade Log for IP 'system_adc_whole_0_0'

1. Summary
----------

SUCCESS in the upgrade of system_adc_whole_0_0 (xilinx.com:user:adc_whole:1.0) from (Rev. 7) to (Rev. 8)






Copyright 1986-2020 Xilinx, Inc. All Rights Reserved.
------------------------------------------------------------------------------------
| Tool Version : Vivado v.2020.2 (win64) Build 3064766 Wed Nov 18 09:12:45 MST 2020
| Date         : Wed Mar 26 20:12:40 2025
| Host         : DESKTOP-L4NOM67 running 64-bit major release  (build 9200)
| Command      : upgrade_ip
| Device       : xc7z020clg400-2
------------------------------------------------------------------------------------

Upgrade Log for IP 'system_adc_whole_0_0'

1. Summary
----------

SUCCESS in the upgrade of system_adc_whole_0_0 (xilinx.com:user:adc_whole:1.0) from (Rev. 6) to (Rev. 7)






Copyright 1986-2020 Xilinx, Inc. All Rights Reserved.
------------------------------------------------------------------------------------
| Tool Version : Vivado v.2020.2 (win64) Build 3064766 Wed Nov 18 09:12:45 MST 2020
| Date         : Wed Mar 26 15:06:00 2025
| Host         : DESKTOP-L4NOM67 running 64-bit major release  (build 9200)
| Command      : upgrade_ip
| Device       : xc7z020clg400-2
------------------------------------------------------------------------------------

Upgrade Log for IP 'system_adc_whole_0_0'

1. Summary
----------

SUCCESS in the upgrade of system_adc_whole_0_0 (xilinx.com:user:adc_whole:1.0) from (Rev. 5) to (Rev. 6)






Copyright 1986-2020 Xilinx, Inc. All Rights Reserved.
------------------------------------------------------------------------------------
| Tool Version : Vivado v.2020.2 (win64) Build 3064766 Wed Nov 18 09:12:45 MST 2020
| Date         : Fri Mar 21 14:56:47 2025
| Host         : DESKTOP-L4NOM67 running 64-bit major release  (build 9200)
| Command      : upgrade_ip
| Device       : xc7z020clg400-2
------------------------------------------------------------------------------------

Upgrade Log for IP 'system_adc_whole_0_3'

1. Summary
----------

SUCCESS in the upgrade of system_adc_whole_0_3 (xilinx.com:user:adc_whole:1.0) from (Rev. 4) to (Rev. 5)






Copyright 1986-2020 Xilinx, Inc. All Rights Reserved.
------------------------------------------------------------------------------------
| Tool Version : Vivado v.2020.2 (win64) Build 3064766 Wed Nov 18 09:12:45 MST 2020
| Date         : Fri Mar 21 14:56:47 2025
| Host         : DESKTOP-L4NOM67 running 64-bit major release  (build 9200)
| Command      : upgrade_ip
| Device       : xc7z020clg400-2
------------------------------------------------------------------------------------

Upgrade Log for IP 'system_adc_whole_0_0'

1. Summary
----------

SUCCESS in the upgrade of system_adc_whole_0_0 (xilinx.com:user:adc_whole:1.0) from (Rev. 4) to (Rev. 5)






Copyright 1986-2020 Xilinx, Inc. All Rights Reserved.
------------------------------------------------------------------------------------
| Tool Version : Vivado v.2020.2 (win64) Build 3064766 Wed Nov 18 09:12:45 MST 2020
| Date         : Wed Jan 15 11:19:30 2025
| Host         : DESKTOP-L4NOM67 running 64-bit major release  (build 9200)
| Command      : upgrade_ip
| Device       : xc7z020clg400-2
------------------------------------------------------------------------------------

Upgrade Log for IP 'system_onoff_config_axi_0_2'

1. Summary
----------

SUCCESS in the upgrade of system_onoff_config_axi_0_2 (xilinx.com:user:onoff_config_axi:1.0) from (Rev. 11) to (Rev. 10)






Copyright 1986-2020 Xilinx, Inc. All Rights Reserved.
------------------------------------------------------------------------------------
| Tool Version : Vivado v.2020.2 (win64) Build 3064766 Wed Nov 18 09:12:45 MST 2020
| Date         : Wed Jan 15 11:19:30 2025
| Host         : DESKTOP-L4NOM67 running 64-bit major release  (build 9200)
| Command      : upgrade_ip
| Device       : xc7z020clg400-2
------------------------------------------------------------------------------------

Upgrade Log for IP 'system_onoff_config_axi_0_0'

1. Summary
----------

SUCCESS in the upgrade of system_onoff_config_axi_0_0 (xilinx.com:user:onoff_config_axi:1.0) from (Rev. 11) to (Rev. 10)






Copyright 1986-2020 Xilinx, Inc. All Rights Reserved.
------------------------------------------------------------------------------------
| Tool Version : Vivado v.2020.2 (win64) Build 3064766 Wed Nov 18 09:12:45 MST 2020
| Date         : Tue Jan 14 21:49:54 2025
| Host         : DESKTOP-L4NOM67 running 64-bit major release  (build 9200)
| Command      : upgrade_ip
| Device       : xc7z020clg400-2
------------------------------------------------------------------------------------

Upgrade Log for IP 'system_onoff_config_axi_0_2'

1. Summary
----------

SUCCESS in the upgrade of system_onoff_config_axi_0_2 (xilinx.com:user:onoff_config_axi:1.0) from (Rev. 10) to (Rev. 11)






Copyright 1986-2020 Xilinx, Inc. All Rights Reserved.
------------------------------------------------------------------------------------
| Tool Version : Vivado v.2020.2 (win64) Build 3064766 Wed Nov 18 09:12:45 MST 2020
| Date         : Tue Jan 14 21:49:54 2025
| Host         : DESKTOP-L4NOM67 running 64-bit major release  (build 9200)
| Command      : upgrade_ip
| Device       : xc7z020clg400-2
------------------------------------------------------------------------------------

Upgrade Log for IP 'system_onoff_config_axi_0_0'

1. Summary
----------

SUCCESS in the upgrade of system_onoff_config_axi_0_0 (xilinx.com:user:onoff_config_axi:1.0) from (Rev. 10) to (Rev. 11)






Copyright 1986-2020 Xilinx, Inc. All Rights Reserved.
------------------------------------------------------------------------------------
| Tool Version : Vivado v.2020.2 (win64) Build 3064766 Wed Nov 18 09:12:45 MST 2020
| Date         : Tue Jan 14 21:00:37 2025
| Host         : DESKTOP-L4NOM67 running 64-bit major release  (build 9200)
| Command      : upgrade_ip
| Device       : xc7z020clg400-2
------------------------------------------------------------------------------------

Upgrade Log for IP 'system_onoff_config_axi_0_2'

1. Summary
----------

SUCCESS in the upgrade of system_onoff_config_axi_0_2 (xilinx.com:user:onoff_config_axi:1.0) from (Rev. 9) to (Rev. 10)






Copyright 1986-2020 Xilinx, Inc. All Rights Reserved.
------------------------------------------------------------------------------------
| Tool Version : Vivado v.2020.2 (win64) Build 3064766 Wed Nov 18 09:12:45 MST 2020
| Date         : Tue Jan 14 21:00:37 2025
| Host         : DESKTOP-L4NOM67 running 64-bit major release  (build 9200)
| Command      : upgrade_ip
| Device       : xc7z020clg400-2
------------------------------------------------------------------------------------

Upgrade Log for IP 'system_onoff_config_axi_0_0'

1. Summary
----------

SUCCESS in the upgrade of system_onoff_config_axi_0_0 (xilinx.com:user:onoff_config_axi:1.0) from (Rev. 9) to (Rev. 10)






Copyright 1986-2020 Xilinx, Inc. All Rights Reserved.
------------------------------------------------------------------------------------
| Tool Version : Vivado v.2020.2 (win64) Build 3064766 Wed Nov 18 09:12:45 MST 2020
| Date         : Tue Jan 14 20:19:46 2025
| Host         : DESKTOP-L4NOM67 running 64-bit major release  (build 9200)
| Command      : upgrade_ip
| Device       : xc7z020clg400-2
------------------------------------------------------------------------------------

Upgrade Log for IP 'system_onoff_config_axi_0_2'

1. Summary
----------

SUCCESS in the upgrade of system_onoff_config_axi_0_2 (xilinx.com:user:onoff_config_axi:1.0) from (Rev. 8) to (Rev. 9)






Copyright 1986-2020 Xilinx, Inc. All Rights Reserved.
------------------------------------------------------------------------------------
| Tool Version : Vivado v.2020.2 (win64) Build 3064766 Wed Nov 18 09:12:45 MST 2020
| Date         : Tue Jan 14 20:19:46 2025
| Host         : DESKTOP-L4NOM67 running 64-bit major release  (build 9200)
| Command      : upgrade_ip
| Device       : xc7z020clg400-2
------------------------------------------------------------------------------------

Upgrade Log for IP 'system_onoff_config_axi_0_0'

1. Summary
----------

SUCCESS in the upgrade of system_onoff_config_axi_0_0 (xilinx.com:user:onoff_config_axi:1.0) from (Rev. 8) to (Rev. 9)






Copyright 1986-2020 Xilinx, Inc. All Rights Reserved.
------------------------------------------------------------------------------------
| Tool Version : Vivado v.2020.2 (win64) Build 3064766 Wed Nov 18 09:12:45 MST 2020
| Date         : Tue Jan 14 19:49:26 2025
| Host         : DESKTOP-L4NOM67 running 64-bit major release  (build 9200)
| Command      : upgrade_ip
| Device       : xc7z020clg400-2
------------------------------------------------------------------------------------

Upgrade Log for IP 'system_onoff_config_axi_0_2'

1. Summary
----------

SUCCESS in the upgrade of system_onoff_config_axi_0_2 (xilinx.com:user:onoff_config_axi:1.0) from (Rev. 7) to (Rev. 8)






Copyright 1986-2020 Xilinx, Inc. All Rights Reserved.
------------------------------------------------------------------------------------
| Tool Version : Vivado v.2020.2 (win64) Build 3064766 Wed Nov 18 09:12:45 MST 2020
| Date         : Tue Jan 14 19:49:26 2025
| Host         : DESKTOP-L4NOM67 running 64-bit major release  (build 9200)
| Command      : upgrade_ip
| Device       : xc7z020clg400-2
------------------------------------------------------------------------------------

Upgrade Log for IP 'system_onoff_config_axi_0_0'

1. Summary
----------

SUCCESS in the upgrade of system_onoff_config_axi_0_0 (xilinx.com:user:onoff_config_axi:1.0) from (Rev. 7) to (Rev. 8)






Copyright 1986-2020 Xilinx, Inc. All Rights Reserved.
------------------------------------------------------------------------------------
| Tool Version : Vivado v.2020.2 (win64) Build 3064766 Wed Nov 18 09:12:45 MST 2020
| Date         : Tue Jan 14 19:09:35 2025
| Host         : DESKTOP-L4NOM67 running 64-bit major release  (build 9200)
| Command      : upgrade_ip
| Device       : xc7z020clg400-2
------------------------------------------------------------------------------------

Upgrade Log for IP 'system_onoff_config_axi_0_2'

1. Summary
----------

SUCCESS in the conversion of system_onoff_config_axi_0_2 (xilinx.com:user:onoff_config_axi:1.0 (Rev. 7)) to Vivado generation flows.






Copyright 1986-2020 Xilinx, Inc. All Rights Reserved.
------------------------------------------------------------------------------------
| Tool Version : Vivado v.2020.2 (win64) Build 3064766 Wed Nov 18 09:12:45 MST 2020
| Date         : Tue Jan 14 19:09:35 2025
| Host         : DESKTOP-L4NOM67 running 64-bit major release  (build 9200)
| Command      : upgrade_ip
| Device       : xc7z020clg400-2
------------------------------------------------------------------------------------

Upgrade Log for IP 'system_onoff_config_axi_0_0'

1. Summary
----------

SUCCESS in the conversion of system_onoff_config_axi_0_0 (xilinx.com:user:onoff_config_axi:1.0 (Rev. 7)) to Vivado generation flows.






Copyright 1986-2020 Xilinx, Inc. All Rights Reserved.
------------------------------------------------------------------------------------
| Tool Version : Vivado v.2020.2 (win64) Build 3064766 Wed Nov 18 09:12:45 MST 2020
| Date         : Tue Jan 14 19:09:00 2025
| Host         : DESKTOP-L4NOM67 running 64-bit major release  (build 9200)
| Command      : upgrade_ip
| Device       : xc7z020clg400-2
------------------------------------------------------------------------------------

Upgrade Log for IP 'system_onoff_config_axi_0_2'

1. Summary
----------

SUCCESS in the upgrade of system_onoff_config_axi_0_2 (xilinx.com:user:onoff_config_axi:1.0) from (Rev. 6) to (Rev. 7)






Copyright 1986-2020 Xilinx, Inc. All Rights Reserved.
------------------------------------------------------------------------------------
| Tool Version : Vivado v.2020.2 (win64) Build 3064766 Wed Nov 18 09:12:45 MST 2020
| Date         : Tue Jan 14 19:09:00 2025
| Host         : DESKTOP-L4NOM67 running 64-bit major release  (build 9200)
| Command      : upgrade_ip
| Device       : xc7z020clg400-2
------------------------------------------------------------------------------------

Upgrade Log for IP 'system_onoff_config_axi_0_0'

1. Summary
----------

SUCCESS in the upgrade of system_onoff_config_axi_0_0 (xilinx.com:user:onoff_config_axi:1.0) from (Rev. 6) to (Rev. 7)






Copyright 1986-2020 Xilinx, Inc. All Rights Reserved.
------------------------------------------------------------------------------------
| Tool Version : Vivado v.2020.2 (win64) Build 3064766 Wed Nov 18 09:12:45 MST 2020
| Date         : Tue Jan 14 17:03:21 2025
| Host         : DESKTOP-L4NOM67 running 64-bit major release  (build 9200)
| Command      : upgrade_ip
| Device       : xc7z020clg400-2
------------------------------------------------------------------------------------

Upgrade Log for IP 'system_onoff_config_axi_0_2'

1. Summary
----------

SUCCESS in the upgrade of system_onoff_config_axi_0_2 (xilinx.com:user:onoff_config_axi:1.0) from (Rev. 5) to (Rev. 6)






Copyright 1986-2020 Xilinx, Inc. All Rights Reserved.
------------------------------------------------------------------------------------
| Tool Version : Vivado v.2020.2 (win64) Build 3064766 Wed Nov 18 09:12:45 MST 2020
| Date         : Tue Jan 14 17:03:21 2025
| Host         : DESKTOP-L4NOM67 running 64-bit major release  (build 9200)
| Command      : upgrade_ip
| Device       : xc7z020clg400-2
------------------------------------------------------------------------------------

Upgrade Log for IP 'system_onoff_config_axi_0_0'

1. Summary
----------

SUCCESS in the upgrade of system_onoff_config_axi_0_0 (xilinx.com:user:onoff_config_axi:1.0) from (Rev. 5) to (Rev. 6)






Copyright 1986-2020 Xilinx, Inc. All Rights Reserved.
------------------------------------------------------------------------------------
| Tool Version : Vivado v.2020.2 (win64) Build 3064766 Wed Nov 18 09:12:45 MST 2020
| Date         : Tue Jan 14 17:01:06 2025
| Host         : DESKTOP-L4NOM67 running 64-bit major release  (build 9200)
| Command      : upgrade_ip
| Device       : xc7z020clg400-2
------------------------------------------------------------------------------------

Upgrade Log for IP 'system_onoff_config_axi_0_2'

1. Summary
----------

SUCCESS in the upgrade of system_onoff_config_axi_0_2 (xilinx.com:user:onoff_config_axi:1.0) from (Rev. 4) to (Rev. 5)






Copyright 1986-2020 Xilinx, Inc. All Rights Reserved.
------------------------------------------------------------------------------------
| Tool Version : Vivado v.2020.2 (win64) Build 3064766 Wed Nov 18 09:12:45 MST 2020
| Date         : Tue Jan 14 17:01:06 2025
| Host         : DESKTOP-L4NOM67 running 64-bit major release  (build 9200)
| Command      : upgrade_ip
| Device       : xc7z020clg400-2
------------------------------------------------------------------------------------

Upgrade Log for IP 'system_onoff_config_axi_0_0'

1. Summary
----------

SUCCESS in the upgrade of system_onoff_config_axi_0_0 (xilinx.com:user:onoff_config_axi:1.0) from (Rev. 4) to (Rev. 5)






Copyright 1986-2020 Xilinx, Inc. All Rights Reserved.
------------------------------------------------------------------------------------
| Tool Version : Vivado v.2020.2 (win64) Build 3064766 Wed Nov 18 09:12:45 MST 2020
| Date         : Tue Jan 14 16:38:23 2025
| Host         : DESKTOP-L4NOM67 running 64-bit major release  (build 9200)
| Command      : upgrade_ip
| Device       : xc7z020clg400-2
------------------------------------------------------------------------------------

Upgrade Log for IP 'system_onoff_config_axi_0_2'

1. Summary
----------

SUCCESS in the conversion of system_onoff_config_axi_0_2 (xilinx.com:user:onoff_config_axi:1.0 (Rev. 4)) to Vivado generation flows.






Copyright 1986-2020 Xilinx, Inc. All Rights Reserved.
------------------------------------------------------------------------------------
| Tool Version : Vivado v.2020.2 (win64) Build 3064766 Wed Nov 18 09:12:45 MST 2020
| Date         : Tue Jan 14 16:38:23 2025
| Host         : DESKTOP-L4NOM67 running 64-bit major release  (build 9200)
| Command      : upgrade_ip
| Device       : xc7z020clg400-2
------------------------------------------------------------------------------------

Upgrade Log for IP 'system_onoff_config_axi_0_0'

1. Summary
----------

SUCCESS in the conversion of system_onoff_config_axi_0_0 (xilinx.com:user:onoff_config_axi:1.0 (Rev. 4)) to Vivado generation flows.






Copyright 1986-2020 Xilinx, Inc. All Rights Reserved.
------------------------------------------------------------------------------------
| Tool Version : Vivado v.2020.2 (win64) Build 3064766 Wed Nov 18 09:12:45 MST 2020
| Date         : Tue Jan 14 16:34:24 2025
| Host         : DESKTOP-L4NOM67 running 64-bit major release  (build 9200)
| Command      : upgrade_ip
| Device       : xc7z020clg400-2
------------------------------------------------------------------------------------

Upgrade Log for IP 'system_onoff_config_axi_0_2'

1. Summary
----------

SUCCESS in the conversion of system_onoff_config_axi_0_2 (xilinx.com:user:onoff_config_axi:1.0 (Rev. 4)) to Vivado generation flows.






Copyright 1986-2020 Xilinx, Inc. All Rights Reserved.
------------------------------------------------------------------------------------
| Tool Version : Vivado v.2020.2 (win64) Build 3064766 Wed Nov 18 09:12:45 MST 2020
| Date         : Tue Jan 14 16:34:24 2025
| Host         : DESKTOP-L4NOM67 running 64-bit major release  (build 9200)
| Command      : upgrade_ip
| Device       : xc7z020clg400-2
------------------------------------------------------------------------------------

Upgrade Log for IP 'system_onoff_config_axi_0_0'

1. Summary
----------

SUCCESS in the conversion of system_onoff_config_axi_0_0 (xilinx.com:user:onoff_config_axi:1.0 (Rev. 4)) to Vivado generation flows.






Copyright 1986-2020 Xilinx, Inc. All Rights Reserved.
------------------------------------------------------------------------------------
| Tool Version : Vivado v.2020.2 (win64) Build 3064766 Wed Nov 18 09:12:45 MST 2020
| Date         : Tue Jan 14 16:25:40 2025
| Host         : DESKTOP-L4NOM67 running 64-bit major release  (build 9200)
| Command      : upgrade_ip
| Device       : xc7z020clg400-2
------------------------------------------------------------------------------------

Upgrade Log for IP 'system_onoff_config_axi_0_2'

1. Summary
----------

SUCCESS in the conversion of system_onoff_config_axi_0_2 (xilinx.com:user:onoff_config_axi:1.0 (Rev. 4)) to Vivado generation flows.






Copyright 1986-2020 Xilinx, Inc. All Rights Reserved.
------------------------------------------------------------------------------------
| Tool Version : Vivado v.2020.2 (win64) Build 3064766 Wed Nov 18 09:12:45 MST 2020
| Date         : Tue Jan 14 16:25:40 2025
| Host         : DESKTOP-L4NOM67 running 64-bit major release  (build 9200)
| Command      : upgrade_ip
| Device       : xc7z020clg400-2
------------------------------------------------------------------------------------

Upgrade Log for IP 'system_onoff_config_axi_0_0'

1. Summary
----------

SUCCESS in the conversion of system_onoff_config_axi_0_0 (xilinx.com:user:onoff_config_axi:1.0 (Rev. 4)) to Vivado generation flows.






Copyright 1986-2020 Xilinx, Inc. All Rights Reserved.
------------------------------------------------------------------------------------
| Tool Version : Vivado v.2020.2 (win64) Build 3064766 Wed Nov 18 09:12:45 MST 2020
| Date         : Tue Jan 14 16:18:37 2025
| Host         : DESKTOP-L4NOM67 running 64-bit major release  (build 9200)
| Command      : upgrade_ip
| Device       : xc7z020clg400-2
------------------------------------------------------------------------------------

Upgrade Log for IP 'system_onoff_config_axi_0_2'

1. Summary
----------

SUCCESS in the conversion of system_onoff_config_axi_0_2 (xilinx.com:user:onoff_config_axi:1.0 (Rev. 4)) to Vivado generation flows.






Copyright 1986-2020 Xilinx, Inc. All Rights Reserved.
------------------------------------------------------------------------------------
| Tool Version : Vivado v.2020.2 (win64) Build 3064766 Wed Nov 18 09:12:45 MST 2020
| Date         : Tue Jan 14 16:18:37 2025
| Host         : DESKTOP-L4NOM67 running 64-bit major release  (build 9200)
| Command      : upgrade_ip
| Device       : xc7z020clg400-2
------------------------------------------------------------------------------------

Upgrade Log for IP 'system_onoff_config_axi_0_0'

1. Summary
----------

SUCCESS in the conversion of system_onoff_config_axi_0_0 (xilinx.com:user:onoff_config_axi:1.0 (Rev. 4)) to Vivado generation flows.






Copyright 1986-2020 Xilinx, Inc. All Rights Reserved.
------------------------------------------------------------------------------------
| Tool Version : Vivado v.2020.2 (win64) Build 3064766 Wed Nov 18 09:12:45 MST 2020
| Date         : Tue Jan 14 10:45:48 2025
| Host         : DESKTOP-L4NOM67 running 64-bit major release  (build 9200)
| Command      : upgrade_ip
| Device       : xc7z020clg400-2
------------------------------------------------------------------------------------

Upgrade Log for IP 'system_onoff_config_axi_0_2'

1. Summary
----------

SUCCESS in the conversion of system_onoff_config_axi_0_2 (xilinx.com:user:onoff_config_axi:1.0 (Rev. 4)) to Vivado generation flows.






Copyright 1986-2020 Xilinx, Inc. All Rights Reserved.
------------------------------------------------------------------------------------
| Tool Version : Vivado v.2020.2 (win64) Build 3064766 Wed Nov 18 09:12:45 MST 2020
| Date         : Tue Jan 14 10:45:48 2025
| Host         : DESKTOP-L4NOM67 running 64-bit major release  (build 9200)
| Command      : upgrade_ip
| Device       : xc7z020clg400-2
------------------------------------------------------------------------------------

Upgrade Log for IP 'system_onoff_config_axi_0_0'

1. Summary
----------

SUCCESS in the conversion of system_onoff_config_axi_0_0 (xilinx.com:user:onoff_config_axi:1.0 (Rev. 4)) to Vivado generation flows.

