#-----------------------------------------------------------
# Vivado v2020.2 (64-bit)
# SW Build 3064766 on Wed Nov 18 09:12:45 MST 2020
# IP Build 3064653 on Wed Nov 18 14:17:31 MST 2020
# Start of session at: Tue Jun  3 14:15:02 2025
# Process ID: 5424
# Current directory: C:/Users/saber/Desktop/share/DanDike_NewBoard
# Command line: vivado.exe -gui_launcher_event rodinguilauncherevent9200 C:\Users\saber\Desktop\share\DanDike_NewBoard\DanDike_NewBoard.xpr
# Log file: C:/Users/saber/Desktop/share/DanDike_NewBoard/vivado.log
# Journal file: C:/Users/saber/Desktop/share/DanDike_NewBoard\vivado.jou
#-----------------------------------------------------------
start_gui
open_project C:/Users/saber/Desktop/share/DanDike_NewBoard/DanDike_NewBoard.xpr
Scanning sources...
Finished scanning sources
INFO: [IP_Flow 19-234] Refreshing IP repositories
INFO: [IP_Flow 19-1700] Loaded user IP repository 'c:/Users/saber/Desktop/share/DanDike_NewBoard/ip_repo'.
INFO: [IP_Flow 19-1700] Loaded user IP repository 'c:/Users/saber/Desktop/share/DanDike_NewBoard/if'.
INFO: [IP_Flow 19-2313] Loaded Vivado IP repository 'E:/vivado/Vivado/2020.2/data/ip'.
open_project: Time (s): cpu = 00:00:20 ; elapsed = 00:00:20 . Memory (MB): peak = 1138.266 ; gain = 0.000
open_bd_design {C:/Users/saber/Desktop/share/DanDike_NewBoard/DanDike_NewBoard.srcs/sources_1/bd/system/system.bd}
Reading block design file <C:/Users/saber/Desktop/share/DanDike_NewBoard/DanDike_NewBoard.srcs/sources_1/bd/system/system.bd>...
Adding component instance block -- xilinx.com:ip:processing_system7:5.5 - processing_system7_0
Adding component instance block -- xilinx.com:ip:proc_sys_reset:5.0 - rst_ps7_0_100M
Adding component instance block -- xilinx.com:ip:axi_interconnect:2.1 - ps7_0_axi_periph
Adding component instance block -- xilinx.com:ip:axi_crossbar:2.1 - xbar
Adding component instance block -- xilinx.com:ip:axi_protocol_converter:2.1 - auto_pc
Adding component instance block -- xilinx.com:ip:axi_protocol_converter:2.1 - auto_pc
Adding component instance block -- xilinx.com:ip:axi_protocol_converter:2.1 - auto_pc
Adding component instance block -- xilinx.com:ip:axi_protocol_converter:2.1 - auto_pc
Adding component instance block -- xilinx.com:ip:axi_protocol_converter:2.1 - auto_pc
Adding component instance block -- xilinx.com:ip:axi_protocol_converter:2.1 - auto_pc
Adding component instance block -- xilinx.com:ip:axi_protocol_converter:2.1 - auto_pc
Adding component instance block -- xilinx.com:ip:axi_protocol_converter:2.1 - auto_pc
Adding component instance block -- xilinx.com:ip:axi_protocol_converter:2.1 - auto_pc
Adding component instance block -- xilinx.com:ip:axi_protocol_converter:2.1 - auto_pc
Adding component instance block -- xilinx.com:ip:axi_protocol_converter:2.1 - auto_pc
Adding component instance block -- xilinx.com:ip:axi_protocol_converter:2.1 - auto_pc
Adding component instance block -- xilinx.com:ip:axi_protocol_converter:2.1 - auto_pc
Adding component instance block -- xilinx.com:ip:axi_protocol_converter:2.1 - auto_pc
Adding component instance block -- xilinx.com:ip:axi_protocol_converter:2.1 - auto_pc
Adding component instance block -- xilinx.com:ip:axi_protocol_converter:2.1 - auto_pc
Adding component instance block -- xilinx.com:ip:proc_sys_reset:5.0 - proc_sys_reset_0
Adding component instance block -- xilinx.com:ip:xlconcat:2.1 - xlconcat_0
Adding component instance block -- xilinx.com:ip:proc_sys_reset:5.0 - rst_ps7_0_142M
Adding component instance block -- xilinx.com:ip:axi_vdma:6.3 - axi_vdma_0
Adding component instance block -- xilinx.com:ip:axi_gpio:2.0 - axi_gpio_0
Adding component instance block -- xilinx.com:ip:v_axi4s_vid_out:4.0 - v_axi4s_vid_out_0
Adding component instance block -- xilinx.com:ip:v_tc:6.2 - v_tc_0
Adding component instance block -- xilinx.com:ip:clk_wiz:6.0 - clk_wiz_0
Adding component instance block -- digilentinc.com:IP:PWM:2.0 - PWM_0
Adding component instance block -- xilinx.com:ip:axi_interconnect:2.1 - axi_mem_intercon
Adding component instance block -- xilinx.com:ip:axi_protocol_converter:2.1 - auto_pc
Adding component instance block -- openedv.com:user:rgb2lcd:1.0 - rgb2lcd_0
Adding component instance block -- xilinx.com:ip:axi_gpio:2.0 - axi_gpio_0
Adding component instance block -- xilinx.com:ip:axi_uartlite:2.0 - axi_uartlite_0
Adding component instance block -- xilinx.com:ip:axi_iic:2.0 - axi_iic_0
Adding component instance block -- xilinx.com:ip:util_vector_logic:2.0 - util_vector_logic_0
Adding component instance block -- xilinx.com:user:coder:1.0 - coder_0
Adding component instance block -- xilinx.com:ip:util_vector_logic:2.0 - util_vector_logic_0
Adding component instance block -- xilinx.com:user:gmii2rgmii:1.0 - gmii2rgmii_0
Adding component instance block -- xilinx.com:user:power_pulse_v1_AXI:1.0 - power_pulse_v1_AXI_0
Adding component instance block -- xilinx.com:ip:axi_bram_ctrl:4.1 - axi_bram_ctrl_0
Adding component instance block -- xilinx.com:user:dac_whole:1.0 - dac_whole_0
Adding component instance block -- xilinx.com:ip:axis_data_fifo:2.0 - axis_data_fifo_1
Adding component instance block -- xilinx.com:ip:axi_dma:7.1 - axi_dma_0
Adding component instance block -- xilinx.com:ip:blk_mem_gen:8.4 - blk_mem_gen_0
Adding component instance block -- xilinx.com:ip:smartconnect:1.0 - axi_smc
Adding component instance block -- xilinx.com:user:adc_whole:2.0 - adc_whole_0
Adding component instance block -- xilinx.com:user:onoff_config_axi:1.0 - onoff_config_axi_0
Adding component instance block -- xilinx.com:ip:axi_iic:2.0 - axi_iic_0
Successfully read diagram <system> from block design file <C:/Users/saber/Desktop/share/DanDike_NewBoard/DanDike_NewBoard.srcs/sources_1/bd/system/system.bd>
open_bd_design: Time (s): cpu = 00:00:09 ; elapsed = 00:00:09 . Memory (MB): peak = 1269.266 ; gain = 104.816
update_compile_order -fileset sources_1
ipx::edit_ip_in_project -upgrade true -name adc_whole_v2_0_project -directory C:/Users/saber/Desktop/share/DanDike_NewBoard/DanDike_NewBoard.tmp/adc_whole_v2_0_project c:/Users/saber/Desktop/share/DanDike_NewBoard/ip_repo/adc_whole_V2/component.xml
INFO: [ProjectBase 1-489] The host OS only allows 260 characters in a normal path. The project is stored in a path with more than 80 characters. If you experience issues with IP, Block Designs, or files not being found, please consider moving the project to a location with a shorter path. Alternately consider using the OS subst command to map part of the path to a drive letter.
Current project path is 'c:/users/saber/desktop/share/dandike_newboard/dandike_newboard.tmp/adc_whole_v2_0_project'
INFO: [IP_Flow 19-234] Refreshing IP repositories
INFO: [IP_Flow 19-1704] No user IP repositories specified
INFO: [IP_Flow 19-2313] Loaded Vivado IP repository 'E:/vivado/Vivado/2020.2/data/ip'.
create_project: Time (s): cpu = 00:00:10 ; elapsed = 00:00:06 . Memory (MB): peak = 1571.859 ; gain = 0.000
INFO: [IP_Flow 19-234] Refreshing IP repositories
INFO: [IP_Flow 19-1700] Loaded user IP repository 'c:/Users/saber/Desktop/share/DanDike_NewBoard/ip_repo'.
INFO: [IP_Flow 19-1700] Loaded user IP repository 'c:/Users/saber/Desktop/share/DanDike_NewBoard/if'.
INFO: [IP_Flow 19-795] Syncing license key meta-data
ipx::edit_ip_in_project: Time (s): cpu = 00:00:13 ; elapsed = 00:00:08 . Memory (MB): peak = 1571.859 ; gain = 0.000
update_compile_order -fileset sources_1
ipx::merge_project_changes files [ipx::current_core]
WARNING: [IP_Flow 19-5226] Project source file 'c:/Users/saber/Desktop/share/DanDike_NewBoard/ip_repo/adc_whole_V2/component.xml' ignored by IP packager.
ipx::merge_project_changes hdl_parameters [ipx::current_core]
WARNING: [IP_Flow 19-5226] Project source file 'c:/Users/saber/Desktop/share/DanDike_NewBoard/ip_repo/adc_whole_V2/component.xml' ignored by IP packager.
INFO: [IP_Flow 19-5107] Inferred bus interface 'adc_end_intr' of definition 'xilinx.com:signal:interrupt:1.0' (from Xilinx Repository).
INFO: [IP_Flow 19-3166] Bus Interface 'S_AXI': References existing memory map 'S_AXI'.
INFO: [IP_Flow 19-4728] Bus Interface 'adc_end_intr': Added interface parameter 'SENSITIVITY' with value 'LEVEL_HIGH'.
ipx::update_checksums [ipx::current_core]
ipx::save_core [ipx::current_core]
set_property core_revision 12 [ipx::current_core]
ipx::update_source_project_archive -component [ipx::current_core]
ipx::create_xgui_files [ipx::current_core]
ipx::update_checksums [ipx::current_core]
ipx::check_integrity [ipx::current_core]
INFO: [IP_Flow 19-2181] Payment Required is not set for this core.
INFO: [IP_Flow 19-2187] The Product Guide file is missing.
INFO: [Ipptcl 7-1486] check_integrity: Integrity check passed.
ipx::save_core [ipx::current_core]
ipx::move_temp_component_back -component [ipx::current_core]
close_project -delete
update_ip_catalog -rebuild -repo_path c:/Users/saber/Desktop/share/DanDike_NewBoard/ip_repo
INFO: [IP_Flow 19-725] Reloaded user IP repository 'c:/Users/saber/Desktop/share/DanDike_NewBoard/ip_repo'
report_ip_status -name ip_status 
upgrade_ip -vlnv xilinx.com:user:adc_whole:2.0 [get_ips  system_adc_whole_0_0] -log ip_upgrade.log
Upgrading 'C:/Users/saber/Desktop/share/DanDike_NewBoard/DanDike_NewBoard.srcs/sources_1/bd/system/system.bd'
INFO: [IP_Flow 19-3422] Upgraded system_adc_whole_0_0 (adc_whole_v2_0 2.0) from revision 11 to revision 12
WARNING: [IP_Flow 19-4697] Upgrade has added interface 'adc_end_intr' (xilinx.com:signal:interrupt:1.0)
WARNING: [IP_Flow 19-3670] Detected external interface differences while upgrading 'system_adc_whole_0_0'.
WARNING: [IP_Flow 19-4698] Upgrade has added port 'adc_end_intr'
WARNING: [IP_Flow 19-3298] Detected external port differences while upgrading 'system_adc_whole_0_0'. These changes may impact your design.
CRITICAL WARNING: [Coretcl 2-1279] The upgrade of 'system_adc_whole_0_0' has identified issues that may require user intervention. Please review the upgrade log 'c:/Users/saber/Desktop/share/DanDike_NewBoard/ip_upgrade.log', and verify that the upgraded IP is correctly configured.
Wrote  : <C:\Users\saber\Desktop\share\DanDike_NewBoard\DanDike_NewBoard.srcs\sources_1\bd\system\system.bd> 
Wrote  : <C:/Users/saber/Desktop/share/DanDike_NewBoard/DanDike_NewBoard.srcs/sources_1/bd/system/ui/bd_c954508f.ui> 
INFO: [Coretcl 2-1525] Wrote upgrade log to 'C:/Users/saber/Desktop/share/DanDike_NewBoard/ip_upgrade.log'.
export_ip_user_files -of_objects [get_ips system_adc_whole_0_0] -no_script -sync -force -quiet
report_ip_status -name ip_status 
regenerate_bd_layout
update_ip_catalog -rebuild
INFO: [IP_Flow 19-234] Refreshing IP repositories
INFO: [IP_Flow 19-1700] Loaded user IP repository 'c:/Users/saber/Desktop/share/DanDike_NewBoard/ip_repo'.
INFO: [IP_Flow 19-1700] Loaded user IP repository 'c:/Users/saber/Desktop/share/DanDike_NewBoard/if'.
startgroup
create_bd_cell -type ip -vlnv xilinx.com:user:stimer_onoff_pa_rw_AXI:1.0 stimer_onoff_pa_rw_A_0
endgroup
set_property location {4.5 1486 -47} [get_bd_cells stimer_onoff_pa_rw_A_0]
move_bd_cells [get_bd_cells AC_8_channel_0] [get_bd_cells stimer_onoff_pa_rw_A_0]
delete_bd_objs [get_bd_intf_nets AC_8_channel_0/ps7_0_axi_periph_M09_AXI]
connect_bd_intf_net -boundary_type upper [get_bd_intf_pins AC_8_channel_0/S_AXI] [get_bd_intf_pins AC_8_channel_0/stimer_onoff_pa_rw_A_0/S_AXI]
disconnect_bd_net /AC_8_channel_0/processing_system7_0_FCLK_CLK1 [get_bd_pins AC_8_channel_0/onoff_config_axi_0/CLK25MHz]
startgroup
connect_bd_net [get_bd_pins AC_8_channel_0/CLK25MHz] [get_bd_pins AC_8_channel_0/stimer_onoff_pa_rw_A_0/CLK25MHz]
connect_bd_net [get_bd_pins processing_system7_0/FCLK_CLK1] [get_bd_pins AC_8_channel_0/onoff_config_axi_0/CLK25MHz]
endgroup
disconnect_bd_net /AC_8_channel_0/processing_system7_0_FCLK_CLK1 [get_bd_pins AC_8_channel_0/onoff_config_axi_0/CLK25MHz]
startgroup
connect_bd_net [get_bd_pins AC_8_channel_0/CLK25MHz_ARESETN] [get_bd_pins AC_8_channel_0/stimer_onoff_pa_rw_A_0/CLK25MHz_RSTN]
endgroup
connect_bd_net [get_bd_pins AC_8_channel_0/s_axi_lite_aclk] [get_bd_pins AC_8_channel_0/stimer_onoff_pa_rw_A_0/S_AXI_ACLK]
connect_bd_net [get_bd_pins AC_8_channel_0/S_AXI_ARESETN] [get_bd_pins AC_8_channel_0/stimer_onoff_pa_rw_A_0/S_AXI_ARESETN]
disconnect_bd_net /AC_8_channel_0/proc_sys_reset_0_peripheral_aresetn [get_bd_pins AC_8_channel_0/onoff_config_axi_0/CLK25MHz_RSTN]
disconnect_bd_net /AC_8_channel_0/processing_system7_0_FCLK_CLK0 [get_bd_pins AC_8_channel_0/onoff_config_axi_0/S_AXI_ACLK]
disconnect_bd_net /AC_8_channel_0/rst_ps7_0_100M_peripheral_aresetn [get_bd_pins AC_8_channel_0/onoff_config_axi_0/S_AXI_ARESETN]
ipx::edit_ip_in_project -upgrade true -name stimer_onoff_pa_rw_AXI_v1_0_project -directory C:/Users/saber/Desktop/share/DanDike_NewBoard/DanDike_NewBoard.tmp/stimer_onoff_pa_rw_AXI_v1_0_project c:/Users/saber/Desktop/share/DanDike_NewBoard/ip_repo/STimer_OnOff_PA_RW_AXI/component.xml
INFO: [ProjectBase 1-489] The host OS only allows 260 characters in a normal path. The project is stored in a path with more than 80 characters. If you experience issues with IP, Block Designs, or files not being found, please consider moving the project to a location with a shorter path. Alternately consider using the OS subst command to map part of the path to a drive letter.
Current project path is 'c:/users/saber/desktop/share/dandike_newboard/dandike_newboard.tmp/stimer_onoff_pa_rw_axi_v1_0_project'
INFO: [IP_Flow 19-234] Refreshing IP repositories
INFO: [IP_Flow 19-1704] No user IP repositories specified
INFO: [IP_Flow 19-2313] Loaded Vivado IP repository 'E:/vivado/Vivado/2020.2/data/ip'.
INFO: [IP_Flow 19-234] Refreshing IP repositories
INFO: [IP_Flow 19-1700] Loaded user IP repository 'c:/Users/saber/Desktop/share/DanDike_NewBoard/ip_repo'.
INFO: [IP_Flow 19-1700] Loaded user IP repository 'c:/Users/saber/Desktop/share/DanDike_NewBoard/if'.
INFO: [IP_Flow 19-795] Syncing license key meta-data
ipx::edit_ip_in_project: Time (s): cpu = 00:00:05 ; elapsed = 00:00:05 . Memory (MB): peak = 1796.559 ; gain = 10.070
update_compile_order -fileset sources_1
ipx::add_bus_interface OnOff [ipx::current_core]
set_property abstraction_type_vlnv xilinx.com:user:OnOff_rtl:1.0 [ipx::get_bus_interfaces OnOff -of_objects [ipx::current_core]]
set_property bus_type_vlnv xilinx.com:user:OnOff:1.0 [ipx::get_bus_interfaces OnOff -of_objects [ipx::current_core]]
set_property interface_mode master [ipx::get_bus_interfaces OnOff -of_objects [ipx::current_core]]
ipx::add_port_map onoff_cs [ipx::get_bus_interfaces OnOff -of_objects [ipx::current_core]]
set_property physical_name onoff_cs [ipx::get_port_maps onoff_cs -of_objects [ipx::get_bus_interfaces OnOff -of_objects [ipx::current_core]]]
ipx::add_port_map onoff_sdi [ipx::get_bus_interfaces OnOff -of_objects [ipx::current_core]]
set_property physical_name onoff_sdi [ipx::get_port_maps onoff_sdi -of_objects [ipx::get_bus_interfaces OnOff -of_objects [ipx::current_core]]]
ipx::add_port_map onoff_sclk [ipx::get_bus_interfaces OnOff -of_objects [ipx::current_core]]
set_property physical_name onoff_sclk [ipx::get_port_maps onoff_sclk -of_objects [ipx::get_bus_interfaces OnOff -of_objects [ipx::current_core]]]
ipx::add_port_map onoff_sdo [ipx::get_bus_interfaces OnOff -of_objects [ipx::current_core]]
set_property physical_name onoff_sdo [ipx::get_port_maps onoff_sdo -of_objects [ipx::get_bus_interfaces OnOff -of_objects [ipx::current_core]]]
ipx::add_bus_interface WrSerial [ipx::current_core]
set_property abstraction_type_vlnv xilinx.com:user:WrSerial_rtl:1.0 [ipx::get_bus_interfaces WrSerial -of_objects [ipx::current_core]]
set_property bus_type_vlnv xilinx.com:user:WrSerial:1.0 [ipx::get_bus_interfaces WrSerial -of_objects [ipx::current_core]]
set_property interface_mode master [ipx::get_bus_interfaces WrSerial -of_objects [ipx::current_core]]
ipx::add_port_map wr_load [ipx::get_bus_interfaces WrSerial -of_objects [ipx::current_core]]
set_property physical_name wrserial_load [ipx::get_port_maps wr_load -of_objects [ipx::get_bus_interfaces WrSerial -of_objects [ipx::current_core]]]
ipx::add_port_map wr_sclk [ipx::get_bus_interfaces WrSerial -of_objects [ipx::current_core]]
set_property physical_name wrserial_sclk [ipx::get_port_maps wr_sclk -of_objects [ipx::get_bus_interfaces WrSerial -of_objects [ipx::current_core]]]
ipx::add_port_map wr_sdo [ipx::get_bus_interfaces WrSerial -of_objects [ipx::current_core]]
set_property physical_name wrserial_sdo [ipx::get_port_maps wr_sdo -of_objects [ipx::get_bus_interfaces WrSerial -of_objects [ipx::current_core]]]
ipx::add_bus_interface RdSerial [ipx::current_core]
set_property abstraction_type_vlnv xilinx.com:user:RdSerial_rtl:1.0 [ipx::get_bus_interfaces RdSerial -of_objects [ipx::current_core]]
set_property bus_type_vlnv xilinx.com:user:RdSerial:1.0 [ipx::get_bus_interfaces RdSerial -of_objects [ipx::current_core]]
set_property interface_mode master [ipx::get_bus_interfaces RdSerial -of_objects [ipx::current_core]]
ipx::add_port_map rd_sdi [ipx::get_bus_interfaces RdSerial -of_objects [ipx::current_core]]
set_property physical_name rdserial_sdi [ipx::get_port_maps rd_sdi -of_objects [ipx::get_bus_interfaces RdSerial -of_objects [ipx::current_core]]]
ipx::add_port_map rd_load [ipx::get_bus_interfaces RdSerial -of_objects [ipx::current_core]]
set_property physical_name rdserial_load [ipx::get_port_maps rd_load -of_objects [ipx::get_bus_interfaces RdSerial -of_objects [ipx::current_core]]]
ipx::add_port_map rd_sclk [ipx::get_bus_interfaces RdSerial -of_objects [ipx::current_core]]
set_property physical_name rdserial_sclk [ipx::get_port_maps rd_sclk -of_objects [ipx::get_bus_interfaces RdSerial -of_objects [ipx::current_core]]]
set_property previous_version_for_upgrade xilinx.com:user:stimer_onoff_pa_rw_AXI:1.0 [ipx::current_core]
set_property core_revision 1 [ipx::current_core]
ipx::create_xgui_files [ipx::current_core]
ipx::update_checksums [ipx::current_core]
ipx::check_integrity [ipx::current_core]
WARNING: [IP_Flow 19-3157] Bus Interface 'CLK25MHz_RSTN': Bus parameter POLARITY is ACTIVE_LOW but port 'CLK25MHz_RSTN' is not *resetn - please double check the POLARITY setting.
INFO: [IP_Flow 19-2181] Payment Required is not set for this core.
INFO: [IP_Flow 19-2187] The Product Guide file is missing.
INFO: [Ipptcl 7-1486] check_integrity: Integrity check passed.
ipx::save_core [ipx::current_core]
ipx::move_temp_component_back -component [ipx::current_core]
close_project -delete
update_ip_catalog -rebuild -repo_path c:/Users/saber/Desktop/share/DanDike_NewBoard/ip_repo
INFO: [IP_Flow 19-725] Reloaded user IP repository 'c:/Users/saber/Desktop/share/DanDike_NewBoard/ip_repo'
report_ip_status -name ip_status 
upgrade_ip [get_ips  system_stimer_onoff_pa_rw_A_0_0] -log ip_upgrade.log
Upgrading 'C:/Users/saber/Desktop/share/DanDike_NewBoard/DanDike_NewBoard.srcs/sources_1/bd/system/system.bd'
INFO: [IP_Flow 19-1972] Upgraded system_stimer_onoff_pa_rw_A_0_0 from stimer_onoff_pa_rw_AXI 1.0 to stimer_onoff_pa_rw_v1_0 1.0
WARNING: [IP_Flow 19-4697] Upgrade has added interface 'OnOff' (xilinx.com:user:OnOff:1.0)
WARNING: [IP_Flow 19-4697] Upgrade has added interface 'RdSerial' (xilinx.com:user:RdSerial:1.0)
WARNING: [IP_Flow 19-4697] Upgrade has added interface 'WrSerial' (xilinx.com:user:WrSerial:1.0)
WARNING: [IP_Flow 19-3670] Detected external interface differences while upgrading 'system_stimer_onoff_pa_rw_A_0_0'.
CRITICAL WARNING: [Coretcl 2-1279] The upgrade of 'system_stimer_onoff_pa_rw_A_0_0' has identified issues that may require user intervention. Please review the upgrade log 'c:/Users/saber/Desktop/share/DanDike_NewBoard/ip_upgrade.log', and verify that the upgraded IP is correctly configured.
Wrote  : <C:\Users\saber\Desktop\share\DanDike_NewBoard\DanDike_NewBoard.srcs\sources_1\bd\system\system.bd> 
Wrote  : <C:/Users/saber/Desktop/share/DanDike_NewBoard/DanDike_NewBoard.srcs/sources_1/bd/system/ui/bd_c954508f.ui> 
INFO: [Coretcl 2-1525] Wrote upgrade log to 'C:/Users/saber/Desktop/share/DanDike_NewBoard/ip_upgrade.log'.
export_ip_user_files -of_objects [get_ips system_stimer_onoff_pa_rw_A_0_0] -no_script -sync -force -quiet
delete_bd_objs [get_bd_intf_nets AC_8_channel_0/onoff_config_axi_0_OnOff]
connect_bd_intf_net [get_bd_intf_pins AC_8_channel_0/OnOff_0] [get_bd_intf_pins AC_8_channel_0/stimer_onoff_pa_rw_A_0/OnOff]
delete_bd_objs [get_bd_intf_nets AC_8_channel_0/onoff_config_axi_0_WrSerial]
connect_bd_intf_net [get_bd_intf_pins AC_8_channel_0/WrSerial_0] [get_bd_intf_pins AC_8_channel_0/stimer_onoff_pa_rw_A_0/WrSerial]
delete_bd_objs [get_bd_intf_nets AC_8_channel_0/onoff_config_axi_0_RdSerial]
connect_bd_intf_net [get_bd_intf_pins AC_8_channel_0/RdSerial_0] [get_bd_intf_pins AC_8_channel_0/stimer_onoff_pa_rw_A_0/RdSerial]
delete_bd_objs [get_bd_cells AC_8_channel_0/onoff_config_axi_0]
regenerate_bd_layout
startgroup
make_bd_pins_external  [get_bd_pins AC_8_channel_0/stimer_onoff_pa_rw_A_0/clk_10MHz]
endgroup
startgroup
make_bd_pins_external  [get_bd_pins AC_8_channel_0/stimer_onoff_pa_rw_A_0/pps_gps]
endgroup
startgroup
make_bd_pins_external  [get_bd_pins AC_8_channel_0/stimer_onoff_pa_rw_A_0/pps_in]
endgroup
startgroup
make_bd_pins_external  [get_bd_pins AC_8_channel_0/stimer_onoff_pa_rw_A_0/irig_b_in]
endgroup
startgroup
make_bd_pins_external  [get_bd_pins AC_8_channel_0/stimer_onoff_pa_rw_A_0/pps_50]
endgroup
startgroup
set_property -dict [list CONFIG.NUM_PORTS {16}] [get_bd_cells xlconcat_0]
endgroup
startgroup
make_bd_pins_external  [get_bd_pins AC_8_channel_0/stimer_onoff_pa_rw_A_0/irig_b_out]
endgroup
connect_bd_net [get_bd_pins AC_8_channel_0/stimer_onoff_pa_rw_A_0/pps_gps2cpu] [get_bd_pins xlconcat_0/In11]
connect_bd_net [get_bd_pins AC_8_channel_0/stimer_onoff_pa_rw_A_0/pps_in2cpu] [get_bd_pins xlconcat_0/In12]
connect_bd_net [get_bd_pins AC_8_channel_0/stimer_onoff_pa_rw_A_0/pps_bm2cpu] [get_bd_pins xlconcat_0/In13]
connect_bd_net [get_bd_pins AC_8_channel_0/stimer_onoff_pa_rw_A_0/bm_syn_end] [get_bd_pins xlconcat_0/In14]
connect_bd_net [get_bd_pins AC_8_channel_0/stimer_onoff_pa_rw_A_0/date_update] [get_bd_pins xlconcat_0/In15]
regenerate_bd_layout
regenerate_bd_layout
regenerate_bd_layout
report_ip_status -name ip_status 
save_bd_design
Wrote  : <C:\Users\saber\Desktop\share\DanDike_NewBoard\DanDike_NewBoard.srcs\sources_1\bd\system\system.bd> 
Wrote  : <C:/Users/saber/Desktop/share/DanDike_NewBoard/DanDike_NewBoard.srcs/sources_1/bd/system/ui/bd_c954508f.ui> 
validate_bd_design
CRITICAL WARNING: [BD 41-1356] Slave segment </AC_8_channel_0/stimer_onoff_pa_rw_A_0/S_AXI/reg0> is not assigned into address space </processing_system7_0/Data>. Please use Address Editor to either assign or exclude it.
INFO: [xilinx.com:ip:axi_vdma:6.3-16] /lcd/axi_vdma_0 
                    All clocks connected to AXI VDMA are not identical, therefore configuring AXI-VDMA in ASYNC mode.
INFO: [xilinx.com:ip:clk_wiz:6.0-1] /lcd/clk_wiz_0 clk_wiz propagate
WARNING: [BD 41-927] Following properties on pin /power_pulse_v1_AXI_0/S_AXI_ACLK have been updated from connected ip, but BD cell '/power_pulse_v1_AXI_0' does not accept parameter changes, so they may not be synchronized with cell properties:
	FREQ_HZ = 1e+08 
Please resolve any mismatches by directly setting properties on BD cell </power_pulse_v1_AXI_0> to completely resolve these warnings.
WARNING: [BD 41-927] Following properties on pin /AC_8_channel_0/stimer_onoff_pa_rw_A_0/S_AXI_ACLK have been updated from connected ip, but BD cell '/AC_8_channel_0/stimer_onoff_pa_rw_A_0' does not accept parameter changes, so they may not be synchronized with cell properties:
	FREQ_HZ = 1e+08 
Please resolve any mismatches by directly setting properties on BD cell </AC_8_channel_0/stimer_onoff_pa_rw_A_0> to completely resolve these warnings.
WARNING: [BD 41-927] Following properties on pin /AC_8_channel_0/adda/dac_whole_0/S_AXIS_ACLK have been updated from connected ip, but BD cell '/AC_8_channel_0/adda/dac_whole_0' does not accept parameter changes, so they may not be synchronized with cell properties:
	FREQ_HZ = 1e+08 
Please resolve any mismatches by directly setting properties on BD cell </AC_8_channel_0/adda/dac_whole_0> to completely resolve these warnings.
WARNING: [BD 41-927] Following properties on pin /AC_8_channel_0/adda/dac_whole_0/S_AXI_ACLK have been updated from connected ip, but BD cell '/AC_8_channel_0/adda/dac_whole_0' does not accept parameter changes, so they may not be synchronized with cell properties:
	FREQ_HZ = 1e+08 
Please resolve any mismatches by directly setting properties on BD cell </AC_8_channel_0/adda/dac_whole_0> to completely resolve these warnings.
WARNING: [BD 41-927] Following properties on pin /AC_8_channel_0/adda/adc_whole_0/M_AXIS_ACLK have been updated from connected ip, but BD cell '/AC_8_channel_0/adda/adc_whole_0' does not accept parameter changes, so they may not be synchronized with cell properties:
	FREQ_HZ = 1e+08 
Please resolve any mismatches by directly setting properties on BD cell </AC_8_channel_0/adda/adc_whole_0> to completely resolve these warnings.
WARNING: [BD 41-927] Following properties on pin /AC_8_channel_0/adda/adc_whole_0/S_AXI_ACLK have been updated from connected ip, but BD cell '/AC_8_channel_0/adda/adc_whole_0' does not accept parameter changes, so they may not be synchronized with cell properties:
	FREQ_HZ = 1e+08 
Please resolve any mismatches by directly setting properties on BD cell </AC_8_channel_0/adda/adc_whole_0> to completely resolve these warnings.
validate_bd_design: Time (s): cpu = 00:00:50 ; elapsed = 00:01:00 . Memory (MB): peak = 2189.645 ; gain = 0.000
assign_bd_address
Slave segment '/AC_8_channel_0/stimer_onoff_pa_rw_A_0/S_AXI/reg0' is being assigned into address space '/processing_system7_0/Data' at <0x43C5_0000 [ 64K ]>.
delete_bd_objs [get_bd_addr_segs] [get_bd_addr_segs -excluded]
assign_bd_address
Slave segment '/processing_system7_0/S_AXI_HP0/HP0_DDR_LOWOCM' is being assigned into address space '/AC_8_channel_0/adda/axi_dma_0/Data_MM2S' at <0x0000_0000 [ 1G ]>.
Slave segment '/processing_system7_0/S_AXI_HP0/HP0_DDR_LOWOCM' is being assigned into address space '/AC_8_channel_0/adda/axi_dma_0/Data_S2MM' at <0x0000_0000 [ 1G ]>.
Slave segment '/processing_system7_0/S_AXI_HP1/HP1_DDR_LOWOCM' is being assigned into address space '/lcd/axi_vdma_0/Data_MM2S' at <0x0000_0000 [ 1G ]>.
Slave segment '/AC_8_channel_0/adda/axi_bram_ctrl_0/S_AXI/Mem0' is being assigned into address space '/processing_system7_0/Data' at <0x4000_0000 [ 8K ]>.
Slave segment '/AC_8_channel_0/adda/adc_whole_0/S_AXI/reg0' is being assigned into address space '/processing_system7_0/Data' at <0x43C0_0000 [ 64K ]>.
Slave segment '/AC_8_channel_0/adda/axi_dma_0/S_AXI_LITE/Reg' is being assigned into address space '/processing_system7_0/Data' at <0x4040_0000 [ 64K ]>.
Slave segment '/AC_8_channel_0/adda/dac_whole_0/S_AXI/reg0' is being assigned into address space '/processing_system7_0/Data' at <0x43C1_0000 [ 64K ]>.
Slave segment '/AC_8_channel_0/stimer_onoff_pa_rw_A_0/S_AXI/reg0' is being assigned into address space '/processing_system7_0/Data' at <0x43C2_0000 [ 64K ]>.
Slave segment '/RTC_EEPROM/axi_iic_0/S_AXI/Reg' is being assigned into address space '/processing_system7_0/Data' at <0x4160_0000 [ 64K ]>.
Slave segment '/axi_gpio_0/S_AXI/Reg' is being assigned into address space '/processing_system7_0/Data' at <0x4120_0000 [ 64K ]>.
Slave segment '/axi_uartlite_0/S_AXI/Reg' is being assigned into address space '/processing_system7_0/Data' at <0x42C0_0000 [ 64K ]>.
Slave segment '/coder/coder_0/S00_AXI/S00_AXI_reg' is being assigned into address space '/processing_system7_0/Data' at <0x43C3_0000 [ 64K ]>.
Slave segment '/key_board/axi_iic_0/S_AXI/Reg' is being assigned into address space '/processing_system7_0/Data' at <0x4161_0000 [ 64K ]>.
Slave segment '/lcd/PWM_0/PWM_AXI/PWM_AXI_reg' is being assigned into address space '/processing_system7_0/Data' at <0x43C4_0000 [ 64K ]>.
Slave segment '/lcd/axi_gpio_0/S_AXI/Reg' is being assigned into address space '/processing_system7_0/Data' at <0x4121_0000 [ 64K ]>.
Slave segment '/lcd/axi_vdma_0/S_AXI_LITE/Reg' is being assigned into address space '/processing_system7_0/Data' at <0x4300_0000 [ 64K ]>.
Slave segment '/lcd/clk_wiz_0/s_axi_lite/Reg' is being assigned into address space '/processing_system7_0/Data' at <0x43C5_0000 [ 64K ]>.
Slave segment '/lcd/v_tc_0/ctrl/Reg' is being assigned into address space '/processing_system7_0/Data' at <0x43C6_0000 [ 64K ]>.
Slave segment '/power_pulse_v1_AXI_0/S_AXI/reg0' is being assigned into address space '/processing_system7_0/Data' at <0x43C7_0000 [ 64K ]>.
set_property range 16K [get_bd_addr_segs {processing_system7_0/Data/SEG_axi_bram_ctrl_0_Mem0}]
delete_bd_objs [get_bd_addr_segs] [get_bd_addr_segs -excluded]
assign_bd_address
Slave segment '/processing_system7_0/S_AXI_HP0/HP0_DDR_LOWOCM' is being assigned into address space '/AC_8_channel_0/adda/axi_dma_0/Data_MM2S' at <0x0000_0000 [ 1G ]>.
Slave segment '/processing_system7_0/S_AXI_HP0/HP0_DDR_LOWOCM' is being assigned into address space '/AC_8_channel_0/adda/axi_dma_0/Data_S2MM' at <0x0000_0000 [ 1G ]>.
Slave segment '/processing_system7_0/S_AXI_HP1/HP1_DDR_LOWOCM' is being assigned into address space '/lcd/axi_vdma_0/Data_MM2S' at <0x0000_0000 [ 1G ]>.
Slave segment '/AC_8_channel_0/adda/axi_bram_ctrl_0/S_AXI/Mem0' is being assigned into address space '/processing_system7_0/Data' at <0x4000_0000 [ 8K ]>.
Slave segment '/AC_8_channel_0/adda/adc_whole_0/S_AXI/reg0' is being assigned into address space '/processing_system7_0/Data' at <0x43C0_0000 [ 64K ]>.
Slave segment '/AC_8_channel_0/adda/axi_dma_0/S_AXI_LITE/Reg' is being assigned into address space '/processing_system7_0/Data' at <0x4040_0000 [ 64K ]>.
Slave segment '/AC_8_channel_0/adda/dac_whole_0/S_AXI/reg0' is being assigned into address space '/processing_system7_0/Data' at <0x43C1_0000 [ 64K ]>.
Slave segment '/AC_8_channel_0/stimer_onoff_pa_rw_A_0/S_AXI/reg0' is being assigned into address space '/processing_system7_0/Data' at <0x43C2_0000 [ 64K ]>.
Slave segment '/RTC_EEPROM/axi_iic_0/S_AXI/Reg' is being assigned into address space '/processing_system7_0/Data' at <0x4160_0000 [ 64K ]>.
Slave segment '/axi_gpio_0/S_AXI/Reg' is being assigned into address space '/processing_system7_0/Data' at <0x4120_0000 [ 64K ]>.
Slave segment '/axi_uartlite_0/S_AXI/Reg' is being assigned into address space '/processing_system7_0/Data' at <0x42C0_0000 [ 64K ]>.
Slave segment '/coder/coder_0/S00_AXI/S00_AXI_reg' is being assigned into address space '/processing_system7_0/Data' at <0x43C3_0000 [ 64K ]>.
Slave segment '/key_board/axi_iic_0/S_AXI/Reg' is being assigned into address space '/processing_system7_0/Data' at <0x4161_0000 [ 64K ]>.
Slave segment '/lcd/PWM_0/PWM_AXI/PWM_AXI_reg' is being assigned into address space '/processing_system7_0/Data' at <0x43C4_0000 [ 64K ]>.
Slave segment '/lcd/axi_gpio_0/S_AXI/Reg' is being assigned into address space '/processing_system7_0/Data' at <0x4121_0000 [ 64K ]>.
Slave segment '/lcd/axi_vdma_0/S_AXI_LITE/Reg' is being assigned into address space '/processing_system7_0/Data' at <0x4300_0000 [ 64K ]>.
Slave segment '/lcd/clk_wiz_0/s_axi_lite/Reg' is being assigned into address space '/processing_system7_0/Data' at <0x43C5_0000 [ 64K ]>.
Slave segment '/lcd/v_tc_0/ctrl/Reg' is being assigned into address space '/processing_system7_0/Data' at <0x43C6_0000 [ 64K ]>.
Slave segment '/power_pulse_v1_AXI_0/S_AXI/reg0' is being assigned into address space '/processing_system7_0/Data' at <0x43C7_0000 [ 64K ]>.
set_property range 16K [get_bd_addr_segs {processing_system7_0/Data/SEG_axi_bram_ctrl_0_Mem0}]
set_property range 256M [get_bd_addr_segs {lcd/axi_vdma_0/Data_MM2S/SEG_processing_system7_0_HP1_DDR_LOWOCM}]
set_property range 16M [get_bd_addr_segs {AC_8_channel_0/adda/axi_dma_0/Data_MM2S/SEG_processing_system7_0_HP0_DDR_LOWOCM}]
set_property range 16M [get_bd_addr_segs {AC_8_channel_0/adda/axi_dma_0/Data_S2MM/SEG_processing_system7_0_HP0_DDR_LOWOCM}]
set_property range 8M [get_bd_addr_segs {AC_8_channel_0/adda/axi_dma_0/Data_MM2S/SEG_processing_system7_0_HP0_DDR_LOWOCM}]
set_property range 8M [get_bd_addr_segs {AC_8_channel_0/adda/axi_dma_0/Data_S2MM/SEG_processing_system7_0_HP0_DDR_LOWOCM}]
set_property offset 0x2E800000 [get_bd_addr_segs {AC_8_channel_0/adda/axi_dma_0/Data_MM2S/SEG_processing_system7_0_HP0_DDR_LOWOCM}]
set_property offset 0x2E800000 [get_bd_addr_segs {AC_8_channel_0/adda/axi_dma_0/Data_S2MM/SEG_processing_system7_0_HP0_DDR_LOWOCM}]
INFO: [Coretcl 2-12] '/AC_8_channel_0/adda/axi_bram_ctrl_0/S_AXI' selected.
INFO: [Coretcl 2-12] '/processing_system7_0/S_AXI_HP0' selected.
INFO: [Coretcl 2-12] '/AC_8_channel_0/adda/axi_bram_ctrl_0/S_AXI' selected.
INFO: [Coretcl 2-12] '/AC_8_channel_0/adda/axi_dma_0/S_AXI_LITE' selected.
INFO: [Coretcl 2-12] '/axi_gpio_0/S_AXI' selected.
validate_bd_design
INFO: [xilinx.com:ip:axi_vdma:6.3-16] /lcd/axi_vdma_0 
                    All clocks connected to AXI VDMA are not identical, therefore configuring AXI-VDMA in ASYNC mode.
INFO: [xilinx.com:ip:clk_wiz:6.0-1] /lcd/clk_wiz_0 clk_wiz propagate
WARNING: [BD 41-927] Following properties on pin /power_pulse_v1_AXI_0/S_AXI_ACLK have been updated from connected ip, but BD cell '/power_pulse_v1_AXI_0' does not accept parameter changes, so they may not be synchronized with cell properties:
	FREQ_HZ = 1e+08 
Please resolve any mismatches by directly setting properties on BD cell </power_pulse_v1_AXI_0> to completely resolve these warnings.
WARNING: [BD 41-927] Following properties on pin /AC_8_channel_0/stimer_onoff_pa_rw_A_0/S_AXI_ACLK have been updated from connected ip, but BD cell '/AC_8_channel_0/stimer_onoff_pa_rw_A_0' does not accept parameter changes, so they may not be synchronized with cell properties:
	FREQ_HZ = 1e+08 
Please resolve any mismatches by directly setting properties on BD cell </AC_8_channel_0/stimer_onoff_pa_rw_A_0> to completely resolve these warnings.
WARNING: [BD 41-927] Following properties on pin /AC_8_channel_0/adda/dac_whole_0/S_AXIS_ACLK have been updated from connected ip, but BD cell '/AC_8_channel_0/adda/dac_whole_0' does not accept parameter changes, so they may not be synchronized with cell properties:
	FREQ_HZ = 1e+08 
Please resolve any mismatches by directly setting properties on BD cell </AC_8_channel_0/adda/dac_whole_0> to completely resolve these warnings.
WARNING: [BD 41-927] Following properties on pin /AC_8_channel_0/adda/dac_whole_0/S_AXI_ACLK have been updated from connected ip, but BD cell '/AC_8_channel_0/adda/dac_whole_0' does not accept parameter changes, so they may not be synchronized with cell properties:
	FREQ_HZ = 1e+08 
Please resolve any mismatches by directly setting properties on BD cell </AC_8_channel_0/adda/dac_whole_0> to completely resolve these warnings.
WARNING: [BD 41-927] Following properties on pin /AC_8_channel_0/adda/adc_whole_0/M_AXIS_ACLK have been updated from connected ip, but BD cell '/AC_8_channel_0/adda/adc_whole_0' does not accept parameter changes, so they may not be synchronized with cell properties:
	FREQ_HZ = 1e+08 
Please resolve any mismatches by directly setting properties on BD cell </AC_8_channel_0/adda/adc_whole_0> to completely resolve these warnings.
WARNING: [BD 41-927] Following properties on pin /AC_8_channel_0/adda/adc_whole_0/S_AXI_ACLK have been updated from connected ip, but BD cell '/AC_8_channel_0/adda/adc_whole_0' does not accept parameter changes, so they may not be synchronized with cell properties:
	FREQ_HZ = 1e+08 
Please resolve any mismatches by directly setting properties on BD cell </AC_8_channel_0/adda/adc_whole_0> to completely resolve these warnings.
validate_bd_design: Time (s): cpu = 00:00:37 ; elapsed = 00:00:47 . Memory (MB): peak = 2194.508 ; gain = 0.000
generate_target all [get_files C:/Users/saber/Desktop/share/DanDike_NewBoard/DanDike_NewBoard.srcs/sources_1/bd/system/system.bd]
INFO: [BD 41-1662] The design 'system.bd' is already validated. Therefore parameter propagation will not be re-run.
Wrote  : <C:\Users\saber\Desktop\share\DanDike_NewBoard\DanDike_NewBoard.srcs\sources_1\bd\system\system.bd> 
Wrote  : <C:/Users/saber/Desktop/share/DanDike_NewBoard/DanDike_NewBoard.srcs/sources_1/bd/system/ui/bd_c954508f.ui> 
