#-----------------------------------------------------------
# Vivado v2020.2 (64-bit)
# SW Build 3064766 on Wed Nov 18 09:12:45 MST 2020
# IP Build 3064653 on Wed Nov 18 14:17:31 MST 2020
# Start of session at: Wed Jul  2 17:54:30 2025
# Process ID: 16788
# Current directory: C:/Users/saber/Desktop/share/DanDike_NewBoard
# Command line: vivado.exe -gui_launcher_event rodinguilauncherevent13604 C:\Users\saber\Desktop\share\DanDike_NewBoard\DanDike_NewBoard.xpr
# Log file: C:/Users/saber/Desktop/share/DanDike_NewBoard/vivado.log
# Journal file: C:/Users/saber/Desktop/share/DanDike_NewBoard\vivado.jou
#-----------------------------------------------------------
start_gui
open_project C:/Users/saber/Desktop/share/DanDike_NewBoard/DanDike_NewBoard.xpr
update_compile_order -fileset sources_1
open_bd_design {C:/Users/saber/Desktop/share/DanDike_NewBoard/DanDike_NewBoard.srcs/sources_1/bd/system/system.bd}
reset_run impl_1 -prev_step 
launch_runs impl_1 -to_step write_bitstream -jobs 8
wait_on_run impl_1
write_hw_platform -fixed -include_bit -force -file C:/Users/saber/Desktop/share/DanDike_NewBoard/vitis1/system_wrapper.xsa
startgroup
set_property -dict [list CONFIG.NUM_PORTS {8}] [get_bd_cells xlconcat_Linux]
endgroup
delete_bd_objs [get_bd_nets AC_8_channel_0_s2mm_introut]
connect_bd_net [get_bd_pins AC_8_channel_0/s2mm_introut] [get_bd_pins xlconcat_Linux/In6]
delete_bd_objs [get_bd_nets AC_8_channel_0_mm2s_introut]
connect_bd_net [get_bd_pins AC_8_channel_0/mm2s_introut] [get_bd_pins xlconcat_Linux/In7]
save_bd_design
reset_run synth_1
launch_runs impl_1 -to_step write_bitstream -jobs 8
wait_on_run impl_1
open_run impl_1
close_design
write_hw_platform -fixed -include_bit -force -file C:/Users/saber/Desktop/share/DanDike_NewBoard/vitis1/system_wrapper.xsa
set_property offset 0x2E800000 [get_bd_addr_segs {AC_8_channel_0/adda/axi_dma_0/Data_MM2S/SEG_processing_system7_0_HP0_DDR_LOWOCM}]
open_bd_design {C:/Users/saber/Desktop/share/DanDike_NewBoard/DanDike_NewBoard.srcs/sources_1/bd/system/system.bd}
connect_bd_net [get_bd_pins xlconcat_BareMetal/In0] [get_bd_pins AC_8_channel_0/prog_empty]
disconnect_bd_net /AC_8_channel_0_prog_empty [get_bd_pins xlconcat_BareMetal/In2]
startgroup
connect_bd_net [get_bd_pins xlconcat_BareMetal/In1] [get_bd_pins AC_8_channel_0/onoff_done]
connect_bd_net [get_bd_pins AC_8_channel_0/onoff_done] [get_bd_pins xlconcat_BareMetal/In2]
endgroup
undo
connect_bd_net [get_bd_pins xlconcat_BareMetal/In1] [get_bd_pins AC_8_channel_0/onoff_done]
disconnect_bd_net /AC_8_channel_0_onoff_done [get_bd_pins xlconcat_BareMetal/In3]
connect_bd_net [get_bd_pins xlconcat_BareMetal/In2] [get_bd_pins power_pulse_v1_AXI_0/intrpt_p]
disconnect_bd_net /power_pulse_v1_AXI_0_intrpt_p [get_bd_pins xlconcat_BareMetal/In4]
connect_bd_net [get_bd_pins xlconcat_BareMetal/In3] [get_bd_pins power_pulse_v1_AXI_0/intrpt_q]
disconnect_bd_net /power_pulse_v1_AXI_0_intrpt_q [get_bd_pins xlconcat_BareMetal/In5]
connect_bd_net [get_bd_pins xlconcat_BareMetal/In4] [get_bd_pins axi_uartlite_0/interrupt]
disconnect_bd_net /axi_uartlite_0_interrupt [get_bd_pins xlconcat_BareMetal/In6]
connect_bd_net [get_bd_pins xlconcat_BareMetal/In5] [get_bd_pins AC_8_channel_0/bm_syn_end]
disconnect_bd_net /AC_8_channel_0_bm_syn_end1 [get_bd_pins xlconcat_BareMetal/In7]
connect_bd_net [get_bd_pins xlconcat_BareMetal/In6] [get_bd_pins AC_8_channel_0/date_update]
disconnect_bd_net /AC_8_channel_0_date_update [get_bd_pins xlconcat_BareMetal/In8]
connect_bd_net [get_bd_pins xlconcat_BareMetal/In7] [get_bd_pins AC_8_channel_0/pps_in2cpu]
disconnect_bd_net /AC_8_channel_0_pps_in2cpu [get_bd_pins xlconcat_BareMetal/In9]
connect_bd_net [get_bd_pins xlconcat_BareMetal/In8] [get_bd_pins RTC_EEPROM/iic2intc_irpt]
disconnect_bd_net /RTC_EEPROM_iic2intc_irpt [get_bd_pins xlconcat_BareMetal/In10]
startgroup
set_property -dict [list CONFIG.NUM_PORTS {9}] [get_bd_cells xlconcat_BareMetal]
endgroup
save_bd_design
reset_run synth_1
launch_runs impl_1 -to_step write_bitstream -jobs 8
wait_on_run impl_1
write_hw_platform -fixed -include_bit -force -file C:/Users/saber/Desktop/share/DanDike_NewBoard/vitis1/system_wrapper.xsa
