#-----------------------------------------------------------
# Vivado v2020.2 (64-bit)
# SW Build 3064766 on Wed Nov 18 09:12:45 MST 2020
# IP Build 3064653 on Wed Nov 18 14:17:31 MST 2020
# Start of session at: Fri Nov 28 11:07:50 2025
# Process ID: 10368
# Current directory: C:/Users/saber/Desktop/share/DanDike_NewBoard
# Command line: vivado.exe -gui_launcher_event rodinguilauncherevent21856 C:\Users\saber\Desktop\share\DanDike_NewBoard\DanDike_NewBoard.xpr
# Log file: C:/Users/saber/Desktop/share/DanDike_NewBoard/vivado.log
# Journal file: C:/Users/saber/Desktop/share/DanDike_NewBoard\vivado.jou
#-----------------------------------------------------------
start_gui
open_project C:/Users/saber/Desktop/share/DanDike_NewBoard/DanDike_NewBoard.xpr
Scanning sources...
Finished scanning sources
INFO: [IP_Flow 19-234] Refreshing IP repositories
INFO: [IP_Flow 19-1700] Loaded user IP repository 'c:/Users/saber/Desktop/share/DanDike_NewBoard/ip_repo'.
INFO: [IP_Flow 19-1700] Loaded user IP repository 'c:/Users/saber/Desktop/share/DanDike_NewBoard/if'.
INFO: [IP_Flow 19-2313] Loaded Vivado IP repository 'E:/vivado/Vivado/2020.2/data/ip'.
open_project: Time (s): cpu = 00:00:20 ; elapsed = 00:00:13 . Memory (MB): peak = 1143.453 ; gain = 0.000
update_compile_order -fileset sources_1
open_bd_design {C:/Users/saber/Desktop/share/DanDike_NewBoard/DanDike_NewBoard.srcs/sources_1/bd/system/system.bd}
Reading block design file <C:/Users/saber/Desktop/share/DanDike_NewBoard/DanDike_NewBoard.srcs/sources_1/bd/system/system.bd>...
Adding component instance block -- xilinx.com:ip:processing_system7:5.5 - processing_system7_0
Adding component instance block -- xilinx.com:ip:proc_sys_reset:5.0 - rst_ps7_0_100M
Adding component instance block -- xilinx.com:ip:axi_interconnect:2.1 - ps7_0_axi_periph
Adding component instance block -- xilinx.com:ip:axi_crossbar:2.1 - xbar
Adding component instance block -- xilinx.com:ip:axi_crossbar:2.1 - tier2_xbar_0
Adding component instance block -- xilinx.com:ip:axi_crossbar:2.1 - tier2_xbar_1
Adding component instance block -- xilinx.com:ip:axi_crossbar:2.1 - tier2_xbar_2
Adding component instance block -- xilinx.com:ip:axi_protocol_converter:2.1 - auto_pc
Adding component instance block -- xilinx.com:ip:axi_protocol_converter:2.1 - auto_pc
Adding component instance block -- xilinx.com:ip:axi_protocol_converter:2.1 - auto_pc
Adding component instance block -- xilinx.com:ip:axi_protocol_converter:2.1 - auto_pc
Adding component instance block -- xilinx.com:ip:axi_protocol_converter:2.1 - auto_pc
Adding component instance block -- xilinx.com:ip:axi_protocol_converter:2.1 - auto_pc
Adding component instance block -- xilinx.com:ip:axi_protocol_converter:2.1 - auto_pc
Adding component instance block -- xilinx.com:ip:axi_protocol_converter:2.1 - auto_pc
Adding component instance block -- xilinx.com:ip:axi_protocol_converter:2.1 - auto_pc
Adding component instance block -- xilinx.com:ip:proc_sys_reset:5.0 - proc_sys_reset_0
Adding component instance block -- xilinx.com:ip:xlconcat:2.1 - xlconcat
Adding component instance block -- xilinx.com:ip:proc_sys_reset:5.0 - rst_ps7_0_142M
Adding component instance block -- xilinx.com:ip:axi_vdma:6.3 - axi_vdma_0
Adding component instance block -- xilinx.com:ip:axi_gpio:2.0 - axi_gpio_0
Adding component instance block -- xilinx.com:ip:v_axi4s_vid_out:4.0 - v_axi4s_vid_out_0
Adding component instance block -- xilinx.com:ip:v_tc:6.2 - v_tc_0
Adding component instance block -- xilinx.com:ip:clk_wiz:6.0 - clk_wiz_0
Adding component instance block -- digilentinc.com:IP:PWM:2.0 - PWM_0
Adding component instance block -- xilinx.com:ip:axi_interconnect:2.1 - axi_mem_intercon
Adding component instance block -- xilinx.com:ip:axi_protocol_converter:2.1 - auto_pc
Adding component instance block -- openedv.com:user:rgb2lcd:1.0 - rgb2lcd_0
Adding component instance block -- xilinx.com:ip:axi_gpio:2.0 - axi_gpio_0
Adding component instance block -- xilinx.com:ip:axi_uartlite:2.0 - axi_uartlite_0
Adding component instance block -- xilinx.com:ip:axi_iic:2.0 - axi_iic_0
Adding component instance block -- xilinx.com:ip:util_vector_logic:2.0 - util_vector_logic_0
Adding component instance block -- xilinx.com:user:coder:1.0 - coder_0
Adding component instance block -- xilinx.com:ip:util_vector_logic:2.0 - util_vector_logic_0
Adding component instance block -- xilinx.com:user:gmii2rgmii:1.0 - gmii2rgmii_0
Adding component instance block -- xilinx.com:ip:axi_bram_ctrl:4.1 - axi_bram_ctrl_0
Adding component instance block -- xilinx.com:user:dac_whole:1.0 - dac_whole_0
Adding component instance block -- xilinx.com:ip:axis_data_fifo:2.0 - axis_data_fifo_1
Adding component instance block -- xilinx.com:ip:axi_dma:7.1 - axi_dma_0
WARNING: [BD 41-1282] Ignoring parameter HAS_BURST
WARNING: [BD 41-1281] Parameter HAS_BURST is not defined on /AC_8_channel_0/adda/axi_dma_0/M_AXIS_MM2S. Setting parameter on /AC_8_channel_0/adda/axi_dma_0/M_AXIS_MM2S failed
Adding component instance block -- xilinx.com:ip:blk_mem_gen:8.4 - blk_mem_gen_0
Adding component instance block -- xilinx.com:user:adc_whole:2.0 - adc_whole_0
Adding component instance block -- xilinx.com:ip:smartconnect:1.0 - axi_smc
Adding component instance block -- xilinx.com:user:stimer_onoff_pa_rw:1.0 - stimer_onoff_pa_rw_A_0
Adding component instance block -- xilinx.com:ip:axi_iic:2.0 - axi_iic_0
Adding component instance block -- xilinx.com:user:power_pulse_v1_AXI:1.0 - power_pulse_v1_AXI_0
Adding component instance block -- xilinx.com:ip:axi_intc:4.1 - axi_intc_BareMetal
Adding component instance block -- xilinx.com:ip:xlconcat:2.1 - xlconcat_BareMetal
Successfully read diagram <system> from block design file <C:/Users/saber/Desktop/share/DanDike_NewBoard/DanDike_NewBoard.srcs/sources_1/bd/system/system.bd>
open_bd_design: Time (s): cpu = 00:00:14 ; elapsed = 00:00:11 . Memory (MB): peak = 1341.805 ; gain = 178.629
copy_bd_objs /  [get_bd_cells {AC_8_channel_0/adda/axi_bram_ctrl_0}]
INFO: [xilinx.com:ip:axi_bram_ctrl:4.1-2] system_axi_bram_ctrl_0_1: In IP Integrator, please note that memory depth value gets calculated based on the Data Width of the IP and Address range selected in the Address Editor.Incase a validation error occured on the range of this parameter, please check if the selected Data width and the Address Range are valid. For valid Data width and memory depth values, please refer to the AXI BRAM Controller Product Guide.
INFO: [xilinx.com:ip:axi_bram_ctrl:4.1-1] system_axi_bram_ctrl_0_1: In IP Integrator, The Maximum address range supported is 2G. Selecting the address range more than 2G in the address editor may resets the value of Memory depth to default value (1024). please refer to the AXI BRAM Controller Product Guide.
copy_bd_objs /  [get_bd_cells {AC_8_channel_0/adda/blk_mem_gen_0}]
set_property location {5 2462 427} [get_bd_cells blk_mem_gen_0]
connect_bd_intf_net [get_bd_intf_pins axi_bram_ctrl_0/BRAM_PORTA] [get_bd_intf_pins blk_mem_gen_0/BRAM_PORTA]
regenerate_bd_layout
copy_bd_objs /  [get_bd_cells {AC_8_channel_0/adda/axi_dma_0}]
WARNING: [BD 41-1282] Ignoring parameter HAS_BURST
WARNING: [BD 41-1281] Parameter HAS_BURST is not defined on /axi_dma_0/M_AXIS_MM2S. Setting parameter on /axi_dma_0/M_AXIS_MM2S failed
set_property location {2 494 3153} [get_bd_cells axi_dma_0]
INFO: [xilinx.com:ip:axi_dma:7.1-1] system_axi_dma_0_1: S2MM Channel Burst Length has been adapted (User value : 256; Adapted value : 64) to max possible allowed value.
set_property location {3 1078 3174} [get_bd_cells axi_bram_ctrl_0]
set_property location {3.5 1278 3176} [get_bd_cells blk_mem_gen_0]
INFO: [xilinx.com:ip:axi_bram_ctrl:4.1-2] system_axi_bram_ctrl_0_1: In IP Integrator, please note that memory depth value gets calculated based on the Data Width of the IP and Address range selected in the Address Editor.Incase a validation error occured on the range of this parameter, please check if the selected Data width and the Address Range are valid. For valid Data width and memory depth values, please refer to the AXI BRAM Controller Product Guide.
INFO: [xilinx.com:ip:axi_bram_ctrl:4.1-1] system_axi_bram_ctrl_0_1: In IP Integrator, The Maximum address range supported is 2G. Selecting the address range more than 2G in the address editor may resets the value of Memory depth to default value (1024). please refer to the AXI BRAM Controller Product Guide.
INFO: [xilinx.com:ip:axi_bram_ctrl:4.1-2] system_axi_bram_ctrl_0_1: In IP Integrator, please note that memory depth value gets calculated based on the Data Width of the IP and Address range selected in the Address Editor.Incase a validation error occured on the range of this parameter, please check if the selected Data width and the Address Range are valid. For valid Data width and memory depth values, please refer to the AXI BRAM Controller Product Guide.
INFO: [xilinx.com:ip:axi_bram_ctrl:4.1-1] system_axi_bram_ctrl_0_1: In IP Integrator, The Maximum address range supported is 2G. Selecting the address range more than 2G in the address editor may resets the value of Memory depth to default value (1024). please refer to the AXI BRAM Controller Product Guide.
startgroup
create_bd_cell -type ip -vlnv xilinx.com:ip:axis_switch:1.1 axis_switch_0
endgroup
set_property location {2.5 380 2880} [get_bd_cells axis_switch_0]
set_property location {3 350 3086} [get_bd_cells axis_switch_0]
startgroup
create_bd_cell -type ip -vlnv xilinx.com:ip:axi_cdma:4.1 axi_cdma_0
endgroup
set_property location {2.5 -9 2961} [get_bd_cells axi_cdma_0]
set_property location {4 257 2962} [get_bd_cells axi_cdma_0]
connect_bd_intf_net [get_bd_intf_pins axi_cdma_0/M_AXI] [get_bd_intf_pins axi_bram_ctrl_0/S_AXI]
startgroup
set_property -dict [list CONFIG.C_M_AXI_DATA_WIDTH {128} CONFIG.C_M_AXI_MAX_BURST_LEN {128} CONFIG.C_USE_DATAMOVER_LITE {0} CONFIG.C_INCLUDE_SG {0}] [get_bd_cells axi_cdma_0]
endgroup
delete_bd_objs [get_bd_cells axis_switch_0]
delete_bd_objs [get_bd_cells axi_dma_0]
delete_bd_objs [get_bd_intf_nets axi_bram_ctrl_0_BRAM_PORTA]
delete_bd_objs [get_bd_intf_nets axi_cdma_0_M_AXI]
move_bd_cells [get_bd_cells AC_8_channel_0/adda] [get_bd_cells blk_mem_gen_0]
move_bd_cells [get_bd_cells /] [get_bd_cells AC_8_channel_0/adda/blk_mem_gen_1]
move_bd_cells [get_bd_cells AC_8_channel_0/adda] [get_bd_cells blk_mem_gen_1]
move_bd_cells [get_bd_cells AC_8_channel_0/adda] [get_bd_cells axi_bram_ctrl_0]
move_bd_cells [get_bd_cells AC_8_channel_0/adda] [get_bd_cells axi_cdma_0]
connect_bd_intf_net [get_bd_intf_pins AC_8_channel_0/adda/axi_cdma_0/M_AXI] [get_bd_intf_pins AC_8_channel_0/adda/axi_bram_ctrl_1/S_AXI]
connect_bd_intf_net [get_bd_intf_pins AC_8_channel_0/adda/axi_bram_ctrl_1/BRAM_PORTA] [get_bd_intf_pins AC_8_channel_0/adda/blk_mem_gen_1/BRAM_PORTA]
regenerate_bd_layout
WARNING: [IP_Flow 19-4067] Ignoring invalid widget type specified checkbox.Providing a default widget
WARNING: [IP_Flow 19-4067] Ignoring invalid widget type specified checkbox.Providing a default widget
WARNING: [IP_Flow 19-4067] Ignoring invalid widget type specified checkbox.Providing a default widget
WARNING: [IP_Flow 19-4067] Ignoring invalid widget type specified checkbox.Providing a default widget
WARNING: [IP_Flow 19-4067] Ignoring invalid widget type specified checkbox.Providing a default widget
WARNING: [IP_Flow 19-4067] Ignoring invalid widget type specified checkbox.Providing a default widget
WARNING: [IP_Flow 19-4067] Ignoring invalid widget type specified checkbox.Providing a default widget
WARNING: [IP_Flow 19-4067] Ignoring invalid widget type specified checkbox.Providing a default widget
delete_bd_objs [get_bd_intf_nets AC_8_channel_0/adda/dac_whole_0_BRAM]
connect_bd_intf_net [get_bd_intf_pins AC_8_channel_0/adda/dac_whole_0/BRAM] [get_bd_intf_pins AC_8_channel_0/adda/blk_mem_gen_1/BRAM_PORTB]
connect_bd_net [get_bd_pins AC_8_channel_0/adda/s_axi_lite_aclk] [get_bd_pins AC_8_channel_0/adda/axi_bram_ctrl_1/s_axi_aclk]
connect_bd_net [get_bd_pins AC_8_channel_0/adda/s_axi_lite_aclk] [get_bd_pins AC_8_channel_0/adda/axi_cdma_0/m_axi_aclk]
connect_bd_net [get_bd_pins AC_8_channel_0/adda/s_axi_lite_aclk] [get_bd_pins AC_8_channel_0/adda/axi_cdma_0/s_axi_lite_aclk]
apply_bd_automation -rule xilinx.com:bd_rule:axi4 -config { Clk_master {/processing_system7_0/FCLK_CLK0 (100 MHz)} Clk_slave {/processing_system7_0/FCLK_CLK0 (100 MHz)} Clk_xbar {/processing_system7_0/FCLK_CLK0 (100 MHz)} Master {/processing_system7_0/M_AXI_GP0} Slave {/AC_8_channel_0/adda/axi_cdma_0/S_AXI_LITE} ddr_seg {Auto} intc_ip {/ps7_0_axi_periph} master_apm {0}}  [get_bd_intf_pins AC_8_channel_0/adda/axi_cdma_0/S_AXI_LITE]
Slave segment '/AC_8_channel_0/adda/axi_cdma_0/S_AXI_LITE/Reg' is being assigned into address space '/processing_system7_0/Data' at <0x7E20_0000 [ 64K ]>.
apply_bd_automation: Time (s): cpu = 00:00:06 ; elapsed = 00:00:06 . Memory (MB): peak = 1939.484 ; gain = 0.000
save_bd_design
Wrote  : <C:\Users\saber\Desktop\share\DanDike_NewBoard\DanDike_NewBoard.srcs\sources_1\bd\system\system.bd> 
Wrote  : <C:/Users/saber/Desktop/share/DanDike_NewBoard/DanDike_NewBoard.srcs/sources_1/bd/system/ui/bd_c954508f.ui> 
validate_bd_design
CRITICAL WARNING: [BD 41-1356] Slave segment </AC_8_channel_0/adda/axi_bram_ctrl_1/S_AXI/Mem0> is not assigned into address space </AC_8_channel_0/adda/axi_cdma_0/Data>. Please use Address Editor to either assign or exclude it.
INFO: [xilinx.com:ip:clk_wiz:6.0-1] /lcd/clk_wiz_0 clk_wiz propagate
WARNING: [xilinx.com:ip:axi_intc:4.1-7] /axi_intc_BareMetal: Interrupts type manual value (0xFFFFFFFF) does not match computed value (0xFFFFFFFC). Please review the manual value or consider using Auto instead.
INFO: [xilinx.com:ip:axi_vdma:6.3-16] /lcd/axi_vdma_0 
                    All clocks connected to AXI VDMA are not identical, therefore configuring AXI-VDMA in ASYNC mode.
ERROR: [BD 41-237] Bus Interface property DATA_WIDTH does not match between /AC_8_channel_0/adda/axi_bram_ctrl_1/S_AXI(32) and /AC_8_channel_0/adda/axi_cdma_0/M_AXI(128)
validate_bd_design: Time (s): cpu = 00:00:42 ; elapsed = 00:00:43 . Memory (MB): peak = 1995.746 ; gain = 56.262
ERROR: [Common 17-39] 'validate_bd_design' failed due to earlier errors.
startgroup
set_property -dict [list CONFIG.C_M_AXI_DATA_WIDTH {32} CONFIG.C_M_AXI_MAX_BURST_LEN {32}] [get_bd_cells AC_8_channel_0/adda/axi_cdma_0]
endgroup
INFO: [xilinx.com:ip:axi_bram_ctrl:4.1-2] system_axi_bram_ctrl_0_1: In IP Integrator, please note that memory depth value gets calculated based on the Data Width of the IP and Address range selected in the Address Editor.Incase a validation error occured on the range of this parameter, please check if the selected Data width and the Address Range are valid. For valid Data width and memory depth values, please refer to the AXI BRAM Controller Product Guide.
INFO: [xilinx.com:ip:axi_bram_ctrl:4.1-1] system_axi_bram_ctrl_0_1: In IP Integrator, The Maximum address range supported is 2G. Selecting the address range more than 2G in the address editor may resets the value of Memory depth to default value (1024). please refer to the AXI BRAM Controller Product Guide.
startgroup
set_property -dict [list CONFIG.DATA_WIDTH {128} CONFIG.ECC_TYPE {0}] [get_bd_cells AC_8_channel_0/adda/axi_bram_ctrl_1]
INFO: [xilinx.com:ip:axi_bram_ctrl:4.1-2] system_axi_bram_ctrl_0_1: In IP Integrator, please note that memory depth value gets calculated based on the Data Width of the IP and Address range selected in the Address Editor.Incase a validation error occured on the range of this parameter, please check if the selected Data width and the Address Range are valid. For valid Data width and memory depth values, please refer to the AXI BRAM Controller Product Guide.
INFO: [xilinx.com:ip:axi_bram_ctrl:4.1-1] system_axi_bram_ctrl_0_1: In IP Integrator, The Maximum address range supported is 2G. Selecting the address range more than 2G in the address editor may resets the value of Memory depth to default value (1024). please refer to the AXI BRAM Controller Product Guide.
endgroup
WARNING: [IP_Flow 19-4067] Ignoring invalid widget type specified checkbox.Providing a default widget
WARNING: [IP_Flow 19-4067] Ignoring invalid widget type specified checkbox.Providing a default widget
startgroup
set_property -dict [list CONFIG.C_M_AXI_DATA_WIDTH {32} CONFIG.C_M_AXI_MAX_BURST_LEN {16} CONFIG.C_INCLUDE_DRE {1}] [get_bd_cells AC_8_channel_0/adda/axi_cdma_0]
endgroup
WARNING: [IP_Flow 19-4067] Ignoring invalid widget type specified checkbox.Providing a default widget
WARNING: [IP_Flow 19-4067] Ignoring invalid widget type specified checkbox.Providing a default widget
validate_bd_design
CRITICAL WARNING: [BD 41-1356] Slave segment </AC_8_channel_0/adda/axi_bram_ctrl_1/S_AXI/Mem0> is not assigned into address space </AC_8_channel_0/adda/axi_cdma_0/Data>. Please use Address Editor to either assign or exclude it.
INFO: [xilinx.com:ip:clk_wiz:6.0-1] /lcd/clk_wiz_0 clk_wiz propagate
WARNING: [xilinx.com:ip:axi_intc:4.1-7] /axi_intc_BareMetal: Interrupts type manual value (0xFFFFFFFF) does not match computed value (0xFFFFFFFC). Please review the manual value or consider using Auto instead.
INFO: [xilinx.com:ip:axi_vdma:6.3-16] /lcd/axi_vdma_0 
                    All clocks connected to AXI VDMA are not identical, therefore configuring AXI-VDMA in ASYNC mode.
ERROR: [BD 41-237] Bus Interface property DATA_WIDTH does not match between /AC_8_channel_0/adda/axi_bram_ctrl_1/S_AXI(128) and /AC_8_channel_0/adda/axi_cdma_0/M_AXI(32)
validate_bd_design: Time (s): cpu = 00:00:35 ; elapsed = 00:00:37 . Memory (MB): peak = 2101.367 ; gain = 0.000
ERROR: [Common 17-39] 'validate_bd_design' failed due to earlier errors.
startgroup
set_property -dict [list CONFIG.C_M_AXI_DATA_WIDTH {128} CONFIG.C_M_AXI_MAX_BURST_LEN {256}] [get_bd_cells AC_8_channel_0/adda/axi_cdma_0]
endgroup
validate_bd_design
CRITICAL WARNING: [BD 41-1356] Slave segment </AC_8_channel_0/adda/axi_bram_ctrl_1/S_AXI/Mem0> is not assigned into address space </AC_8_channel_0/adda/axi_cdma_0/Data>. Please use Address Editor to either assign or exclude it.
INFO: [xilinx.com:ip:clk_wiz:6.0-1] /lcd/clk_wiz_0 clk_wiz propagate
WARNING: [xilinx.com:ip:axi_intc:4.1-7] /axi_intc_BareMetal: Interrupts type manual value (0xFFFFFFFF) does not match computed value (0xFFFFFFFC). Please review the manual value or consider using Auto instead.
INFO: [xilinx.com:ip:axi_vdma:6.3-16] /lcd/axi_vdma_0 
                    All clocks connected to AXI VDMA are not identical, therefore configuring AXI-VDMA in ASYNC mode.
CRITICAL WARNING: [BD 41-759] The input pins (listed below) are either not connected or do not have a source port, and they don't have a tie-off specified. These pins are tied-off to all 0's to avoid error in Implementation flow.
Please check your design and connect them as needed: 
/AC_8_channel_0/adda/axi_bram_ctrl_1/s_axi_aresetn

validate_bd_design: Time (s): cpu = 00:00:31 ; elapsed = 00:00:34 . Memory (MB): peak = 2155.309 ; gain = 0.000
WARNING: [IP_Flow 19-4067] Ignoring invalid widget type specified checkbox.Providing a default widget
WARNING: [IP_Flow 19-4067] Ignoring invalid widget type specified checkbox.Providing a default widget
WARNING: [IP_Flow 19-4067] Ignoring invalid widget type specified checkbox.Providing a default widget
WARNING: [IP_Flow 19-4067] Ignoring invalid widget type specified checkbox.Providing a default widget
startgroup
endgroup
WARNING: [IP_Flow 19-4067] Ignoring invalid widget type specified checkbox.Providing a default widget
WARNING: [IP_Flow 19-4067] Ignoring invalid widget type specified checkbox.Providing a default widget
save_bd_design
Wrote  : <C:\Users\saber\Desktop\share\DanDike_NewBoard\DanDike_NewBoard.srcs\sources_1\bd\system\system.bd> 
Wrote  : <C:/Users/saber/Desktop/share/DanDike_NewBoard/DanDike_NewBoard.srcs/sources_1/bd/system/ui/bd_c954508f.ui> 
assign_bd_address
Slave segment '/AC_8_channel_0/adda/axi_bram_ctrl_1/S_AXI/Mem0' is being assigned into address space '/AC_8_channel_0/adda/axi_cdma_0/Data' at <0xC000_0000 [ 16K ]>.
startgroup
set_property -dict [list CONFIG.NUM_PORTS {11}] [get_bd_cells xlconcat_BareMetal]
endgroup
connect_bd_net [get_bd_pins AC_8_channel_0/adda/axi_cdma_0/cdma_introut] [get_bd_pins xlconcat_BareMetal/In10]
regenerate_bd_layout
validate_bd_design
INFO: [xilinx.com:ip:clk_wiz:6.0-1] /lcd/clk_wiz_0 clk_wiz propagate
WARNING: [xilinx.com:ip:axi_intc:4.1-7] /axi_intc_BareMetal: Interrupts type manual value (0xFFFFFFFF) does not match computed value (0xFFFFFBFC). Please review the manual value or consider using Auto instead.
INFO: [xilinx.com:ip:axi_vdma:6.3-16] /lcd/axi_vdma_0 
                    All clocks connected to AXI VDMA are not identical, therefore configuring AXI-VDMA in ASYNC mode.
CRITICAL WARNING: [BD 41-759] The input pins (listed below) are either not connected or do not have a source port, and they don't have a tie-off specified. These pins are tied-off to all 0's to avoid error in Implementation flow.
Please check your design and connect them as needed: 
/AC_8_channel_0/adda/axi_bram_ctrl_1/s_axi_aresetn

validate_bd_design: Time (s): cpu = 00:00:34 ; elapsed = 00:00:36 . Memory (MB): peak = 2229.238 ; gain = 0.000
connect_bd_net [get_bd_pins AC_8_channel_0/adda/S_AXI_ARESETN] [get_bd_pins AC_8_channel_0/adda/axi_bram_ctrl_1/s_axi_aresetn]
save_bd_design
Wrote  : <C:\Users\saber\Desktop\share\DanDike_NewBoard\DanDike_NewBoard.srcs\sources_1\bd\system\system.bd> 
Wrote  : <C:/Users/saber/Desktop/share/DanDike_NewBoard/DanDike_NewBoard.srcs/sources_1/bd/system/ui/bd_c954508f.ui> 
validate_bd_design
INFO: [xilinx.com:ip:clk_wiz:6.0-1] /lcd/clk_wiz_0 clk_wiz propagate
WARNING: [xilinx.com:ip:axi_intc:4.1-7] /axi_intc_BareMetal: Interrupts type manual value (0xFFFFFFFF) does not match computed value (0xFFFFFBFC). Please review the manual value or consider using Auto instead.
INFO: [xilinx.com:ip:axi_vdma:6.3-16] /lcd/axi_vdma_0 
                    All clocks connected to AXI VDMA are not identical, therefore configuring AXI-VDMA in ASYNC mode.
validate_bd_design: Time (s): cpu = 00:00:42 ; elapsed = 00:00:46 . Memory (MB): peak = 2233.527 ; gain = 4.289
save_bd_design
Wrote  : <C:\Users\saber\Desktop\share\DanDike_NewBoard\DanDike_NewBoard.srcs\sources_1\bd\system\system.bd> 
reset_run synth_1
launch_runs impl_1 -to_step write_bitstream -jobs 8
INFO: [BD 41-1662] The design 'system.bd' is already validated. Therefore parameter propagation will not be re-run.
Wrote  : <C:/Users/saber/Desktop/share/DanDike_NewBoard/DanDike_NewBoard.srcs/sources_1/bd/system/ui/bd_c954508f.ui> 
WARNING: [BD 41-2384] Width mismatch when connecting pin: '/AC_8_channel_0/adda/blk_mem_gen_0/addra'(32) to pin: '/AC_8_channel_0/adda/axi_bram_ctrl_0/bram_addr_a'(14) - Only lower order bits will be connected.
WARNING: [BD 41-2384] Width mismatch when connecting pin: '/AC_8_channel_0/adda/blk_mem_gen_1/addra'(32) to pin: '/AC_8_channel_0/adda/axi_bram_ctrl_1/bram_addr_a'(14) - Only lower order bits will be connected.
VHDL Output written to : C:/Users/saber/Desktop/share/DanDike_NewBoard/DanDike_NewBoard.srcs/sources_1/bd/system/synth/system.v
WARNING: [BD 41-2384] Width mismatch when connecting pin: '/AC_8_channel_0/adda/blk_mem_gen_0/addra'(32) to pin: '/AC_8_channel_0/adda/axi_bram_ctrl_0/bram_addr_a'(14) - Only lower order bits will be connected.
WARNING: [BD 41-2384] Width mismatch when connecting pin: '/AC_8_channel_0/adda/blk_mem_gen_1/addra'(32) to pin: '/AC_8_channel_0/adda/axi_bram_ctrl_1/bram_addr_a'(14) - Only lower order bits will be connected.
VHDL Output written to : C:/Users/saber/Desktop/share/DanDike_NewBoard/DanDike_NewBoard.srcs/sources_1/bd/system/sim/system.v
VHDL Output written to : C:/Users/saber/Desktop/share/DanDike_NewBoard/DanDike_NewBoard.srcs/sources_1/bd/system/hdl/system_wrapper.v
INFO: [BD 41-1029] Generation completed for the IP Integrator block ps7_0_axi_periph/xbar .
Exporting to file c:/Users/saber/Desktop/share/DanDike_NewBoard/DanDike_NewBoard.srcs/sources_1/bd/system/ip/system_axi_smc_0_1/bd_0/hw_handoff/system_axi_smc_0.hwh
Generated Block Design Tcl file c:/Users/saber/Desktop/share/DanDike_NewBoard/DanDike_NewBoard.srcs/sources_1/bd/system/ip/system_axi_smc_0_1/bd_0/hw_handoff/system_axi_smc_0_bd.tcl
Generated Hardware Definition File c:/Users/saber/Desktop/share/DanDike_NewBoard/DanDike_NewBoard.srcs/sources_1/bd/system/ip/system_axi_smc_0_1/bd_0/synth/system_axi_smc_0.hwdef
INFO: [BD 41-1029] Generation completed for the IP Integrator block axi_intc_BareMetal .
INFO: [BD 41-1029] Generation completed for the IP Integrator block xlconcat_BareMetal .
INFO: [BD 41-1029] Generation completed for the IP Integrator block AC_8_channel_0/adda/blk_mem_gen_1 .
INFO: [BD 41-1029] Generation completed for the IP Integrator block AC_8_channel_0/adda/axi_bram_ctrl_1 .
INFO: [BD 41-1029] Generation completed for the IP Integrator block AC_8_channel_0/adda/axi_cdma_0 .
INFO: [BD 41-1029] Generation completed for the IP Integrator block ps7_0_axi_periph/tier2_xbar_0 .
INFO: [BD 41-1029] Generation completed for the IP Integrator block ps7_0_axi_periph/tier2_xbar_1 .
INFO: [BD 41-1029] Generation completed for the IP Integrator block ps7_0_axi_periph/tier2_xbar_2 .
INFO: [BD 41-1029] Generation completed for the IP Integrator block ps7_0_axi_periph/i00_couplers/auto_pc .
INFO: [BD 41-1029] Generation completed for the IP Integrator block ps7_0_axi_periph/i02_couplers/auto_pc .
INFO: [BD 41-1029] Generation completed for the IP Integrator block ps7_0_axi_periph/s00_couplers/auto_pc .
INFO: [BD 41-1029] Generation completed for the IP Integrator block ps7_0_axi_periph/m09_couplers/auto_pc .
INFO: [BD 41-1029] Generation completed for the IP Integrator block ps7_0_axi_periph/m10_couplers/auto_pc .
INFO: [BD 41-1029] Generation completed for the IP Integrator block ps7_0_axi_periph/m11_couplers/auto_pc .
INFO: [BD 41-1029] Generation completed for the IP Integrator block ps7_0_axi_periph/m12_couplers/auto_pc .
INFO: [BD 41-1029] Generation completed for the IP Integrator block ps7_0_axi_periph/m13_couplers/auto_pc .
INFO: [BD 41-1029] Generation completed for the IP Integrator block ps7_0_axi_periph/m14_couplers/auto_pc .
INFO: [BD 41-1029] Generation completed for the IP Integrator block ps7_0_axi_periph/m15_couplers/auto_pc .
INFO: [BD 41-1029] Generation completed for the IP Integrator block lcd/axi_mem_intercon/s00_couplers/auto_pc .
Exporting to file C:/Users/saber/Desktop/share/DanDike_NewBoard/DanDike_NewBoard.srcs/sources_1/bd/system/hw_handoff/system.hwh
Generated Block Design Tcl file C:/Users/saber/Desktop/share/DanDike_NewBoard/DanDike_NewBoard.srcs/sources_1/bd/system/hw_handoff/system_bd.tcl
Generated Hardware Definition File C:/Users/saber/Desktop/share/DanDike_NewBoard/DanDike_NewBoard.srcs/sources_1/bd/system/synth/system.hwdef
[Sat Nov 29 10:34:59 2025] Launched synth_1...
Run output will be captured here: C:/Users/saber/Desktop/share/DanDike_NewBoard/DanDike_NewBoard.runs/synth_1/runme.log
[Sat Nov 29 10:34:59 2025] Launched impl_1...
Run output will be captured here: C:/Users/saber/Desktop/share/DanDike_NewBoard/DanDike_NewBoard.runs/impl_1/runme.log
launch_runs: Time (s): cpu = 00:00:13 ; elapsed = 00:00:31 . Memory (MB): peak = 2542.508 ; gain = 255.516
write_hw_platform -fixed -include_bit -force -file C:/Users/saber/Desktop/share/DanDike_NewBoard/vitis1/system_wrapper.xsa
INFO: [Vivado 12-4895] Creating Hardware Platform: C:/Users/saber/Desktop/share/DanDike_NewBoard/vitis1/system_wrapper.xsa ...
INFO: [Hsi 55-2053] elapsed time for repository (E:/vivado/Vivado/2020.2/data\embeddedsw) loading 2 seconds
INFO: [Vivado 12-12467] The Hardware Platform can be used for Hardware
INFO: [Vivado 12-4896] Successfully created Hardware Platform: C:/Users/saber/Desktop/share/DanDike_NewBoard/vitis1/system_wrapper.xsa
write_hw_platform: Time (s): cpu = 00:00:06 ; elapsed = 00:00:09 . Memory (MB): peak = 2782.449 ; gain = 212.344
INFO: [Coretcl 2-12] '/AC_8_channel_0/adda/axi_bram_ctrl_1/S_AXI' selected.
INFO: [Coretcl 2-12] '/AC_8_channel_0/adda/axi_bram_ctrl_0/S_AXI' selected.
INFO: [Coretcl 2-12] '/processing_system7_0/M_AXI_GP0' selected.
INFO: [Coretcl 2-12] '/processing_system7_0' selected.
INFO: [Coretcl 2-12] '/lcd/axi_vdma_0/M_AXI_MM2S' selected.
INFO: [Coretcl 2-12] '/lcd/axi_vdma_0' selected.
INFO: [Coretcl 2-12] '/AC_8_channel_0/adda/axi_dma_0/M_AXI_S2MM' selected.
INFO: [Coretcl 2-12] '/AC_8_channel_0/adda/axi_dma_0/M_AXI_MM2S' selected.
WARNING: [IP_Flow 19-4067] Ignoring invalid widget type specified checkbox.Providing a default widget
WARNING: [IP_Flow 19-4067] Ignoring invalid widget type specified checkbox.Providing a default widget
WARNING: [IP_Flow 19-4067] Ignoring invalid widget type specified checkbox.Providing a default widget
WARNING: [IP_Flow 19-4067] Ignoring invalid widget type specified checkbox.Providing a default widget
WARNING: [IP_Flow 19-4067] Ignoring invalid widget type specified checkbox.Providing a default widget
WARNING: [IP_Flow 19-4067] Ignoring invalid widget type specified checkbox.Providing a default widget
regenerate_bd_layout
WARNING: [IP_Flow 19-4067] Ignoring invalid widget type specified checkbox.Providing a default widget
WARNING: [IP_Flow 19-4067] Ignoring invalid widget type specified checkbox.Providing a default widget
WARNING: [IP_Flow 19-4067] Ignoring invalid widget type specified checkbox.Providing a default widget
WARNING: [IP_Flow 19-4067] Ignoring invalid widget type specified checkbox.Providing a default widget
WARNING: [IP_Flow 19-4067] Ignoring invalid widget type specified checkbox.Providing a default widget
WARNING: [IP_Flow 19-4067] Ignoring invalid widget type specified checkbox.Providing a default widget
WARNING: [IP_Flow 19-4067] Ignoring invalid widget type specified checkbox.Providing a default widget
WARNING: [IP_Flow 19-4067] Ignoring invalid widget type specified checkbox.Providing a default widget
WARNING: [IP_Flow 19-4067] Ignoring invalid widget type specified checkbox.Providing a default widget
WARNING: [IP_Flow 19-4067] Ignoring invalid widget type specified checkbox.Providing a default widget
INFO: [Coretcl 2-12] '/AC_8_channel_0/adda/axi_bram_ctrl_0/S_AXI' selected.
INFO: [Coretcl 2-12] '/AC_8_channel_0/adda/axi_bram_ctrl_1/S_AXI' selected.
INFO: [Coretcl 2-12] '/AC_8_channel_0/adda/axi_bram_ctrl_0/S_AXI' selected.
INFO: [Coretcl 2-12] '/AC_8_channel_0/adda/axi_bram_ctrl_1/S_AXI' selected.
INFO: [Coretcl 2-12] '/AC_8_channel_0/adda/axi_bram_ctrl_1/S_AXI' selected.
INFO: [Coretcl 2-12] '/AC_8_channel_0/adda/axi_bram_ctrl_1/S_AXI' selected.
INFO: [Coretcl 2-12] '/AC_8_channel_0/adda/axi_bram_ctrl_1/S_AXI' selected.
INFO: [Coretcl 2-12] '/AC_8_channel_0/adda/axi_bram_ctrl_1/S_AXI' selected.
delete_bd_objs [get_bd_intf_nets AC_8_channel_0/adda/axi_cdma_0_M_AXI] [get_bd_intf_nets AC_8_channel_0/adda/axi_bram_ctrl_1_BRAM_PORTA] [get_bd_cells AC_8_channel_0/adda/axi_bram_ctrl_1]
startgroup
create_bd_cell -type ip -vlnv xilinx.com:ip:axi_bram_ctrl:4.1 axi_bram_ctrl_0
INFO: [xilinx.com:ip:axi_bram_ctrl:4.1-2] system_axi_bram_ctrl_0_2: In IP Integrator, please note that memory depth value gets calculated based on the Data Width of the IP and Address range selected in the Address Editor.Incase a validation error occured on the range of this parameter, please check if the selected Data width and the Address Range are valid. For valid Data width and memory depth values, please refer to the AXI BRAM Controller Product Guide.
INFO: [xilinx.com:ip:axi_bram_ctrl:4.1-1] system_axi_bram_ctrl_0_2: In IP Integrator, The Maximum address range supported is 2G. Selecting the address range more than 2G in the address editor may resets the value of Memory depth to default value (1024). please refer to the AXI BRAM Controller Product Guide.
endgroup
move_bd_cells [get_bd_cells AC_8_channel_0/adda] [get_bd_cells axi_bram_ctrl_0]
INFO: [xilinx.com:ip:axi_bram_ctrl:4.1-2] system_axi_bram_ctrl_0_2: In IP Integrator, please note that memory depth value gets calculated based on the Data Width of the IP and Address range selected in the Address Editor.Incase a validation error occured on the range of this parameter, please check if the selected Data width and the Address Range are valid. For valid Data width and memory depth values, please refer to the AXI BRAM Controller Product Guide.
INFO: [xilinx.com:ip:axi_bram_ctrl:4.1-1] system_axi_bram_ctrl_0_2: In IP Integrator, The Maximum address range supported is 2G. Selecting the address range more than 2G in the address editor may resets the value of Memory depth to default value (1024). please refer to the AXI BRAM Controller Product Guide.
set_property -dict [list CONFIG.DATA_WIDTH {128} CONFIG.SINGLE_PORT_BRAM {1} CONFIG.ECC_TYPE {0}] [get_bd_cells AC_8_channel_0/adda/axi_bram_ctrl_1]
INFO: [xilinx.com:ip:axi_bram_ctrl:4.1-2] system_axi_bram_ctrl_0_2: In IP Integrator, please note that memory depth value gets calculated based on the Data Width of the IP and Address range selected in the Address Editor.Incase a validation error occured on the range of this parameter, please check if the selected Data width and the Address Range are valid. For valid Data width and memory depth values, please refer to the AXI BRAM Controller Product Guide.
INFO: [xilinx.com:ip:axi_bram_ctrl:4.1-1] system_axi_bram_ctrl_0_2: In IP Integrator, The Maximum address range supported is 2G. Selecting the address range more than 2G in the address editor may resets the value of Memory depth to default value (1024). please refer to the AXI BRAM Controller Product Guide.
connect_bd_intf_net [get_bd_intf_pins AC_8_channel_0/adda/axi_bram_ctrl_1/S_AXI] [get_bd_intf_pins AC_8_channel_0/adda/axi_cdma_0/M_AXI]
connect_bd_net [get_bd_pins AC_8_channel_0/adda/s_axi_lite_aclk] [get_bd_pins AC_8_channel_0/adda/axi_bram_ctrl_1/s_axi_aclk]
connect_bd_net [get_bd_pins AC_8_channel_0/adda/S_AXI_ARESETN] [get_bd_pins AC_8_channel_0/adda/axi_bram_ctrl_1/s_axi_aresetn]
delete_bd_objs [get_bd_intf_nets AC_8_channel_0/adda/dac_whole_0_BRAM] [get_bd_cells AC_8_channel_0/adda/blk_mem_gen_1]
startgroup
create_bd_cell -type ip -vlnv xilinx.com:ip:blk_mem_gen:8.4 blk_mem_gen_0
endgroup
move_bd_cells [get_bd_cells AC_8_channel_0/adda] [get_bd_cells blk_mem_gen_0]
WARNING: [IP_Flow 19-4067] Ignoring invalid widget type specified checkbox.Providing a default widget
WARNING: [IP_Flow 19-4067] Ignoring invalid widget type specified checkbox.Providing a default widget
set_property -dict [list CONFIG.Memory_Type {True_Dual_Port_RAM} CONFIG.Enable_B {Use_ENB_Pin} CONFIG.Use_RSTB_Pin {true} CONFIG.Port_B_Clock {100} CONFIG.Port_B_Write_Rate {50} CONFIG.Port_B_Enable_Rate {100} CONFIG.EN_SAFETY_CKT {false}] [get_bd_cells AC_8_channel_0/adda/blk_mem_gen_1]
connect_bd_intf_net [get_bd_intf_pins AC_8_channel_0/adda/axi_bram_ctrl_1/BRAM_PORTA] [get_bd_intf_pins AC_8_channel_0/adda/blk_mem_gen_1/BRAM_PORTA]
connect_bd_intf_net [get_bd_intf_pins AC_8_channel_0/adda/blk_mem_gen_1/BRAM_PORTB] [get_bd_intf_pins AC_8_channel_0/adda/dac_whole_0/BRAM]
assign_bd_address -target_address_space /AC_8_channel_0/adda/axi_cdma_0/Data [get_bd_addr_segs AC_8_channel_0/adda/axi_bram_ctrl_1/S_AXI/Mem0] -force
Slave segment '/AC_8_channel_0/adda/axi_bram_ctrl_1/S_AXI/Mem0' is being assigned into address space '/AC_8_channel_0/adda/axi_cdma_0/Data' at <0xC000_0000 [ 16K ]>.
save_bd_design
Wrote  : <C:\Users\saber\Desktop\share\DanDike_NewBoard\DanDike_NewBoard.srcs\sources_1\bd\system\system.bd> 
Wrote  : <C:/Users/saber/Desktop/share/DanDike_NewBoard/DanDike_NewBoard.srcs/sources_1/bd/system/ui/bd_c954508f.ui> 
regenerate_bd_layout
validate_bd_design
INFO: [Common 17-365] Interrupt caught but 'validate_bd_design' cannot be canceled. Please wait for command to finish.
WARNING: [BD 41-2180] Resetting the memory initialization file of </AC_8_channel_0/adda/blk_mem_gen_1> to default.
INFO: [xilinx.com:ip:clk_wiz:6.0-1] /lcd/clk_wiz_0 clk_wiz propagate
WARNING: [xilinx.com:ip:axi_intc:4.1-7] /axi_intc_BareMetal: Interrupts type manual value (0xFFFFFFFF) does not match computed value (0xFFFFFBFC). Please review the manual value or consider using Auto instead.
INFO: [xilinx.com:ip:axi_vdma:6.3-16] /lcd/axi_vdma_0 
                    All clocks connected to AXI VDMA are not identical, therefore configuring AXI-VDMA in ASYNC mode.
validate_bd_design: Time (s): cpu = 00:00:38 ; elapsed = 00:00:51 . Memory (MB): peak = 2931.508 ; gain = 0.000
INFO: [Common 17-681] Processing pending cancel.
WARNING: [IP_Flow 19-4067] Ignoring invalid widget type specified checkbox.Providing a default widget
WARNING: [IP_Flow 19-4067] Ignoring invalid widget type specified checkbox.Providing a default widget
WARNING: [IP_Flow 19-4067] Ignoring invalid widget type specified checkbox.Providing a default widget
WARNING: [IP_Flow 19-4067] Ignoring invalid widget type specified checkbox.Providing a default widget
save_bd_design
Wrote  : <C:\Users\saber\Desktop\share\DanDike_NewBoard\DanDike_NewBoard.srcs\sources_1\bd\system\system.bd> 
Wrote  : <C:/Users/saber/Desktop/share/DanDike_NewBoard/DanDike_NewBoard.srcs/sources_1/bd/system/ui/bd_c954508f.ui> 
reset_run synth_1
launch_runs impl_1 -to_step write_bitstream -jobs 8
INFO: [BD 41-1662] The design 'system.bd' is already validated. Therefore parameter propagation will not be re-run.
Wrote  : <C:/Users/saber/Desktop/share/DanDike_NewBoard/DanDike_NewBoard.srcs/sources_1/bd/system/ui/bd_c954508f.ui> 
WARNING: [BD 41-2384] Width mismatch when connecting pin: '/AC_8_channel_0/adda/blk_mem_gen_0/addra'(32) to pin: '/AC_8_channel_0/adda/axi_bram_ctrl_0/bram_addr_a'(14) - Only lower order bits will be connected.
WARNING: [BD 41-2384] Width mismatch when connecting pin: '/AC_8_channel_0/adda/blk_mem_gen_1/addra'(32) to pin: '/AC_8_channel_0/adda/axi_bram_ctrl_1/bram_addr_a'(14) - Only lower order bits will be connected.
VHDL Output written to : C:/Users/saber/Desktop/share/DanDike_NewBoard/DanDike_NewBoard.srcs/sources_1/bd/system/synth/system.v
WARNING: [BD 41-2384] Width mismatch when connecting pin: '/AC_8_channel_0/adda/blk_mem_gen_0/addra'(32) to pin: '/AC_8_channel_0/adda/axi_bram_ctrl_0/bram_addr_a'(14) - Only lower order bits will be connected.
WARNING: [BD 41-2384] Width mismatch when connecting pin: '/AC_8_channel_0/adda/blk_mem_gen_1/addra'(32) to pin: '/AC_8_channel_0/adda/axi_bram_ctrl_1/bram_addr_a'(14) - Only lower order bits will be connected.
VHDL Output written to : C:/Users/saber/Desktop/share/DanDike_NewBoard/DanDike_NewBoard.srcs/sources_1/bd/system/sim/system.v
VHDL Output written to : C:/Users/saber/Desktop/share/DanDike_NewBoard/DanDike_NewBoard.srcs/sources_1/bd/system/hdl/system_wrapper.v
Exporting to file c:/Users/saber/Desktop/share/DanDike_NewBoard/DanDike_NewBoard.srcs/sources_1/bd/system/ip/system_axi_smc_0_1/bd_0/hw_handoff/system_axi_smc_0.hwh
Generated Block Design Tcl file c:/Users/saber/Desktop/share/DanDike_NewBoard/DanDike_NewBoard.srcs/sources_1/bd/system/ip/system_axi_smc_0_1/bd_0/hw_handoff/system_axi_smc_0_bd.tcl
Generated Hardware Definition File c:/Users/saber/Desktop/share/DanDike_NewBoard/DanDike_NewBoard.srcs/sources_1/bd/system/ip/system_axi_smc_0_1/bd_0/synth/system_axi_smc_0.hwdef
INFO: [BD 41-1029] Generation completed for the IP Integrator block AC_8_channel_0/adda/axi_bram_ctrl_1 .
INFO: [BD 41-1029] Generation completed for the IP Integrator block AC_8_channel_0/adda/blk_mem_gen_1 .
INFO: [BD 41-1029] Generation completed for the IP Integrator block ps7_0_axi_periph/tier2_xbar_0 .
INFO: [BD 41-1029] Generation completed for the IP Integrator block ps7_0_axi_periph/tier2_xbar_1 .
INFO: [BD 41-1029] Generation completed for the IP Integrator block ps7_0_axi_periph/tier2_xbar_2 .
INFO: [BD 41-1029] Generation completed for the IP Integrator block ps7_0_axi_periph/i00_couplers/auto_pc .
INFO: [BD 41-1029] Generation completed for the IP Integrator block ps7_0_axi_periph/i02_couplers/auto_pc .
INFO: [BD 41-1029] Generation completed for the IP Integrator block ps7_0_axi_periph/s00_couplers/auto_pc .
INFO: [BD 41-1029] Generation completed for the IP Integrator block ps7_0_axi_periph/m09_couplers/auto_pc .
INFO: [BD 41-1029] Generation completed for the IP Integrator block ps7_0_axi_periph/m10_couplers/auto_pc .
INFO: [BD 41-1029] Generation completed for the IP Integrator block ps7_0_axi_periph/m11_couplers/auto_pc .
INFO: [BD 41-1029] Generation completed for the IP Integrator block ps7_0_axi_periph/m12_couplers/auto_pc .
INFO: [BD 41-1029] Generation completed for the IP Integrator block ps7_0_axi_periph/m13_couplers/auto_pc .
INFO: [BD 41-1029] Generation completed for the IP Integrator block ps7_0_axi_periph/m14_couplers/auto_pc .
INFO: [BD 41-1029] Generation completed for the IP Integrator block ps7_0_axi_periph/m15_couplers/auto_pc .
INFO: [BD 41-1029] Generation completed for the IP Integrator block lcd/axi_mem_intercon/s00_couplers/auto_pc .
Exporting to file C:/Users/saber/Desktop/share/DanDike_NewBoard/DanDike_NewBoard.srcs/sources_1/bd/system/hw_handoff/system.hwh
Generated Block Design Tcl file C:/Users/saber/Desktop/share/DanDike_NewBoard/DanDike_NewBoard.srcs/sources_1/bd/system/hw_handoff/system_bd.tcl
Generated Hardware Definition File C:/Users/saber/Desktop/share/DanDike_NewBoard/DanDike_NewBoard.srcs/sources_1/bd/system/synth/system.hwdef
[Sat Nov 29 20:00:10 2025] Launched synth_1...
Run output will be captured here: C:/Users/saber/Desktop/share/DanDike_NewBoard/DanDike_NewBoard.runs/synth_1/runme.log
[Sat Nov 29 20:00:10 2025] Launched impl_1...
Run output will be captured here: C:/Users/saber/Desktop/share/DanDike_NewBoard/DanDike_NewBoard.runs/impl_1/runme.log
launch_runs: Time (s): cpu = 00:00:08 ; elapsed = 00:00:17 . Memory (MB): peak = 2931.508 ; gain = 0.000
write_hw_platform -fixed -include_bit -force -file C:/Users/saber/Desktop/share/DanDike_NewBoard/vitis1/system_wrapper.xsa
INFO: [Vivado 12-4895] Creating Hardware Platform: C:/Users/saber/Desktop/share/DanDike_NewBoard/vitis1/system_wrapper.xsa ...
INFO: [Vivado 12-12467] The Hardware Platform can be used for Hardware
INFO: [Vivado 12-4896] Successfully created Hardware Platform: C:/Users/saber/Desktop/share/DanDike_NewBoard/vitis1/system_wrapper.xsa
write_hw_platform: Time (s): cpu = 00:00:08 ; elapsed = 00:00:07 . Memory (MB): peak = 2931.508 ; gain = 0.000
delete_bd_objs [get_bd_intf_nets AC_8_channel_0/adda/axi_bram_ctrl_0_BRAM_PORTA]
delete_bd_objs [get_bd_intf_nets AC_8_channel_0/adda/axi_bram_ctrl_1_BRAM_PORTA]
connect_bd_intf_net [get_bd_intf_pins AC_8_channel_0/adda/blk_mem_gen_0/BRAM_PORTA] [get_bd_intf_pins AC_8_channel_0/adda/axi_bram_ctrl_1/BRAM_PORTA]
delete_bd_objs [get_bd_intf_nets AC_8_channel_0/adda/dac_whole_0_BRAM]
connect_bd_intf_net [get_bd_intf_pins AC_8_channel_0/adda/dac_whole_0/BRAM] [get_bd_intf_pins AC_8_channel_0/adda/blk_mem_gen_0/BRAM_PORTB]
delete_bd_objs [get_bd_cells AC_8_channel_0/adda/blk_mem_gen_1]
WARNING: [IP_Flow 19-4067] Ignoring invalid widget type specified checkbox.Providing a default widget
WARNING: [IP_Flow 19-4067] Ignoring invalid widget type specified checkbox.Providing a default widget
validate_bd_design
INFO: [xilinx.com:ip:clk_wiz:6.0-1] /lcd/clk_wiz_0 clk_wiz propagate
WARNING: [xilinx.com:ip:axi_bram_ctrl:4.1-1] /AC_8_channel_0/adda/axi_bram_ctrl_0: PORT /AC_8_channel_0/adda/axi_bram_ctrl_0/BRAM_PORTA is UNCONNECTED in the design. Leaving the BRAM interface unconnected will cause BRAMs not to be initialized by Data2Mem
WARNING: [xilinx.com:ip:axi_intc:4.1-7] /axi_intc_BareMetal: Interrupts type manual value (0xFFFFFFFF) does not match computed value (0xFFFFFBFC). Please review the manual value or consider using Auto instead.
INFO: [xilinx.com:ip:axi_vdma:6.3-16] /lcd/axi_vdma_0 
                    All clocks connected to AXI VDMA are not identical, therefore configuring AXI-VDMA in ASYNC mode.
validate_bd_design: Time (s): cpu = 00:00:44 ; elapsed = 00:01:11 . Memory (MB): peak = 2954.148 ; gain = 0.000
save_bd_design
Wrote  : <C:\Users\saber\Desktop\share\DanDike_NewBoard\DanDike_NewBoard.srcs\sources_1\bd\system\system.bd> 
Wrote  : <C:/Users/saber/Desktop/share/DanDike_NewBoard/DanDike_NewBoard.srcs/sources_1/bd/system/ui/bd_c954508f.ui> 
apply_bd_automation -rule xilinx.com:bd_rule:bram_cntlr -config {BRAM "Auto" }  [get_bd_intf_pins AC_8_channel_0/adda/axi_bram_ctrl_0/BRAM_PORTA]
WARNING: [IP_Flow 19-4067] Ignoring invalid widget type specified checkbox.Providing a default widget
WARNING: [IP_Flow 19-4067] Ignoring invalid widget type specified checkbox.Providing a default widget
startgroup
set_property -dict [list CONFIG.Memory_Type {True_Dual_Port_RAM} CONFIG.Enable_B {Use_ENB_Pin} CONFIG.Use_RSTB_Pin {true} CONFIG.Port_B_Clock {100} CONFIG.Port_B_Write_Rate {50} CONFIG.Port_B_Enable_Rate {100} CONFIG.EN_SAFETY_CKT {false}] [get_bd_cells AC_8_channel_0/adda/axi_bram_ctrl_0_bram]
endgroup
validate_bd_design
WARNING: [BD 41-2180] Resetting the memory initialization file of </AC_8_channel_0/adda/axi_bram_ctrl_0_bram> to default.
INFO: [xilinx.com:ip:clk_wiz:6.0-1] /lcd/clk_wiz_0 clk_wiz propagate
WARNING: [xilinx.com:ip:axi_intc:4.1-7] /axi_intc_BareMetal: Interrupts type manual value (0xFFFFFFFF) does not match computed value (0xFFFFFBFC). Please review the manual value or consider using Auto instead.
INFO: [xilinx.com:ip:axi_vdma:6.3-16] /lcd/axi_vdma_0 
                    All clocks connected to AXI VDMA are not identical, therefore configuring AXI-VDMA in ASYNC mode.
validate_bd_design: Time (s): cpu = 00:00:41 ; elapsed = 00:01:10 . Memory (MB): peak = 2954.148 ; gain = 0.000
save_bd_design
Wrote  : <C:\Users\saber\Desktop\share\DanDike_NewBoard\DanDike_NewBoard.srcs\sources_1\bd\system\system.bd> 
Wrote  : <C:/Users/saber/Desktop/share/DanDike_NewBoard/DanDike_NewBoard.srcs/sources_1/bd/system/ui/bd_c954508f.ui> 
reset_run synth_1
launch_runs impl_1 -to_step write_bitstream -jobs 8
INFO: [BD 41-1662] The design 'system.bd' is already validated. Therefore parameter propagation will not be re-run.
Wrote  : <C:/Users/saber/Desktop/share/DanDike_NewBoard/DanDike_NewBoard.srcs/sources_1/bd/system/ui/bd_c954508f.ui> 
WARNING: [BD 41-2384] Width mismatch when connecting pin: '/AC_8_channel_0/adda/blk_mem_gen_0/addra'(32) to pin: '/AC_8_channel_0/adda/axi_bram_ctrl_1/bram_addr_a'(14) - Only lower order bits will be connected.
WARNING: [BD 41-2384] Width mismatch when connecting pin: '/AC_8_channel_0/adda/axi_bram_ctrl_0_bram/addra'(32) to pin: '/AC_8_channel_0/adda/axi_bram_ctrl_0/bram_addr_a'(14) - Only lower order bits will be connected.
VHDL Output written to : C:/Users/saber/Desktop/share/DanDike_NewBoard/DanDike_NewBoard.srcs/sources_1/bd/system/synth/system.v
WARNING: [BD 41-2384] Width mismatch when connecting pin: '/AC_8_channel_0/adda/blk_mem_gen_0/addra'(32) to pin: '/AC_8_channel_0/adda/axi_bram_ctrl_1/bram_addr_a'(14) - Only lower order bits will be connected.
WARNING: [BD 41-2384] Width mismatch when connecting pin: '/AC_8_channel_0/adda/axi_bram_ctrl_0_bram/addra'(32) to pin: '/AC_8_channel_0/adda/axi_bram_ctrl_0/bram_addr_a'(14) - Only lower order bits will be connected.
VHDL Output written to : C:/Users/saber/Desktop/share/DanDike_NewBoard/DanDike_NewBoard.srcs/sources_1/bd/system/sim/system.v
VHDL Output written to : C:/Users/saber/Desktop/share/DanDike_NewBoard/DanDike_NewBoard.srcs/sources_1/bd/system/hdl/system_wrapper.v
INFO: [BD 41-1029] Generation completed for the IP Integrator block AC_8_channel_0/adda/blk_mem_gen_0 .
Exporting to file c:/Users/saber/Desktop/share/DanDike_NewBoard/DanDike_NewBoard.srcs/sources_1/bd/system/ip/system_axi_smc_0_1/bd_0/hw_handoff/system_axi_smc_0.hwh
Generated Block Design Tcl file c:/Users/saber/Desktop/share/DanDike_NewBoard/DanDike_NewBoard.srcs/sources_1/bd/system/ip/system_axi_smc_0_1/bd_0/hw_handoff/system_axi_smc_0_bd.tcl
Generated Hardware Definition File c:/Users/saber/Desktop/share/DanDike_NewBoard/DanDike_NewBoard.srcs/sources_1/bd/system/ip/system_axi_smc_0_1/bd_0/synth/system_axi_smc_0.hwdef
INFO: [BD 41-1029] Generation completed for the IP Integrator block ps7_0_axi_periph/tier2_xbar_0 .
INFO: [BD 41-1029] Generation completed for the IP Integrator block ps7_0_axi_periph/tier2_xbar_1 .
INFO: [BD 41-1029] Generation completed for the IP Integrator block ps7_0_axi_periph/tier2_xbar_2 .
INFO: [BD 41-1029] Generation completed for the IP Integrator block ps7_0_axi_periph/i00_couplers/auto_pc .
INFO: [BD 41-1029] Generation completed for the IP Integrator block ps7_0_axi_periph/i02_couplers/auto_pc .
INFO: [BD 41-1029] Generation completed for the IP Integrator block ps7_0_axi_periph/s00_couplers/auto_pc .
INFO: [BD 41-1029] Generation completed for the IP Integrator block ps7_0_axi_periph/m09_couplers/auto_pc .
INFO: [BD 41-1029] Generation completed for the IP Integrator block ps7_0_axi_periph/m10_couplers/auto_pc .
INFO: [BD 41-1029] Generation completed for the IP Integrator block ps7_0_axi_periph/m11_couplers/auto_pc .
INFO: [BD 41-1029] Generation completed for the IP Integrator block ps7_0_axi_periph/m12_couplers/auto_pc .
INFO: [BD 41-1029] Generation completed for the IP Integrator block ps7_0_axi_periph/m13_couplers/auto_pc .
INFO: [BD 41-1029] Generation completed for the IP Integrator block ps7_0_axi_periph/m14_couplers/auto_pc .
INFO: [BD 41-1029] Generation completed for the IP Integrator block ps7_0_axi_periph/m15_couplers/auto_pc .
INFO: [BD 41-1029] Generation completed for the IP Integrator block lcd/axi_mem_intercon/s00_couplers/auto_pc .
INFO: [BD 41-1029] Generation completed for the IP Integrator block AC_8_channel_0/adda/axi_bram_ctrl_0_bram .
Exporting to file C:/Users/saber/Desktop/share/DanDike_NewBoard/DanDike_NewBoard.srcs/sources_1/bd/system/hw_handoff/system.hwh
Generated Block Design Tcl file C:/Users/saber/Desktop/share/DanDike_NewBoard/DanDike_NewBoard.srcs/sources_1/bd/system/hw_handoff/system_bd.tcl
Generated Hardware Definition File C:/Users/saber/Desktop/share/DanDike_NewBoard/DanDike_NewBoard.srcs/sources_1/bd/system/synth/system.hwdef
[Sun Nov 30 09:53:10 2025] Launched synth_1...
Run output will be captured here: C:/Users/saber/Desktop/share/DanDike_NewBoard/DanDike_NewBoard.runs/synth_1/runme.log
[Sun Nov 30 09:53:10 2025] Launched impl_1...
Run output will be captured here: C:/Users/saber/Desktop/share/DanDike_NewBoard/DanDike_NewBoard.runs/impl_1/runme.log
launch_runs: Time (s): cpu = 00:00:09 ; elapsed = 00:00:25 . Memory (MB): peak = 2954.148 ; gain = 0.000
regenerate_bd_layout
write_hw_platform -fixed -include_bit -force -file C:/Users/saber/Desktop/share/DanDike_NewBoard/vitis1/system_wrapper.xsa
INFO: [Vivado 12-4895] Creating Hardware Platform: C:/Users/saber/Desktop/share/DanDike_NewBoard/vitis1/system_wrapper.xsa ...
INFO: [Vivado 12-12467] The Hardware Platform can be used for Hardware
INFO: [Vivado 12-4896] Successfully created Hardware Platform: C:/Users/saber/Desktop/share/DanDike_NewBoard/vitis1/system_wrapper.xsa
write_hw_platform: Time (s): cpu = 00:00:05 ; elapsed = 00:00:06 . Memory (MB): peak = 3035.664 ; gain = 81.516
INFO: [Common 17-1671] Browser was opened to: http://localhost:8088?key=UhPLGg
INFO: [Coretcl 2-12] '/AC_8_channel_0/adda/axi_bram_ctrl_1/S_AXI' selected.
INFO: [Coretcl 2-12] '/AC_8_channel_0/adda/axi_cdma_0/S_AXI_LITE' selected.
INFO: [Coretcl 2-12] '/AC_8_channel_0/adda/axi_bram_ctrl_0/S_AXI' selected.
INFO: [Coretcl 2-12] '/AC_8_channel_0/adda/axi_bram_ctrl_1/S_AXI' selected.
delete_bd_objs [get_bd_nets AC_8_channel_0/adda/axi_cdma_0_cdma_introut]
delete_bd_objs [get_bd_nets AC_8_channel_0/adda_cdma_introut] [get_bd_pins AC_8_channel_0/adda/cdma_introut]
delete_bd_objs [get_bd_nets AC_8_channel_0_cdma_introut] [get_bd_pins AC_8_channel_0/cdma_introut]
startgroup
set_property -dict [list CONFIG.NUM_PORTS {10}] [get_bd_cells xlconcat_BareMetal]
endgroup
save_bd_design
Wrote  : <C:\Users\saber\Desktop\share\DanDike_NewBoard\DanDike_NewBoard.srcs\sources_1\bd\system\system.bd> 
Wrote  : <C:/Users/saber/Desktop/share/DanDike_NewBoard/DanDike_NewBoard.srcs/sources_1/bd/system/ui/bd_c954508f.ui> 
reset_run synth_1
launch_runs impl_1 -to_step write_bitstream -jobs 8
xit::source_ipfile: Time (s): cpu = 00:00:02 ; elapsed = 00:00:06 . Memory (MB): peak = 3352.660 ; gain = 0.000
INFO: [xilinx.com:ip:clk_wiz:6.0-1] /lcd/clk_wiz_0 clk_wiz propagate
INFO: [xilinx.com:ip:clk_wiz:6.0-1] /lcd/clk_wiz_0 clk_wiz propagate
WARNING: [xilinx.com:ip:axi_intc:4.1-7] /axi_intc_BareMetal: Interrupts type manual value (0xFFFFFFFF) does not match computed value (0xFFFFFFFC). Please review the manual value or consider using Auto instead.
INFO: [xilinx.com:ip:axi_vdma:6.3-16] /lcd/axi_vdma_0 
                    All clocks connected to AXI VDMA are not identical, therefore configuring AXI-VDMA in ASYNC mode.
Wrote  : <C:\Users\saber\Desktop\share\DanDike_NewBoard\DanDike_NewBoard.srcs\sources_1\bd\system\system.bd> 
Wrote  : <C:/Users/saber/Desktop/share/DanDike_NewBoard/DanDike_NewBoard.srcs/sources_1/bd/system/ui/bd_c954508f.ui> 
WARNING: [BD 41-2384] Width mismatch when connecting pin: '/AC_8_channel_0/adda/blk_mem_gen_0/addra'(32) to pin: '/AC_8_channel_0/adda/axi_bram_ctrl_1/bram_addr_a'(14) - Only lower order bits will be connected.
WARNING: [BD 41-2384] Width mismatch when connecting pin: '/AC_8_channel_0/adda/axi_bram_ctrl_0_bram/addra'(32) to pin: '/AC_8_channel_0/adda/axi_bram_ctrl_0/bram_addr_a'(14) - Only lower order bits will be connected.
VHDL Output written to : C:/Users/saber/Desktop/share/DanDike_NewBoard/DanDike_NewBoard.srcs/sources_1/bd/system/synth/system.v
WARNING: [BD 41-2384] Width mismatch when connecting pin: '/AC_8_channel_0/adda/blk_mem_gen_0/addra'(32) to pin: '/AC_8_channel_0/adda/axi_bram_ctrl_1/bram_addr_a'(14) - Only lower order bits will be connected.
WARNING: [BD 41-2384] Width mismatch when connecting pin: '/AC_8_channel_0/adda/axi_bram_ctrl_0_bram/addra'(32) to pin: '/AC_8_channel_0/adda/axi_bram_ctrl_0/bram_addr_a'(14) - Only lower order bits will be connected.
VHDL Output written to : C:/Users/saber/Desktop/share/DanDike_NewBoard/DanDike_NewBoard.srcs/sources_1/bd/system/sim/system.v
VHDL Output written to : C:/Users/saber/Desktop/share/DanDike_NewBoard/DanDike_NewBoard.srcs/sources_1/bd/system/hdl/system_wrapper.v
Exporting to file c:/Users/saber/Desktop/share/DanDike_NewBoard/DanDike_NewBoard.srcs/sources_1/bd/system/ip/system_axi_smc_0_1/bd_0/hw_handoff/system_axi_smc_0.hwh
Generated Block Design Tcl file c:/Users/saber/Desktop/share/DanDike_NewBoard/DanDike_NewBoard.srcs/sources_1/bd/system/ip/system_axi_smc_0_1/bd_0/hw_handoff/system_axi_smc_0_bd.tcl
Generated Hardware Definition File c:/Users/saber/Desktop/share/DanDike_NewBoard/DanDike_NewBoard.srcs/sources_1/bd/system/ip/system_axi_smc_0_1/bd_0/synth/system_axi_smc_0.hwdef
INFO: [BD 41-1029] Generation completed for the IP Integrator block axi_intc_BareMetal .
INFO: [BD 41-1029] Generation completed for the IP Integrator block xlconcat_BareMetal .
INFO: [BD 41-1029] Generation completed for the IP Integrator block ps7_0_axi_periph/tier2_xbar_0 .
INFO: [BD 41-1029] Generation completed for the IP Integrator block ps7_0_axi_periph/tier2_xbar_1 .
INFO: [BD 41-1029] Generation completed for the IP Integrator block ps7_0_axi_periph/tier2_xbar_2 .
INFO: [BD 41-1029] Generation completed for the IP Integrator block ps7_0_axi_periph/i00_couplers/auto_pc .
INFO: [BD 41-1029] Generation completed for the IP Integrator block ps7_0_axi_periph/i02_couplers/auto_pc .
INFO: [BD 41-1029] Generation completed for the IP Integrator block ps7_0_axi_periph/s00_couplers/auto_pc .
INFO: [BD 41-1029] Generation completed for the IP Integrator block ps7_0_axi_periph/m09_couplers/auto_pc .
INFO: [BD 41-1029] Generation completed for the IP Integrator block ps7_0_axi_periph/m10_couplers/auto_pc .
INFO: [BD 41-1029] Generation completed for the IP Integrator block ps7_0_axi_periph/m11_couplers/auto_pc .
INFO: [BD 41-1029] Generation completed for the IP Integrator block ps7_0_axi_periph/m12_couplers/auto_pc .
INFO: [BD 41-1029] Generation completed for the IP Integrator block ps7_0_axi_periph/m13_couplers/auto_pc .
INFO: [BD 41-1029] Generation completed for the IP Integrator block ps7_0_axi_periph/m14_couplers/auto_pc .
INFO: [BD 41-1029] Generation completed for the IP Integrator block ps7_0_axi_periph/m15_couplers/auto_pc .
INFO: [BD 41-1029] Generation completed for the IP Integrator block lcd/axi_mem_intercon/s00_couplers/auto_pc .
Exporting to file C:/Users/saber/Desktop/share/DanDike_NewBoard/DanDike_NewBoard.srcs/sources_1/bd/system/hw_handoff/system.hwh
Generated Block Design Tcl file C:/Users/saber/Desktop/share/DanDike_NewBoard/DanDike_NewBoard.srcs/sources_1/bd/system/hw_handoff/system_bd.tcl
Generated Hardware Definition File C:/Users/saber/Desktop/share/DanDike_NewBoard/DanDike_NewBoard.srcs/sources_1/bd/system/synth/system.hwdef
[Sun Nov 30 11:32:18 2025] Launched synth_1...
Run output will be captured here: C:/Users/saber/Desktop/share/DanDike_NewBoard/DanDike_NewBoard.runs/synth_1/runme.log
[Sun Nov 30 11:32:18 2025] Launched impl_1...
Run output will be captured here: C:/Users/saber/Desktop/share/DanDike_NewBoard/DanDike_NewBoard.runs/impl_1/runme.log
launch_runs: Time (s): cpu = 00:00:58 ; elapsed = 00:01:49 . Memory (MB): peak = 3352.660 ; gain = 0.000
write_hw_platform -fixed -include_bit -force -file C:/Users/saber/Desktop/share/DanDike_NewBoard/vitis1/system_wrapper.xsa
INFO: [Vivado 12-4895] Creating Hardware Platform: C:/Users/saber/Desktop/share/DanDike_NewBoard/vitis1/system_wrapper.xsa ...
INFO: [Vivado 12-12467] The Hardware Platform can be used for Hardware
INFO: [Vivado 12-4896] Successfully created Hardware Platform: C:/Users/saber/Desktop/share/DanDike_NewBoard/vitis1/system_wrapper.xsa
write_hw_platform: Time (s): cpu = 00:00:06 ; elapsed = 00:00:06 . Memory (MB): peak = 3352.660 ; gain = 0.000
write_hw_platform -fixed -include_bit -force -file C:/Users/saber/Desktop/share/DanDike_NewBoard/vitis1/system_wrapper.xsa
INFO: [Vivado 12-4895] Creating Hardware Platform: C:/Users/saber/Desktop/share/DanDike_NewBoard/vitis1/system_wrapper.xsa ...
INFO: [Vivado 12-12467] The Hardware Platform can be used for Hardware
INFO: [Vivado 12-4896] Successfully created Hardware Platform: C:/Users/saber/Desktop/share/DanDike_NewBoard/vitis1/system_wrapper.xsa
write_hw_platform: Time (s): cpu = 00:00:05 ; elapsed = 00:00:06 . Memory (MB): peak = 3352.660 ; gain = 0.000
INFO: [Coretcl 2-12] '/AC_8_channel_0/adda/axi_bram_ctrl_0/S_AXI' selected.
INFO: [Coretcl 2-12] '/AC_8_channel_0/adda/axi_bram_ctrl_0/S_AXI' selected.
INFO: [Coretcl 2-12] '/AC_8_channel_0/adda/axi_bram_ctrl_0/S_AXI' selected.
startgroup
set_property -dict [list CONFIG.C_M_AXI_DATA_WIDTH {32} CONFIG.C_M_AXI_MAX_BURST_LEN {32}] [get_bd_cells AC_8_channel_0/adda/axi_cdma_0]
endgroup
INFO: [xilinx.com:ip:axi_bram_ctrl:4.1-2] system_axi_bram_ctrl_0_2: In IP Integrator, please note that memory depth value gets calculated based on the Data Width of the IP and Address range selected in the Address Editor.Incase a validation error occured on the range of this parameter, please check if the selected Data width and the Address Range are valid. For valid Data width and memory depth values, please refer to the AXI BRAM Controller Product Guide.
INFO: [xilinx.com:ip:axi_bram_ctrl:4.1-1] system_axi_bram_ctrl_0_2: In IP Integrator, The Maximum address range supported is 2G. Selecting the address range more than 2G in the address editor may resets the value of Memory depth to default value (1024). please refer to the AXI BRAM Controller Product Guide.
startgroup
set_property -dict [list CONFIG.DATA_WIDTH {32}] [get_bd_cells AC_8_channel_0/adda/axi_bram_ctrl_1]
INFO: [xilinx.com:ip:axi_bram_ctrl:4.1-2] system_axi_bram_ctrl_0_2: In IP Integrator, please note that memory depth value gets calculated based on the Data Width of the IP and Address range selected in the Address Editor.Incase a validation error occured on the range of this parameter, please check if the selected Data width and the Address Range are valid. For valid Data width and memory depth values, please refer to the AXI BRAM Controller Product Guide.
INFO: [xilinx.com:ip:axi_bram_ctrl:4.1-1] system_axi_bram_ctrl_0_2: In IP Integrator, The Maximum address range supported is 2G. Selecting the address range more than 2G in the address editor may resets the value of Memory depth to default value (1024). please refer to the AXI BRAM Controller Product Guide.
endgroup
INFO: [Coretcl 2-12] '/lcd/axi_vdma_0/M_AXI_MM2S' selected.
INFO: [Coretcl 2-12] '/AC_8_channel_0/adda/axi_dma_0/M_AXI_S2MM' selected.
INFO: [Coretcl 2-12] '/AC_8_channel_0/adda/axi_cdma_0/M_AXI' selected.
INFO: [Coretcl 2-12] '/AC_8_channel_0/adda/axi_cdma_0/M_AXI' selected.
INFO: [Coretcl 2-12] '/processing_system7_0/M_AXI_GP0' selected.
INFO: [Coretcl 2-12] '/lcd/axi_vdma_0' selected.
INFO: [Coretcl 2-12] '/AC_8_channel_0/adda/axi_dma_0/M_AXI_S2MM' selected.
INFO: [Coretcl 2-12] '/AC_8_channel_0/adda/axi_dma_0' selected.
INFO: [Coretcl 2-12] '/AC_8_channel_0/adda/axi_dma_0' selected.
INFO: [Coretcl 2-12] '/AC_8_channel_0/adda/axi_cdma_0' selected.
INFO: [Coretcl 2-12] '/AC_8_channel_0/adda/axi_bram_ctrl_1/S_AXI' selected.
INFO: [Coretcl 2-12] '/processing_system7_0/M_AXI_GP0' selected.
INFO: [Coretcl 2-12] '/AC_8_channel_0/adda/axi_cdma_0/M_AXI' selected.
INFO: [Coretcl 2-12] '/lcd/axi_vdma_0/M_AXI_MM2S' selected.
INFO: [Coretcl 2-12] '/AC_8_channel_0/adda/axi_dma_0/M_AXI_S2MM' selected.
save_bd_design
Wrote  : <C:\Users\saber\Desktop\share\DanDike_NewBoard\DanDike_NewBoard.srcs\sources_1\bd\system\system.bd> 
Wrote  : <C:/Users/saber/Desktop/share/DanDike_NewBoard/DanDike_NewBoard.srcs/sources_1/bd/system/ui/bd_c954508f.ui> 
validate_bd_design
xit::source_ipfile: Time (s): cpu = 00:00:03 ; elapsed = 00:00:11 . Memory (MB): peak = 3467.902 ; gain = 0.000
INFO: [xilinx.com:ip:clk_wiz:6.0-1] /lcd/clk_wiz_0 clk_wiz propagate
WARNING: [xilinx.com:ip:axi_intc:4.1-7] /axi_intc_BareMetal: Interrupts type manual value (0xFFFFFFFF) does not match computed value (0xFFFFFFFC). Please review the manual value or consider using Auto instead.
INFO: [xilinx.com:ip:axi_vdma:6.3-16] /lcd/axi_vdma_0 
                    All clocks connected to AXI VDMA are not identical, therefore configuring AXI-VDMA in ASYNC mode.
validate_bd_design: Time (s): cpu = 00:00:50 ; elapsed = 00:02:16 . Memory (MB): peak = 3467.902 ; gain = 0.000
save_bd_design
Wrote  : <C:\Users\saber\Desktop\share\DanDike_NewBoard\DanDike_NewBoard.srcs\sources_1\bd\system\system.bd> 
Wrote  : <C:/Users/saber/Desktop/share/DanDike_NewBoard/DanDike_NewBoard.srcs/sources_1/bd/system/ui/bd_c954508f.ui> 
reset_run synth_1
launch_runs impl_1 -to_step write_bitstream -jobs 8
INFO: [BD 41-1662] The design 'system.bd' is already validated. Therefore parameter propagation will not be re-run.
Wrote  : <C:/Users/saber/Desktop/share/DanDike_NewBoard/DanDike_NewBoard.srcs/sources_1/bd/system/ui/bd_c954508f.ui> 
WARNING: [BD 41-2384] Width mismatch when connecting pin: '/AC_8_channel_0/adda/blk_mem_gen_0/addra'(32) to pin: '/AC_8_channel_0/adda/axi_bram_ctrl_1/bram_addr_a'(14) - Only lower order bits will be connected.
WARNING: [BD 41-2384] Width mismatch when connecting pin: '/AC_8_channel_0/adda/axi_bram_ctrl_0_bram/addra'(32) to pin: '/AC_8_channel_0/adda/axi_bram_ctrl_0/bram_addr_a'(14) - Only lower order bits will be connected.
VHDL Output written to : C:/Users/saber/Desktop/share/DanDike_NewBoard/DanDike_NewBoard.srcs/sources_1/bd/system/synth/system.v
WARNING: [BD 41-2384] Width mismatch when connecting pin: '/AC_8_channel_0/adda/blk_mem_gen_0/addra'(32) to pin: '/AC_8_channel_0/adda/axi_bram_ctrl_1/bram_addr_a'(14) - Only lower order bits will be connected.
WARNING: [BD 41-2384] Width mismatch when connecting pin: '/AC_8_channel_0/adda/axi_bram_ctrl_0_bram/addra'(32) to pin: '/AC_8_channel_0/adda/axi_bram_ctrl_0/bram_addr_a'(14) - Only lower order bits will be connected.
VHDL Output written to : C:/Users/saber/Desktop/share/DanDike_NewBoard/DanDike_NewBoard.srcs/sources_1/bd/system/sim/system.v
VHDL Output written to : C:/Users/saber/Desktop/share/DanDike_NewBoard/DanDike_NewBoard.srcs/sources_1/bd/system/hdl/system_wrapper.v
INFO: [BD 41-1029] Generation completed for the IP Integrator block AC_8_channel_0/adda/blk_mem_gen_0 .
Exporting to file c:/Users/saber/Desktop/share/DanDike_NewBoard/DanDike_NewBoard.srcs/sources_1/bd/system/ip/system_axi_smc_0_1/bd_0/hw_handoff/system_axi_smc_0.hwh
Generated Block Design Tcl file c:/Users/saber/Desktop/share/DanDike_NewBoard/DanDike_NewBoard.srcs/sources_1/bd/system/ip/system_axi_smc_0_1/bd_0/hw_handoff/system_axi_smc_0_bd.tcl
Generated Hardware Definition File c:/Users/saber/Desktop/share/DanDike_NewBoard/DanDike_NewBoard.srcs/sources_1/bd/system/ip/system_axi_smc_0_1/bd_0/synth/system_axi_smc_0.hwdef
INFO: [BD 41-1029] Generation completed for the IP Integrator block AC_8_channel_0/adda/axi_cdma_0 .
INFO: [BD 41-1029] Generation completed for the IP Integrator block AC_8_channel_0/adda/axi_bram_ctrl_1 .
INFO: [BD 41-1029] Generation completed for the IP Integrator block ps7_0_axi_periph/tier2_xbar_0 .
INFO: [BD 41-1029] Generation completed for the IP Integrator block ps7_0_axi_periph/tier2_xbar_1 .
INFO: [BD 41-1029] Generation completed for the IP Integrator block ps7_0_axi_periph/tier2_xbar_2 .
INFO: [BD 41-1029] Generation completed for the IP Integrator block ps7_0_axi_periph/i00_couplers/auto_pc .
INFO: [BD 41-1029] Generation completed for the IP Integrator block ps7_0_axi_periph/i02_couplers/auto_pc .
INFO: [BD 41-1029] Generation completed for the IP Integrator block ps7_0_axi_periph/s00_couplers/auto_pc .
INFO: [BD 41-1029] Generation completed for the IP Integrator block ps7_0_axi_periph/m09_couplers/auto_pc .
INFO: [BD 41-1029] Generation completed for the IP Integrator block ps7_0_axi_periph/m10_couplers/auto_pc .
INFO: [BD 41-1029] Generation completed for the IP Integrator block ps7_0_axi_periph/m11_couplers/auto_pc .
INFO: [BD 41-1029] Generation completed for the IP Integrator block ps7_0_axi_periph/m12_couplers/auto_pc .
INFO: [BD 41-1029] Generation completed for the IP Integrator block ps7_0_axi_periph/m13_couplers/auto_pc .
INFO: [BD 41-1029] Generation completed for the IP Integrator block ps7_0_axi_periph/m14_couplers/auto_pc .
INFO: [BD 41-1029] Generation completed for the IP Integrator block ps7_0_axi_periph/m15_couplers/auto_pc .
INFO: [BD 41-1029] Generation completed for the IP Integrator block lcd/axi_mem_intercon/s00_couplers/auto_pc .
Exporting to file C:/Users/saber/Desktop/share/DanDike_NewBoard/DanDike_NewBoard.srcs/sources_1/bd/system/hw_handoff/system.hwh
Generated Block Design Tcl file C:/Users/saber/Desktop/share/DanDike_NewBoard/DanDike_NewBoard.srcs/sources_1/bd/system/hw_handoff/system_bd.tcl
Generated Hardware Definition File C:/Users/saber/Desktop/share/DanDike_NewBoard/DanDike_NewBoard.srcs/sources_1/bd/system/synth/system.hwdef
[Mon Dec  1 18:20:57 2025] Launched synth_1...
Run output will be captured here: C:/Users/saber/Desktop/share/DanDike_NewBoard/DanDike_NewBoard.runs/synth_1/runme.log
[Mon Dec  1 18:20:57 2025] Launched impl_1...
Run output will be captured here: C:/Users/saber/Desktop/share/DanDike_NewBoard/DanDike_NewBoard.runs/impl_1/runme.log
launch_runs: Time (s): cpu = 00:00:11 ; elapsed = 00:00:46 . Memory (MB): peak = 3467.902 ; gain = 0.000
write_hw_platform -fixed -include_bit -force -file C:/Users/saber/Desktop/share/DanDike_NewBoard/vitis1/system_wrapper.xsa
INFO: [Vivado 12-4895] Creating Hardware Platform: C:/Users/saber/Desktop/share/DanDike_NewBoard/vitis1/system_wrapper.xsa ...
INFO: [Vivado 12-12467] The Hardware Platform can be used for Hardware
INFO: [Vivado 12-4896] Successfully created Hardware Platform: C:/Users/saber/Desktop/share/DanDike_NewBoard/vitis1/system_wrapper.xsa
write_hw_platform: Time (s): cpu = 00:00:06 ; elapsed = 00:00:07 . Memory (MB): peak = 3467.902 ; gain = 0.000
startgroup
create_bd_cell -type ip -vlnv xilinx.com:ip:axi_interconnect:2.1 AC_8_channel_0/adda/axi_interconnect_0
create_bd_cell: Time (s): cpu = 00:00:02 ; elapsed = 00:00:10 . Memory (MB): peak = 3467.902 ; gain = 0.000
endgroup
delete_bd_objs [get_bd_intf_nets AC_8_channel_0/adda/axi_cdma_0_M_AXI]
set_property -dict [list CONFIG.NUM_MI {1} CONFIG.ENABLE_ADVANCED_OPTIONS {0}] [get_bd_cells AC_8_channel_0/adda/axi_interconnect_0]
move_bd_cells [get_bd_cells /] [get_bd_cells AC_8_channel_0/adda/axi_interconnect_0]
move_bd_cells: Time (s): cpu = 00:00:00 ; elapsed = 00:00:10 . Memory (MB): peak = 3467.902 ; gain = 0.000
set_property location {4 2849 12} [get_bd_cells axi_interconnect_0]
move_bd_cells [get_bd_cells AC_8_channel_0/adda] [get_bd_cells axi_interconnect_0]
move_bd_cells: Time (s): cpu = 00:00:00 ; elapsed = 00:00:09 . Memory (MB): peak = 3467.902 ; gain = 0.000
connect_bd_intf_net [get_bd_intf_pins AC_8_channel_0/adda/axi_cdma_0/M_AXI] -boundary_type upper [get_bd_intf_pins AC_8_channel_0/adda/axi_interconnect_0/S00_AXI]
connect_bd_intf_net: Time (s): cpu = 00:00:00 ; elapsed = 00:00:08 . Memory (MB): peak = 3467.902 ; gain = 0.000
connect_bd_intf_net -boundary_type upper [get_bd_intf_pins AC_8_channel_0/adda/axi_interconnect_0/M00_AXI] [get_bd_intf_pins AC_8_channel_0/adda/axi_bram_ctrl_1/S_AXI]
connect_bd_intf_net: Time (s): cpu = 00:00:01 ; elapsed = 00:00:09 . Memory (MB): peak = 3467.902 ; gain = 0.000
regenerate_bd_layout
regenerate_bd_layout: Time (s): cpu = 00:00:01 ; elapsed = 00:00:07 . Memory (MB): peak = 3467.902 ; gain = 0.000
save_bd_design
Wrote  : <C:\Users\saber\Desktop\share\DanDike_NewBoard\DanDike_NewBoard.srcs\sources_1\bd\system\system.bd> 
Wrote  : <C:/Users/saber/Desktop/share/DanDike_NewBoard/DanDike_NewBoard.srcs/sources_1/bd/system/ui/bd_c954508f.ui> 
exit
INFO: [Common 17-206] Exiting Vivado at Mon Dec  1 18:53:23 2025...
