#-----------------------------------------------------------
# Vivado v2020.2 (64-bit)
# SW Build 3064766 on Wed Nov 18 09:12:45 MST 2020
# IP Build 3064653 on Wed Nov 18 14:17:31 MST 2020
# Start of session at: Tue Jun  3 14:53:55 2025
# Process ID: 17720
# Current directory: C:/Users/saber/Desktop/share/DanDike_NewBoard
# Command line: vivado.exe -gui_launcher_event rodinguilauncherevent14264 C:\Users\saber\Desktop\share\DanDike_NewBoard\DanDike_NewBoard.xpr
# Log file: C:/Users/saber/Desktop/share/DanDike_NewBoard/vivado.log
# Journal file: C:/Users/saber/Desktop/share/DanDike_NewBoard\vivado.jou
#-----------------------------------------------------------
start_gui
open_project C:/Users/saber/Desktop/share/DanDike_NewBoard/DanDike_NewBoard.xpr
update_compile_order -fileset sources_1
generate_target all [get_files C:/Users/saber/Desktop/share/DanDike_NewBoard/DanDike_NewBoard.srcs/sources_1/bd/system/system.bd]
synth_design -rtl -rtl_skip_mlo -name rtl_1
place_ports clk_10MHz_0 N15
set_property IOSTANDARD LVCMOS33 [get_ports [list clk_10MHz_0]]
place_ports irig_b_in_0 J20
place_ports irig_b_out_0 H20
place_ports pps_50_0 T10
place_ports pps_gps_0 L15
place_ports pps_in_0 V16
set_property IOSTANDARD LVCMOS33 [get_ports [list irig_b_in_0]]
set_property IOSTANDARD LVCMOS33 [get_ports [list irig_b_out_0]]
set_property IOSTANDARD LVCMOS33 [get_ports [list pps_50_0]]
set_property IOSTANDARD LVCMOS33 [get_ports [list pps_gps_0]]
set_property IOSTANDARD LVCMOS33 [get_ports [list pps_in_0]]
save_constraints
open_bd_design {C:/Users/saber/Desktop/share/DanDike_NewBoard/DanDike_NewBoard.srcs/sources_1/bd/system/system.bd}
startgroup
set_property -dict [list CONFIG.C_BAUDRATE {9600}] [get_bd_cells axi_uartlite_0]
endgroup
generate_target all [get_files C:/Users/saber/Desktop/share/DanDike_NewBoard/DanDike_NewBoard.srcs/sources_1/bd/system/system.bd]
refresh_design
close_design
open_bd_design {C:/Users/saber/Desktop/share/DanDike_NewBoard/DanDike_NewBoard.srcs/sources_1/bd/system/system.bd}
reset_run synth_1
launch_runs impl_1 -to_step write_bitstream -jobs 8
wait_on_run impl_1
write_hw_platform -fixed -include_bit -force -file C:/Users/saber/Desktop/share/DanDike_NewBoard/vitis1/system_wrapper.xsa
open_bd_design {C:/Users/saber/Desktop/share/DanDike_NewBoard/DanDike_NewBoard.srcs/sources_1/bd/system/system.bd}
