#-----------------------------------------------------------
# Vivado v2020.2 (64-bit)
# SW Build 3064766 on Wed Nov 18 09:12:45 MST 2020
# IP Build 3064653 on Wed Nov 18 14:17:31 MST 2020
# Start of session at: Fri Jun 27 09:43:56 2025
# Process ID: 12976
# Current directory: C:/Users/saber/Desktop/share/DanDike_NewBoard
# Command line: vivado.exe -gui_launcher_event rodinguilauncherevent10676 C:\Users\saber\Desktop\share\DanDike_NewBoard\DanDike_NewBoard.xpr
# Log file: C:/Users/saber/Desktop/share/DanDike_NewBoard/vivado.log
# Journal file: C:/Users/saber/Desktop/share/DanDike_NewBoard\vivado.jou
#-----------------------------------------------------------
start_gui
open_project C:/Users/saber/Desktop/share/DanDike_NewBoard/DanDike_NewBoard.xpr
WARNING: [BD 41-2576] File 'C:/Users/saber/Desktop/share/DanDike_NewBoard/DanDike_NewBoard.srcs/sources_1/bd/system/ip/system_auto_pc_15/system_auto_pc_15.xci' referenced by design 'system' could not be found.
WARNING: [BD 41-2576] File 'C:/Users/saber/Desktop/share/DanDike_NewBoard/DanDike_NewBoard.srcs/sources_1/bd/system/ip/system_auto_pc_0_2/system_auto_pc_0.xci' referenced by design 'system' could not be found.
WARNING: [BD 41-2576] File 'C:/Users/saber/Desktop/share/DanDike_NewBoard/DanDike_NewBoard.srcs/sources_1/bd/system/ip/system_auto_pc_1_2/system_auto_pc_1.xci' referenced by design 'system' could not be found.
WARNING: [BD 41-2576] File 'C:/Users/saber/Desktop/share/DanDike_NewBoard/DanDike_NewBoard.srcs/sources_1/bd/system/ip/system_auto_pc_2_1/system_auto_pc_2.xci' referenced by design 'system' could not be found.
WARNING: [BD 41-2576] File 'C:/Users/saber/Desktop/share/DanDike_NewBoard/DanDike_NewBoard.srcs/sources_1/bd/system/ip/system_auto_pc_3_2/system_auto_pc_3.xci' referenced by design 'system' could not be found.
WARNING: [BD 41-2576] File 'C:/Users/saber/Desktop/share/DanDike_NewBoard/DanDike_NewBoard.srcs/sources_1/bd/system/ip/system_auto_pc_4_2/system_auto_pc_4.xci' referenced by design 'system' could not be found.
WARNING: [BD 41-2576] File 'C:/Users/saber/Desktop/share/DanDike_NewBoard/DanDike_NewBoard.srcs/sources_1/bd/system/ip/system_auto_pc_5_1/system_auto_pc_5.xci' referenced by design 'system' could not be found.
WARNING: [BD 41-2576] File 'C:/Users/saber/Desktop/share/DanDike_NewBoard/DanDike_NewBoard.srcs/sources_1/bd/system/ip/system_auto_pc_6_1/system_auto_pc_6.xci' referenced by design 'system' could not be found.
WARNING: [BD 41-2576] File 'C:/Users/saber/Desktop/share/DanDike_NewBoard/DanDike_NewBoard.srcs/sources_1/bd/system/ip/system_auto_pc_7_2/system_auto_pc_7.xci' referenced by design 'system' could not be found.
WARNING: [BD 41-2576] File 'C:/Users/saber/Desktop/share/DanDike_NewBoard/DanDike_NewBoard.srcs/sources_1/bd/system/ip/system_auto_pc_8_1/system_auto_pc_8.xci' referenced by design 'system' could not be found.
WARNING: [BD 41-2576] File 'C:/Users/saber/Desktop/share/DanDike_NewBoard/DanDike_NewBoard.srcs/sources_1/bd/system/ip/system_auto_pc_9/system_auto_pc_9.xci' referenced by design 'system' could not be found.
WARNING: [BD 41-2576] File 'C:/Users/saber/Desktop/share/DanDike_NewBoard/DanDike_NewBoard.srcs/sources_1/bd/system/ip/system_auto_pc_10/system_auto_pc_10.xci' referenced by design 'system' could not be found.
WARNING: [BD 41-2576] File 'C:/Users/saber/Desktop/share/DanDike_NewBoard/DanDike_NewBoard.srcs/sources_1/bd/system/ip/system_auto_pc_11/system_auto_pc_11.xci' referenced by design 'system' could not be found.
WARNING: [BD 41-2576] File 'C:/Users/saber/Desktop/share/DanDike_NewBoard/DanDike_NewBoard.srcs/sources_1/bd/system/ip/system_auto_pc_12/system_auto_pc_12.xci' referenced by design 'system' could not be found.
WARNING: [BD 41-2576] File 'C:/Users/saber/Desktop/share/DanDike_NewBoard/DanDike_NewBoard.srcs/sources_1/bd/system/ip/system_auto_pc_13/system_auto_pc_13.xci' referenced by design 'system' could not be found.
WARNING: [BD 41-2576] File 'C:/Users/saber/Desktop/share/DanDike_NewBoard/DanDike_NewBoard.srcs/sources_1/bd/system/ip/system_auto_pc_14/system_auto_pc_14.xci' referenced by design 'system' could not be found.
Scanning sources...
Finished scanning sources
WARNING: [BD 41-2576] File 'C:/Users/saber/Desktop/share/DanDike_NewBoard/DanDike_NewBoard.srcs/sources_1/bd/system/ip/system_auto_pc_15/system_auto_pc_15.xci' referenced by design 'system' could not be found.
WARNING: [BD 41-2576] File 'C:/Users/saber/Desktop/share/DanDike_NewBoard/DanDike_NewBoard.srcs/sources_1/bd/system/ip/system_auto_pc_0_2/system_auto_pc_0.xci' referenced by design 'system' could not be found.
WARNING: [BD 41-2576] File 'C:/Users/saber/Desktop/share/DanDike_NewBoard/DanDike_NewBoard.srcs/sources_1/bd/system/ip/system_auto_pc_1_2/system_auto_pc_1.xci' referenced by design 'system' could not be found.
WARNING: [BD 41-2576] File 'C:/Users/saber/Desktop/share/DanDike_NewBoard/DanDike_NewBoard.srcs/sources_1/bd/system/ip/system_auto_pc_2_1/system_auto_pc_2.xci' referenced by design 'system' could not be found.
WARNING: [BD 41-2576] File 'C:/Users/saber/Desktop/share/DanDike_NewBoard/DanDike_NewBoard.srcs/sources_1/bd/system/ip/system_auto_pc_3_2/system_auto_pc_3.xci' referenced by design 'system' could not be found.
WARNING: [BD 41-2576] File 'C:/Users/saber/Desktop/share/DanDike_NewBoard/DanDike_NewBoard.srcs/sources_1/bd/system/ip/system_auto_pc_4_2/system_auto_pc_4.xci' referenced by design 'system' could not be found.
WARNING: [BD 41-2576] File 'C:/Users/saber/Desktop/share/DanDike_NewBoard/DanDike_NewBoard.srcs/sources_1/bd/system/ip/system_auto_pc_5_1/system_auto_pc_5.xci' referenced by design 'system' could not be found.
WARNING: [BD 41-2576] File 'C:/Users/saber/Desktop/share/DanDike_NewBoard/DanDike_NewBoard.srcs/sources_1/bd/system/ip/system_auto_pc_6_1/system_auto_pc_6.xci' referenced by design 'system' could not be found.
WARNING: [BD 41-2576] File 'C:/Users/saber/Desktop/share/DanDike_NewBoard/DanDike_NewBoard.srcs/sources_1/bd/system/ip/system_auto_pc_7_2/system_auto_pc_7.xci' referenced by design 'system' could not be found.
WARNING: [BD 41-2576] File 'C:/Users/saber/Desktop/share/DanDike_NewBoard/DanDike_NewBoard.srcs/sources_1/bd/system/ip/system_auto_pc_8_1/system_auto_pc_8.xci' referenced by design 'system' could not be found.
WARNING: [BD 41-2576] File 'C:/Users/saber/Desktop/share/DanDike_NewBoard/DanDike_NewBoard.srcs/sources_1/bd/system/ip/system_auto_pc_9/system_auto_pc_9.xci' referenced by design 'system' could not be found.
WARNING: [BD 41-2576] File 'C:/Users/saber/Desktop/share/DanDike_NewBoard/DanDike_NewBoard.srcs/sources_1/bd/system/ip/system_auto_pc_10/system_auto_pc_10.xci' referenced by design 'system' could not be found.
WARNING: [BD 41-2576] File 'C:/Users/saber/Desktop/share/DanDike_NewBoard/DanDike_NewBoard.srcs/sources_1/bd/system/ip/system_auto_pc_11/system_auto_pc_11.xci' referenced by design 'system' could not be found.
WARNING: [BD 41-2576] File 'C:/Users/saber/Desktop/share/DanDike_NewBoard/DanDike_NewBoard.srcs/sources_1/bd/system/ip/system_auto_pc_12/system_auto_pc_12.xci' referenced by design 'system' could not be found.
WARNING: [BD 41-2576] File 'C:/Users/saber/Desktop/share/DanDike_NewBoard/DanDike_NewBoard.srcs/sources_1/bd/system/ip/system_auto_pc_13/system_auto_pc_13.xci' referenced by design 'system' could not be found.
WARNING: [BD 41-2576] File 'C:/Users/saber/Desktop/share/DanDike_NewBoard/DanDike_NewBoard.srcs/sources_1/bd/system/ip/system_auto_pc_14/system_auto_pc_14.xci' referenced by design 'system' could not be found.
WARNING: [BD 41-2576] File 'C:/Users/saber/Desktop/share/DanDike_NewBoard/DanDike_NewBoard.srcs/sources_1/bd/system/ip/system_auto_pc_15/system_auto_pc_15.xci' referenced by design 'system' could not be found.
WARNING: [BD 41-2576] File 'C:/Users/saber/Desktop/share/DanDike_NewBoard/DanDike_NewBoard.srcs/sources_1/bd/system/ip/system_auto_pc_0_2/system_auto_pc_0.xci' referenced by design 'system' could not be found.
WARNING: [BD 41-2576] File 'C:/Users/saber/Desktop/share/DanDike_NewBoard/DanDike_NewBoard.srcs/sources_1/bd/system/ip/system_auto_pc_1_2/system_auto_pc_1.xci' referenced by design 'system' could not be found.
WARNING: [BD 41-2576] File 'C:/Users/saber/Desktop/share/DanDike_NewBoard/DanDike_NewBoard.srcs/sources_1/bd/system/ip/system_auto_pc_2_1/system_auto_pc_2.xci' referenced by design 'system' could not be found.
WARNING: [BD 41-2576] File 'C:/Users/saber/Desktop/share/DanDike_NewBoard/DanDike_NewBoard.srcs/sources_1/bd/system/ip/system_auto_pc_3_2/system_auto_pc_3.xci' referenced by design 'system' could not be found.
WARNING: [BD 41-2576] File 'C:/Users/saber/Desktop/share/DanDike_NewBoard/DanDike_NewBoard.srcs/sources_1/bd/system/ip/system_auto_pc_4_2/system_auto_pc_4.xci' referenced by design 'system' could not be found.
WARNING: [BD 41-2576] File 'C:/Users/saber/Desktop/share/DanDike_NewBoard/DanDike_NewBoard.srcs/sources_1/bd/system/ip/system_auto_pc_5_1/system_auto_pc_5.xci' referenced by design 'system' could not be found.
WARNING: [BD 41-2576] File 'C:/Users/saber/Desktop/share/DanDike_NewBoard/DanDike_NewBoard.srcs/sources_1/bd/system/ip/system_auto_pc_6_1/system_auto_pc_6.xci' referenced by design 'system' could not be found.
WARNING: [BD 41-2576] File 'C:/Users/saber/Desktop/share/DanDike_NewBoard/DanDike_NewBoard.srcs/sources_1/bd/system/ip/system_auto_pc_7_2/system_auto_pc_7.xci' referenced by design 'system' could not be found.
WARNING: [BD 41-2576] File 'C:/Users/saber/Desktop/share/DanDike_NewBoard/DanDike_NewBoard.srcs/sources_1/bd/system/ip/system_auto_pc_8_1/system_auto_pc_8.xci' referenced by design 'system' could not be found.
WARNING: [BD 41-2576] File 'C:/Users/saber/Desktop/share/DanDike_NewBoard/DanDike_NewBoard.srcs/sources_1/bd/system/ip/system_auto_pc_9/system_auto_pc_9.xci' referenced by design 'system' could not be found.
WARNING: [BD 41-2576] File 'C:/Users/saber/Desktop/share/DanDike_NewBoard/DanDike_NewBoard.srcs/sources_1/bd/system/ip/system_auto_pc_10/system_auto_pc_10.xci' referenced by design 'system' could not be found.
WARNING: [BD 41-2576] File 'C:/Users/saber/Desktop/share/DanDike_NewBoard/DanDike_NewBoard.srcs/sources_1/bd/system/ip/system_auto_pc_11/system_auto_pc_11.xci' referenced by design 'system' could not be found.
WARNING: [BD 41-2576] File 'C:/Users/saber/Desktop/share/DanDike_NewBoard/DanDike_NewBoard.srcs/sources_1/bd/system/ip/system_auto_pc_12/system_auto_pc_12.xci' referenced by design 'system' could not be found.
WARNING: [BD 41-2576] File 'C:/Users/saber/Desktop/share/DanDike_NewBoard/DanDike_NewBoard.srcs/sources_1/bd/system/ip/system_auto_pc_13/system_auto_pc_13.xci' referenced by design 'system' could not be found.
WARNING: [BD 41-2576] File 'C:/Users/saber/Desktop/share/DanDike_NewBoard/DanDike_NewBoard.srcs/sources_1/bd/system/ip/system_auto_pc_14/system_auto_pc_14.xci' referenced by design 'system' could not be found.
INFO: [IP_Flow 19-234] Refreshing IP repositories
INFO: [IP_Flow 19-1700] Loaded user IP repository 'c:/Users/saber/Desktop/share/DanDike_NewBoard/ip_repo'.
INFO: [IP_Flow 19-1700] Loaded user IP repository 'c:/Users/saber/Desktop/share/DanDike_NewBoard/if'.
INFO: [IP_Flow 19-2313] Loaded Vivado IP repository 'E:/vivado/Vivado/2020.2/data/ip'.
open_project: Time (s): cpu = 00:00:19 ; elapsed = 00:00:16 . Memory (MB): peak = 1139.574 ; gain = 0.000
open_bd_design {C:/Users/saber/Desktop/share/DanDike_NewBoard/DanDike_NewBoard.srcs/sources_1/bd/system/system.bd}
Reading block design file <C:/Users/saber/Desktop/share/DanDike_NewBoard/DanDike_NewBoard.srcs/sources_1/bd/system/system.bd>...
Adding component instance block -- xilinx.com:ip:processing_system7:5.5 - processing_system7_0
Adding component instance block -- xilinx.com:ip:proc_sys_reset:5.0 - rst_ps7_0_100M
Adding component instance block -- xilinx.com:ip:axi_interconnect:2.1 - ps7_0_axi_periph
Adding component instance block -- xilinx.com:ip:axi_crossbar:2.1 - xbar
Adding component instance block -- xilinx.com:ip:axi_protocol_converter:2.1 - auto_pc
INFO: [BD 41-434] Could not find an IP with XCI file by name: system_auto_pc_15 
Adding component instance block -- xilinx.com:ip:axi_protocol_converter:2.1 - auto_pc
INFO: [BD 41-434] Could not find an IP with XCI file by name: system_auto_pc_0 
Adding component instance block -- xilinx.com:ip:axi_protocol_converter:2.1 - auto_pc
INFO: [BD 41-434] Could not find an IP with XCI file by name: system_auto_pc_1 
Adding component instance block -- xilinx.com:ip:axi_protocol_converter:2.1 - auto_pc
INFO: [BD 41-434] Could not find an IP with XCI file by name: system_auto_pc_2 
Adding component instance block -- xilinx.com:ip:axi_protocol_converter:2.1 - auto_pc
INFO: [BD 41-434] Could not find an IP with XCI file by name: system_auto_pc_3 
Adding component instance block -- xilinx.com:ip:axi_protocol_converter:2.1 - auto_pc
INFO: [BD 41-434] Could not find an IP with XCI file by name: system_auto_pc_4 
Adding component instance block -- xilinx.com:ip:axi_protocol_converter:2.1 - auto_pc
INFO: [BD 41-434] Could not find an IP with XCI file by name: system_auto_pc_5 
Adding component instance block -- xilinx.com:ip:axi_protocol_converter:2.1 - auto_pc
INFO: [BD 41-434] Could not find an IP with XCI file by name: system_auto_pc_6 
Adding component instance block -- xilinx.com:ip:axi_protocol_converter:2.1 - auto_pc
INFO: [BD 41-434] Could not find an IP with XCI file by name: system_auto_pc_7 
Adding component instance block -- xilinx.com:ip:axi_protocol_converter:2.1 - auto_pc
INFO: [BD 41-434] Could not find an IP with XCI file by name: system_auto_pc_8 
Adding component instance block -- xilinx.com:ip:axi_protocol_converter:2.1 - auto_pc
INFO: [BD 41-434] Could not find an IP with XCI file by name: system_auto_pc_9 
Adding component instance block -- xilinx.com:ip:axi_protocol_converter:2.1 - auto_pc
INFO: [BD 41-434] Could not find an IP with XCI file by name: system_auto_pc_10 
Adding component instance block -- xilinx.com:ip:axi_protocol_converter:2.1 - auto_pc
INFO: [BD 41-434] Could not find an IP with XCI file by name: system_auto_pc_11 
Adding component instance block -- xilinx.com:ip:axi_protocol_converter:2.1 - auto_pc
INFO: [BD 41-434] Could not find an IP with XCI file by name: system_auto_pc_12 
Adding component instance block -- xilinx.com:ip:axi_protocol_converter:2.1 - auto_pc
INFO: [BD 41-434] Could not find an IP with XCI file by name: system_auto_pc_13 
Adding component instance block -- xilinx.com:ip:axi_protocol_converter:2.1 - auto_pc
INFO: [BD 41-434] Could not find an IP with XCI file by name: system_auto_pc_14 
Adding component instance block -- xilinx.com:ip:proc_sys_reset:5.0 - proc_sys_reset_0
Adding component instance block -- xilinx.com:ip:xlconcat:2.1 - xlconcat_0
Adding component instance block -- xilinx.com:ip:proc_sys_reset:5.0 - rst_ps7_0_142M
Adding component instance block -- xilinx.com:ip:axi_vdma:6.3 - axi_vdma_0
Adding component instance block -- xilinx.com:ip:axi_gpio:2.0 - axi_gpio_0
Adding component instance block -- xilinx.com:ip:v_axi4s_vid_out:4.0 - v_axi4s_vid_out_0
Adding component instance block -- xilinx.com:ip:v_tc:6.2 - v_tc_0
Adding component instance block -- xilinx.com:ip:clk_wiz:6.0 - clk_wiz_0
Adding component instance block -- digilentinc.com:IP:PWM:2.0 - PWM_0
Adding component instance block -- xilinx.com:ip:axi_interconnect:2.1 - axi_mem_intercon
Adding component instance block -- xilinx.com:ip:axi_protocol_converter:2.1 - auto_pc
Adding component instance block -- openedv.com:user:rgb2lcd:1.0 - rgb2lcd_0
Adding component instance block -- xilinx.com:ip:axi_gpio:2.0 - axi_gpio_0
Adding component instance block -- xilinx.com:ip:axi_uartlite:2.0 - axi_uartlite_0
Adding component instance block -- xilinx.com:ip:axi_iic:2.0 - axi_iic_0
Adding component instance block -- xilinx.com:ip:util_vector_logic:2.0 - util_vector_logic_0
Adding component instance block -- xilinx.com:user:coder:1.0 - coder_0
Adding component instance block -- xilinx.com:ip:util_vector_logic:2.0 - util_vector_logic_0
Adding component instance block -- xilinx.com:user:gmii2rgmii:1.0 - gmii2rgmii_0
Adding component instance block -- xilinx.com:ip:axi_bram_ctrl:4.1 - axi_bram_ctrl_0
Adding component instance block -- xilinx.com:user:dac_whole:1.0 - dac_whole_0
Adding component instance block -- xilinx.com:ip:axis_data_fifo:2.0 - axis_data_fifo_1
Adding component instance block -- xilinx.com:ip:axi_dma:7.1 - axi_dma_0
WARNING: [BD 41-1282] Ignoring parameter HAS_BURST
WARNING: [BD 41-1281] Parameter HAS_BURST is not defined on /AC_8_channel_0/adda/axi_dma_0/M_AXIS_MM2S. Setting parameter on /AC_8_channel_0/adda/axi_dma_0/M_AXIS_MM2S failed
Adding component instance block -- xilinx.com:ip:blk_mem_gen:8.4 - blk_mem_gen_0
Adding component instance block -- xilinx.com:ip:smartconnect:1.0 - axi_smc
Adding component instance block -- xilinx.com:user:adc_whole:2.0 - adc_whole_0
Adding component instance block -- xilinx.com:user:stimer_onoff_pa_rw:1.0 - stimer_onoff_pa_rw_A_0
Adding component instance block -- xilinx.com:ip:axi_iic:2.0 - axi_iic_0
Adding component instance block -- xilinx.com:ip:system_ila:1.1 - system_ila_0
Adding component instance block -- xilinx.com:user:power_pulse_v1_AXI:1.0 - power_pulse_v1_AXI_0
Successfully read diagram <system> from block design file <C:/Users/saber/Desktop/share/DanDike_NewBoard/DanDike_NewBoard.srcs/sources_1/bd/system/system.bd>
INFO: [BD 41-433] 
Design successfully migrated to use XCI files...
open_bd_design: Time (s): cpu = 00:00:16 ; elapsed = 00:00:12 . Memory (MB): peak = 1334.309 ; gain = 155.797
update_compile_order -fileset sources_1
startgroup
create_bd_cell -type ip -vlnv xilinx.com:ip:axi_intc:4.1 axi_intc_0
endgroup
WARNING: [IP_Flow 19-474] Invalid Parameter 'Component_Name'
WARNING: [IP_Flow 19-474] Invalid Parameter 'Component_Name'
delete_bd_objs [get_bd_cells axi_intc_0]
save_project_as DanDike_AXIInterrupt C:/Users/saber/Desktop/DanDike_AXIInterrupt -exclude_run_results -force
Wrote  : <C:\Users\saber\Desktop\DanDike_AXIInterrupt\DanDike_AXIInterrupt.srcs\sources_1\bd\system\system.bd> 
Wrote  : <C:/Users/saber/Desktop/DanDike_AXIInterrupt/DanDike_AXIInterrupt.srcs/sources_1/bd/system/ui/bd_c954508f.ui> 
INFO: [Coretcl 2-133] re-setting run 'synth_1'...
WARNING: [Coretcl 2-98] Problems encountered while resetting run:
1. Failed to delete one or more files in run directory C:/Users/saber/Desktop/DanDike_AXIInterrupt/DanDike_AXIInterrupt.runs/synth_1

INFO: [Coretcl 2-133] re-setting run 'impl_1'...
save_project_as: Time (s): cpu = 00:00:10 ; elapsed = 00:00:16 . Memory (MB): peak = 1819.512 ; gain = 170.473
exit
INFO: [Common 17-206] Exiting Vivado at Fri Jun 27 10:11:48 2025...
