#-----------------------------------------------------------
# Vivado v2020.2 (64-bit)
# SW Build 3064766 on Wed Nov 18 09:12:45 MST 2020
# IP Build 3064653 on Wed Nov 18 14:17:31 MST 2020
# Start of session at: Sat Jun 14 09:11:22 2025
# Process ID: 19092
# Current directory: C:/Users/saber/Desktop/share/DanDike_NewBoard
# Command line: vivado.exe -gui_launcher_event rodinguilauncherevent18912 C:\Users\saber\Desktop\share\DanDike_NewBoard\DanDike_NewBoard.xpr
# Log file: C:/Users/saber/Desktop/share/DanDike_NewBoard/vivado.log
# Journal file: C:/Users/saber/Desktop/share/DanDike_NewBoard\vivado.jou
#-----------------------------------------------------------
start_gui
open_project C:/Users/saber/Desktop/share/DanDike_NewBoard/DanDike_NewBoard.xpr
Scanning sources...
Finished scanning sources
INFO: [IP_Flow 19-234] Refreshing IP repositories
INFO: [IP_Flow 19-1700] Loaded user IP repository 'c:/Users/saber/Desktop/share/DanDike_NewBoard/ip_repo'.
INFO: [IP_Flow 19-1700] Loaded user IP repository 'c:/Users/saber/Desktop/share/DanDike_NewBoard/if'.
INFO: [IP_Flow 19-2313] Loaded Vivado IP repository 'E:/vivado/Vivado/2020.2/data/ip'.
open_project: Time (s): cpu = 00:00:24 ; elapsed = 00:00:26 . Memory (MB): peak = 1155.156 ; gain = 34.836
update_compile_order -fileset sources_1
open_bd_design {C:/Users/saber/Desktop/share/DanDike_NewBoard/DanDike_NewBoard.srcs/sources_1/bd/system/system.bd}
Reading block design file <C:/Users/saber/Desktop/share/DanDike_NewBoard/DanDike_NewBoard.srcs/sources_1/bd/system/system.bd>...
Adding component instance block -- xilinx.com:ip:processing_system7:5.5 - processing_system7_0
Adding component instance block -- xilinx.com:ip:proc_sys_reset:5.0 - rst_ps7_0_100M
Adding component instance block -- xilinx.com:ip:axi_interconnect:2.1 - ps7_0_axi_periph
Adding component instance block -- xilinx.com:ip:axi_crossbar:2.1 - xbar
Adding component instance block -- xilinx.com:ip:axi_protocol_converter:2.1 - auto_pc
Adding component instance block -- xilinx.com:ip:axi_protocol_converter:2.1 - auto_pc
Adding component instance block -- xilinx.com:ip:axi_protocol_converter:2.1 - auto_pc
Adding component instance block -- xilinx.com:ip:axi_protocol_converter:2.1 - auto_pc
Adding component instance block -- xilinx.com:ip:axi_protocol_converter:2.1 - auto_pc
Adding component instance block -- xilinx.com:ip:axi_protocol_converter:2.1 - auto_pc
Adding component instance block -- xilinx.com:ip:axi_protocol_converter:2.1 - auto_pc
Adding component instance block -- xilinx.com:ip:axi_protocol_converter:2.1 - auto_pc
Adding component instance block -- xilinx.com:ip:axi_protocol_converter:2.1 - auto_pc
Adding component instance block -- xilinx.com:ip:axi_protocol_converter:2.1 - auto_pc
Adding component instance block -- xilinx.com:ip:axi_protocol_converter:2.1 - auto_pc
Adding component instance block -- xilinx.com:ip:axi_protocol_converter:2.1 - auto_pc
Adding component instance block -- xilinx.com:ip:axi_protocol_converter:2.1 - auto_pc
Adding component instance block -- xilinx.com:ip:axi_protocol_converter:2.1 - auto_pc
Adding component instance block -- xilinx.com:ip:axi_protocol_converter:2.1 - auto_pc
Adding component instance block -- xilinx.com:ip:axi_protocol_converter:2.1 - auto_pc
Adding component instance block -- xilinx.com:ip:proc_sys_reset:5.0 - proc_sys_reset_0
Adding component instance block -- xilinx.com:ip:xlconcat:2.1 - xlconcat_0
Adding component instance block -- xilinx.com:ip:proc_sys_reset:5.0 - rst_ps7_0_142M
Adding component instance block -- xilinx.com:ip:axi_vdma:6.3 - axi_vdma_0
Adding component instance block -- xilinx.com:ip:axi_gpio:2.0 - axi_gpio_0
Adding component instance block -- xilinx.com:ip:v_axi4s_vid_out:4.0 - v_axi4s_vid_out_0
Adding component instance block -- xilinx.com:ip:v_tc:6.2 - v_tc_0
Adding component instance block -- xilinx.com:ip:clk_wiz:6.0 - clk_wiz_0
Adding component instance block -- digilentinc.com:IP:PWM:2.0 - PWM_0
Adding component instance block -- xilinx.com:ip:axi_interconnect:2.1 - axi_mem_intercon
Adding component instance block -- xilinx.com:ip:axi_protocol_converter:2.1 - auto_pc
Adding component instance block -- openedv.com:user:rgb2lcd:1.0 - rgb2lcd_0
Adding component instance block -- xilinx.com:ip:axi_gpio:2.0 - axi_gpio_0
Adding component instance block -- xilinx.com:ip:axi_uartlite:2.0 - axi_uartlite_0
Adding component instance block -- xilinx.com:ip:axi_iic:2.0 - axi_iic_0
Adding component instance block -- xilinx.com:ip:util_vector_logic:2.0 - util_vector_logic_0
Adding component instance block -- xilinx.com:user:coder:1.0 - coder_0
Adding component instance block -- xilinx.com:ip:util_vector_logic:2.0 - util_vector_logic_0
Adding component instance block -- xilinx.com:user:gmii2rgmii:1.0 - gmii2rgmii_0
Adding component instance block -- xilinx.com:user:power_pulse_v1_AXI:1.0 - power_pulse_v1_AXI_0
Adding component instance block -- xilinx.com:ip:axi_bram_ctrl:4.1 - axi_bram_ctrl_0
Adding component instance block -- xilinx.com:user:dac_whole:1.0 - dac_whole_0
Adding component instance block -- xilinx.com:ip:axis_data_fifo:2.0 - axis_data_fifo_1
Adding component instance block -- xilinx.com:ip:axi_dma:7.1 - axi_dma_0
Adding component instance block -- xilinx.com:ip:blk_mem_gen:8.4 - blk_mem_gen_0
Adding component instance block -- xilinx.com:ip:smartconnect:1.0 - axi_smc
Adding component instance block -- xilinx.com:user:adc_whole:2.0 - adc_whole_0
Adding component instance block -- xilinx.com:user:stimer_onoff_pa_rw:1.0 - stimer_onoff_pa_rw_A_0
Adding component instance block -- xilinx.com:ip:axi_iic:2.0 - axi_iic_0
Adding component instance block -- xilinx.com:ip:system_ila:1.1 - system_ila_0
Successfully read diagram <system> from block design file <C:/Users/saber/Desktop/share/DanDike_NewBoard/DanDike_NewBoard.srcs/sources_1/bd/system/system.bd>
open_bd_design: Time (s): cpu = 00:00:09 ; elapsed = 00:00:10 . Memory (MB): peak = 1314.789 ; gain = 130.375
update_ip_catalog -rebuild -scan_changes
INFO: [IP_Flow 19-234] Refreshing IP repositories
INFO: [IP_Flow 19-1700] Loaded user IP repository 'c:/Users/saber/Desktop/share/DanDike_NewBoard/ip_repo'.
INFO: [IP_Flow 19-1700] Loaded user IP repository 'c:/Users/saber/Desktop/share/DanDike_NewBoard/if'.
report_ip_status -name ip_status
upgrade_ip -vlnv xilinx.com:user:stimer_onoff_pa_rw:1.0 [get_ips  system_stimer_onoff_pa_rw_A_0_0] -log ip_upgrade.log
Upgrading 'C:/Users/saber/Desktop/share/DanDike_NewBoard/DanDike_NewBoard.srcs/sources_1/bd/system/system.bd'
INFO: [IP_Flow 19-1972] Upgraded system_stimer_onoff_pa_rw_A_0_0 from stimer_onoff_pa_rw_v1_0 1.0 to stimer_onoff_pa_rw_v1_0 1.0
Wrote  : <C:\Users\saber\Desktop\share\DanDike_NewBoard\DanDike_NewBoard.srcs\sources_1\bd\system\system.bd> 
Wrote  : <C:/Users/saber/Desktop/share/DanDike_NewBoard/DanDike_NewBoard.srcs/sources_1/bd/system/ui/bd_c954508f.ui> 
INFO: [Coretcl 2-1525] Wrote upgrade log to 'C:/Users/saber/Desktop/share/DanDike_NewBoard/ip_upgrade.log'.
export_ip_user_files -of_objects [get_ips system_stimer_onoff_pa_rw_A_0_0] -no_script -sync -force -quiet
report_ip_status -name ip_status 
reset_run synth_1
launch_runs impl_1 -to_step write_bitstream -jobs 8
WARNING: [BD 41-1781] Updates have been made to one or more nets/interface connections marked for debug.
Debug nets, which are already connected to any ILA IP core in the block-design, will be automatically available for debug in Hardware Manager.
For unconnected Debug nets, please open synthesized design and use 'Set Up Debug' wizard to insert, modify or delete Debug Cores. 
WARNING: [BD 41-702] Propagation TCL tries to overwrite USER strength parameter C_ILA_CLK_FREQ(100000000) on '/ila_lib' with propagated value(1e+08). Command ignored
INFO: [xilinx.com:ip:axi_vdma:6.3-16] /lcd/axi_vdma_0 
                    All clocks connected to AXI VDMA are not identical, therefore configuring AXI-VDMA in ASYNC mode.
INFO: [xilinx.com:ip:clk_wiz:6.0-1] /lcd/clk_wiz_0 clk_wiz propagate
INFO: [xilinx.com:ip:clk_wiz:6.0-1] /lcd/clk_wiz_0 clk_wiz propagate
WARNING: [BD 41-927] Following properties on pin /power_pulse_v1_AXI_0/S_AXI_ACLK have been updated from connected ip, but BD cell '/power_pulse_v1_AXI_0' does not accept parameter changes, so they may not be synchronized with cell properties:
	FREQ_HZ = 1e+08 
Please resolve any mismatches by directly setting properties on BD cell </power_pulse_v1_AXI_0> to completely resolve these warnings.
WARNING: [BD 41-927] Following properties on pin /AC_8_channel_0/stimer_onoff_pa_rw_A_0/S_AXI_ACLK have been updated from connected ip, but BD cell '/AC_8_channel_0/stimer_onoff_pa_rw_A_0' does not accept parameter changes, so they may not be synchronized with cell properties:
	FREQ_HZ = 1e+08 
Please resolve any mismatches by directly setting properties on BD cell </AC_8_channel_0/stimer_onoff_pa_rw_A_0> to completely resolve these warnings.
WARNING: [BD 41-927] Following properties on pin /AC_8_channel_0/adda/dac_whole_0/S_AXIS_ACLK have been updated from connected ip, but BD cell '/AC_8_channel_0/adda/dac_whole_0' does not accept parameter changes, so they may not be synchronized with cell properties:
	FREQ_HZ = 1e+08 
Please resolve any mismatches by directly setting properties on BD cell </AC_8_channel_0/adda/dac_whole_0> to completely resolve these warnings.
WARNING: [BD 41-927] Following properties on pin /AC_8_channel_0/adda/dac_whole_0/S_AXI_ACLK have been updated from connected ip, but BD cell '/AC_8_channel_0/adda/dac_whole_0' does not accept parameter changes, so they may not be synchronized with cell properties:
	FREQ_HZ = 1e+08 
Please resolve any mismatches by directly setting properties on BD cell </AC_8_channel_0/adda/dac_whole_0> to completely resolve these warnings.
WARNING: [BD 41-927] Following properties on pin /AC_8_channel_0/adda/adc_whole_0/M_AXIS_ACLK have been updated from connected ip, but BD cell '/AC_8_channel_0/adda/adc_whole_0' does not accept parameter changes, so they may not be synchronized with cell properties:
	FREQ_HZ = 1e+08 
Please resolve any mismatches by directly setting properties on BD cell </AC_8_channel_0/adda/adc_whole_0> to completely resolve these warnings.
WARNING: [BD 41-927] Following properties on pin /AC_8_channel_0/adda/adc_whole_0/S_AXI_ACLK have been updated from connected ip, but BD cell '/AC_8_channel_0/adda/adc_whole_0' does not accept parameter changes, so they may not be synchronized with cell properties:
	FREQ_HZ = 1e+08 
Please resolve any mismatches by directly setting properties on BD cell </AC_8_channel_0/adda/adc_whole_0> to completely resolve these warnings.
Wrote  : <C:\Users\saber\Desktop\share\DanDike_NewBoard\DanDike_NewBoard.srcs\sources_1\bd\system\system.bd> 
