#-----------------------------------------------------------
# Vivado v2020.2 (64-bit)
# SW Build 3064766 on Wed Nov 18 09:12:45 MST 2020
# IP Build 3064653 on Wed Nov 18 14:17:31 MST 2020
# Start of session at: Mon Dec 29 15:41:27 2025
# Process ID: 21264
# Current directory: C:/Users/saber/Desktop/share/DanDike_NewBoard
# Command line: vivado.exe -gui_launcher_event rodinguilauncherevent20668 C:\Users\saber\Desktop\share\DanDike_NewBoard\DanDike_NewBoard.xpr
# Log file: C:/Users/saber/Desktop/share/DanDike_NewBoard/vivado.log
# Journal file: C:/Users/saber/Desktop/share/DanDike_NewBoard\vivado.jou
#-----------------------------------------------------------
start_gui
open_project C:/Users/saber/Desktop/share/DanDike_NewBoard/DanDike_NewBoard.xpr
Scanning sources...
Finished scanning sources
INFO: [IP_Flow 19-234] Refreshing IP repositories
INFO: [IP_Flow 19-1700] Loaded user IP repository 'c:/Users/saber/Desktop/share/DanDike_NewBoard/ip_repo'.
INFO: [IP_Flow 19-1700] Loaded user IP repository 'c:/Users/saber/Desktop/share/DanDike_NewBoard/if'.
INFO: [IP_Flow 19-2313] Loaded Vivado IP repository 'E:/vivado/Vivado/2020.2/data/ip'.
open_project: Time (s): cpu = 00:00:22 ; elapsed = 00:00:26 . Memory (MB): peak = 1125.680 ; gain = 4.289
update_compile_order -fileset sources_1
open_bd_design {C:/Users/saber/Desktop/share/DanDike_NewBoard/DanDike_NewBoard.srcs/sources_1/bd/system/system.bd}
Reading block design file <C:/Users/saber/Desktop/share/DanDike_NewBoard/DanDike_NewBoard.srcs/sources_1/bd/system/system.bd>...
INFO: [Common 17-41] Interrupt caught. Command should exit soon.
INFO: [Common 17-344] 'source' was cancelled
INFO: [Common 17-344] 'load_features' was cancelled
1
ERROR: [IP_Flow 19-2234] Failed to initialize IP Tcl interpreter '::ipgui_xilinx_com_signal_param_clock_1_0': 1
    while executing
"catch {namespace eval :: {load_features ipservices}}"
ERROR: [IP_Flow 19-883] Failed to create TCL scope '::ipgui_xilinx_com_signal_param_clock_1_0' for IP GUI
ERROR: [IP_Flow 19-3428] Failed to create Customization object clock_temp
CRITICAL WARNING: [IP_Flow 19-5622] Failed to create IP instance 'clock_temp'. Failed to customize IP instance 'clock_temp'. Failed to load customization data
Adding component instance block -- xilinx.com:ip:processing_system7:5.5 - processing_system7_0
ERROR: [BD 41-69] Error sourcing TCL script: 
    while executing
"source -notrace {e:/vivado/Vivado/2020.2/data/ip/xilinx/processing_system7_v5_5/bd/bd.tcl} "
    (in namespace eval "::xilinx.com_ip_processing_system7_5.5" script line 1)
    invoked from within
"namespace eval ::xilinx.com_ip_processing_system7_5.5 { source -notrace {e:/vivado/Vivado/2020.2/data/ip/xilinx/processing_system7_v5_5/bd/bd.tcl} }"
ERROR: [BD 41-69] Error sourcing TCL script: 
    while executing
"source -notrace {e:/vivado/Vivado/2020.2/data/ip/xilinx/processing_system7_v5_5/bd/bd.tcl} "
    (in namespace eval "::xilinx.com_ip_processing_system7_5.5" script line 1)
    invoked from within
"namespace eval ::xilinx.com_ip_processing_system7_5.5 { source -notrace {e:/vivado/Vivado/2020.2/data/ip/xilinx/processing_system7_v5_5/bd/bd.tcl} }"
Adding component instance block -- xilinx.com:ip:proc_sys_reset:5.0 - rst_ps7_0_100M
ERROR: [BD 41-69] Error sourcing TCL script: 
    while executing
"source -notrace {e:/vivado/Vivado/2020.2/data/ip/xilinx/proc_sys_reset_v5_0/bd/bd.tcl} "
    (in namespace eval "::xilinx.com_ip_proc_sys_reset_5.0" script line 1)
    invoked from within
"namespace eval ::xilinx.com_ip_proc_sys_reset_5.0 { source -notrace {e:/vivado/Vivado/2020.2/data/ip/xilinx/proc_sys_reset_v5_0/bd/bd.tcl} }"
ERROR: [BD 41-69] Error sourcing TCL script: 
    while executing
"source -notrace {e:/vivado/Vivado/2020.2/data/ip/xilinx/proc_sys_reset_v5_0/bd/bd.tcl} "
    (in namespace eval "::xilinx.com_ip_proc_sys_reset_5.0" script line 1)
    invoked from within
"namespace eval ::xilinx.com_ip_proc_sys_reset_5.0 { source -notrace {e:/vivado/Vivado/2020.2/data/ip/xilinx/proc_sys_reset_v5_0/bd/bd.tcl} }"
Adding component instance block -- xilinx.com:ip:axi_interconnect:2.1 - ps7_0_axi_periph
INFO: [BD 41-1808] Open Block Design has been cancelled.
INFO: [Common 17-344] 'open_bd_design' was cancelled
open_run synth_1 -name synth_1
Design is defaulting to impl run constrset: constrs_1
Design is defaulting to synth run part: xc7z020clg400-2
INFO: [Device 21-403] Loading part xc7z020clg400-2
Netlist sorting complete. Time (s): cpu = 00:00:01 ; elapsed = 00:00:00.928 . Memory (MB): peak = 1655.422 ; gain = 1.977
INFO: [Netlist 29-17] Analyzing 1720 Unisim elements for replacement
INFO: [Netlist 29-28] Unisim Transformation completed in 0 CPU seconds
INFO: [Project 1-479] Netlist was created with Vivado 2020.2
INFO: [Project 1-570] Preparing netlist for logic optimization
Parsing XDC File [c:/Users/saber/Desktop/share/DanDike_NewBoard/DanDike_NewBoard.srcs/sources_1/bd/system/ip/system_processing_system7_0_0_1/system_processing_system7_0_0.xdc] for cell 'system_i/processing_system7_0/inst'
Finished Parsing XDC File [c:/Users/saber/Desktop/share/DanDike_NewBoard/DanDike_NewBoard.srcs/sources_1/bd/system/ip/system_processing_system7_0_0_1/system_processing_system7_0_0.xdc] for cell 'system_i/processing_system7_0/inst'
Parsing XDC File [c:/Users/saber/Desktop/share/DanDike_NewBoard/DanDike_NewBoard.srcs/sources_1/bd/system/ip/system_rst_ps7_0_100M_0_1/system_rst_ps7_0_100M_0_board.xdc] for cell 'system_i/rst_ps7_0_100M/U0'
Finished Parsing XDC File [c:/Users/saber/Desktop/share/DanDike_NewBoard/DanDike_NewBoard.srcs/sources_1/bd/system/ip/system_rst_ps7_0_100M_0_1/system_rst_ps7_0_100M_0_board.xdc] for cell 'system_i/rst_ps7_0_100M/U0'
Parsing XDC File [c:/Users/saber/Desktop/share/DanDike_NewBoard/DanDike_NewBoard.srcs/sources_1/bd/system/ip/system_rst_ps7_0_100M_0_1/system_rst_ps7_0_100M_0.xdc] for cell 'system_i/rst_ps7_0_100M/U0'
Finished Parsing XDC File [c:/Users/saber/Desktop/share/DanDike_NewBoard/DanDike_NewBoard.srcs/sources_1/bd/system/ip/system_rst_ps7_0_100M_0_1/system_rst_ps7_0_100M_0.xdc] for cell 'system_i/rst_ps7_0_100M/U0'
Parsing XDC File [c:/Users/saber/Desktop/share/DanDike_NewBoard/DanDike_NewBoard.srcs/sources_1/bd/system/ip/system_proc_sys_reset_0_0_1/system_proc_sys_reset_0_0_board.xdc] for cell 'system_i/proc_sys_reset_0/U0'
Finished Parsing XDC File [c:/Users/saber/Desktop/share/DanDike_NewBoard/DanDike_NewBoard.srcs/sources_1/bd/system/ip/system_proc_sys_reset_0_0_1/system_proc_sys_reset_0_0_board.xdc] for cell 'system_i/proc_sys_reset_0/U0'
Parsing XDC File [c:/Users/saber/Desktop/share/DanDike_NewBoard/DanDike_NewBoard.srcs/sources_1/bd/system/ip/system_proc_sys_reset_0_0_1/system_proc_sys_reset_0_0.xdc] for cell 'system_i/proc_sys_reset_0/U0'
Finished Parsing XDC File [c:/Users/saber/Desktop/share/DanDike_NewBoard/DanDike_NewBoard.srcs/sources_1/bd/system/ip/system_proc_sys_reset_0_0_1/system_proc_sys_reset_0_0.xdc] for cell 'system_i/proc_sys_reset_0/U0'
Parsing XDC File [c:/Users/saber/Desktop/share/DanDike_NewBoard/DanDike_NewBoard.srcs/sources_1/bd/system/ip/system_rst_ps7_0_142M_0_1/system_rst_ps7_0_142M_0_board.xdc] for cell 'system_i/lcd/rst_ps7_0_142M/U0'
Finished Parsing XDC File [c:/Users/saber/Desktop/share/DanDike_NewBoard/DanDike_NewBoard.srcs/sources_1/bd/system/ip/system_rst_ps7_0_142M_0_1/system_rst_ps7_0_142M_0_board.xdc] for cell 'system_i/lcd/rst_ps7_0_142M/U0'
Parsing XDC File [c:/Users/saber/Desktop/share/DanDike_NewBoard/DanDike_NewBoard.srcs/sources_1/bd/system/ip/system_rst_ps7_0_142M_0_1/system_rst_ps7_0_142M_0.xdc] for cell 'system_i/lcd/rst_ps7_0_142M/U0'
Finished Parsing XDC File [c:/Users/saber/Desktop/share/DanDike_NewBoard/DanDike_NewBoard.srcs/sources_1/bd/system/ip/system_rst_ps7_0_142M_0_1/system_rst_ps7_0_142M_0.xdc] for cell 'system_i/lcd/rst_ps7_0_142M/U0'
Parsing XDC File [c:/Users/saber/Desktop/share/DanDike_NewBoard/DanDike_NewBoard.srcs/sources_1/bd/system/ip/system_axi_vdma_0_0_1/system_axi_vdma_0_0.xdc] for cell 'system_i/lcd/axi_vdma_0/U0'
WARNING: [Vivado_Tcl 4-921] Waiver ID 'CDC-4' -to list should not be empty. [c:/Users/saber/Desktop/share/DanDike_NewBoard/DanDike_NewBoard.srcs/sources_1/bd/system/ip/system_axi_vdma_0_0_1/system_axi_vdma_0_0.xdc:65]
WARNING: [Vivado_Tcl 4-921] Waiver ID 'CDC-4' -to list should not be empty. [c:/Users/saber/Desktop/share/DanDike_NewBoard/DanDike_NewBoard.srcs/sources_1/bd/system/ip/system_axi_vdma_0_0_1/system_axi_vdma_0_0.xdc:69]
WARNING: [Vivado_Tcl 4-921] Waiver ID 'CDC-4' -to list should not be empty. [c:/Users/saber/Desktop/share/DanDike_NewBoard/DanDike_NewBoard.srcs/sources_1/bd/system/ip/system_axi_vdma_0_0_1/system_axi_vdma_0_0.xdc:93]
WARNING: [Vivado_Tcl 4-921] Waiver ID 'CDC-4' -to list should not be empty. [c:/Users/saber/Desktop/share/DanDike_NewBoard/DanDike_NewBoard.srcs/sources_1/bd/system/ip/system_axi_vdma_0_0_1/system_axi_vdma_0_0.xdc:97]
WARNING: [Vivado_Tcl 4-921] Waiver ID 'CDC-4' -to list should not be empty. [c:/Users/saber/Desktop/share/DanDike_NewBoard/DanDike_NewBoard.srcs/sources_1/bd/system/ip/system_axi_vdma_0_0_1/system_axi_vdma_0_0.xdc:101]
WARNING: [Vivado_Tcl 4-921] Waiver ID 'CDC-4' -to list should not be empty. [c:/Users/saber/Desktop/share/DanDike_NewBoard/DanDike_NewBoard.srcs/sources_1/bd/system/ip/system_axi_vdma_0_0_1/system_axi_vdma_0_0.xdc:105]
WARNING: [Vivado_Tcl 4-921] Waiver ID 'CDC-4' -to list should not be empty. [c:/Users/saber/Desktop/share/DanDike_NewBoard/DanDike_NewBoard.srcs/sources_1/bd/system/ip/system_axi_vdma_0_0_1/system_axi_vdma_0_0.xdc:109]
WARNING: [Vivado_Tcl 4-921] Waiver ID 'CDC-1' -to list should not be empty. [c:/Users/saber/Desktop/share/DanDike_NewBoard/DanDike_NewBoard.srcs/sources_1/bd/system/ip/system_axi_vdma_0_0_1/system_axi_vdma_0_0.xdc:113]
WARNING: [Vivado_Tcl 4-921] Waiver ID 'CDC-4' -to list should not be empty. [c:/Users/saber/Desktop/share/DanDike_NewBoard/DanDike_NewBoard.srcs/sources_1/bd/system/ip/system_axi_vdma_0_0_1/system_axi_vdma_0_0.xdc:121]
WARNING: [Vivado_Tcl 4-921] Waiver ID 'CDC-4' -to list should not be empty. [c:/Users/saber/Desktop/share/DanDike_NewBoard/DanDike_NewBoard.srcs/sources_1/bd/system/ip/system_axi_vdma_0_0_1/system_axi_vdma_0_0.xdc:125]
WARNING: [Vivado_Tcl 4-921] Waiver ID 'CDC-1' -to list should not be empty. [c:/Users/saber/Desktop/share/DanDike_NewBoard/DanDike_NewBoard.srcs/sources_1/bd/system/ip/system_axi_vdma_0_0_1/system_axi_vdma_0_0.xdc:129]
WARNING: [Vivado_Tcl 4-921] Waiver ID 'CDC-4' -to list should not be empty. [c:/Users/saber/Desktop/share/DanDike_NewBoard/DanDike_NewBoard.srcs/sources_1/bd/system/ip/system_axi_vdma_0_0_1/system_axi_vdma_0_0.xdc:141]
WARNING: [Vivado_Tcl 4-921] Waiver ID 'CDC-4' -to list should not be empty. [c:/Users/saber/Desktop/share/DanDike_NewBoard/DanDike_NewBoard.srcs/sources_1/bd/system/ip/system_axi_vdma_0_0_1/system_axi_vdma_0_0.xdc:145]
WARNING: [Vivado_Tcl 4-921] Waiver ID 'CDC-1' -to list should not be empty. [c:/Users/saber/Desktop/share/DanDike_NewBoard/DanDike_NewBoard.srcs/sources_1/bd/system/ip/system_axi_vdma_0_0_1/system_axi_vdma_0_0.xdc:149]
WARNING: [Vivado_Tcl 4-921] Waiver ID 'CDC-4' -to list should not be empty. [c:/Users/saber/Desktop/share/DanDike_NewBoard/DanDike_NewBoard.srcs/sources_1/bd/system/ip/system_axi_vdma_0_0_1/system_axi_vdma_0_0.xdc:153]
WARNING: [Vivado_Tcl 4-921] Waiver ID 'CDC-4' -to list should not be empty. [c:/Users/saber/Desktop/share/DanDike_NewBoard/DanDike_NewBoard.srcs/sources_1/bd/system/ip/system_axi_vdma_0_0_1/system_axi_vdma_0_0.xdc:157]
WARNING: [Vivado_Tcl 4-921] Waiver ID 'CDC-4' -to list should not be empty. [c:/Users/saber/Desktop/share/DanDike_NewBoard/DanDike_NewBoard.srcs/sources_1/bd/system/ip/system_axi_vdma_0_0_1/system_axi_vdma_0_0.xdc:161]
WARNING: [Vivado_Tcl 4-921] Waiver ID 'CDC-4' -to list should not be empty. [c:/Users/saber/Desktop/share/DanDike_NewBoard/DanDike_NewBoard.srcs/sources_1/bd/system/ip/system_axi_vdma_0_0_1/system_axi_vdma_0_0.xdc:165]
WARNING: [Vivado_Tcl 4-921] Waiver ID 'CDC-4' -to list should not be empty. [c:/Users/saber/Desktop/share/DanDike_NewBoard/DanDike_NewBoard.srcs/sources_1/bd/system/ip/system_axi_vdma_0_0_1/system_axi_vdma_0_0.xdc:169]
WARNING: [Vivado_Tcl 4-921] Waiver ID 'CDC-4' -to list should not be empty. [c:/Users/saber/Desktop/share/DanDike_NewBoard/DanDike_NewBoard.srcs/sources_1/bd/system/ip/system_axi_vdma_0_0_1/system_axi_vdma_0_0.xdc:173]
WARNING: [Vivado_Tcl 4-921] Waiver ID 'CDC-4' -to list should not be empty. [c:/Users/saber/Desktop/share/DanDike_NewBoard/DanDike_NewBoard.srcs/sources_1/bd/system/ip/system_axi_vdma_0_0_1/system_axi_vdma_0_0.xdc:177]
WARNING: [Vivado_Tcl 4-921] Waiver ID 'CDC-1' -to list should not be empty. [c:/Users/saber/Desktop/share/DanDike_NewBoard/DanDike_NewBoard.srcs/sources_1/bd/system/ip/system_axi_vdma_0_0_1/system_axi_vdma_0_0.xdc:181]
WARNING: [Vivado_Tcl 4-921] Waiver ID 'CDC-4' -to list should not be empty. [c:/Users/saber/Desktop/share/DanDike_NewBoard/DanDike_NewBoard.srcs/sources_1/bd/system/ip/system_axi_vdma_0_0_1/system_axi_vdma_0_0.xdc:185]
WARNING: [Vivado_Tcl 4-921] Waiver ID 'CDC-1' -to list should not be empty. [c:/Users/saber/Desktop/share/DanDike_NewBoard/DanDike_NewBoard.srcs/sources_1/bd/system/ip/system_axi_vdma_0_0_1/system_axi_vdma_0_0.xdc:189]
WARNING: [Vivado_Tcl 4-921] Waiver ID 'CDC-6' -to list should not be empty. [c:/Users/saber/Desktop/share/DanDike_NewBoard/DanDike_NewBoard.srcs/sources_1/bd/system/ip/system_axi_vdma_0_0_1/system_axi_vdma_0_0.xdc:197]
WARNING: [Vivado_Tcl 4-921] Waiver ID 'CDC-6' -to list should not be empty. [c:/Users/saber/Desktop/share/DanDike_NewBoard/DanDike_NewBoard.srcs/sources_1/bd/system/ip/system_axi_vdma_0_0_1/system_axi_vdma_0_0.xdc:205]
WARNING: [Vivado_Tcl 4-921] Waiver ID 'CDC-6' -to list should not be empty. [c:/Users/saber/Desktop/share/DanDike_NewBoard/DanDike_NewBoard.srcs/sources_1/bd/system/ip/system_axi_vdma_0_0_1/system_axi_vdma_0_0.xdc:213]
WARNING: [Vivado_Tcl 4-921] Waiver ID 'CDC-6' -to list should not be empty. [c:/Users/saber/Desktop/share/DanDike_NewBoard/DanDike_NewBoard.srcs/sources_1/bd/system/ip/system_axi_vdma_0_0_1/system_axi_vdma_0_0.xdc:217]
WARNING: [Vivado_Tcl 4-921] Waiver ID 'CDC-6' -to list should not be empty. [c:/Users/saber/Desktop/share/DanDike_NewBoard/DanDike_NewBoard.srcs/sources_1/bd/system/ip/system_axi_vdma_0_0_1/system_axi_vdma_0_0.xdc:221]
WARNING: [Vivado_Tcl 4-921] Waiver ID 'CDC-6' -to list should not be empty. [c:/Users/saber/Desktop/share/DanDike_NewBoard/DanDike_NewBoard.srcs/sources_1/bd/system/ip/system_axi_vdma_0_0_1/system_axi_vdma_0_0.xdc:225]
Finished Parsing XDC File [c:/Users/saber/Desktop/share/DanDike_NewBoard/DanDike_NewBoard.srcs/sources_1/bd/system/ip/system_axi_vdma_0_0_1/system_axi_vdma_0_0.xdc] for cell 'system_i/lcd/axi_vdma_0/U0'
Parsing XDC File [c:/Users/saber/Desktop/share/DanDike_NewBoard/DanDike_NewBoard.srcs/sources_1/bd/system/ip/system_axi_gpio_0_0_1/system_axi_gpio_0_0_board.xdc] for cell 'system_i/lcd/axi_gpio_0/U0'
Finished Parsing XDC File [c:/Users/saber/Desktop/share/DanDike_NewBoard/DanDike_NewBoard.srcs/sources_1/bd/system/ip/system_axi_gpio_0_0_1/system_axi_gpio_0_0_board.xdc] for cell 'system_i/lcd/axi_gpio_0/U0'
Parsing XDC File [c:/Users/saber/Desktop/share/DanDike_NewBoard/DanDike_NewBoard.srcs/sources_1/bd/system/ip/system_axi_gpio_0_0_1/system_axi_gpio_0_0.xdc] for cell 'system_i/lcd/axi_gpio_0/U0'
Finished Parsing XDC File [c:/Users/saber/Desktop/share/DanDike_NewBoard/DanDike_NewBoard.srcs/sources_1/bd/system/ip/system_axi_gpio_0_0_1/system_axi_gpio_0_0.xdc] for cell 'system_i/lcd/axi_gpio_0/U0'
Parsing XDC File [c:/Users/saber/Desktop/share/DanDike_NewBoard/DanDike_NewBoard.srcs/sources_1/bd/system/ip/system_clk_wiz_0_0_1/system_clk_wiz_0_0_board.xdc] for cell 'system_i/lcd/clk_wiz_0/inst'
Finished Parsing XDC File [c:/Users/saber/Desktop/share/DanDike_NewBoard/DanDike_NewBoard.srcs/sources_1/bd/system/ip/system_clk_wiz_0_0_1/system_clk_wiz_0_0_board.xdc] for cell 'system_i/lcd/clk_wiz_0/inst'
Parsing XDC File [c:/Users/saber/Desktop/share/DanDike_NewBoard/DanDike_NewBoard.srcs/sources_1/bd/system/ip/system_clk_wiz_0_0_1/system_clk_wiz_0_0.xdc] for cell 'system_i/lcd/clk_wiz_0/inst'
INFO: [Timing 38-35] Done setting XDC timing constraints. [c:/Users/saber/Desktop/share/DanDike_NewBoard/DanDike_NewBoard.srcs/sources_1/bd/system/ip/system_clk_wiz_0_0_1/system_clk_wiz_0_0.xdc:57]
INFO: [Timing 38-2] Deriving generated clocks [c:/Users/saber/Desktop/share/DanDike_NewBoard/DanDike_NewBoard.srcs/sources_1/bd/system/ip/system_clk_wiz_0_0_1/system_clk_wiz_0_0.xdc:57]
Finished Parsing XDC File [c:/Users/saber/Desktop/share/DanDike_NewBoard/DanDike_NewBoard.srcs/sources_1/bd/system/ip/system_clk_wiz_0_0_1/system_clk_wiz_0_0.xdc] for cell 'system_i/lcd/clk_wiz_0/inst'
Parsing XDC File [c:/Users/saber/Desktop/share/DanDike_NewBoard/DanDike_NewBoard.srcs/sources_1/bd/system/ip/system_axi_gpio_0_1_1/system_axi_gpio_0_1_board.xdc] for cell 'system_i/axi_gpio_0/U0'
Finished Parsing XDC File [c:/Users/saber/Desktop/share/DanDike_NewBoard/DanDike_NewBoard.srcs/sources_1/bd/system/ip/system_axi_gpio_0_1_1/system_axi_gpio_0_1_board.xdc] for cell 'system_i/axi_gpio_0/U0'
Parsing XDC File [c:/Users/saber/Desktop/share/DanDike_NewBoard/DanDike_NewBoard.srcs/sources_1/bd/system/ip/system_axi_gpio_0_1_1/system_axi_gpio_0_1.xdc] for cell 'system_i/axi_gpio_0/U0'
Finished Parsing XDC File [c:/Users/saber/Desktop/share/DanDike_NewBoard/DanDike_NewBoard.srcs/sources_1/bd/system/ip/system_axi_gpio_0_1_1/system_axi_gpio_0_1.xdc] for cell 'system_i/axi_gpio_0/U0'
Parsing XDC File [c:/Users/saber/Desktop/share/DanDike_NewBoard/DanDike_NewBoard.srcs/sources_1/bd/system/ip/system_axi_uartlite_0_0_1/system_axi_uartlite_0_0_board.xdc] for cell 'system_i/axi_uartlite_0/U0'
Finished Parsing XDC File [c:/Users/saber/Desktop/share/DanDike_NewBoard/DanDike_NewBoard.srcs/sources_1/bd/system/ip/system_axi_uartlite_0_0_1/system_axi_uartlite_0_0_board.xdc] for cell 'system_i/axi_uartlite_0/U0'
Parsing XDC File [c:/Users/saber/Desktop/share/DanDike_NewBoard/DanDike_NewBoard.srcs/sources_1/bd/system/ip/system_axi_uartlite_0_0_1/system_axi_uartlite_0_0.xdc] for cell 'system_i/axi_uartlite_0/U0'
Finished Parsing XDC File [c:/Users/saber/Desktop/share/DanDike_NewBoard/DanDike_NewBoard.srcs/sources_1/bd/system/ip/system_axi_uartlite_0_0_1/system_axi_uartlite_0_0.xdc] for cell 'system_i/axi_uartlite_0/U0'
Parsing XDC File [c:/Users/saber/Desktop/share/DanDike_NewBoard/DanDike_NewBoard.srcs/sources_1/bd/system/ip/system_axi_iic_0_0_1/system_axi_iic_0_0_board.xdc] for cell 'system_i/key_board/axi_iic_0/U0'
Finished Parsing XDC File [c:/Users/saber/Desktop/share/DanDike_NewBoard/DanDike_NewBoard.srcs/sources_1/bd/system/ip/system_axi_iic_0_0_1/system_axi_iic_0_0_board.xdc] for cell 'system_i/key_board/axi_iic_0/U0'
Parsing XDC File [c:/Users/saber/Desktop/share/DanDike_NewBoard/DanDike_NewBoard.srcs/sources_1/bd/system/ip/system_axi_dma_0_0_1/system_axi_dma_0_0.xdc] for cell 'system_i/AC_8_channel_0/adda/axi_dma_0/U0'
WARNING: [Vivado_Tcl 4-921] Waiver ID 'CDC-1' -to list should not be empty. [c:/Users/saber/Desktop/share/DanDike_NewBoard/DanDike_NewBoard.srcs/sources_1/bd/system/ip/system_axi_dma_0_0_1/system_axi_dma_0_0.xdc:52]
WARNING: [Vivado_Tcl 4-921] Waiver ID 'CDC-1' -to list should not be empty. [c:/Users/saber/Desktop/share/DanDike_NewBoard/DanDike_NewBoard.srcs/sources_1/bd/system/ip/system_axi_dma_0_0_1/system_axi_dma_0_0.xdc:56]
WARNING: [Vivado_Tcl 4-919] Waiver ID 'CDC-1' -from list should not be empty. [c:/Users/saber/Desktop/share/DanDike_NewBoard/DanDike_NewBoard.srcs/sources_1/bd/system/ip/system_axi_dma_0_0_1/system_axi_dma_0_0.xdc:61]
Finished Parsing XDC File [c:/Users/saber/Desktop/share/DanDike_NewBoard/DanDike_NewBoard.srcs/sources_1/bd/system/ip/system_axi_dma_0_0_1/system_axi_dma_0_0.xdc] for cell 'system_i/AC_8_channel_0/adda/axi_dma_0/U0'
Parsing XDC File [c:/Users/saber/Desktop/share/DanDike_NewBoard/DanDike_NewBoard.srcs/sources_1/bd/system/ip/system_axi_smc_0_1/bd_0/ip/ip_1/bd_44e3_psr_aclk_0_board.xdc] for cell 'system_i/AC_8_channel_0/adda/axi_smc/inst/clk_map/psr_aclk/U0'
Finished Parsing XDC File [c:/Users/saber/Desktop/share/DanDike_NewBoard/DanDike_NewBoard.srcs/sources_1/bd/system/ip/system_axi_smc_0_1/bd_0/ip/ip_1/bd_44e3_psr_aclk_0_board.xdc] for cell 'system_i/AC_8_channel_0/adda/axi_smc/inst/clk_map/psr_aclk/U0'
Parsing XDC File [c:/Users/saber/Desktop/share/DanDike_NewBoard/DanDike_NewBoard.srcs/sources_1/bd/system/ip/system_axi_smc_0_1/bd_0/ip/ip_1/bd_44e3_psr_aclk_0.xdc] for cell 'system_i/AC_8_channel_0/adda/axi_smc/inst/clk_map/psr_aclk/U0'
Finished Parsing XDC File [c:/Users/saber/Desktop/share/DanDike_NewBoard/DanDike_NewBoard.srcs/sources_1/bd/system/ip/system_axi_smc_0_1/bd_0/ip/ip_1/bd_44e3_psr_aclk_0.xdc] for cell 'system_i/AC_8_channel_0/adda/axi_smc/inst/clk_map/psr_aclk/U0'
Parsing XDC File [c:/Users/saber/Desktop/share/DanDike_NewBoard/DanDike_NewBoard.srcs/sources_1/bd/system/ip/system_axi_iic_0_1/system_axi_iic_0_1_board.xdc] for cell 'system_i/RTC_EEPROM/axi_iic_0/U0'
Finished Parsing XDC File [c:/Users/saber/Desktop/share/DanDike_NewBoard/DanDike_NewBoard.srcs/sources_1/bd/system/ip/system_axi_iic_0_1/system_axi_iic_0_1_board.xdc] for cell 'system_i/RTC_EEPROM/axi_iic_0/U0'
Parsing XDC File [c:/Users/saber/Desktop/share/DanDike_NewBoard/DanDike_NewBoard.srcs/sources_1/bd/system/ip/system_axi_intc_0_0/system_axi_intc_0_0.xdc] for cell 'system_i/axi_intc_BareMetal/U0'
Finished Parsing XDC File [c:/Users/saber/Desktop/share/DanDike_NewBoard/DanDike_NewBoard.srcs/sources_1/bd/system/ip/system_axi_intc_0_0/system_axi_intc_0_0.xdc] for cell 'system_i/axi_intc_BareMetal/U0'
Parsing XDC File [c:/Users/saber/Desktop/share/DanDike_NewBoard/DanDike_NewBoard.srcs/sources_1/bd/system/ip/system_axi_cdma_0_0/system_axi_cdma_0_0.xdc] for cell 'system_i/AC_8_channel_0/adda/axi_cdma_0/U0'
Finished Parsing XDC File [c:/Users/saber/Desktop/share/DanDike_NewBoard/DanDike_NewBoard.srcs/sources_1/bd/system/ip/system_axi_cdma_0_0/system_axi_cdma_0_0.xdc] for cell 'system_i/AC_8_channel_0/adda/axi_cdma_0/U0'
Parsing XDC File [c:/Users/saber/Desktop/share/DanDike_NewBoard/DanDike_NewBoard.srcs/sources_1/bd/system/ip/system_smartconnect_0_0/bd_0/ip/ip_1/bd_919a_psr_aclk_0_board.xdc] for cell 'system_i/AC_8_channel_0/adda/smartconnect_0/inst/clk_map/psr_aclk/U0'
Finished Parsing XDC File [c:/Users/saber/Desktop/share/DanDike_NewBoard/DanDike_NewBoard.srcs/sources_1/bd/system/ip/system_smartconnect_0_0/bd_0/ip/ip_1/bd_919a_psr_aclk_0_board.xdc] for cell 'system_i/AC_8_channel_0/adda/smartconnect_0/inst/clk_map/psr_aclk/U0'
Parsing XDC File [c:/Users/saber/Desktop/share/DanDike_NewBoard/DanDike_NewBoard.srcs/sources_1/bd/system/ip/system_smartconnect_0_0/bd_0/ip/ip_1/bd_919a_psr_aclk_0.xdc] for cell 'system_i/AC_8_channel_0/adda/smartconnect_0/inst/clk_map/psr_aclk/U0'
Finished Parsing XDC File [c:/Users/saber/Desktop/share/DanDike_NewBoard/DanDike_NewBoard.srcs/sources_1/bd/system/ip/system_smartconnect_0_0/bd_0/ip/ip_1/bd_919a_psr_aclk_0.xdc] for cell 'system_i/AC_8_channel_0/adda/smartconnect_0/inst/clk_map/psr_aclk/U0'
Parsing XDC File [C:/Users/saber/Desktop/share/DanDike_NewBoard/DanDike_NewBoard.srcs/constrs_1/new/navigator.xdc]
Finished Parsing XDC File [C:/Users/saber/Desktop/share/DanDike_NewBoard/DanDike_NewBoard.srcs/constrs_1/new/navigator.xdc]
Parsing XDC File [c:/Users/saber/Desktop/share/DanDike_NewBoard/DanDike_NewBoard.srcs/sources_1/bd/system/ip/system_axi_vdma_0_0_1/system_axi_vdma_0_0_clocks.xdc] for cell 'system_i/lcd/axi_vdma_0/U0'
Finished Parsing XDC File [c:/Users/saber/Desktop/share/DanDike_NewBoard/DanDike_NewBoard.srcs/sources_1/bd/system/ip/system_axi_vdma_0_0_1/system_axi_vdma_0_0_clocks.xdc] for cell 'system_i/lcd/axi_vdma_0/U0'
Parsing XDC File [c:/Users/saber/Desktop/share/DanDike_NewBoard/DanDike_NewBoard.srcs/sources_1/bd/system/ip/system_v_axi4s_vid_out_0_0_1/system_v_axi4s_vid_out_0_0_clocks.xdc] for cell 'system_i/lcd/v_axi4s_vid_out_0/inst'
Finished Parsing XDC File [c:/Users/saber/Desktop/share/DanDike_NewBoard/DanDike_NewBoard.srcs/sources_1/bd/system/ip/system_v_axi4s_vid_out_0_0_1/system_v_axi4s_vid_out_0_0_clocks.xdc] for cell 'system_i/lcd/v_axi4s_vid_out_0/inst'
Parsing XDC File [c:/Users/saber/Desktop/share/DanDike_NewBoard/DanDike_NewBoard.srcs/sources_1/bd/system/ip/system_v_tc_0_0_1/system_v_tc_0_0_clocks.xdc] for cell 'system_i/lcd/v_tc_0/U0'
Finished Parsing XDC File [c:/Users/saber/Desktop/share/DanDike_NewBoard/DanDike_NewBoard.srcs/sources_1/bd/system/ip/system_v_tc_0_0_1/system_v_tc_0_0_clocks.xdc] for cell 'system_i/lcd/v_tc_0/U0'
Parsing XDC File [c:/Users/saber/Desktop/share/DanDike_NewBoard/DanDike_NewBoard.srcs/sources_1/bd/system/ip/system_axi_dma_0_0_1/system_axi_dma_0_0_clocks.xdc] for cell 'system_i/AC_8_channel_0/adda/axi_dma_0/U0'
Finished Parsing XDC File [c:/Users/saber/Desktop/share/DanDike_NewBoard/DanDike_NewBoard.srcs/sources_1/bd/system/ip/system_axi_dma_0_0_1/system_axi_dma_0_0_clocks.xdc] for cell 'system_i/AC_8_channel_0/adda/axi_dma_0/U0'
Parsing XDC File [c:/Users/saber/Desktop/share/DanDike_NewBoard/DanDike_NewBoard.srcs/sources_1/bd/system/ip/system_axi_intc_0_0/system_axi_intc_0_0_clocks.xdc] for cell 'system_i/axi_intc_BareMetal/U0'
Finished Parsing XDC File [c:/Users/saber/Desktop/share/DanDike_NewBoard/DanDike_NewBoard.srcs/sources_1/bd/system/ip/system_axi_intc_0_0/system_axi_intc_0_0_clocks.xdc] for cell 'system_i/axi_intc_BareMetal/U0'
INFO: [Project 1-1715] 8 XPM XDC files have been applied to the design.
INFO: [Opt 31-138] Pushed 0 inverter(s) to 0 load pin(s).
Netlist sorting complete. Time (s): cpu = 00:00:00 ; elapsed = 00:00:00.018 . Memory (MB): peak = 2511.672 ; gain = 0.000
INFO: [Project 1-111] Unisim Transformation Summary:
  A total of 351 instances were transformed.
  IOBUF => IOBUF (IBUF, OBUFT): 29 instances
  RAM16X1D => RAM32X1D (RAMD32(x2)): 1 instance 
  RAM32M => RAM32M (RAMD32(x6), RAMS32(x2)): 321 instances

open_run: Time (s): cpu = 00:00:38 ; elapsed = 00:00:43 . Memory (MB): peak = 2518.871 ; gain = 1333.242
set_property PULLTYPE NONE [get_ports [list UART_GPS_rxd]]
open_bd_design {C:/Users/saber/Desktop/share/DanDike_NewBoard/DanDike_NewBoard.srcs/sources_1/bd/system/system.bd}
Reading block design file <C:/Users/saber/Desktop/share/DanDike_NewBoard/DanDike_NewBoard.srcs/sources_1/bd/system/system.bd>...
Adding component instance block -- xilinx.com:ip:processing_system7:5.5 - processing_system7_0
Adding component instance block -- xilinx.com:ip:proc_sys_reset:5.0 - rst_ps7_0_100M
Adding component instance block -- xilinx.com:ip:axi_interconnect:2.1 - ps7_0_axi_periph
Adding component instance block -- xilinx.com:ip:axi_crossbar:2.1 - xbar
Adding component instance block -- xilinx.com:ip:axi_crossbar:2.1 - tier2_xbar_0
Adding component instance block -- xilinx.com:ip:axi_crossbar:2.1 - tier2_xbar_1
Adding component instance block -- xilinx.com:ip:axi_crossbar:2.1 - tier2_xbar_2
Adding component instance block -- xilinx.com:ip:axi_protocol_converter:2.1 - auto_pc
Adding component instance block -- xilinx.com:ip:axi_protocol_converter:2.1 - auto_pc
Adding component instance block -- xilinx.com:ip:axi_protocol_converter:2.1 - auto_pc
Adding component instance block -- xilinx.com:ip:axi_protocol_converter:2.1 - auto_pc
Adding component instance block -- xilinx.com:ip:axi_protocol_converter:2.1 - auto_pc
Adding component instance block -- xilinx.com:ip:axi_protocol_converter:2.1 - auto_pc
Adding component instance block -- xilinx.com:ip:axi_protocol_converter:2.1 - auto_pc
Adding component instance block -- xilinx.com:ip:axi_protocol_converter:2.1 - auto_pc
Adding component instance block -- xilinx.com:ip:axi_protocol_converter:2.1 - auto_pc
Adding component instance block -- xilinx.com:ip:axi_protocol_converter:2.1 - auto_pc
Adding component instance block -- xilinx.com:ip:proc_sys_reset:5.0 - proc_sys_reset_0
Adding component instance block -- xilinx.com:ip:xlconcat:2.1 - xlconcat
Adding component instance block -- xilinx.com:ip:proc_sys_reset:5.0 - rst_ps7_0_142M
Adding component instance block -- xilinx.com:ip:axi_vdma:6.3 - axi_vdma_0
Adding component instance block -- xilinx.com:ip:axi_gpio:2.0 - axi_gpio_0
Adding component instance block -- xilinx.com:ip:v_axi4s_vid_out:4.0 - v_axi4s_vid_out_0
Adding component instance block -- xilinx.com:ip:v_tc:6.2 - v_tc_0
Adding component instance block -- xilinx.com:ip:clk_wiz:6.0 - clk_wiz_0
Adding component instance block -- digilentinc.com:IP:PWM:2.0 - PWM_0
Adding component instance block -- xilinx.com:ip:axi_interconnect:2.1 - axi_mem_intercon
Adding component instance block -- xilinx.com:ip:axi_protocol_converter:2.1 - auto_pc
Adding component instance block -- openedv.com:user:rgb2lcd:1.0 - rgb2lcd_0
Adding component instance block -- xilinx.com:ip:axi_gpio:2.0 - axi_gpio_0
Adding component instance block -- xilinx.com:ip:axi_uartlite:2.0 - axi_uartlite_0
Adding component instance block -- xilinx.com:ip:axi_iic:2.0 - axi_iic_0
Adding component instance block -- xilinx.com:ip:util_vector_logic:2.0 - util_vector_logic_0
Adding component instance block -- xilinx.com:user:coder:1.0 - coder_0
Adding component instance block -- xilinx.com:ip:util_vector_logic:2.0 - util_vector_logic_0
Adding component instance block -- xilinx.com:user:gmii2rgmii:1.0 - gmii2rgmii_0
Adding component instance block -- xilinx.com:user:dac_whole:1.0 - dac_whole_0
Adding component instance block -- xilinx.com:ip:axis_data_fifo:2.0 - axis_data_fifo_1
Adding component instance block -- xilinx.com:ip:axi_dma:7.1 - axi_dma_0
Adding component instance block -- xilinx.com:ip:smartconnect:1.0 - axi_smc
Adding component instance block -- xilinx.com:ip:axi_cdma:4.1 - axi_cdma_0
Adding component instance block -- xilinx.com:ip:axi_bram_ctrl:4.1 - axi_bram_ctrl_1
Adding component instance block -- xilinx.com:ip:blk_mem_gen:8.4 - axi_bram_ctrl_1_bram
Adding component instance block -- xilinx.com:ip:smartconnect:1.0 - smartconnect_0
Adding component instance block -- xilinx.com:ip:axis_data_fifo:2.0 - axis_data_fifo_0
Adding component instance block -- xilinx.com:user:adc_whole:2.0 - adc_whole_0
Adding component instance block -- xilinx.com:user:stimer_onoff_pa_rw:1.0 - stimer_onoff_pa_rw_A_0
Adding component instance block -- xilinx.com:ip:axi_iic:2.0 - axi_iic_0
Adding component instance block -- xilinx.com:user:power_pulse_v1_AXI:1.0 - power_pulse_v1_AXI_0
Adding component instance block -- xilinx.com:ip:axi_intc:4.1 - axi_intc_BareMetal
Adding component instance block -- xilinx.com:ip:xlconcat:2.1 - xlconcat_BareMetal
Successfully read diagram <system> from block design file <C:/Users/saber/Desktop/share/DanDike_NewBoard/DanDike_NewBoard.srcs/sources_1/bd/system/system.bd>
open_bd_design: Time (s): cpu = 00:00:04 ; elapsed = 00:00:06 . Memory (MB): peak = 2696.395 ; gain = 138.016
exit
INFO: [Common 17-206] Exiting Vivado at Mon Dec 29 16:34:51 2025...
