#-----------------------------------------------------------
# Vivado v2020.2 (64-bit)
# SW Build 3064766 on Wed Nov 18 09:12:45 MST 2020
# IP Build 3064653 on Wed Nov 18 14:17:31 MST 2020
# Start of session at: Sat Jun 14 09:15:15 2025
# Process ID: 23696
# Current directory: C:/Users/saber/Desktop/share/DanDike_NewBoard
# Command line: vivado.exe -gui_launcher_event rodinguilauncherevent18964 C:\Users\saber\Desktop\share\DanDike_NewBoard\DanDike_NewBoard.xpr
# Log file: C:/Users/saber/Desktop/share/DanDike_NewBoard/vivado.log
# Journal file: C:/Users/saber/Desktop/share/DanDike_NewBoard\vivado.jou
#-----------------------------------------------------------
start_gui
open_project C:/Users/saber/Desktop/share/DanDike_NewBoard/DanDike_NewBoard.xpr
Scanning sources...
Finished scanning sources
INFO: [IP_Flow 19-234] Refreshing IP repositories
INFO: [IP_Flow 19-1700] Loaded user IP repository 'c:/Users/saber/Desktop/share/DanDike_NewBoard/ip_repo'.
INFO: [IP_Flow 19-1700] Loaded user IP repository 'c:/Users/saber/Desktop/share/DanDike_NewBoard/if'.
INFO: [IP_Flow 19-2313] Loaded Vivado IP repository 'E:/vivado/Vivado/2020.2/data/ip'.
open_project: Time (s): cpu = 00:00:17 ; elapsed = 00:00:11 . Memory (MB): peak = 1139.188 ; gain = 0.000
update_compile_order -fileset sources_1
launch_runs impl_1 -to_step write_bitstream -jobs 8
INFO: [BD 41-1662] The design 'system.bd' is already validated. Therefore parameter propagation will not be re-run.
WARNING: [BD 41-2384] Width mismatch when connecting pin: '/AC_8_channel_0/adda/blk_mem_gen_0/addra'(32) to pin: '/AC_8_channel_0/adda/axi_bram_ctrl_0/bram_addr_a'(14) - Only lower order bits will be connected.
VHDL Output written to : C:/Users/saber/Desktop/share/DanDike_NewBoard/DanDike_NewBoard.srcs/sources_1/bd/system/synth/system.v
WARNING: [BD 41-2384] Width mismatch when connecting pin: '/AC_8_channel_0/adda/blk_mem_gen_0/addra'(32) to pin: '/AC_8_channel_0/adda/axi_bram_ctrl_0/bram_addr_a'(14) - Only lower order bits will be connected.
VHDL Output written to : C:/Users/saber/Desktop/share/DanDike_NewBoard/DanDike_NewBoard.srcs/sources_1/bd/system/sim/system.v
VHDL Output written to : C:/Users/saber/Desktop/share/DanDike_NewBoard/DanDike_NewBoard.srcs/sources_1/bd/system/hdl/system_wrapper.v
WARNING: [IP_Flow 19-5611] Unable to find an associated reset port for the interface 'M_AXI_GP0'. A default connection has been created.
WARNING: [IP_Flow 19-5611] Unable to find an associated reset port for the interface 'S_AXI_HP0'. A default connection has been created.
WARNING: [IP_Flow 19-5611] Unable to find an associated reset port for the interface 'S_AXI_HP1'. A default connection has been created.
INFO: [BD 41-1029] Generation completed for the IP Integrator block processing_system7_0 .
INFO: [BD 41-1029] Generation completed for the IP Integrator block rst_ps7_0_100M .
INFO: [BD 41-1029] Generation completed for the IP Integrator block ps7_0_axi_periph/xbar .
INFO: [BD 41-1029] Generation completed for the IP Integrator block proc_sys_reset_0 .
INFO: [BD 41-1029] Generation completed for the IP Integrator block lcd/rst_ps7_0_142M .
INFO: [BD 41-1029] Generation completed for the IP Integrator block lcd/axi_vdma_0 .
INFO: [BD 41-1029] Generation completed for the IP Integrator block lcd/v_axi4s_vid_out_0 .
INFO: [BD 41-1029] Generation completed for the IP Integrator block lcd/v_tc_0 .
INFO: [BD 41-1029] Generation completed for the IP Integrator block axi_uartlite_0 .
INFO: [BD 41-1029] Generation completed for the IP Integrator block AC_8_channel_0/adda/axi_bram_ctrl_0 .
INFO: [BD 41-1029] Generation completed for the IP Integrator block AC_8_channel_0/adda/axis_data_fifo_1 .
INFO: [BD 41-1029] Generation completed for the IP Integrator block AC_8_channel_0/adda/axi_dma_0 .
Exporting to file c:/Users/saber/Desktop/share/DanDike_NewBoard/DanDike_NewBoard.srcs/sources_1/bd/system/ip/system_axi_smc_0_1/bd_0/hw_handoff/system_axi_smc_0.hwh
Generated Block Design Tcl file c:/Users/saber/Desktop/share/DanDike_NewBoard/DanDike_NewBoard.srcs/sources_1/bd/system/ip/system_axi_smc_0_1/bd_0/hw_handoff/system_axi_smc_0_bd.tcl
Generated Hardware Definition File c:/Users/saber/Desktop/share/DanDike_NewBoard/DanDike_NewBoard.srcs/sources_1/bd/system/ip/system_axi_smc_0_1/bd_0/synth/system_axi_smc_0.hwdef
INFO: [BD 41-1029] Generation completed for the IP Integrator block AC_8_channel_0/adda/axi_smc .
INFO: [BD 41-1029] Generation completed for the IP Integrator block AC_8_channel_0/stimer_onoff_pa_rw_A_0 .
Exporting to file c:/Users/saber/Desktop/share/DanDike_NewBoard/DanDike_NewBoard.srcs/sources_1/bd/system/ip/system_system_ila_0_0/bd_0/hw_handoff/system_system_ila_0_0.hwh
Generated Block Design Tcl file c:/Users/saber/Desktop/share/DanDike_NewBoard/DanDike_NewBoard.srcs/sources_1/bd/system/ip/system_system_ila_0_0/bd_0/hw_handoff/system_system_ila_0_0_bd.tcl
Generated Hardware Definition File c:/Users/saber/Desktop/share/DanDike_NewBoard/DanDike_NewBoard.srcs/sources_1/bd/system/ip/system_system_ila_0_0/bd_0/synth/system_system_ila_0_0.hwdef
INFO: [BD 41-1029] Generation completed for the IP Integrator block ps7_0_axi_periph/s00_couplers/auto_pc .
INFO: [BD 41-1029] Generation completed for the IP Integrator block ps7_0_axi_periph/m00_couplers/auto_pc .
INFO: [BD 41-1029] Generation completed for the IP Integrator block ps7_0_axi_periph/m01_couplers/auto_pc .
INFO: [BD 41-1029] Generation completed for the IP Integrator block ps7_0_axi_periph/m02_couplers/auto_pc .
INFO: [BD 41-1029] Generation completed for the IP Integrator block ps7_0_axi_periph/m03_couplers/auto_pc .
INFO: [BD 41-1029] Generation completed for the IP Integrator block ps7_0_axi_periph/m04_couplers/auto_pc .
INFO: [BD 41-1029] Generation completed for the IP Integrator block ps7_0_axi_periph/m05_couplers/auto_pc .
INFO: [BD 41-1029] Generation completed for the IP Integrator block ps7_0_axi_periph/m06_couplers/auto_pc .
INFO: [BD 41-1029] Generation completed for the IP Integrator block ps7_0_axi_periph/m07_couplers/auto_pc .
INFO: [BD 41-1029] Generation completed for the IP Integrator block ps7_0_axi_periph/m09_couplers/auto_pc .
INFO: [BD 41-1029] Generation completed for the IP Integrator block ps7_0_axi_periph/m10_couplers/auto_pc .
INFO: [BD 41-1029] Generation completed for the IP Integrator block ps7_0_axi_periph/m11_couplers/auto_pc .
INFO: [BD 41-1029] Generation completed for the IP Integrator block ps7_0_axi_periph/m12_couplers/auto_pc .
INFO: [BD 41-1029] Generation completed for the IP Integrator block ps7_0_axi_periph/m13_couplers/auto_pc .
INFO: [BD 41-1029] Generation completed for the IP Integrator block ps7_0_axi_periph/m14_couplers/auto_pc .
INFO: [BD 41-1029] Generation completed for the IP Integrator block ps7_0_axi_periph/m15_couplers/auto_pc .
INFO: [BD 41-1029] Generation completed for the IP Integrator block lcd/axi_mem_intercon/s00_couplers/auto_pc .
Exporting to file C:/Users/saber/Desktop/share/DanDike_NewBoard/DanDike_NewBoard.srcs/sources_1/bd/system/hw_handoff/system.hwh
Generated Block Design Tcl file C:/Users/saber/Desktop/share/DanDike_NewBoard/DanDike_NewBoard.srcs/sources_1/bd/system/hw_handoff/system_bd.tcl
Generated Hardware Definition File C:/Users/saber/Desktop/share/DanDike_NewBoard/DanDike_NewBoard.srcs/sources_1/bd/system/synth/system.hwdef
[Sat Jun 14 09:16:32 2025] Launched synth_1...
Run output will be captured here: C:/Users/saber/Desktop/share/DanDike_NewBoard/DanDike_NewBoard.runs/synth_1/runme.log
[Sat Jun 14 09:16:33 2025] Launched impl_1...
Run output will be captured here: C:/Users/saber/Desktop/share/DanDike_NewBoard/DanDike_NewBoard.runs/impl_1/runme.log
launch_runs: Time (s): cpu = 00:00:41 ; elapsed = 00:00:53 . Memory (MB): peak = 1434.875 ; gain = 295.688
write_hw_platform -fixed -include_bit -force -file C:/Users/saber/Desktop/share/DanDike_NewBoard/vitis1/system_wrapper.xsa
INFO: [Vivado 12-4895] Creating Hardware Platform: C:/Users/saber/Desktop/share/DanDike_NewBoard/vitis1/system_wrapper.xsa ...
INFO: [Hsi 55-2053] elapsed time for repository (E:/vivado/Vivado/2020.2/data\embeddedsw) loading 0 seconds
INFO: [Vivado 12-12467] The Hardware Platform can be used for Hardware
INFO: [Vivado 12-4896] Successfully created Hardware Platform: C:/Users/saber/Desktop/share/DanDike_NewBoard/vitis1/system_wrapper.xsa
write_hw_platform: Time (s): cpu = 00:00:06 ; elapsed = 00:00:07 . Memory (MB): peak = 1645.402 ; gain = 166.277
open_hw_manager
connect_hw_server -allow_non_jtag
INFO: [Labtools 27-2285] Connecting to hw_server url TCP:localhost:3121
INFO: [Labtools 27-2222] Launching hw_server...
INFO: [Labtools 27-2221] Launch Output:

****** Xilinx hw_server v2020.2
  **** Build date : Nov 18 2020 at 10:01:48
    ** Copyright 1986-2020 Xilinx, Inc. All Rights Reserved.


INFO: [Labtools 27-3415] Connecting to cs_server url TCP:localhost:3042
INFO: [Labtools 27-3417] Launching cs_server...
INFO: [Labtools 27-2221] Launch Output:


******** Xilinx cs_server v2020.2
  ****** Build date   : Nov 04 2020-05:02:56
    **** Build number : 2020.2.1604437376
      ** Copyright 2017-2020 Xilinx, Inc. All Rights Reserved.



connect_hw_server: Time (s): cpu = 00:00:01 ; elapsed = 00:00:10 . Memory (MB): peak = 1645.402 ; gain = 0.000
open_hw_target
INFO: [Labtoolstcl 44-466] Opening hw_target localhost:3121/xilinx_tcf/Digilent/210251A08870
open_hw_target: Time (s): cpu = 00:00:02 ; elapsed = 00:00:06 . Memory (MB): peak = 3059.621 ; gain = 1414.219
set_property PROGRAM.FILE {C:/Users/saber/Desktop/share/DanDike_NewBoard/DanDike_NewBoard.runs/impl_1/system_wrapper.bit} [get_hw_devices xc7z020_1]
set_property PROBES.FILE {C:/Users/saber/Desktop/share/DanDike_NewBoard/DanDike_NewBoard.runs/impl_1/system_wrapper.ltx} [get_hw_devices xc7z020_1]
set_property FULL_PROBES.FILE {C:/Users/saber/Desktop/share/DanDike_NewBoard/DanDike_NewBoard.runs/impl_1/system_wrapper.ltx} [get_hw_devices xc7z020_1]
current_hw_device [get_hw_devices xc7z020_1]
refresh_hw_device [lindex [get_hw_devices xc7z020_1] 0]
INFO: [Labtools 27-2302] Device xc7z020 (JTAG device index = 1) is programmed with a design that has 1 ILA core(s).
display_hw_ila_data [ get_hw_ila_data hw_ila_data_1 -of_objects [get_hw_ilas -of_objects [get_hw_devices xc7z020_1] -filter {CELL_NAME=~"system_i/system_ila_0/inst/ila_lib"}]]
run_hw_ila [get_hw_ilas -of_objects [get_hw_devices xc7z020_1] -filter {CELL_NAME=~"system_i/system_ila_0/inst/ila_lib"}]
INFO: [Labtools 27-1964] The ILA core 'hw_ila_1' trigger was armed at 2025-Jun-14 10:18:59
wait_on_hw_ila [get_hw_ilas -of_objects [get_hw_devices xc7z020_1] -filter {CELL_NAME=~"system_i/system_ila_0/inst/ila_lib"}]
display_hw_ila_data [upload_hw_ila_data [get_hw_ilas -of_objects [get_hw_devices xc7z020_1] -filter {CELL_NAME=~"system_i/system_ila_0/inst/ila_lib"}]]
INFO: [Labtools 27-1966] The ILA core 'hw_ila_1' triggered at 2025-Jun-14 10:19:12
INFO: [Labtools 27-3304] ILA Waveform data saved to file C:/Users/saber/Desktop/share/DanDike_NewBoard/DanDike_NewBoard.hw/backup/hw_ila_data_1.ila. Use Tcl command 'read_hw_ila_data' or Vivado File->Import->Import ILA Data menu item to import the previously saved data.
run_hw_ila [get_hw_ilas -of_objects [get_hw_devices xc7z020_1] -filter {CELL_NAME=~"system_i/system_ila_0/inst/ila_lib"}]
INFO: [Labtools 27-1964] The ILA core 'hw_ila_1' trigger was armed at 2025-Jun-14 10:20:27
wait_on_hw_ila [get_hw_ilas -of_objects [get_hw_devices xc7z020_1] -filter {CELL_NAME=~"system_i/system_ila_0/inst/ila_lib"}]
display_hw_ila_data [upload_hw_ila_data [get_hw_ilas -of_objects [get_hw_devices xc7z020_1] -filter {CELL_NAME=~"system_i/system_ila_0/inst/ila_lib"}]]
INFO: [Labtools 27-1966] The ILA core 'hw_ila_1' triggered at 2025-Jun-14 10:20:38
INFO: [Labtools 27-3304] ILA Waveform data saved to file C:/Users/saber/Desktop/share/DanDike_NewBoard/DanDike_NewBoard.hw/backup/hw_ila_data_1.ila. Use Tcl command 'read_hw_ila_data' or Vivado File->Import->Import ILA Data menu item to import the previously saved data.
run_hw_ila [get_hw_ilas -of_objects [get_hw_devices xc7z020_1] -filter {CELL_NAME=~"system_i/system_ila_0/inst/ila_lib"}]
INFO: [Labtools 27-1964] The ILA core 'hw_ila_1' trigger was armed at 2025-Jun-14 10:20:53
wait_on_hw_ila [get_hw_ilas -of_objects [get_hw_devices xc7z020_1] -filter {CELL_NAME=~"system_i/system_ila_0/inst/ila_lib"}]
display_hw_ila_data [upload_hw_ila_data [get_hw_ilas -of_objects [get_hw_devices xc7z020_1] -filter {CELL_NAME=~"system_i/system_ila_0/inst/ila_lib"}]]
INFO: [Labtools 27-1966] The ILA core 'hw_ila_1' triggered at 2025-Jun-14 10:21:01
INFO: [Labtools 27-3304] ILA Waveform data saved to file C:/Users/saber/Desktop/share/DanDike_NewBoard/DanDike_NewBoard.hw/backup/hw_ila_data_1.ila. Use Tcl command 'read_hw_ila_data' or Vivado File->Import->Import ILA Data menu item to import the previously saved data.
open_bd_design {C:/Users/saber/Desktop/share/DanDike_NewBoard/DanDike_NewBoard.srcs/sources_1/bd/system/system.bd}
Reading block design file <C:/Users/saber/Desktop/share/DanDike_NewBoard/DanDike_NewBoard.srcs/sources_1/bd/system/system.bd>...
Adding component instance block -- xilinx.com:ip:processing_system7:5.5 - processing_system7_0
Adding component instance block -- xilinx.com:ip:proc_sys_reset:5.0 - rst_ps7_0_100M
Adding component instance block -- xilinx.com:ip:axi_interconnect:2.1 - ps7_0_axi_periph
Adding component instance block -- xilinx.com:ip:axi_crossbar:2.1 - xbar
Adding component instance block -- xilinx.com:ip:axi_protocol_converter:2.1 - auto_pc
Adding component instance block -- xilinx.com:ip:axi_protocol_converter:2.1 - auto_pc
Adding component instance block -- xilinx.com:ip:axi_protocol_converter:2.1 - auto_pc
Adding component instance block -- xilinx.com:ip:axi_protocol_converter:2.1 - auto_pc
Adding component instance block -- xilinx.com:ip:axi_protocol_converter:2.1 - auto_pc
Adding component instance block -- xilinx.com:ip:axi_protocol_converter:2.1 - auto_pc
Adding component instance block -- xilinx.com:ip:axi_protocol_converter:2.1 - auto_pc
Adding component instance block -- xilinx.com:ip:axi_protocol_converter:2.1 - auto_pc
Adding component instance block -- xilinx.com:ip:axi_protocol_converter:2.1 - auto_pc
Adding component instance block -- xilinx.com:ip:axi_protocol_converter:2.1 - auto_pc
Adding component instance block -- xilinx.com:ip:axi_protocol_converter:2.1 - auto_pc
Adding component instance block -- xilinx.com:ip:axi_protocol_converter:2.1 - auto_pc
Adding component instance block -- xilinx.com:ip:axi_protocol_converter:2.1 - auto_pc
Adding component instance block -- xilinx.com:ip:axi_protocol_converter:2.1 - auto_pc
Adding component instance block -- xilinx.com:ip:axi_protocol_converter:2.1 - auto_pc
Adding component instance block -- xilinx.com:ip:axi_protocol_converter:2.1 - auto_pc
Adding component instance block -- xilinx.com:ip:proc_sys_reset:5.0 - proc_sys_reset_0
Adding component instance block -- xilinx.com:ip:xlconcat:2.1 - xlconcat_0
Adding component instance block -- xilinx.com:ip:proc_sys_reset:5.0 - rst_ps7_0_142M
Adding component instance block -- xilinx.com:ip:axi_vdma:6.3 - axi_vdma_0
Adding component instance block -- xilinx.com:ip:axi_gpio:2.0 - axi_gpio_0
Adding component instance block -- xilinx.com:ip:v_axi4s_vid_out:4.0 - v_axi4s_vid_out_0
Adding component instance block -- xilinx.com:ip:v_tc:6.2 - v_tc_0
Adding component instance block -- xilinx.com:ip:clk_wiz:6.0 - clk_wiz_0
Adding component instance block -- digilentinc.com:IP:PWM:2.0 - PWM_0
Adding component instance block -- xilinx.com:ip:axi_interconnect:2.1 - axi_mem_intercon
Adding component instance block -- xilinx.com:ip:axi_protocol_converter:2.1 - auto_pc
Adding component instance block -- openedv.com:user:rgb2lcd:1.0 - rgb2lcd_0
Adding component instance block -- xilinx.com:ip:axi_gpio:2.0 - axi_gpio_0
Adding component instance block -- xilinx.com:ip:axi_uartlite:2.0 - axi_uartlite_0
Adding component instance block -- xilinx.com:ip:axi_iic:2.0 - axi_iic_0
Adding component instance block -- xilinx.com:ip:util_vector_logic:2.0 - util_vector_logic_0
Adding component instance block -- xilinx.com:user:coder:1.0 - coder_0
Adding component instance block -- xilinx.com:ip:util_vector_logic:2.0 - util_vector_logic_0
Adding component instance block -- xilinx.com:user:gmii2rgmii:1.0 - gmii2rgmii_0
Adding component instance block -- xilinx.com:user:power_pulse_v1_AXI:1.0 - power_pulse_v1_AXI_0
Adding component instance block -- xilinx.com:ip:axi_bram_ctrl:4.1 - axi_bram_ctrl_0
Adding component instance block -- xilinx.com:user:dac_whole:1.0 - dac_whole_0
Adding component instance block -- xilinx.com:ip:axis_data_fifo:2.0 - axis_data_fifo_1
Adding component instance block -- xilinx.com:ip:axi_dma:7.1 - axi_dma_0
Adding component instance block -- xilinx.com:ip:blk_mem_gen:8.4 - blk_mem_gen_0
Adding component instance block -- xilinx.com:ip:smartconnect:1.0 - axi_smc
Adding component instance block -- xilinx.com:user:adc_whole:2.0 - adc_whole_0
Adding component instance block -- xilinx.com:user:stimer_onoff_pa_rw:1.0 - stimer_onoff_pa_rw_A_0
Adding component instance block -- xilinx.com:ip:axi_iic:2.0 - axi_iic_0
Adding component instance block -- xilinx.com:ip:system_ila:1.1 - system_ila_0
Successfully read diagram <system> from block design file <C:/Users/saber/Desktop/share/DanDike_NewBoard/DanDike_NewBoard.srcs/sources_1/bd/system/system.bd>
open_bd_design: Time (s): cpu = 00:00:04 ; elapsed = 00:00:06 . Memory (MB): peak = 3195.082 ; gain = 58.094
ipx::edit_ip_in_project -upgrade true -name stimer_onoff_pa_rw_v1_0_project -directory C:/Users/saber/Desktop/share/DanDike_NewBoard/DanDike_NewBoard.tmp/stimer_onoff_pa_rw_v1_0_project c:/Users/saber/Desktop/share/DanDike_NewBoard/ip_repo/STimer_OnOff_PA_RW_AXI/component.xml
INFO: [ProjectBase 1-489] The host OS only allows 260 characters in a normal path. The project is stored in a path with more than 80 characters. If you experience issues with IP, Block Designs, or files not being found, please consider moving the project to a location with a shorter path. Alternately consider using the OS subst command to map part of the path to a drive letter.
Current project path is 'c:/users/saber/desktop/share/dandike_newboard/dandike_newboard.tmp/stimer_onoff_pa_rw_v1_0_project'
INFO: [IP_Flow 19-234] Refreshing IP repositories
INFO: [IP_Flow 19-1704] No user IP repositories specified
INFO: [IP_Flow 19-2313] Loaded Vivado IP repository 'E:/vivado/Vivado/2020.2/data/ip'.
create_project: Time (s): cpu = 00:00:08 ; elapsed = 00:00:05 . Memory (MB): peak = 3530.109 ; gain = 52.562
INFO: [IP_Flow 19-234] Refreshing IP repositories
INFO: [IP_Flow 19-1700] Loaded user IP repository 'c:/Users/saber/Desktop/share/DanDike_NewBoard/ip_repo'.
INFO: [IP_Flow 19-1700] Loaded user IP repository 'c:/Users/saber/Desktop/share/DanDike_NewBoard/if'.
INFO: [IP_Flow 19-795] Syncing license key meta-data
ipx::edit_ip_in_project: Time (s): cpu = 00:00:10 ; elapsed = 00:00:07 . Memory (MB): peak = 3530.109 ; gain = 52.562
update_compile_order -fileset sources_1
ipx::merge_project_changes hdl_parameters [ipx::current_core]
WARNING: [IP_Flow 19-5226] Project source file 'c:/Users/saber/Desktop/share/DanDike_NewBoard/ip_repo/STimer_OnOff_PA_RW_AXI/component.xml' ignored by IP packager.
INFO: [IP_Flow 19-3166] Bus Interface 'S_AXI': References existing memory map 'S_AXI'.
set_property core_revision 2 [ipx::current_core]
ipx::update_source_project_archive -component [ipx::current_core]
ipx::create_xgui_files [ipx::current_core]
ipx::update_checksums [ipx::current_core]
ipx::check_integrity [ipx::current_core]
WARNING: [IP_Flow 19-3157] Bus Interface 'CLK25MHz_RSTN': Bus parameter POLARITY is ACTIVE_LOW but port 'CLK25MHz_RSTN' is not *resetn - please double check the POLARITY setting.
INFO: [IP_Flow 19-2181] Payment Required is not set for this core.
INFO: [IP_Flow 19-2187] The Product Guide file is missing.
INFO: [Ipptcl 7-1486] check_integrity: Integrity check passed.
ipx::save_core [ipx::current_core]
ipx::move_temp_component_back -component [ipx::current_core]
close_project -delete
update_ip_catalog -rebuild -repo_path c:/Users/saber/Desktop/share/DanDike_NewBoard/ip_repo
INFO: [IP_Flow 19-725] Reloaded user IP repository 'c:/Users/saber/Desktop/share/DanDike_NewBoard/ip_repo'
report_ip_status -name ip_status 
upgrade_ip -vlnv xilinx.com:user:stimer_onoff_pa_rw:1.0 [get_ips  system_stimer_onoff_pa_rw_A_0_0] -log ip_upgrade.log
Upgrading 'C:/Users/saber/Desktop/share/DanDike_NewBoard/DanDike_NewBoard.srcs/sources_1/bd/system/system.bd'
INFO: [IP_Flow 19-3422] Upgraded system_stimer_onoff_pa_rw_A_0_0 (stimer_onoff_pa_rw_v1_0 1.0) from revision 1 to revision 2
Wrote  : <C:\Users\saber\Desktop\share\DanDike_NewBoard\DanDike_NewBoard.srcs\sources_1\bd\system\system.bd> 
Wrote  : <C:/Users/saber/Desktop/share/DanDike_NewBoard/DanDike_NewBoard.srcs/sources_1/bd/system/ui/bd_c954508f.ui> 
INFO: [Coretcl 2-1525] Wrote upgrade log to 'C:/Users/saber/Desktop/share/DanDike_NewBoard/ip_upgrade.log'.
export_ip_user_files -of_objects [get_ips system_stimer_onoff_pa_rw_A_0_0] -no_script -sync -force -quiet
reset_run synth_1
WARNING: [Vivado 12-1017] Problems encountered:
1. Failed to delete one or more files in run directory C:/Users/saber/Desktop/share/DanDike_NewBoard/DanDike_NewBoard.runs/synth_1

launch_runs impl_1 -to_step write_bitstream -jobs 8
WARNING: [BD 41-1781] Updates have been made to one or more nets/interface connections marked for debug.
Debug nets, which are already connected to any ILA IP core in the block-design, will be automatically available for debug in Hardware Manager.
For unconnected Debug nets, please open synthesized design and use 'Set Up Debug' wizard to insert, modify or delete Debug Cores. 
WARNING: [BD 41-702] Propagation TCL tries to overwrite USER strength parameter C_ILA_CLK_FREQ(100000000) on '/ila_lib' with propagated value(1e+08). Command ignored
INFO: [xilinx.com:ip:axi_vdma:6.3-16] /lcd/axi_vdma_0 
                    All clocks connected to AXI VDMA are not identical, therefore configuring AXI-VDMA in ASYNC mode.
INFO: [xilinx.com:ip:clk_wiz:6.0-1] /lcd/clk_wiz_0 clk_wiz propagate
INFO: [xilinx.com:ip:clk_wiz:6.0-1] /lcd/clk_wiz_0 clk_wiz propagate
WARNING: [BD 41-927] Following properties on pin /power_pulse_v1_AXI_0/S_AXI_ACLK have been updated from connected ip, but BD cell '/power_pulse_v1_AXI_0' does not accept parameter changes, so they may not be synchronized with cell properties:
	FREQ_HZ = 1e+08 
Please resolve any mismatches by directly setting properties on BD cell </power_pulse_v1_AXI_0> to completely resolve these warnings.
WARNING: [BD 41-927] Following properties on pin /AC_8_channel_0/stimer_onoff_pa_rw_A_0/S_AXI_ACLK have been updated from connected ip, but BD cell '/AC_8_channel_0/stimer_onoff_pa_rw_A_0' does not accept parameter changes, so they may not be synchronized with cell properties:
	FREQ_HZ = 1e+08 
Please resolve any mismatches by directly setting properties on BD cell </AC_8_channel_0/stimer_onoff_pa_rw_A_0> to completely resolve these warnings.
WARNING: [BD 41-927] Following properties on pin /AC_8_channel_0/adda/dac_whole_0/S_AXIS_ACLK have been updated from connected ip, but BD cell '/AC_8_channel_0/adda/dac_whole_0' does not accept parameter changes, so they may not be synchronized with cell properties:
	FREQ_HZ = 1e+08 
Please resolve any mismatches by directly setting properties on BD cell </AC_8_channel_0/adda/dac_whole_0> to completely resolve these warnings.
WARNING: [BD 41-927] Following properties on pin /AC_8_channel_0/adda/dac_whole_0/S_AXI_ACLK have been updated from connected ip, but BD cell '/AC_8_channel_0/adda/dac_whole_0' does not accept parameter changes, so they may not be synchronized with cell properties:
	FREQ_HZ = 1e+08 
Please resolve any mismatches by directly setting properties on BD cell </AC_8_channel_0/adda/dac_whole_0> to completely resolve these warnings.
WARNING: [BD 41-927] Following properties on pin /AC_8_channel_0/adda/adc_whole_0/M_AXIS_ACLK have been updated from connected ip, but BD cell '/AC_8_channel_0/adda/adc_whole_0' does not accept parameter changes, so they may not be synchronized with cell properties:
	FREQ_HZ = 1e+08 
Please resolve any mismatches by directly setting properties on BD cell </AC_8_channel_0/adda/adc_whole_0> to completely resolve these warnings.
WARNING: [BD 41-927] Following properties on pin /AC_8_channel_0/adda/adc_whole_0/S_AXI_ACLK have been updated from connected ip, but BD cell '/AC_8_channel_0/adda/adc_whole_0' does not accept parameter changes, so they may not be synchronized with cell properties:
	FREQ_HZ = 1e+08 
Please resolve any mismatches by directly setting properties on BD cell </AC_8_channel_0/adda/adc_whole_0> to completely resolve these warnings.
Wrote  : <C:\Users\saber\Desktop\share\DanDike_NewBoard\DanDike_NewBoard.srcs\sources_1\bd\system\system.bd> 
Wrote  : <C:/Users/saber/Desktop/share/DanDike_NewBoard/DanDike_NewBoard.srcs/sources_1/bd/system/ui/bd_c954508f.ui> 
WARNING: [BD 41-2384] Width mismatch when connecting pin: '/AC_8_channel_0/adda/blk_mem_gen_0/addra'(32) to pin: '/AC_8_channel_0/adda/axi_bram_ctrl_0/bram_addr_a'(14) - Only lower order bits will be connected.
VHDL Output written to : C:/Users/saber/Desktop/share/DanDike_NewBoard/DanDike_NewBoard.srcs/sources_1/bd/system/synth/system.v
WARNING: [BD 41-2384] Width mismatch when connecting pin: '/AC_8_channel_0/adda/blk_mem_gen_0/addra'(32) to pin: '/AC_8_channel_0/adda/axi_bram_ctrl_0/bram_addr_a'(14) - Only lower order bits will be connected.
VHDL Output written to : C:/Users/saber/Desktop/share/DanDike_NewBoard/DanDike_NewBoard.srcs/sources_1/bd/system/sim/system.v
VHDL Output written to : C:/Users/saber/Desktop/share/DanDike_NewBoard/DanDike_NewBoard.srcs/sources_1/bd/system/hdl/system_wrapper.v
Exporting to file c:/Users/saber/Desktop/share/DanDike_NewBoard/DanDike_NewBoard.srcs/sources_1/bd/system/ip/system_axi_smc_0_1/bd_0/hw_handoff/system_axi_smc_0.hwh
Generated Block Design Tcl file c:/Users/saber/Desktop/share/DanDike_NewBoard/DanDike_NewBoard.srcs/sources_1/bd/system/ip/system_axi_smc_0_1/bd_0/hw_handoff/system_axi_smc_0_bd.tcl
Generated Hardware Definition File c:/Users/saber/Desktop/share/DanDike_NewBoard/DanDike_NewBoard.srcs/sources_1/bd/system/ip/system_axi_smc_0_1/bd_0/synth/system_axi_smc_0.hwdef
INFO: [BD 41-1029] Generation completed for the IP Integrator block AC_8_channel_0/stimer_onoff_pa_rw_A_0 .
Exporting to file c:/Users/saber/Desktop/share/DanDike_NewBoard/DanDike_NewBoard.srcs/sources_1/bd/system/ip/system_system_ila_0_0/bd_0/hw_handoff/system_system_ila_0_0.hwh
Generated Block Design Tcl file c:/Users/saber/Desktop/share/DanDike_NewBoard/DanDike_NewBoard.srcs/sources_1/bd/system/ip/system_system_ila_0_0/bd_0/hw_handoff/system_system_ila_0_0_bd.tcl
Generated Hardware Definition File c:/Users/saber/Desktop/share/DanDike_NewBoard/DanDike_NewBoard.srcs/sources_1/bd/system/ip/system_system_ila_0_0/bd_0/synth/system_system_ila_0_0.hwdef
INFO: [BD 41-1029] Generation completed for the IP Integrator block ps7_0_axi_periph/s00_couplers/auto_pc .
INFO: [BD 41-1029] Generation completed for the IP Integrator block ps7_0_axi_periph/m00_couplers/auto_pc .
INFO: [BD 41-1029] Generation completed for the IP Integrator block ps7_0_axi_periph/m01_couplers/auto_pc .
INFO: [BD 41-1029] Generation completed for the IP Integrator block ps7_0_axi_periph/m02_couplers/auto_pc .
INFO: [BD 41-1029] Generation completed for the IP Integrator block ps7_0_axi_periph/m03_couplers/auto_pc .
INFO: [BD 41-1029] Generation completed for the IP Integrator block ps7_0_axi_periph/m04_couplers/auto_pc .
INFO: [BD 41-1029] Generation completed for the IP Integrator block ps7_0_axi_periph/m05_couplers/auto_pc .
INFO: [BD 41-1029] Generation completed for the IP Integrator block ps7_0_axi_periph/m06_couplers/auto_pc .
INFO: [BD 41-1029] Generation completed for the IP Integrator block ps7_0_axi_periph/m07_couplers/auto_pc .
INFO: [BD 41-1029] Generation completed for the IP Integrator block ps7_0_axi_periph/m09_couplers/auto_pc .
INFO: [BD 41-1029] Generation completed for the IP Integrator block ps7_0_axi_periph/m10_couplers/auto_pc .
INFO: [BD 41-1029] Generation completed for the IP Integrator block ps7_0_axi_periph/m11_couplers/auto_pc .
INFO: [BD 41-1029] Generation completed for the IP Integrator block ps7_0_axi_periph/m12_couplers/auto_pc .
INFO: [BD 41-1029] Generation completed for the IP Integrator block ps7_0_axi_periph/m13_couplers/auto_pc .
INFO: [BD 41-1029] Generation completed for the IP Integrator block ps7_0_axi_periph/m14_couplers/auto_pc .
INFO: [BD 41-1029] Generation completed for the IP Integrator block ps7_0_axi_periph/m15_couplers/auto_pc .
INFO: [BD 41-1029] Generation completed for the IP Integrator block lcd/axi_mem_intercon/s00_couplers/auto_pc .
Exporting to file C:/Users/saber/Desktop/share/DanDike_NewBoard/DanDike_NewBoard.srcs/sources_1/bd/system/hw_handoff/system.hwh
Generated Block Design Tcl file C:/Users/saber/Desktop/share/DanDike_NewBoard/DanDike_NewBoard.srcs/sources_1/bd/system/hw_handoff/system_bd.tcl
Generated Hardware Definition File C:/Users/saber/Desktop/share/DanDike_NewBoard/DanDike_NewBoard.srcs/sources_1/bd/system/synth/system.hwdef
[Sat Jun 14 10:24:11 2025] Launched synth_1...
Run output will be captured here: C:/Users/saber/Desktop/share/DanDike_NewBoard/DanDike_NewBoard.runs/synth_1/runme.log
[Sat Jun 14 10:24:11 2025] Launched impl_1...
Run output will be captured here: C:/Users/saber/Desktop/share/DanDike_NewBoard/DanDike_NewBoard.runs/impl_1/runme.log
launch_runs: Time (s): cpu = 00:01:05 ; elapsed = 00:01:17 . Memory (MB): peak = 3818.762 ; gain = 199.211
update_ip_catalog -rebuild -scan_changes
INFO: [IP_Flow 19-234] Refreshing IP repositories
INFO: [IP_Flow 19-1700] Loaded user IP repository 'c:/Users/saber/Desktop/share/DanDike_NewBoard/ip_repo'.
INFO: [IP_Flow 19-1700] Loaded user IP repository 'c:/Users/saber/Desktop/share/DanDike_NewBoard/if'.
report_ip_status -name ip_status
reset_run synth_1
WARNING: [Vivado 12-1017] Problems encountered:
1. Failed to delete one or more files in run directory C:/Users/saber/Desktop/share/DanDike_NewBoard/DanDike_NewBoard.runs/synth_1

upgrade_ip -vlnv xilinx.com:user:stimer_onoff_pa_rw:1.0 [get_ips  system_stimer_onoff_pa_rw_A_0_0] -log ip_upgrade.log
Upgrading 'C:/Users/saber/Desktop/share/DanDike_NewBoard/DanDike_NewBoard.srcs/sources_1/bd/system/system.bd'
INFO: [IP_Flow 19-1972] Upgraded system_stimer_onoff_pa_rw_A_0_0 from stimer_onoff_pa_rw_v1_0 1.0 to stimer_onoff_pa_rw_v1_0 1.0
Wrote  : <C:\Users\saber\Desktop\share\DanDike_NewBoard\DanDike_NewBoard.srcs\sources_1\bd\system\system.bd> 
Wrote  : <C:/Users/saber/Desktop/share/DanDike_NewBoard/DanDike_NewBoard.srcs/sources_1/bd/system/ui/bd_c954508f.ui> 
INFO: [Coretcl 2-1525] Wrote upgrade log to 'C:/Users/saber/Desktop/share/DanDike_NewBoard/ip_upgrade.log'.
export_ip_user_files -of_objects [get_ips system_stimer_onoff_pa_rw_A_0_0] -no_script -sync -force -quiet
report_ip_status -name ip_status 
ipx::edit_ip_in_project -upgrade true -name stimer_onoff_pa_rw_v1_0_project -directory C:/Users/saber/Desktop/share/DanDike_NewBoard/DanDike_NewBoard.tmp/stimer_onoff_pa_rw_v1_0_project c:/Users/saber/Desktop/share/DanDike_NewBoard/ip_repo/STimer_OnOff_PA_RW_AXI/component.xml
INFO: [ProjectBase 1-489] The host OS only allows 260 characters in a normal path. The project is stored in a path with more than 80 characters. If you experience issues with IP, Block Designs, or files not being found, please consider moving the project to a location with a shorter path. Alternately consider using the OS subst command to map part of the path to a drive letter.
Current project path is 'c:/users/saber/desktop/share/dandike_newboard/dandike_newboard.tmp/stimer_onoff_pa_rw_v1_0_project'
INFO: [IP_Flow 19-234] Refreshing IP repositories
INFO: [IP_Flow 19-1704] No user IP repositories specified
INFO: [IP_Flow 19-2313] Loaded Vivado IP repository 'E:/vivado/Vivado/2020.2/data/ip'.
create_project: Time (s): cpu = 00:00:06 ; elapsed = 00:00:05 . Memory (MB): peak = 3871.805 ; gain = 0.000
INFO: [IP_Flow 19-234] Refreshing IP repositories
INFO: [IP_Flow 19-1700] Loaded user IP repository 'c:/Users/saber/Desktop/share/DanDike_NewBoard/ip_repo'.
INFO: [IP_Flow 19-1700] Loaded user IP repository 'c:/Users/saber/Desktop/share/DanDike_NewBoard/if'.
INFO: [IP_Flow 19-795] Syncing license key meta-data
ipx::edit_ip_in_project: Time (s): cpu = 00:00:07 ; elapsed = 00:00:06 . Memory (MB): peak = 3871.805 ; gain = 0.000
update_compile_order -fileset sources_1
close_project
close_bd_design [get_bd_designs system]
save_wave_config {C:/Users/saber/Desktop/share/DanDike_NewBoard/DanDike_NewBoard.hw/hw_1/wave/hw_ila_data_1/hw_ila_data_1.wcfg}
close_hw_manager
open_bd_design {C:/Users/saber/Desktop/share/DanDike_NewBoard/DanDike_NewBoard.srcs/sources_1/bd/system/system.bd}
Reading block design file <C:/Users/saber/Desktop/share/DanDike_NewBoard/DanDike_NewBoard.srcs/sources_1/bd/system/system.bd>...
Adding component instance block -- xilinx.com:ip:processing_system7:5.5 - processing_system7_0
Adding component instance block -- xilinx.com:ip:proc_sys_reset:5.0 - rst_ps7_0_100M
Adding component instance block -- xilinx.com:ip:axi_interconnect:2.1 - ps7_0_axi_periph
Adding component instance block -- xilinx.com:ip:axi_crossbar:2.1 - xbar
Adding component instance block -- xilinx.com:ip:axi_protocol_converter:2.1 - auto_pc
Adding component instance block -- xilinx.com:ip:axi_protocol_converter:2.1 - auto_pc
Adding component instance block -- xilinx.com:ip:axi_protocol_converter:2.1 - auto_pc
Adding component instance block -- xilinx.com:ip:axi_protocol_converter:2.1 - auto_pc
Adding component instance block -- xilinx.com:ip:axi_protocol_converter:2.1 - auto_pc
Adding component instance block -- xilinx.com:ip:axi_protocol_converter:2.1 - auto_pc
Adding component instance block -- xilinx.com:ip:axi_protocol_converter:2.1 - auto_pc
Adding component instance block -- xilinx.com:ip:axi_protocol_converter:2.1 - auto_pc
Adding component instance block -- xilinx.com:ip:axi_protocol_converter:2.1 - auto_pc
Adding component instance block -- xilinx.com:ip:axi_protocol_converter:2.1 - auto_pc
Adding component instance block -- xilinx.com:ip:axi_protocol_converter:2.1 - auto_pc
Adding component instance block -- xilinx.com:ip:axi_protocol_converter:2.1 - auto_pc
Adding component instance block -- xilinx.com:ip:axi_protocol_converter:2.1 - auto_pc
Adding component instance block -- xilinx.com:ip:axi_protocol_converter:2.1 - auto_pc
Adding component instance block -- xilinx.com:ip:axi_protocol_converter:2.1 - auto_pc
Adding component instance block -- xilinx.com:ip:axi_protocol_converter:2.1 - auto_pc
Adding component instance block -- xilinx.com:ip:proc_sys_reset:5.0 - proc_sys_reset_0
Adding component instance block -- xilinx.com:ip:xlconcat:2.1 - xlconcat_0
Adding component instance block -- xilinx.com:ip:proc_sys_reset:5.0 - rst_ps7_0_142M
Adding component instance block -- xilinx.com:ip:axi_vdma:6.3 - axi_vdma_0
Adding component instance block -- xilinx.com:ip:axi_gpio:2.0 - axi_gpio_0
Adding component instance block -- xilinx.com:ip:v_axi4s_vid_out:4.0 - v_axi4s_vid_out_0
Adding component instance block -- xilinx.com:ip:v_tc:6.2 - v_tc_0
Adding component instance block -- xilinx.com:ip:clk_wiz:6.0 - clk_wiz_0
Adding component instance block -- digilentinc.com:IP:PWM:2.0 - PWM_0
Adding component instance block -- xilinx.com:ip:axi_interconnect:2.1 - axi_mem_intercon
Adding component instance block -- xilinx.com:ip:axi_protocol_converter:2.1 - auto_pc
Adding component instance block -- openedv.com:user:rgb2lcd:1.0 - rgb2lcd_0
Adding component instance block -- xilinx.com:ip:axi_gpio:2.0 - axi_gpio_0
Adding component instance block -- xilinx.com:ip:axi_uartlite:2.0 - axi_uartlite_0
Adding component instance block -- xilinx.com:ip:axi_iic:2.0 - axi_iic_0
Adding component instance block -- xilinx.com:ip:util_vector_logic:2.0 - util_vector_logic_0
Adding component instance block -- xilinx.com:user:coder:1.0 - coder_0
Adding component instance block -- xilinx.com:ip:util_vector_logic:2.0 - util_vector_logic_0
Adding component instance block -- xilinx.com:user:gmii2rgmii:1.0 - gmii2rgmii_0
Adding component instance block -- xilinx.com:user:power_pulse_v1_AXI:1.0 - power_pulse_v1_AXI_0
Adding component instance block -- xilinx.com:ip:axi_bram_ctrl:4.1 - axi_bram_ctrl_0
Adding component instance block -- xilinx.com:user:dac_whole:1.0 - dac_whole_0
Adding component instance block -- xilinx.com:ip:axis_data_fifo:2.0 - axis_data_fifo_1
Adding component instance block -- xilinx.com:ip:axi_dma:7.1 - axi_dma_0
WARNING: [BD 41-1282] Ignoring parameter HAS_BURST
WARNING: [BD 41-1281] Parameter HAS_BURST is not defined on /AC_8_channel_0/adda/axi_dma_0/M_AXIS_MM2S. Setting parameter on /AC_8_channel_0/adda/axi_dma_0/M_AXIS_MM2S failed
Adding component instance block -- xilinx.com:ip:blk_mem_gen:8.4 - blk_mem_gen_0
Adding component instance block -- xilinx.com:ip:smartconnect:1.0 - axi_smc
Adding component instance block -- xilinx.com:user:adc_whole:2.0 - adc_whole_0
Adding component instance block -- xilinx.com:user:stimer_onoff_pa_rw:1.0 - stimer_onoff_pa_rw_A_0
Adding component instance block -- xilinx.com:ip:axi_iic:2.0 - axi_iic_0
Adding component instance block -- xilinx.com:ip:system_ila:1.1 - system_ila_0
Successfully read diagram <system> from block design file <C:/Users/saber/Desktop/share/DanDike_NewBoard/DanDike_NewBoard.srcs/sources_1/bd/system/system.bd>
open_bd_design: Time (s): cpu = 00:00:06 ; elapsed = 00:00:06 . Memory (MB): peak = 3871.805 ; gain = 0.000
regenerate_bd_layout -routing
launch_runs impl_1 -to_step write_bitstream -jobs 8
WARNING: [BD 41-1781] Updates have been made to one or more nets/interface connections marked for debug.
Debug nets, which are already connected to any ILA IP core in the block-design, will be automatically available for debug in Hardware Manager.
For unconnected Debug nets, please open synthesized design and use 'Set Up Debug' wizard to insert, modify or delete Debug Cores. 
INFO: [xilinx.com:ip:clk_wiz:6.0-1] /lcd/clk_wiz_0 clk_wiz propagate
INFO: [xilinx.com:ip:clk_wiz:6.0-1] /lcd/clk_wiz_0 clk_wiz propagate
INFO: [xilinx.com:ip:axi_vdma:6.3-16] /lcd/axi_vdma_0 
                    All clocks connected to AXI VDMA are not identical, therefore configuring AXI-VDMA in ASYNC mode.
Wrote  : <C:\Users\saber\Desktop\share\DanDike_NewBoard\DanDike_NewBoard.srcs\sources_1\bd\system\system.bd> 
Wrote  : <C:/Users/saber/Desktop/share/DanDike_NewBoard/DanDike_NewBoard.srcs/sources_1/bd/system/ui/bd_c954508f.ui> 
WARNING: [BD 41-2384] Width mismatch when connecting pin: '/AC_8_channel_0/adda/blk_mem_gen_0/addra'(32) to pin: '/AC_8_channel_0/adda/axi_bram_ctrl_0/bram_addr_a'(14) - Only lower order bits will be connected.
VHDL Output written to : C:/Users/saber/Desktop/share/DanDike_NewBoard/DanDike_NewBoard.srcs/sources_1/bd/system/synth/system.v
WARNING: [BD 41-2384] Width mismatch when connecting pin: '/AC_8_channel_0/adda/blk_mem_gen_0/addra'(32) to pin: '/AC_8_channel_0/adda/axi_bram_ctrl_0/bram_addr_a'(14) - Only lower order bits will be connected.
VHDL Output written to : C:/Users/saber/Desktop/share/DanDike_NewBoard/DanDike_NewBoard.srcs/sources_1/bd/system/sim/system.v
VHDL Output written to : C:/Users/saber/Desktop/share/DanDike_NewBoard/DanDike_NewBoard.srcs/sources_1/bd/system/hdl/system_wrapper.v
WARNING: [IP_Flow 19-5611] Unable to find an associated reset port for the interface 'M_AXI_GP0'. A default connection has been created.
WARNING: [IP_Flow 19-5611] Unable to find an associated reset port for the interface 'S_AXI_HP0'. A default connection has been created.
WARNING: [IP_Flow 19-5611] Unable to find an associated reset port for the interface 'S_AXI_HP1'. A default connection has been created.
INFO: [BD 41-1029] Generation completed for the IP Integrator block processing_system7_0 .
INFO: [BD 41-1029] Generation completed for the IP Integrator block rst_ps7_0_100M .
INFO: [BD 41-1029] Generation completed for the IP Integrator block ps7_0_axi_periph/xbar .
INFO: [BD 41-1029] Generation completed for the IP Integrator block proc_sys_reset_0 .
INFO: [BD 41-1029] Generation completed for the IP Integrator block lcd/rst_ps7_0_142M .
INFO: [BD 41-1029] Generation completed for the IP Integrator block lcd/axi_vdma_0 .
INFO: [BD 41-1029] Generation completed for the IP Integrator block lcd/v_axi4s_vid_out_0 .
INFO: [BD 41-1029] Generation completed for the IP Integrator block lcd/v_tc_0 .
INFO: [BD 41-1029] Generation completed for the IP Integrator block axi_uartlite_0 .
INFO: [BD 41-1029] Generation completed for the IP Integrator block AC_8_channel_0/adda/axi_bram_ctrl_0 .
INFO: [BD 41-1029] Generation completed for the IP Integrator block AC_8_channel_0/adda/axis_data_fifo_1 .
INFO: [BD 41-1029] Generation completed for the IP Integrator block AC_8_channel_0/adda/axi_dma_0 .
Exporting to file c:/Users/saber/Desktop/share/DanDike_NewBoard/DanDike_NewBoard.srcs/sources_1/bd/system/ip/system_axi_smc_0_1/bd_0/hw_handoff/system_axi_smc_0.hwh
Generated Block Design Tcl file c:/Users/saber/Desktop/share/DanDike_NewBoard/DanDike_NewBoard.srcs/sources_1/bd/system/ip/system_axi_smc_0_1/bd_0/hw_handoff/system_axi_smc_0_bd.tcl
Generated Hardware Definition File c:/Users/saber/Desktop/share/DanDike_NewBoard/DanDike_NewBoard.srcs/sources_1/bd/system/ip/system_axi_smc_0_1/bd_0/synth/system_axi_smc_0.hwdef
INFO: [BD 41-1029] Generation completed for the IP Integrator block AC_8_channel_0/adda/axi_smc .
INFO: [BD 41-1029] Generation completed for the IP Integrator block AC_8_channel_0/stimer_onoff_pa_rw_A_0 .
Exporting to file c:/Users/saber/Desktop/share/DanDike_NewBoard/DanDike_NewBoard.srcs/sources_1/bd/system/ip/system_system_ila_0_0/bd_0/hw_handoff/system_system_ila_0_0.hwh
Generated Block Design Tcl file c:/Users/saber/Desktop/share/DanDike_NewBoard/DanDike_NewBoard.srcs/sources_1/bd/system/ip/system_system_ila_0_0/bd_0/hw_handoff/system_system_ila_0_0_bd.tcl
Generated Hardware Definition File c:/Users/saber/Desktop/share/DanDike_NewBoard/DanDike_NewBoard.srcs/sources_1/bd/system/ip/system_system_ila_0_0/bd_0/synth/system_system_ila_0_0.hwdef
INFO: [BD 41-1029] Generation completed for the IP Integrator block ps7_0_axi_periph/s00_couplers/auto_pc .
INFO: [BD 41-1029] Generation completed for the IP Integrator block ps7_0_axi_periph/m00_couplers/auto_pc .
INFO: [BD 41-1029] Generation completed for the IP Integrator block ps7_0_axi_periph/m01_couplers/auto_pc .
INFO: [BD 41-1029] Generation completed for the IP Integrator block ps7_0_axi_periph/m02_couplers/auto_pc .
INFO: [BD 41-1029] Generation completed for the IP Integrator block ps7_0_axi_periph/m03_couplers/auto_pc .
INFO: [BD 41-1029] Generation completed for the IP Integrator block ps7_0_axi_periph/m04_couplers/auto_pc .
INFO: [BD 41-1029] Generation completed for the IP Integrator block ps7_0_axi_periph/m05_couplers/auto_pc .
INFO: [BD 41-1029] Generation completed for the IP Integrator block ps7_0_axi_periph/m06_couplers/auto_pc .
INFO: [BD 41-1029] Generation completed for the IP Integrator block ps7_0_axi_periph/m07_couplers/auto_pc .
INFO: [BD 41-1029] Generation completed for the IP Integrator block ps7_0_axi_periph/m09_couplers/auto_pc .
INFO: [BD 41-1029] Generation completed for the IP Integrator block ps7_0_axi_periph/m10_couplers/auto_pc .
INFO: [BD 41-1029] Generation completed for the IP Integrator block ps7_0_axi_periph/m11_couplers/auto_pc .
INFO: [BD 41-1029] Generation completed for the IP Integrator block ps7_0_axi_periph/m12_couplers/auto_pc .
INFO: [BD 41-1029] Generation completed for the IP Integrator block ps7_0_axi_periph/m13_couplers/auto_pc .
INFO: [BD 41-1029] Generation completed for the IP Integrator block ps7_0_axi_periph/m14_couplers/auto_pc .
INFO: [BD 41-1029] Generation completed for the IP Integrator block ps7_0_axi_periph/m15_couplers/auto_pc .
INFO: [BD 41-1029] Generation completed for the IP Integrator block lcd/axi_mem_intercon/s00_couplers/auto_pc .
Exporting to file C:/Users/saber/Desktop/share/DanDike_NewBoard/DanDike_NewBoard.srcs/sources_1/bd/system/hw_handoff/system.hwh
Generated Block Design Tcl file C:/Users/saber/Desktop/share/DanDike_NewBoard/DanDike_NewBoard.srcs/sources_1/bd/system/hw_handoff/system_bd.tcl
Generated Hardware Definition File C:/Users/saber/Desktop/share/DanDike_NewBoard/DanDike_NewBoard.srcs/sources_1/bd/system/synth/system.hwdef
[Sat Jun 14 10:28:10 2025] Launched synth_1...
Run output will be captured here: C:/Users/saber/Desktop/share/DanDike_NewBoard/DanDike_NewBoard.runs/synth_1/runme.log
[Sat Jun 14 10:28:10 2025] Launched impl_1...
Run output will be captured here: C:/Users/saber/Desktop/share/DanDike_NewBoard/DanDike_NewBoard.runs/impl_1/runme.log
launch_runs: Time (s): cpu = 00:01:24 ; elapsed = 00:01:41 . Memory (MB): peak = 3871.805 ; gain = 0.000
write_hw_platform -fixed -include_bit -force -file C:/Users/saber/Desktop/share/DanDike_NewBoard/vitis1/system_wrapper.xsa
INFO: [Vivado 12-4895] Creating Hardware Platform: C:/Users/saber/Desktop/share/DanDike_NewBoard/vitis1/system_wrapper.xsa ...
INFO: [Vivado 12-12467] The Hardware Platform can be used for Hardware
INFO: [Vivado 12-4896] Successfully created Hardware Platform: C:/Users/saber/Desktop/share/DanDike_NewBoard/vitis1/system_wrapper.xsa
write_hw_platform: Time (s): cpu = 00:00:07 ; elapsed = 00:00:07 . Memory (MB): peak = 4122.062 ; gain = 197.621
open_hw_manager
connect_hw_server -allow_non_jtag
INFO: [Labtools 27-2285] Connecting to hw_server url TCP:localhost:3121
INFO: [Labtools 27-2222] Launching hw_server...
INFO: [Labtools 27-2221] Launch Output:

****** Xilinx hw_server v2020.2
  **** Build date : Nov 18 2020 at 10:01:48
    ** Copyright 1986-2020 Xilinx, Inc. All Rights Reserved.


INFO: [Labtools 27-3415] Connecting to cs_server url TCP:localhost:3042
INFO: [Labtools 27-3417] Launching cs_server...
INFO: [Labtools 27-2221] Launch Output:


******** Xilinx cs_server v2020.2
  ****** Build date   : Nov 04 2020-05:02:56
    **** Build number : 2020.2.1604437376
      ** Copyright 2017-2020 Xilinx, Inc. All Rights Reserved.



connect_hw_server: Time (s): cpu = 00:00:00 ; elapsed = 00:00:09 . Memory (MB): peak = 4122.922 ; gain = 0.000
open_hw_target
INFO: [Labtoolstcl 44-466] Opening hw_target localhost:3121/xilinx_tcf/Digilent/210251A08870
set_property PROGRAM.FILE {C:/Users/saber/Desktop/share/DanDike_NewBoard/DanDike_NewBoard.runs/impl_1/system_wrapper.bit} [get_hw_devices xc7z020_1]
set_property PROBES.FILE {C:/Users/saber/Desktop/share/DanDike_NewBoard/DanDike_NewBoard.runs/impl_1/system_wrapper.ltx} [get_hw_devices xc7z020_1]
set_property FULL_PROBES.FILE {C:/Users/saber/Desktop/share/DanDike_NewBoard/DanDike_NewBoard.runs/impl_1/system_wrapper.ltx} [get_hw_devices xc7z020_1]
current_hw_device [get_hw_devices xc7z020_1]
refresh_hw_device [lindex [get_hw_devices xc7z020_1] 0]
INFO: [Labtools 27-2302] Device xc7z020 (JTAG device index = 1) is programmed with a design that has 1 ILA core(s).
display_hw_ila_data [ get_hw_ila_data hw_ila_data_1 -of_objects [get_hw_ilas -of_objects [get_hw_devices xc7z020_1] -filter {CELL_NAME=~"system_i/system_ila_0/inst/ila_lib"}]]
run_hw_ila [get_hw_ilas -of_objects [get_hw_devices xc7z020_1] -filter {CELL_NAME=~"system_i/system_ila_0/inst/ila_lib"}]
INFO: [Labtools 27-1964] The ILA core 'hw_ila_1' trigger was armed at 2025-Jun-14 11:06:45
wait_on_hw_ila [get_hw_ilas -of_objects [get_hw_devices xc7z020_1] -filter {CELL_NAME=~"system_i/system_ila_0/inst/ila_lib"}]
display_hw_ila_data [upload_hw_ila_data [get_hw_ilas -of_objects [get_hw_devices xc7z020_1] -filter {CELL_NAME=~"system_i/system_ila_0/inst/ila_lib"}]]
INFO: [Labtools 27-1966] The ILA core 'hw_ila_1' triggered at 2025-Jun-14 11:06:54
INFO: [Labtools 27-3304] ILA Waveform data saved to file C:/Users/saber/Desktop/share/DanDike_NewBoard/DanDike_NewBoard.hw/backup/hw_ila_data_1.ila. Use Tcl command 'read_hw_ila_data' or Vivado File->Import->Import ILA Data menu item to import the previously saved data.
open_bd_design {C:/Users/saber/Desktop/share/DanDike_NewBoard/DanDike_NewBoard.srcs/sources_1/bd/system/system.bd}
save_wave_config {C:/Users/saber/Desktop/share/DanDike_NewBoard/DanDike_NewBoard.hw/hw_1/wave/hw_ila_data_1/hw_ila_data_1.wcfg}
close_hw_manager
update_ip_catalog -rebuild -scan_changes
INFO: [IP_Flow 19-234] Refreshing IP repositories
INFO: [IP_Flow 19-1700] Loaded user IP repository 'c:/Users/saber/Desktop/share/DanDike_NewBoard/ip_repo'.
INFO: [IP_Flow 19-1700] Loaded user IP repository 'c:/Users/saber/Desktop/share/DanDike_NewBoard/if'.
report_ip_status -name ip_status
upgrade_ip -vlnv xilinx.com:user:stimer_onoff_pa_rw:1.0 [get_ips  system_stimer_onoff_pa_rw_A_0_0] -log ip_upgrade.log
Upgrading 'C:/Users/saber/Desktop/share/DanDike_NewBoard/DanDike_NewBoard.srcs/sources_1/bd/system/system.bd'
INFO: [IP_Flow 19-1972] Upgraded system_stimer_onoff_pa_rw_A_0_0 from stimer_onoff_pa_rw_v1_0 1.0 to stimer_onoff_pa_rw_v1_0 1.0
Wrote  : <C:\Users\saber\Desktop\share\DanDike_NewBoard\DanDike_NewBoard.srcs\sources_1\bd\system\system.bd> 
Wrote  : <C:/Users/saber/Desktop/share/DanDike_NewBoard/DanDike_NewBoard.srcs/sources_1/bd/system/ui/bd_c954508f.ui> 
INFO: [Coretcl 2-1525] Wrote upgrade log to 'C:/Users/saber/Desktop/share/DanDike_NewBoard/ip_upgrade.log'.
export_ip_user_files -of_objects [get_ips system_stimer_onoff_pa_rw_A_0_0] -no_script -sync -force -quiet
report_ip_status -name ip_status 
reset_run synth_1
WARNING: [Vivado 12-1017] Problems encountered:
1. Failed to delete one or more files in run directory C:/Users/saber/Desktop/share/DanDike_NewBoard/DanDike_NewBoard.runs/synth_1

launch_runs impl_1 -to_step write_bitstream -jobs 8
WARNING: [BD 41-1781] Updates have been made to one or more nets/interface connections marked for debug.
Debug nets, which are already connected to any ILA IP core in the block-design, will be automatically available for debug in Hardware Manager.
For unconnected Debug nets, please open synthesized design and use 'Set Up Debug' wizard to insert, modify or delete Debug Cores. 
INFO: [xilinx.com:ip:clk_wiz:6.0-1] /lcd/clk_wiz_0 clk_wiz propagate
INFO: [xilinx.com:ip:clk_wiz:6.0-1] /lcd/clk_wiz_0 clk_wiz propagate
INFO: [xilinx.com:ip:axi_vdma:6.3-16] /lcd/axi_vdma_0 
                    All clocks connected to AXI VDMA are not identical, therefore configuring AXI-VDMA in ASYNC mode.
Wrote  : <C:\Users\saber\Desktop\share\DanDike_NewBoard\DanDike_NewBoard.srcs\sources_1\bd\system\system.bd> 
Wrote  : <C:/Users/saber/Desktop/share/DanDike_NewBoard/DanDike_NewBoard.srcs/sources_1/bd/system/ui/bd_c954508f.ui> 
WARNING: [BD 41-2384] Width mismatch when connecting pin: '/AC_8_channel_0/adda/blk_mem_gen_0/addra'(32) to pin: '/AC_8_channel_0/adda/axi_bram_ctrl_0/bram_addr_a'(14) - Only lower order bits will be connected.
VHDL Output written to : C:/Users/saber/Desktop/share/DanDike_NewBoard/DanDike_NewBoard.srcs/sources_1/bd/system/synth/system.v
WARNING: [BD 41-2384] Width mismatch when connecting pin: '/AC_8_channel_0/adda/blk_mem_gen_0/addra'(32) to pin: '/AC_8_channel_0/adda/axi_bram_ctrl_0/bram_addr_a'(14) - Only lower order bits will be connected.
VHDL Output written to : C:/Users/saber/Desktop/share/DanDike_NewBoard/DanDike_NewBoard.srcs/sources_1/bd/system/sim/system.v
VHDL Output written to : C:/Users/saber/Desktop/share/DanDike_NewBoard/DanDike_NewBoard.srcs/sources_1/bd/system/hdl/system_wrapper.v
Exporting to file c:/Users/saber/Desktop/share/DanDike_NewBoard/DanDike_NewBoard.srcs/sources_1/bd/system/ip/system_axi_smc_0_1/bd_0/hw_handoff/system_axi_smc_0.hwh
Generated Block Design Tcl file c:/Users/saber/Desktop/share/DanDike_NewBoard/DanDike_NewBoard.srcs/sources_1/bd/system/ip/system_axi_smc_0_1/bd_0/hw_handoff/system_axi_smc_0_bd.tcl
Generated Hardware Definition File c:/Users/saber/Desktop/share/DanDike_NewBoard/DanDike_NewBoard.srcs/sources_1/bd/system/ip/system_axi_smc_0_1/bd_0/synth/system_axi_smc_0.hwdef
INFO: [BD 41-1029] Generation completed for the IP Integrator block AC_8_channel_0/stimer_onoff_pa_rw_A_0 .
Exporting to file c:/Users/saber/Desktop/share/DanDike_NewBoard/DanDike_NewBoard.srcs/sources_1/bd/system/ip/system_system_ila_0_0/bd_0/hw_handoff/system_system_ila_0_0.hwh
Generated Block Design Tcl file c:/Users/saber/Desktop/share/DanDike_NewBoard/DanDike_NewBoard.srcs/sources_1/bd/system/ip/system_system_ila_0_0/bd_0/hw_handoff/system_system_ila_0_0_bd.tcl
Generated Hardware Definition File c:/Users/saber/Desktop/share/DanDike_NewBoard/DanDike_NewBoard.srcs/sources_1/bd/system/ip/system_system_ila_0_0/bd_0/synth/system_system_ila_0_0.hwdef
INFO: [BD 41-1029] Generation completed for the IP Integrator block ps7_0_axi_periph/s00_couplers/auto_pc .
INFO: [BD 41-1029] Generation completed for the IP Integrator block ps7_0_axi_periph/m00_couplers/auto_pc .
INFO: [BD 41-1029] Generation completed for the IP Integrator block ps7_0_axi_periph/m01_couplers/auto_pc .
INFO: [BD 41-1029] Generation completed for the IP Integrator block ps7_0_axi_periph/m02_couplers/auto_pc .
INFO: [BD 41-1029] Generation completed for the IP Integrator block ps7_0_axi_periph/m03_couplers/auto_pc .
INFO: [BD 41-1029] Generation completed for the IP Integrator block ps7_0_axi_periph/m04_couplers/auto_pc .
INFO: [BD 41-1029] Generation completed for the IP Integrator block ps7_0_axi_periph/m05_couplers/auto_pc .
INFO: [BD 41-1029] Generation completed for the IP Integrator block ps7_0_axi_periph/m06_couplers/auto_pc .
INFO: [BD 41-1029] Generation completed for the IP Integrator block ps7_0_axi_periph/m07_couplers/auto_pc .
INFO: [BD 41-1029] Generation completed for the IP Integrator block ps7_0_axi_periph/m09_couplers/auto_pc .
INFO: [BD 41-1029] Generation completed for the IP Integrator block ps7_0_axi_periph/m10_couplers/auto_pc .
INFO: [BD 41-1029] Generation completed for the IP Integrator block ps7_0_axi_periph/m11_couplers/auto_pc .
INFO: [BD 41-1029] Generation completed for the IP Integrator block ps7_0_axi_periph/m12_couplers/auto_pc .
INFO: [BD 41-1029] Generation completed for the IP Integrator block ps7_0_axi_periph/m13_couplers/auto_pc .
INFO: [BD 41-1029] Generation completed for the IP Integrator block ps7_0_axi_periph/m14_couplers/auto_pc .
INFO: [BD 41-1029] Generation completed for the IP Integrator block ps7_0_axi_periph/m15_couplers/auto_pc .
INFO: [BD 41-1029] Generation completed for the IP Integrator block lcd/axi_mem_intercon/s00_couplers/auto_pc .
Exporting to file C:/Users/saber/Desktop/share/DanDike_NewBoard/DanDike_NewBoard.srcs/sources_1/bd/system/hw_handoff/system.hwh
Generated Block Design Tcl file C:/Users/saber/Desktop/share/DanDike_NewBoard/DanDike_NewBoard.srcs/sources_1/bd/system/hw_handoff/system_bd.tcl
Generated Hardware Definition File C:/Users/saber/Desktop/share/DanDike_NewBoard/DanDike_NewBoard.srcs/sources_1/bd/system/synth/system.hwdef
[Sat Jun 14 11:39:18 2025] Launched synth_1...
Run output will be captured here: C:/Users/saber/Desktop/share/DanDike_NewBoard/DanDike_NewBoard.runs/synth_1/runme.log
[Sat Jun 14 11:39:18 2025] Launched impl_1...
Run output will be captured here: C:/Users/saber/Desktop/share/DanDike_NewBoard/DanDike_NewBoard.runs/impl_1/runme.log
launch_runs: Time (s): cpu = 00:01:16 ; elapsed = 00:01:49 . Memory (MB): peak = 4223.332 ; gain = 0.000
write_hw_platform -fixed -include_bit -force -file C:/Users/saber/Desktop/share/DanDike_NewBoard/vitis1/system_wrapper.xsa
INFO: [Vivado 12-4895] Creating Hardware Platform: C:/Users/saber/Desktop/share/DanDike_NewBoard/vitis1/system_wrapper.xsa ...
INFO: [Vivado 12-12467] The Hardware Platform can be used for Hardware
INFO: [Vivado 12-4896] Successfully created Hardware Platform: C:/Users/saber/Desktop/share/DanDike_NewBoard/vitis1/system_wrapper.xsa
write_hw_platform: Time (s): cpu = 00:00:08 ; elapsed = 00:00:09 . Memory (MB): peak = 4223.332 ; gain = 0.000
open_hw_manager
connect_hw_server -allow_non_jtag
INFO: [Labtools 27-2285] Connecting to hw_server url TCP:localhost:3121
INFO: [Labtools 27-2222] Launching hw_server...
INFO: [Labtools 27-2221] Launch Output:

****** Xilinx hw_server v2020.2
  **** Build date : Nov 18 2020 at 10:01:48
    ** Copyright 1986-2020 Xilinx, Inc. All Rights Reserved.


INFO: [Labtools 27-3415] Connecting to cs_server url TCP:localhost:3042
INFO: [Labtools 27-3417] Launching cs_server...
INFO: [Labtools 27-2221] Launch Output:


******** Xilinx cs_server v2020.2
  ****** Build date   : Nov 04 2020-05:02:56
    **** Build number : 2020.2.1604437376
      ** Copyright 2017-2020 Xilinx, Inc. All Rights Reserved.



connect_hw_server: Time (s): cpu = 00:00:00 ; elapsed = 00:00:10 . Memory (MB): peak = 4223.332 ; gain = 0.000
open_hw_target
INFO: [Labtoolstcl 44-466] Opening hw_target localhost:3121/xilinx_tcf/Digilent/210251A08870
set_property PROGRAM.FILE {C:/Users/saber/Desktop/share/DanDike_NewBoard/DanDike_NewBoard.runs/impl_1/system_wrapper.bit} [get_hw_devices xc7z020_1]
set_property PROBES.FILE {C:/Users/saber/Desktop/share/DanDike_NewBoard/DanDike_NewBoard.runs/impl_1/system_wrapper.ltx} [get_hw_devices xc7z020_1]
set_property FULL_PROBES.FILE {C:/Users/saber/Desktop/share/DanDike_NewBoard/DanDike_NewBoard.runs/impl_1/system_wrapper.ltx} [get_hw_devices xc7z020_1]
current_hw_device [get_hw_devices xc7z020_1]
refresh_hw_device [lindex [get_hw_devices xc7z020_1] 0]
INFO: [Labtools 27-2302] Device xc7z020 (JTAG device index = 1) is programmed with a design that has 1 ILA core(s).
display_hw_ila_data [ get_hw_ila_data hw_ila_data_1 -of_objects [get_hw_ilas -of_objects [get_hw_devices xc7z020_1] -filter {CELL_NAME=~"system_i/system_ila_0/inst/ila_lib"}]]
run_hw_ila [get_hw_ilas -of_objects [get_hw_devices xc7z020_1] -filter {CELL_NAME=~"system_i/system_ila_0/inst/ila_lib"}]
INFO: [Labtools 27-1964] The ILA core 'hw_ila_1' trigger was armed at 2025-Jun-14 14:33:52
wait_on_hw_ila [get_hw_ilas -of_objects [get_hw_devices xc7z020_1] -filter {CELL_NAME=~"system_i/system_ila_0/inst/ila_lib"}]
display_hw_ila_data [upload_hw_ila_data [get_hw_ilas -of_objects [get_hw_devices xc7z020_1] -filter {CELL_NAME=~"system_i/system_ila_0/inst/ila_lib"}]]
INFO: [Labtools 27-1966] The ILA core 'hw_ila_1' triggered at 2025-Jun-14 14:34:01
INFO: [Labtools 27-3304] ILA Waveform data saved to file C:/Users/saber/Desktop/share/DanDike_NewBoard/DanDike_NewBoard.hw/backup/hw_ila_data_1.ila. Use Tcl command 'read_hw_ila_data' or Vivado File->Import->Import ILA Data menu item to import the previously saved data.
ERROR: [Labtoolstcl 44-513] HW Target shutdown. Closing target: localhost:3121/xilinx_tcf/Digilent/210251A08870
INFO: [Labtoolstcl 44-466] Opening hw_target localhost:3121/xilinx_tcf/Digilent/210251A08870
WARNING: [Labtoolstcl 44-129] No matching hw_ila_data was found.
INFO: [Labtools 27-1435] Device xc7z020 (JTAG device index = 1) is not programmed (DONE status = 0).
WARNING: [Labtoolstcl 44-129] No matching hw_ila_data was found.
ERROR: [Labtoolstcl 44-513] HW Target shutdown. Closing target: localhost:3121/xilinx_tcf/Digilent/210251A08870
INFO: [Labtoolstcl 44-466] Opening hw_target localhost:3121/xilinx_tcf/Digilent/210251A08870
WARNING: [Labtoolstcl 44-129] No matching hw_ila_data was found.
INFO: [Labtools 27-1435] Device xc7z020 (JTAG device index = 1) is not programmed (DONE status = 0).
WARNING: [Labtoolstcl 44-129] No matching hw_ila_data was found.
ERROR: [Labtoolstcl 44-513] HW Target shutdown. Closing target: localhost:3121/xilinx_tcf/Digilent/210251A08870
INFO: [Labtoolstcl 44-466] Opening hw_target localhost:3121/xilinx_tcf/Digilent/210251A08870
WARNING: [Labtoolstcl 44-129] No matching hw_ila_data was found.
INFO: [Labtools 27-1435] Device xc7z020 (JTAG device index = 1) is not programmed (DONE status = 0).
WARNING: [Labtoolstcl 44-129] No matching hw_ila_data was found.
ERROR: [Labtoolstcl 44-513] HW Target shutdown. Closing target: localhost:3121/xilinx_tcf/Digilent/210251A08870
INFO: [Labtoolstcl 44-466] Opening hw_target localhost:3121/xilinx_tcf/Digilent/210251A08870
WARNING: [Labtoolstcl 44-129] No matching hw_ila_data was found.
INFO: [Labtools 27-1435] Device xc7z020 (JTAG device index = 1) is not programmed (DONE status = 0).
WARNING: [Labtoolstcl 44-129] No matching hw_ila_data was found.
ERROR: [Labtoolstcl 44-513] HW Target shutdown. Closing target: localhost:3121/xilinx_tcf/Digilent/210251A08870
INFO: [Labtoolstcl 44-466] Opening hw_target localhost:3121/xilinx_tcf/Digilent/210251A08870
WARNING: [Labtoolstcl 44-129] No matching hw_ila_data was found.
INFO: [Labtools 27-1435] Device xc7z020 (JTAG device index = 1) is not programmed (DONE status = 0).
WARNING: [Labtoolstcl 44-129] No matching hw_ila_data was found.
ERROR: [Labtoolstcl 44-513] HW Target shutdown. Closing target: localhost:3121/xilinx_tcf/Digilent/210251A08870
INFO: [Labtoolstcl 44-466] Opening hw_target localhost:3121/xilinx_tcf/Digilent/210251A08870
WARNING: [Labtoolstcl 44-129] No matching hw_ila_data was found.
INFO: [Labtools 27-1435] Device xc7z020 (JTAG device index = 1) is not programmed (DONE status = 0).
WARNING: [Labtoolstcl 44-129] No matching hw_ila_data was found.
ERROR: [Labtoolstcl 44-513] HW Target shutdown. Closing target: localhost:3121/xilinx_tcf/Digilent/210251A08870
INFO: [Labtoolstcl 44-466] Opening hw_target localhost:3121/xilinx_tcf/Digilent/210251A08870
WARNING: [Labtoolstcl 44-129] No matching hw_ila_data was found.
INFO: [Labtools 27-1435] Device xc7z020 (JTAG device index = 1) is not programmed (DONE status = 0).
WARNING: [Labtoolstcl 44-129] No matching hw_ila_data was found.
ERROR: [Labtoolstcl 44-513] HW Target shutdown. Closing target: localhost:3121/xilinx_tcf/Digilent/210251A08870
INFO: [Labtoolstcl 44-466] Opening hw_target localhost:3121/xilinx_tcf/Digilent/210251A08870
WARNING: [Labtoolstcl 44-129] No matching hw_ila_data was found.
INFO: [Labtools 27-1435] Device xc7z020 (JTAG device index = 1) is not programmed (DONE status = 0).
WARNING: [Labtoolstcl 44-129] No matching hw_ila_data was found.
ERROR: [Labtoolstcl 44-513] HW Target shutdown. Closing target: localhost:3121/xilinx_tcf/Digilent/210251A08870
INFO: [Labtoolstcl 44-466] Opening hw_target localhost:3121/xilinx_tcf/Digilent/210251A08870
WARNING: [Labtoolstcl 44-129] No matching hw_ila_data was found.
INFO: [Labtools 27-1435] Device xc7z020 (JTAG device index = 1) is not programmed (DONE status = 0).
WARNING: [Labtoolstcl 44-129] No matching hw_ila_data was found.
ERROR: [Labtoolstcl 44-513] HW Target shutdown. Closing target: localhost:3121/xilinx_tcf/Digilent/210251A08870
INFO: [Labtoolstcl 44-466] Opening hw_target localhost:3121/xilinx_tcf/Digilent/210251A08870
WARNING: [Labtoolstcl 44-129] No matching hw_ila_data was found.
INFO: [Labtools 27-1435] Device xc7z020 (JTAG device index = 1) is not programmed (DONE status = 0).
WARNING: [Labtoolstcl 44-129] No matching hw_ila_data was found.
ERROR: [Labtoolstcl 44-513] HW Target shutdown. Closing target: localhost:3121/xilinx_tcf/Digilent/210251A08870
INFO: [Labtoolstcl 44-466] Opening hw_target localhost:3121/xilinx_tcf/Digilent/210251A08870
WARNING: [Labtoolstcl 44-129] No matching hw_ila_data was found.
INFO: [Labtools 27-1435] Device xc7z020 (JTAG device index = 1) is not programmed (DONE status = 0).
WARNING: [Labtoolstcl 44-129] No matching hw_ila_data was found.
ERROR: [Labtoolstcl 44-513] HW Target shutdown. Closing target: localhost:3121/xilinx_tcf/Digilent/210251A08870
exit
INFO: [Common 17-206] Exiting Vivado at Sat Jun 14 16:53:13 2025...
