#-----------------------------------------------------------
# Vivado v2020.2 (64-bit)
# SW Build 3064766 on Wed Nov 18 09:12:45 MST 2020
# IP Build 3064653 on Wed Nov 18 14:17:31 MST 2020
# Start of session at: Mon Dec  1 18:56:19 2025
# Process ID: 21156
# Current directory: C:/Users/saber/Desktop/share/DanDike_NewBoard
# Command line: vivado.exe -gui_launcher_event rodinguilauncherevent11472 C:\Users\saber\Desktop\share\DanDike_NewBoard\DanDike_NewBoard.xpr
# Log file: C:/Users/saber/Desktop/share/DanDike_NewBoard/vivado.log
# Journal file: C:/Users/saber/Desktop/share/DanDike_NewBoard\vivado.jou
#-----------------------------------------------------------
start_gui
open_project C:/Users/saber/Desktop/share/DanDike_NewBoard/DanDike_NewBoard.xpr
Scanning sources...
Finished scanning sources
INFO: [IP_Flow 19-234] Refreshing IP repositories
INFO: [IP_Flow 19-1700] Loaded user IP repository 'c:/Users/saber/Desktop/share/DanDike_NewBoard/ip_repo'.
INFO: [IP_Flow 19-1700] Loaded user IP repository 'c:/Users/saber/Desktop/share/DanDike_NewBoard/if'.
INFO: [IP_Flow 19-2313] Loaded Vivado IP repository 'E:/vivado/Vivado/2020.2/data/ip'.
open_project: Time (s): cpu = 00:00:22 ; elapsed = 00:00:25 . Memory (MB): peak = 1121.430 ; gain = 0.000
update_compile_order -fileset sources_1
open_bd_design {C:/Users/saber/Desktop/share/DanDike_NewBoard/DanDike_NewBoard.srcs/sources_1/bd/system/system.bd}
Reading block design file <C:/Users/saber/Desktop/share/DanDike_NewBoard/DanDike_NewBoard.srcs/sources_1/bd/system/system.bd>...
Adding component instance block -- xilinx.com:ip:processing_system7:5.5 - processing_system7_0
Adding component instance block -- xilinx.com:ip:proc_sys_reset:5.0 - rst_ps7_0_100M
Adding component instance block -- xilinx.com:ip:axi_interconnect:2.1 - ps7_0_axi_periph
Adding component instance block -- xilinx.com:ip:axi_crossbar:2.1 - xbar
Adding component instance block -- xilinx.com:ip:axi_crossbar:2.1 - tier2_xbar_0
Adding component instance block -- xilinx.com:ip:axi_crossbar:2.1 - tier2_xbar_1
Adding component instance block -- xilinx.com:ip:axi_crossbar:2.1 - tier2_xbar_2
Adding component instance block -- xilinx.com:ip:axi_protocol_converter:2.1 - auto_pc
Adding component instance block -- xilinx.com:ip:axi_protocol_converter:2.1 - auto_pc
Adding component instance block -- xilinx.com:ip:axi_protocol_converter:2.1 - auto_pc
Adding component instance block -- xilinx.com:ip:axi_protocol_converter:2.1 - auto_pc
Adding component instance block -- xilinx.com:ip:axi_protocol_converter:2.1 - auto_pc
Adding component instance block -- xilinx.com:ip:axi_protocol_converter:2.1 - auto_pc
Adding component instance block -- xilinx.com:ip:axi_protocol_converter:2.1 - auto_pc
Adding component instance block -- xilinx.com:ip:axi_protocol_converter:2.1 - auto_pc
Adding component instance block -- xilinx.com:ip:axi_protocol_converter:2.1 - auto_pc
Adding component instance block -- xilinx.com:ip:axi_protocol_converter:2.1 - auto_pc
Adding component instance block -- xilinx.com:ip:proc_sys_reset:5.0 - proc_sys_reset_0
Adding component instance block -- xilinx.com:ip:xlconcat:2.1 - xlconcat
Adding component instance block -- xilinx.com:ip:proc_sys_reset:5.0 - rst_ps7_0_142M
Adding component instance block -- xilinx.com:ip:axi_vdma:6.3 - axi_vdma_0
Adding component instance block -- xilinx.com:ip:axi_gpio:2.0 - axi_gpio_0
Adding component instance block -- xilinx.com:ip:v_axi4s_vid_out:4.0 - v_axi4s_vid_out_0
Adding component instance block -- xilinx.com:ip:v_tc:6.2 - v_tc_0
Adding component instance block -- xilinx.com:ip:clk_wiz:6.0 - clk_wiz_0
Adding component instance block -- digilentinc.com:IP:PWM:2.0 - PWM_0
Adding component instance block -- xilinx.com:ip:axi_interconnect:2.1 - axi_mem_intercon
Adding component instance block -- xilinx.com:ip:axi_protocol_converter:2.1 - auto_pc
Adding component instance block -- openedv.com:user:rgb2lcd:1.0 - rgb2lcd_0
Adding component instance block -- xilinx.com:ip:axi_gpio:2.0 - axi_gpio_0
Adding component instance block -- xilinx.com:ip:axi_uartlite:2.0 - axi_uartlite_0
Adding component instance block -- xilinx.com:ip:axi_iic:2.0 - axi_iic_0
Adding component instance block -- xilinx.com:ip:util_vector_logic:2.0 - util_vector_logic_0
Adding component instance block -- xilinx.com:user:coder:1.0 - coder_0
Adding component instance block -- xilinx.com:ip:util_vector_logic:2.0 - util_vector_logic_0
Adding component instance block -- xilinx.com:user:gmii2rgmii:1.0 - gmii2rgmii_0
Adding component instance block -- xilinx.com:ip:axi_bram_ctrl:4.1 - axi_bram_ctrl_0
Adding component instance block -- xilinx.com:user:dac_whole:1.0 - dac_whole_0
Adding component instance block -- xilinx.com:ip:axis_data_fifo:2.0 - axis_data_fifo_1
Adding component instance block -- xilinx.com:ip:axi_dma:7.1 - axi_dma_0
WARNING: [BD 41-1282] Ignoring parameter HAS_BURST
WARNING: [BD 41-1281] Parameter HAS_BURST is not defined on /AC_8_channel_0/adda/axi_dma_0/M_AXIS_MM2S. Setting parameter on /AC_8_channel_0/adda/axi_dma_0/M_AXIS_MM2S failed
Adding component instance block -- xilinx.com:ip:blk_mem_gen:8.4 - blk_mem_gen_0
Adding component instance block -- xilinx.com:user:adc_whole:2.0 - adc_whole_0
Adding component instance block -- xilinx.com:ip:smartconnect:1.0 - axi_smc
Adding component instance block -- xilinx.com:ip:axi_cdma:4.1 - axi_cdma_0
Adding component instance block -- xilinx.com:ip:axi_bram_ctrl:4.1 - axi_bram_ctrl_1
Adding component instance block -- xilinx.com:ip:blk_mem_gen:8.4 - axi_bram_ctrl_0_bram
Adding component instance block -- xilinx.com:ip:axi_interconnect:2.1 - axi_interconnect_0
Adding component instance block -- xilinx.com:user:stimer_onoff_pa_rw:1.0 - stimer_onoff_pa_rw_A_0
Adding component instance block -- xilinx.com:ip:axi_iic:2.0 - axi_iic_0
Adding component instance block -- xilinx.com:user:power_pulse_v1_AXI:1.0 - power_pulse_v1_AXI_0
Adding component instance block -- xilinx.com:ip:axi_intc:4.1 - axi_intc_BareMetal
Adding component instance block -- xilinx.com:ip:xlconcat:2.1 - xlconcat_BareMetal
Successfully read diagram <system> from block design file <C:/Users/saber/Desktop/share/DanDike_NewBoard/DanDike_NewBoard.srcs/sources_1/bd/system/system.bd>
open_bd_design: Time (s): cpu = 00:00:14 ; elapsed = 00:00:14 . Memory (MB): peak = 1348.184 ; gain = 189.285
regenerate_bd_layout
startgroup
apply_bd_automation -rule xilinx.com:bd_rule:clkrst -config { Clk {/processing_system7_0/FCLK_CLK0 (100 MHz)} Freq {100} Ref_Clk0 {} Ref_Clk1 {} Ref_Clk2 {}}  [get_bd_pins AC_8_channel_0/adda/axi_interconnect_0/ACLK]
apply_bd_automation -rule xilinx.com:bd_rule:clkrst -config { Clk {/processing_system7_0/FCLK_CLK0 (100 MHz)} Freq {100} Ref_Clk0 {} Ref_Clk1 {} Ref_Clk2 {}}  [get_bd_pins AC_8_channel_0/adda/axi_interconnect_0/M00_ACLK]
apply_bd_automation -rule xilinx.com:bd_rule:clkrst -config { Clk {/processing_system7_0/FCLK_CLK0 (100 MHz)} Freq {100} Ref_Clk0 {} Ref_Clk1 {} Ref_Clk2 {}}  [get_bd_pins AC_8_channel_0/adda/axi_interconnect_0/S00_ACLK]
endgroup
regenerate_bd_layout
regenerate_bd_layout
regenerate_bd_layout
regenerate_bd_layout
delete_bd_objs [get_bd_intf_nets AC_8_channel_0/adda/axi_bram_ctrl_0_BRAM_PORTA]
delete_bd_objs [get_bd_intf_nets AC_8_channel_0/adda/axi_bram_ctrl_1_BRAM_PORTA]
connect_bd_intf_net [get_bd_intf_pins AC_8_channel_0/adda/blk_mem_gen_0/BRAM_PORTA] [get_bd_intf_pins AC_8_channel_0/adda/axi_bram_ctrl_0/BRAM_PORTA]
delete_bd_objs [get_bd_intf_nets AC_8_channel_0/adda/dac_whole_0_BRAM]
connect_bd_intf_net [get_bd_intf_pins AC_8_channel_0/adda/axi_bram_ctrl_0_bram/BRAM_PORTB] [get_bd_intf_pins AC_8_channel_0/adda/dac_whole_0/BRAM]
connect_bd_intf_net [get_bd_intf_pins AC_8_channel_0/adda/axi_bram_ctrl_1/BRAM_PORTA] [get_bd_intf_pins AC_8_channel_0/adda/axi_bram_ctrl_0_bram/BRAM_PORTA]
regenerate_bd_layout
validate_bd_design
INFO: [xilinx.com:ip:axi_vdma:6.3-16] /lcd/axi_vdma_0 
                    All clocks connected to AXI VDMA are not identical, therefore configuring AXI-VDMA in ASYNC mode.
INFO: [xilinx.com:ip:clk_wiz:6.0-1] /lcd/clk_wiz_0 clk_wiz propagate
WARNING: [xilinx.com:ip:axi_intc:4.1-7] /axi_intc_BareMetal: Interrupts type manual value (0xFFFFFFFF) does not match computed value (0xFFFFFFFC). Please review the manual value or consider using Auto instead.
validate_bd_design: Time (s): cpu = 00:00:35 ; elapsed = 00:00:36 . Memory (MB): peak = 1758.594 ; gain = 80.902
WARNING: [IP_Flow 19-4067] Ignoring invalid widget type specified checkbox.Providing a default widget
WARNING: [IP_Flow 19-4067] Ignoring invalid widget type specified checkbox.Providing a default widget
save_bd_design
Wrote  : <C:\Users\saber\Desktop\share\DanDike_NewBoard\DanDike_NewBoard.srcs\sources_1\bd\system\system.bd> 
Wrote  : <C:/Users/saber/Desktop/share/DanDike_NewBoard/DanDike_NewBoard.srcs/sources_1/bd/system/ui/bd_c954508f.ui> 
reset_run synth_1
launch_runs impl_1 -to_step write_bitstream -jobs 8
INFO: [BD 41-1662] The design 'system.bd' is already validated. Therefore parameter propagation will not be re-run.
Wrote  : <C:\Users\saber\Desktop\share\DanDike_NewBoard\DanDike_NewBoard.srcs\sources_1\bd\system\system.bd> 
Wrote  : <C:/Users/saber/Desktop/share/DanDike_NewBoard/DanDike_NewBoard.srcs/sources_1/bd/system/ui/bd_c954508f.ui> 
WARNING: [BD 41-2384] Width mismatch when connecting pin: '/AC_8_channel_0/adda/blk_mem_gen_0/addra'(32) to pin: '/AC_8_channel_0/adda/axi_bram_ctrl_0/bram_addr_a'(14) - Only lower order bits will be connected.
WARNING: [BD 41-2384] Width mismatch when connecting pin: '/AC_8_channel_0/adda/axi_bram_ctrl_0_bram/addra'(32) to pin: '/AC_8_channel_0/adda/axi_bram_ctrl_1/bram_addr_a'(14) - Only lower order bits will be connected.
VHDL Output written to : C:/Users/saber/Desktop/share/DanDike_NewBoard/DanDike_NewBoard.srcs/sources_1/bd/system/synth/system.v
WARNING: [BD 41-2384] Width mismatch when connecting pin: '/AC_8_channel_0/adda/blk_mem_gen_0/addra'(32) to pin: '/AC_8_channel_0/adda/axi_bram_ctrl_0/bram_addr_a'(14) - Only lower order bits will be connected.
WARNING: [BD 41-2384] Width mismatch when connecting pin: '/AC_8_channel_0/adda/axi_bram_ctrl_0_bram/addra'(32) to pin: '/AC_8_channel_0/adda/axi_bram_ctrl_1/bram_addr_a'(14) - Only lower order bits will be connected.
VHDL Output written to : C:/Users/saber/Desktop/share/DanDike_NewBoard/DanDike_NewBoard.srcs/sources_1/bd/system/sim/system.v
VHDL Output written to : C:/Users/saber/Desktop/share/DanDike_NewBoard/DanDike_NewBoard.srcs/sources_1/bd/system/hdl/system_wrapper.v
Exporting to file c:/Users/saber/Desktop/share/DanDike_NewBoard/DanDike_NewBoard.srcs/sources_1/bd/system/ip/system_axi_smc_0_1/bd_0/hw_handoff/system_axi_smc_0.hwh
Generated Block Design Tcl file c:/Users/saber/Desktop/share/DanDike_NewBoard/DanDike_NewBoard.srcs/sources_1/bd/system/ip/system_axi_smc_0_1/bd_0/hw_handoff/system_axi_smc_0_bd.tcl
Generated Hardware Definition File c:/Users/saber/Desktop/share/DanDike_NewBoard/DanDike_NewBoard.srcs/sources_1/bd/system/ip/system_axi_smc_0_1/bd_0/synth/system_axi_smc_0.hwdef
INFO: [BD 41-1029] Generation completed for the IP Integrator block ps7_0_axi_periph/tier2_xbar_0 .
INFO: [BD 41-1029] Generation completed for the IP Integrator block ps7_0_axi_periph/tier2_xbar_1 .
INFO: [BD 41-1029] Generation completed for the IP Integrator block ps7_0_axi_periph/tier2_xbar_2 .
INFO: [BD 41-1029] Generation completed for the IP Integrator block ps7_0_axi_periph/i00_couplers/auto_pc .
INFO: [BD 41-1029] Generation completed for the IP Integrator block ps7_0_axi_periph/i02_couplers/auto_pc .
INFO: [BD 41-1029] Generation completed for the IP Integrator block ps7_0_axi_periph/s00_couplers/auto_pc .
INFO: [BD 41-1029] Generation completed for the IP Integrator block ps7_0_axi_periph/m09_couplers/auto_pc .
INFO: [BD 41-1029] Generation completed for the IP Integrator block ps7_0_axi_periph/m10_couplers/auto_pc .
INFO: [BD 41-1029] Generation completed for the IP Integrator block ps7_0_axi_periph/m11_couplers/auto_pc .
INFO: [BD 41-1029] Generation completed for the IP Integrator block ps7_0_axi_periph/m12_couplers/auto_pc .
INFO: [BD 41-1029] Generation completed for the IP Integrator block ps7_0_axi_periph/m13_couplers/auto_pc .
INFO: [BD 41-1029] Generation completed for the IP Integrator block ps7_0_axi_periph/m14_couplers/auto_pc .
INFO: [BD 41-1029] Generation completed for the IP Integrator block ps7_0_axi_periph/m15_couplers/auto_pc .
INFO: [BD 41-1029] Generation completed for the IP Integrator block lcd/axi_mem_intercon/s00_couplers/auto_pc .
Exporting to file C:/Users/saber/Desktop/share/DanDike_NewBoard/DanDike_NewBoard.srcs/sources_1/bd/system/hw_handoff/system.hwh
Generated Block Design Tcl file C:/Users/saber/Desktop/share/DanDike_NewBoard/DanDike_NewBoard.srcs/sources_1/bd/system/hw_handoff/system_bd.tcl
Generated Hardware Definition File C:/Users/saber/Desktop/share/DanDike_NewBoard/DanDike_NewBoard.srcs/sources_1/bd/system/synth/system.hwdef
[Mon Dec  1 19:03:07 2025] Launched synth_1...
Run output will be captured here: C:/Users/saber/Desktop/share/DanDike_NewBoard/DanDike_NewBoard.runs/synth_1/runme.log
[Mon Dec  1 19:03:07 2025] Launched impl_1...
Run output will be captured here: C:/Users/saber/Desktop/share/DanDike_NewBoard/DanDike_NewBoard.runs/impl_1/runme.log
launch_runs: Time (s): cpu = 00:00:11 ; elapsed = 00:00:21 . Memory (MB): peak = 2049.238 ; gain = 208.457
INFO: [Coretcl 2-12] '/AC_8_channel_0/adda/axi_cdma_0/M_AXI' selected.
INFO: [Coretcl 2-12] '/lcd/axi_vdma_0/Data_MM2S/SEG_processing_system7_0_HP1_DDR_LOWOCM' selected.
INFO: [Coretcl 2-12] '/AC_8_channel_0/adda/axi_dma_0/M_AXI_S2MM' selected.
INFO: [Coretcl 2-12] '/lcd/axi_vdma_0/M_AXI_MM2S' selected.
INFO: [Coretcl 2-12] '/AC_8_channel_0/adda/axi_cdma_0/Data/SEG_axi_bram_ctrl_1_Mem0' selected.
INFO: [Coretcl 2-12] '/AC_8_channel_0/adda/axi_cdma_0/Data/SEG_axi_bram_ctrl_1_Mem0' selected.
regenerate_bd_layout
WARNING: [IP_Flow 19-4067] Ignoring invalid widget type specified checkbox.Providing a default widget
WARNING: [IP_Flow 19-4067] Ignoring invalid widget type specified checkbox.Providing a default widget
delete_bd_objs [get_bd_intf_nets AC_8_channel_0/adda/axi_bram_ctrl_1_BRAM_PORTA]
connect_bd_intf_net [get_bd_intf_pins AC_8_channel_0/adda/axi_bram_ctrl_1/BRAM_PORTA] [get_bd_intf_pins AC_8_channel_0/adda/axi_bram_ctrl_0_bram/BRAM_PORTA]
generate_target all [get_files  C:/Users/saber/Desktop/share/DanDike_NewBoard/DanDike_NewBoard.srcs/sources_1/bd/system/system.bd]
INFO: [xilinx.com:ip:axi_vdma:6.3-16] /lcd/axi_vdma_0 
                    All clocks connected to AXI VDMA are not identical, therefore configuring AXI-VDMA in ASYNC mode.
INFO: [xilinx.com:ip:clk_wiz:6.0-1] /lcd/clk_wiz_0 clk_wiz propagate
INFO: [xilinx.com:ip:clk_wiz:6.0-1] /lcd/clk_wiz_0 clk_wiz propagate
WARNING: [xilinx.com:ip:axi_intc:4.1-7] /axi_intc_BareMetal: Interrupts type manual value (0xFFFFFFFF) does not match computed value (0xFFFFFFFC). Please review the manual value or consider using Auto instead.
Wrote  : <C:\Users\saber\Desktop\share\DanDike_NewBoard\DanDike_NewBoard.srcs\sources_1\bd\system\system.bd> 
Wrote  : <C:/Users/saber/Desktop/share/DanDike_NewBoard/DanDike_NewBoard.srcs/sources_1/bd/system/ui/bd_c954508f.ui> 
WARNING: [BD 41-2384] Width mismatch when connecting pin: '/AC_8_channel_0/adda/blk_mem_gen_0/addra'(32) to pin: '/AC_8_channel_0/adda/axi_bram_ctrl_0/bram_addr_a'(14) - Only lower order bits will be connected.
WARNING: [BD 41-2384] Width mismatch when connecting pin: '/AC_8_channel_0/adda/axi_bram_ctrl_0_bram/addra'(32) to pin: '/AC_8_channel_0/adda/axi_bram_ctrl_1/bram_addr_a'(14) - Only lower order bits will be connected.
VHDL Output written to : C:/Users/saber/Desktop/share/DanDike_NewBoard/DanDike_NewBoard.srcs/sources_1/bd/system/synth/system.v
WARNING: [BD 41-2384] Width mismatch when connecting pin: '/AC_8_channel_0/adda/blk_mem_gen_0/addra'(32) to pin: '/AC_8_channel_0/adda/axi_bram_ctrl_0/bram_addr_a'(14) - Only lower order bits will be connected.
WARNING: [BD 41-2384] Width mismatch when connecting pin: '/AC_8_channel_0/adda/axi_bram_ctrl_0_bram/addra'(32) to pin: '/AC_8_channel_0/adda/axi_bram_ctrl_1/bram_addr_a'(14) - Only lower order bits will be connected.
VHDL Output written to : C:/Users/saber/Desktop/share/DanDike_NewBoard/DanDike_NewBoard.srcs/sources_1/bd/system/sim/system.v
VHDL Output written to : C:/Users/saber/Desktop/share/DanDike_NewBoard/DanDike_NewBoard.srcs/sources_1/bd/system/hdl/system_wrapper.v
Exporting to file c:/Users/saber/Desktop/share/DanDike_NewBoard/DanDike_NewBoard.srcs/sources_1/bd/system/ip/system_axi_smc_0_1/bd_0/hw_handoff/system_axi_smc_0.hwh
Generated Block Design Tcl file c:/Users/saber/Desktop/share/DanDike_NewBoard/DanDike_NewBoard.srcs/sources_1/bd/system/ip/system_axi_smc_0_1/bd_0/hw_handoff/system_axi_smc_0_bd.tcl
Generated Hardware Definition File c:/Users/saber/Desktop/share/DanDike_NewBoard/DanDike_NewBoard.srcs/sources_1/bd/system/ip/system_axi_smc_0_1/bd_0/synth/system_axi_smc_0.hwdef
INFO: [BD 41-1029] Generation completed for the IP Integrator block ps7_0_axi_periph/tier2_xbar_0 .
INFO: [BD 41-1029] Generation completed for the IP Integrator block ps7_0_axi_periph/tier2_xbar_1 .
INFO: [BD 41-1029] Generation completed for the IP Integrator block ps7_0_axi_periph/tier2_xbar_2 .
INFO: [BD 41-1029] Generation completed for the IP Integrator block ps7_0_axi_periph/i00_couplers/auto_pc .
INFO: [BD 41-1029] Generation completed for the IP Integrator block ps7_0_axi_periph/i02_couplers/auto_pc .
INFO: [BD 41-1029] Generation completed for the IP Integrator block ps7_0_axi_periph/s00_couplers/auto_pc .
INFO: [BD 41-1029] Generation completed for the IP Integrator block ps7_0_axi_periph/m09_couplers/auto_pc .
INFO: [BD 41-1029] Generation completed for the IP Integrator block ps7_0_axi_periph/m10_couplers/auto_pc .
INFO: [BD 41-1029] Generation completed for the IP Integrator block ps7_0_axi_periph/m11_couplers/auto_pc .
INFO: [BD 41-1029] Generation completed for the IP Integrator block ps7_0_axi_periph/m12_couplers/auto_pc .
INFO: [BD 41-1029] Generation completed for the IP Integrator block ps7_0_axi_periph/m13_couplers/auto_pc .
INFO: [BD 41-1029] Generation completed for the IP Integrator block ps7_0_axi_periph/m14_couplers/auto_pc .
INFO: [BD 41-1029] Generation completed for the IP Integrator block ps7_0_axi_periph/m15_couplers/auto_pc .
INFO: [BD 41-1029] Generation completed for the IP Integrator block lcd/axi_mem_intercon/s00_couplers/auto_pc .
Exporting to file C:/Users/saber/Desktop/share/DanDike_NewBoard/DanDike_NewBoard.srcs/sources_1/bd/system/hw_handoff/system.hwh
Generated Block Design Tcl file C:/Users/saber/Desktop/share/DanDike_NewBoard/DanDike_NewBoard.srcs/sources_1/bd/system/hw_handoff/system_bd.tcl
Generated Hardware Definition File C:/Users/saber/Desktop/share/DanDike_NewBoard/DanDike_NewBoard.srcs/sources_1/bd/system/synth/system.hwdef
generate_target: Time (s): cpu = 00:00:44 ; elapsed = 00:00:44 . Memory (MB): peak = 2358.590 ; gain = 0.000
export_ip_user_files -of_objects [get_files C:/Users/saber/Desktop/share/DanDike_NewBoard/DanDike_NewBoard.srcs/sources_1/bd/system/system.bd] -no_script -sync -force -quiet
export_simulation -of_objects [get_files C:/Users/saber/Desktop/share/DanDike_NewBoard/DanDike_NewBoard.srcs/sources_1/bd/system/system.bd] -directory C:/Users/saber/Desktop/share/DanDike_NewBoard/DanDike_NewBoard.ip_user_files/sim_scripts -ip_user_files_dir C:/Users/saber/Desktop/share/DanDike_NewBoard/DanDike_NewBoard.ip_user_files -ipstatic_source_dir C:/Users/saber/Desktop/share/DanDike_NewBoard/DanDike_NewBoard.ip_user_files/ipstatic -lib_map_path [list {modelsim=C:/Users/saber/Desktop/share/DanDike_NewBoard/DanDike_NewBoard.cache/compile_simlib/modelsim} {questa=C:/Users/saber/Desktop/share/DanDike_NewBoard/DanDike_NewBoard.cache/compile_simlib/questa} {riviera=C:/Users/saber/Desktop/share/DanDike_NewBoard/DanDike_NewBoard.cache/compile_simlib/riviera} {activehdl=C:/Users/saber/Desktop/share/DanDike_NewBoard/DanDike_NewBoard.cache/compile_simlib/activehdl}] -use_ip_compiled_libs -force -quiet
WARNING: [IP_Flow 19-4067] Ignoring invalid widget type specified checkbox.Providing a default widget
WARNING: [IP_Flow 19-4067] Ignoring invalid widget type specified checkbox.Providing a default widget
INFO: [Vivado 12-8217] Implementation run is out of date. Exported hardware information may be inconsistent with respect to the current state of the design. It is recommended that you re-run implementation and re-generate bitstream/PDI before doing hardware export.
write_hw_platform -fixed -include_bit -force -file C:/Users/saber/Desktop/share/DanDike_NewBoard/vitis1/system_wrapper.xsa
INFO: [Vivado 12-4895] Creating Hardware Platform: C:/Users/saber/Desktop/share/DanDike_NewBoard/vitis1/system_wrapper.xsa ...
INFO: [Hsi 55-2053] elapsed time for repository (E:/vivado/Vivado/2020.2/data\embeddedsw) loading 1 seconds
INFO: [Vivado 12-12467] The Hardware Platform can be used for Hardware
INFO: [Vivado 12-4896] Successfully created Hardware Platform: C:/Users/saber/Desktop/share/DanDike_NewBoard/vitis1/system_wrapper.xsa
write_hw_platform: Time (s): cpu = 00:00:06 ; elapsed = 00:00:08 . Memory (MB): peak = 2358.590 ; gain = 0.000
delete_bd_objs [get_bd_intf_nets AC_8_channel_0/adda/axi_bram_ctrl_1_BRAM_PORTA] [get_bd_intf_nets AC_8_channel_0/adda/dac_whole_0_BRAM] [get_bd_cells AC_8_channel_0/adda/axi_bram_ctrl_0_bram]
startgroup
apply_bd_automation -rule xilinx.com:bd_rule:bram_cntlr -config {BRAM "Auto" }  [get_bd_intf_pins AC_8_channel_0/adda/axi_bram_ctrl_1/BRAM_PORTA]
apply_bd_automation -rule xilinx.com:bd_rule:bram_cntlr -config {BRAM "Auto" }  [get_bd_intf_pins AC_8_channel_0/adda/dac_whole_0/BRAM]
endgroup
undo
INFO: [Common 17-17] undo 'endgroup'
INFO: [Common 17-17] undo 'apply_bd_automation -rule xilinx.com:bd_rule:bram_cntlr -config {BRAM "Auto" }  [get_bd_intf_pins AC_8_channel_0/adda/dac_whole_0/BRAM]'
INFO: [Common 17-17] undo 'apply_bd_automation -rule xilinx.com:bd_rule:bram_cntlr -config {BRAM "Auto" }  [get_bd_intf_pins AC_8_channel_0/adda/axi_bram_ctrl_1/BRAM_PORTA]'
INFO: [Common 17-17] undo 'startgroup'
apply_bd_automation -rule xilinx.com:bd_rule:bram_cntlr -config {BRAM "New Blk_Mem_Gen" }  [get_bd_intf_pins AC_8_channel_0/adda/axi_bram_ctrl_1/BRAM_PORTA]
WARNING: [IP_Flow 19-4067] Ignoring invalid widget type specified checkbox.Providing a default widget
WARNING: [IP_Flow 19-4067] Ignoring invalid widget type specified checkbox.Providing a default widget
startgroup
set_property -dict [list CONFIG.Memory_Type {Dual_Port_ROM} CONFIG.Use_Byte_Write_Enable {false} CONFIG.Enable_B {Use_ENB_Pin} CONFIG.Use_RSTB_Pin {true} CONFIG.Port_A_Write_Rate {0} CONFIG.Port_B_Clock {100} CONFIG.Port_B_Enable_Rate {100} CONFIG.EN_SAFETY_CKT {false}] [get_bd_cells AC_8_channel_0/adda/axi_bram_ctrl_1_bram]
endgroup
connect_bd_intf_net [get_bd_intf_pins AC_8_channel_0/adda/dac_whole_0/BRAM] [get_bd_intf_pins AC_8_channel_0/adda/axi_bram_ctrl_1_bram/BRAM_PORTB]
save_bd_design
Wrote  : <C:\Users\saber\Desktop\share\DanDike_NewBoard\DanDike_NewBoard.srcs\sources_1\bd\system\system.bd> 
Wrote  : <C:/Users/saber/Desktop/share/DanDike_NewBoard/DanDike_NewBoard.srcs/sources_1/bd/system/ui/bd_c954508f.ui> 
delete_bd_objs [get_bd_intf_nets AC_8_channel_0/adda/axi_cdma_0_M_AXI] [get_bd_intf_nets AC_8_channel_0/adda/axi_interconnect_0_M00_AXI] [get_bd_cells AC_8_channel_0/adda/axi_interconnect_0]
startgroup
create_bd_cell -type ip -vlnv xilinx.com:ip:smartconnect:1.0 smartconnect_0
endgroup
move_bd_cells [get_bd_cells AC_8_channel_0/adda] [get_bd_cells smartconnect_0]
set_property -dict [list CONFIG.NUM_MI {2} CONFIG.NUM_SI {1}] [get_bd_cells AC_8_channel_0/adda/smartconnect_0]
connect_bd_intf_net [get_bd_intf_pins AC_8_channel_0/adda/axi_cdma_0/M_AXI] [get_bd_intf_pins AC_8_channel_0/adda/smartconnect_0/S00_AXI]
connect_bd_intf_net [get_bd_intf_pins AC_8_channel_0/adda/smartconnect_0/M00_AXI] [get_bd_intf_pins AC_8_channel_0/adda/axi_bram_ctrl_1/S_AXI]
WARNING: [IP_Flow 19-474] Invalid Parameter 'Component_Name'
startgroup
set_property -dict [list CONFIG.PCW_USE_S_AXI_HP2 {1}] [get_bd_cells processing_system7_0]
endgroup
connect_bd_intf_net [get_bd_intf_pins AC_8_channel_0/adda/smartconnect_0/M01_AXI] [get_bd_intf_pins processing_system7_0/S_AXI_HP2]
apply_bd_automation -rule xilinx.com:bd_rule:clkrst -config { Clk {/processing_system7_0/FCLK_CLK0 (100 MHz)} Freq {100} Ref_Clk0 {} Ref_Clk1 {} Ref_Clk2 {}}  [get_bd_pins processing_system7_0/S_AXI_HP2_ACLK]
validate_bd_design
CRITICAL WARNING: [BD 41-1356] Slave segment </processing_system7_0/S_AXI_HP2/HP2_DDR_LOWOCM> is not assigned into address space </AC_8_channel_0/adda/axi_cdma_0/Data>. Please use Address Editor to either assign or exclude it.
ERROR: [axi_bram_cntlr-1] Expects the parameter <CONFIG.READ_WRITE_MODE> of interface </AC_8_channel_0/adda/axi_bram_ctrl_1_bram/BRAM_PORTA>, which is connected to </AC_8_channel_0/adda/axi_bram_ctrl_1/BRAM_PORTA>, to have value <READ_WRITE>, but currently it is <READ_ONLY>.
ERROR: [Common 17-39] 'send_msg_id' failed due to earlier errors.
ERROR: [BD 41-1273] Error running post_propagate TCL procedure: ERROR: [Common 17-39] 'send_msg_id' failed due to earlier errors.
    ::xilinx.com_ip_axi_bram_ctrl_4.1::post_propagate Line 85
WARNING: [BD 41-2180] Resetting the memory initialization file of </AC_8_channel_0/adda/axi_bram_ctrl_1_bram> to default.
INFO: [xilinx.com:ip:axi_vdma:6.3-16] /lcd/axi_vdma_0 
                    All clocks connected to AXI VDMA are not identical, therefore configuring AXI-VDMA in ASYNC mode.
INFO: [xilinx.com:ip:clk_wiz:6.0-1] /lcd/clk_wiz_0 clk_wiz propagate
WARNING: [xilinx.com:ip:axi_intc:4.1-7] /axi_intc_BareMetal: Interrupts type manual value (0xFFFFFFFF) does not match computed value (0xFFFFFFFC). Please review the manual value or consider using Auto instead.
validate_bd_design: Time (s): cpu = 00:00:44 ; elapsed = 00:00:41 . Memory (MB): peak = 2382.473 ; gain = 18.680
ERROR: [Common 17-39] 'validate_bd_design' failed due to earlier errors.
WARNING: [IP_Flow 19-4067] Ignoring invalid widget type specified checkbox.Providing a default widget
WARNING: [IP_Flow 19-4067] Ignoring invalid widget type specified checkbox.Providing a default widget
connect_bd_net [get_bd_pins AC_8_channel_0/adda/S_AXI_ARESETN] [get_bd_pins AC_8_channel_0/adda/smartconnect_0/aresetn]
WARNING: [IP_Flow 19-4067] Ignoring invalid widget type specified checkbox.Providing a default widget
WARNING: [IP_Flow 19-4067] Ignoring invalid widget type specified checkbox.Providing a default widget
startgroup
set_property -dict [list CONFIG.Memory_Type {True_Dual_Port_RAM} CONFIG.Use_Byte_Write_Enable {true} CONFIG.Port_A_Write_Rate {50} CONFIG.Port_B_Write_Rate {50} CONFIG.EN_SAFETY_CKT {false}] [get_bd_cells AC_8_channel_0/adda/axi_bram_ctrl_1_bram]
endgroup
WARNING: [IP_Flow 19-4067] Ignoring invalid widget type specified checkbox.Providing a default widget
WARNING: [IP_Flow 19-4067] Ignoring invalid widget type specified checkbox.Providing a default widget
validate_bd_design
CRITICAL WARNING: [BD 41-1356] Slave segment </processing_system7_0/S_AXI_HP2/HP2_DDR_LOWOCM> is not assigned into address space </AC_8_channel_0/adda/axi_cdma_0/Data>. Please use Address Editor to either assign or exclude it.
INFO: [xilinx.com:ip:axi_vdma:6.3-16] /lcd/axi_vdma_0 
                    All clocks connected to AXI VDMA are not identical, therefore configuring AXI-VDMA in ASYNC mode.
INFO: [xilinx.com:ip:clk_wiz:6.0-1] /lcd/clk_wiz_0 clk_wiz propagate
WARNING: [xilinx.com:ip:axi_intc:4.1-7] /axi_intc_BareMetal: Interrupts type manual value (0xFFFFFFFF) does not match computed value (0xFFFFFFFC). Please review the manual value or consider using Auto instead.
validate_bd_design: Time (s): cpu = 00:00:37 ; elapsed = 00:00:38 . Memory (MB): peak = 2424.664 ; gain = 0.000
assign_bd_address
Slave segment '/processing_system7_0/S_AXI_HP2/HP2_DDR_LOWOCM' is being assigned into address space '/AC_8_channel_0/adda/axi_cdma_0/Data' at <0x0000_0000 [ 1G ]>.
INFO: [Coretcl 2-12] '/AC_8_channel_0/adda/axi_cdma_0' selected.
save_bd_design
Wrote  : <C:\Users\saber\Desktop\share\DanDike_NewBoard\DanDike_NewBoard.srcs\sources_1\bd\system\system.bd> 
Wrote  : <C:/Users/saber/Desktop/share/DanDike_NewBoard/DanDike_NewBoard.srcs/sources_1/bd/system/ui/bd_c954508f.ui> 
regenerate_bd_layout
regenerate_bd_layout
reset_run synth_1
launch_runs impl_1 -to_step write_bitstream -jobs 8
INFO: [xilinx.com:ip:axi_vdma:6.3-16] /lcd/axi_vdma_0 
                    All clocks connected to AXI VDMA are not identical, therefore configuring AXI-VDMA in ASYNC mode.
INFO: [xilinx.com:ip:clk_wiz:6.0-1] /lcd/clk_wiz_0 clk_wiz propagate
INFO: [xilinx.com:ip:clk_wiz:6.0-1] /lcd/clk_wiz_0 clk_wiz propagate
WARNING: [xilinx.com:ip:axi_intc:4.1-7] /axi_intc_BareMetal: Interrupts type manual value (0xFFFFFFFF) does not match computed value (0xFFFFFFFC). Please review the manual value or consider using Auto instead.
Wrote  : <C:\Users\saber\Desktop\share\DanDike_NewBoard\DanDike_NewBoard.srcs\sources_1\bd\system\system.bd> 
Wrote  : <C:/Users/saber/Desktop/share/DanDike_NewBoard/DanDike_NewBoard.srcs/sources_1/bd/system/ui/bd_c954508f.ui> 
WARNING: [BD 41-2384] Width mismatch when connecting pin: '/AC_8_channel_0/adda/blk_mem_gen_0/addra'(32) to pin: '/AC_8_channel_0/adda/axi_bram_ctrl_0/bram_addr_a'(14) - Only lower order bits will be connected.
WARNING: [BD 41-2384] Width mismatch when connecting pin: '/AC_8_channel_0/adda/axi_bram_ctrl_1_bram/addra'(32) to pin: '/AC_8_channel_0/adda/axi_bram_ctrl_1/bram_addr_a'(14) - Only lower order bits will be connected.
VHDL Output written to : C:/Users/saber/Desktop/share/DanDike_NewBoard/DanDike_NewBoard.srcs/sources_1/bd/system/synth/system.v
WARNING: [BD 41-2384] Width mismatch when connecting pin: '/AC_8_channel_0/adda/blk_mem_gen_0/addra'(32) to pin: '/AC_8_channel_0/adda/axi_bram_ctrl_0/bram_addr_a'(14) - Only lower order bits will be connected.
WARNING: [BD 41-2384] Width mismatch when connecting pin: '/AC_8_channel_0/adda/axi_bram_ctrl_1_bram/addra'(32) to pin: '/AC_8_channel_0/adda/axi_bram_ctrl_1/bram_addr_a'(14) - Only lower order bits will be connected.
VHDL Output written to : C:/Users/saber/Desktop/share/DanDike_NewBoard/DanDike_NewBoard.srcs/sources_1/bd/system/sim/system.v
VHDL Output written to : C:/Users/saber/Desktop/share/DanDike_NewBoard/DanDike_NewBoard.srcs/sources_1/bd/system/hdl/system_wrapper.v
WARNING: [IP_Flow 19-5611] Unable to find an associated reset port for the interface 'M_AXI_GP0'. A default connection has been created.
WARNING: [IP_Flow 19-5611] Unable to find an associated reset port for the interface 'S_AXI_HP0'. A default connection has been created.
WARNING: [IP_Flow 19-5611] Unable to find an associated reset port for the interface 'S_AXI_HP1'. A default connection has been created.
WARNING: [IP_Flow 19-5611] Unable to find an associated reset port for the interface 'S_AXI_HP2'. A default connection has been created.
INFO: [BD 41-1029] Generation completed for the IP Integrator block processing_system7_0 .
Exporting to file c:/Users/saber/Desktop/share/DanDike_NewBoard/DanDike_NewBoard.srcs/sources_1/bd/system/ip/system_axi_smc_0_1/bd_0/hw_handoff/system_axi_smc_0.hwh
Generated Block Design Tcl file c:/Users/saber/Desktop/share/DanDike_NewBoard/DanDike_NewBoard.srcs/sources_1/bd/system/ip/system_axi_smc_0_1/bd_0/hw_handoff/system_axi_smc_0_bd.tcl
Generated Hardware Definition File c:/Users/saber/Desktop/share/DanDike_NewBoard/DanDike_NewBoard.srcs/sources_1/bd/system/ip/system_axi_smc_0_1/bd_0/synth/system_axi_smc_0.hwdef
INFO: [BD 41-1029] Generation completed for the IP Integrator block AC_8_channel_0/adda/axi_bram_ctrl_1_bram .
Exporting to file c:/Users/saber/Desktop/share/DanDike_NewBoard/DanDike_NewBoard.srcs/sources_1/bd/system/ip/system_smartconnect_0_0/bd_0/hw_handoff/system_smartconnect_0_0.hwh
Generated Block Design Tcl file c:/Users/saber/Desktop/share/DanDike_NewBoard/DanDike_NewBoard.srcs/sources_1/bd/system/ip/system_smartconnect_0_0/bd_0/hw_handoff/system_smartconnect_0_0_bd.tcl
Generated Hardware Definition File c:/Users/saber/Desktop/share/DanDike_NewBoard/DanDike_NewBoard.srcs/sources_1/bd/system/ip/system_smartconnect_0_0/bd_0/synth/system_smartconnect_0_0.hwdef
INFO: [BD 41-1029] Generation completed for the IP Integrator block AC_8_channel_0/adda/smartconnect_0 .
INFO: [BD 41-1029] Generation completed for the IP Integrator block ps7_0_axi_periph/tier2_xbar_0 .
INFO: [BD 41-1029] Generation completed for the IP Integrator block ps7_0_axi_periph/tier2_xbar_1 .
INFO: [BD 41-1029] Generation completed for the IP Integrator block ps7_0_axi_periph/tier2_xbar_2 .
INFO: [BD 41-1029] Generation completed for the IP Integrator block ps7_0_axi_periph/i00_couplers/auto_pc .
INFO: [BD 41-1029] Generation completed for the IP Integrator block ps7_0_axi_periph/i02_couplers/auto_pc .
INFO: [BD 41-1029] Generation completed for the IP Integrator block ps7_0_axi_periph/s00_couplers/auto_pc .
INFO: [BD 41-1029] Generation completed for the IP Integrator block ps7_0_axi_periph/m09_couplers/auto_pc .
INFO: [BD 41-1029] Generation completed for the IP Integrator block ps7_0_axi_periph/m10_couplers/auto_pc .
INFO: [BD 41-1029] Generation completed for the IP Integrator block ps7_0_axi_periph/m11_couplers/auto_pc .
INFO: [BD 41-1029] Generation completed for the IP Integrator block ps7_0_axi_periph/m12_couplers/auto_pc .
INFO: [BD 41-1029] Generation completed for the IP Integrator block ps7_0_axi_periph/m13_couplers/auto_pc .
INFO: [BD 41-1029] Generation completed for the IP Integrator block ps7_0_axi_periph/m14_couplers/auto_pc .
INFO: [BD 41-1029] Generation completed for the IP Integrator block ps7_0_axi_periph/m15_couplers/auto_pc .
INFO: [BD 41-1029] Generation completed for the IP Integrator block lcd/axi_mem_intercon/s00_couplers/auto_pc .
Exporting to file C:/Users/saber/Desktop/share/DanDike_NewBoard/DanDike_NewBoard.srcs/sources_1/bd/system/hw_handoff/system.hwh
Generated Block Design Tcl file C:/Users/saber/Desktop/share/DanDike_NewBoard/DanDike_NewBoard.srcs/sources_1/bd/system/hw_handoff/system_bd.tcl
Generated Hardware Definition File C:/Users/saber/Desktop/share/DanDike_NewBoard/DanDike_NewBoard.srcs/sources_1/bd/system/synth/system.hwdef
[Mon Dec  1 19:37:56 2025] Launched synth_1...
Run output will be captured here: C:/Users/saber/Desktop/share/DanDike_NewBoard/DanDike_NewBoard.runs/synth_1/runme.log
[Mon Dec  1 19:37:56 2025] Launched impl_1...
Run output will be captured here: C:/Users/saber/Desktop/share/DanDike_NewBoard/DanDike_NewBoard.runs/impl_1/runme.log
launch_runs: Time (s): cpu = 00:01:20 ; elapsed = 00:01:23 . Memory (MB): peak = 2789.215 ; gain = 0.000
write_hw_platform -fixed -include_bit -force -file C:/Users/saber/Desktop/share/DanDike_NewBoard/vitis1/system_wrapper.xsa
INFO: [Vivado 12-4895] Creating Hardware Platform: C:/Users/saber/Desktop/share/DanDike_NewBoard/vitis1/system_wrapper.xsa ...
INFO: [Vivado 12-12467] The Hardware Platform can be used for Hardware
INFO: [Vivado 12-4896] Successfully created Hardware Platform: C:/Users/saber/Desktop/share/DanDike_NewBoard/vitis1/system_wrapper.xsa
write_hw_platform: Time (s): cpu = 00:00:06 ; elapsed = 00:00:06 . Memory (MB): peak = 2789.215 ; gain = 0.000
WARNING: [IP_Flow 19-4067] Ignoring invalid widget type specified checkbox.Providing a default widget
WARNING: [IP_Flow 19-4067] Ignoring invalid widget type specified checkbox.Providing a default widget
exit
INFO: [Common 17-206] Exiting Vivado at Mon Dec  1 20:15:59 2025...
