#-----------------------------------------------------------
# Vivado v2020.2 (64-bit)
# SW Build 3064766 on Wed Nov 18 09:12:45 MST 2020
# IP Build 3064653 on Wed Nov 18 14:17:31 MST 2020
# Start of session at: Mon Jun 30 09:55:54 2025
# Process ID: 24548
# Current directory: C:/Users/saber/Desktop/share/DanDike_NewBoard
# Command line: vivado.exe -gui_launcher_event rodinguilauncherevent19056 C:\Users\saber\Desktop\share\DanDike_NewBoard\DanDike_NewBoard.xpr
# Log file: C:/Users/saber/Desktop/share/DanDike_NewBoard/vivado.log
# Journal file: C:/Users/saber/Desktop/share/DanDike_NewBoard\vivado.jou
#-----------------------------------------------------------
start_gui
open_project C:/Users/saber/Desktop/share/DanDike_NewBoard/DanDike_NewBoard.xpr
WARNING: [BD 41-2576] File 'C:/Users/saber/Desktop/share/DanDike_NewBoard/DanDike_NewBoard.srcs/sources_1/bd/system/ip/system_auto_pc_15/system_auto_pc_15.xci' referenced by design 'system' could not be found.
WARNING: [BD 41-2576] File 'C:/Users/saber/Desktop/share/DanDike_NewBoard/DanDike_NewBoard.srcs/sources_1/bd/system/ip/system_auto_pc_0_2/system_auto_pc_0.xci' referenced by design 'system' could not be found.
WARNING: [BD 41-2576] File 'C:/Users/saber/Desktop/share/DanDike_NewBoard/DanDike_NewBoard.srcs/sources_1/bd/system/ip/system_auto_pc_1_2/system_auto_pc_1.xci' referenced by design 'system' could not be found.
WARNING: [BD 41-2576] File 'C:/Users/saber/Desktop/share/DanDike_NewBoard/DanDike_NewBoard.srcs/sources_1/bd/system/ip/system_auto_pc_2_1/system_auto_pc_2.xci' referenced by design 'system' could not be found.
WARNING: [BD 41-2576] File 'C:/Users/saber/Desktop/share/DanDike_NewBoard/DanDike_NewBoard.srcs/sources_1/bd/system/ip/system_auto_pc_3_2/system_auto_pc_3.xci' referenced by design 'system' could not be found.
WARNING: [BD 41-2576] File 'C:/Users/saber/Desktop/share/DanDike_NewBoard/DanDike_NewBoard.srcs/sources_1/bd/system/ip/system_auto_pc_4_2/system_auto_pc_4.xci' referenced by design 'system' could not be found.
WARNING: [BD 41-2576] File 'C:/Users/saber/Desktop/share/DanDike_NewBoard/DanDike_NewBoard.srcs/sources_1/bd/system/ip/system_auto_pc_5_1/system_auto_pc_5.xci' referenced by design 'system' could not be found.
WARNING: [BD 41-2576] File 'C:/Users/saber/Desktop/share/DanDike_NewBoard/DanDike_NewBoard.srcs/sources_1/bd/system/ip/system_auto_pc_6_1/system_auto_pc_6.xci' referenced by design 'system' could not be found.
WARNING: [BD 41-2576] File 'C:/Users/saber/Desktop/share/DanDike_NewBoard/DanDike_NewBoard.srcs/sources_1/bd/system/ip/system_auto_pc_7_2/system_auto_pc_7.xci' referenced by design 'system' could not be found.
WARNING: [BD 41-2576] File 'C:/Users/saber/Desktop/share/DanDike_NewBoard/DanDike_NewBoard.srcs/sources_1/bd/system/ip/system_auto_pc_8_1/system_auto_pc_8.xci' referenced by design 'system' could not be found.
WARNING: [BD 41-2576] File 'C:/Users/saber/Desktop/share/DanDike_NewBoard/DanDike_NewBoard.srcs/sources_1/bd/system/ip/system_auto_pc_9/system_auto_pc_9.xci' referenced by design 'system' could not be found.
WARNING: [BD 41-2576] File 'C:/Users/saber/Desktop/share/DanDike_NewBoard/DanDike_NewBoard.srcs/sources_1/bd/system/ip/system_auto_pc_10/system_auto_pc_10.xci' referenced by design 'system' could not be found.
WARNING: [BD 41-2576] File 'C:/Users/saber/Desktop/share/DanDike_NewBoard/DanDike_NewBoard.srcs/sources_1/bd/system/ip/system_auto_pc_11/system_auto_pc_11.xci' referenced by design 'system' could not be found.
WARNING: [BD 41-2576] File 'C:/Users/saber/Desktop/share/DanDike_NewBoard/DanDike_NewBoard.srcs/sources_1/bd/system/ip/system_auto_pc_12/system_auto_pc_12.xci' referenced by design 'system' could not be found.
WARNING: [BD 41-2576] File 'C:/Users/saber/Desktop/share/DanDike_NewBoard/DanDike_NewBoard.srcs/sources_1/bd/system/ip/system_auto_pc_13/system_auto_pc_13.xci' referenced by design 'system' could not be found.
WARNING: [BD 41-2576] File 'C:/Users/saber/Desktop/share/DanDike_NewBoard/DanDike_NewBoard.srcs/sources_1/bd/system/ip/system_auto_pc_14/system_auto_pc_14.xci' referenced by design 'system' could not be found.
Scanning sources...
Finished scanning sources
WARNING: [BD 41-2576] File 'C:/Users/saber/Desktop/share/DanDike_NewBoard/DanDike_NewBoard.srcs/sources_1/bd/system/ip/system_auto_pc_15/system_auto_pc_15.xci' referenced by design 'system' could not be found.
WARNING: [BD 41-2576] File 'C:/Users/saber/Desktop/share/DanDike_NewBoard/DanDike_NewBoard.srcs/sources_1/bd/system/ip/system_auto_pc_0_2/system_auto_pc_0.xci' referenced by design 'system' could not be found.
WARNING: [BD 41-2576] File 'C:/Users/saber/Desktop/share/DanDike_NewBoard/DanDike_NewBoard.srcs/sources_1/bd/system/ip/system_auto_pc_1_2/system_auto_pc_1.xci' referenced by design 'system' could not be found.
WARNING: [BD 41-2576] File 'C:/Users/saber/Desktop/share/DanDike_NewBoard/DanDike_NewBoard.srcs/sources_1/bd/system/ip/system_auto_pc_2_1/system_auto_pc_2.xci' referenced by design 'system' could not be found.
WARNING: [BD 41-2576] File 'C:/Users/saber/Desktop/share/DanDike_NewBoard/DanDike_NewBoard.srcs/sources_1/bd/system/ip/system_auto_pc_3_2/system_auto_pc_3.xci' referenced by design 'system' could not be found.
WARNING: [BD 41-2576] File 'C:/Users/saber/Desktop/share/DanDike_NewBoard/DanDike_NewBoard.srcs/sources_1/bd/system/ip/system_auto_pc_4_2/system_auto_pc_4.xci' referenced by design 'system' could not be found.
WARNING: [BD 41-2576] File 'C:/Users/saber/Desktop/share/DanDike_NewBoard/DanDike_NewBoard.srcs/sources_1/bd/system/ip/system_auto_pc_5_1/system_auto_pc_5.xci' referenced by design 'system' could not be found.
WARNING: [BD 41-2576] File 'C:/Users/saber/Desktop/share/DanDike_NewBoard/DanDike_NewBoard.srcs/sources_1/bd/system/ip/system_auto_pc_6_1/system_auto_pc_6.xci' referenced by design 'system' could not be found.
WARNING: [BD 41-2576] File 'C:/Users/saber/Desktop/share/DanDike_NewBoard/DanDike_NewBoard.srcs/sources_1/bd/system/ip/system_auto_pc_7_2/system_auto_pc_7.xci' referenced by design 'system' could not be found.
WARNING: [BD 41-2576] File 'C:/Users/saber/Desktop/share/DanDike_NewBoard/DanDike_NewBoard.srcs/sources_1/bd/system/ip/system_auto_pc_8_1/system_auto_pc_8.xci' referenced by design 'system' could not be found.
WARNING: [BD 41-2576] File 'C:/Users/saber/Desktop/share/DanDike_NewBoard/DanDike_NewBoard.srcs/sources_1/bd/system/ip/system_auto_pc_9/system_auto_pc_9.xci' referenced by design 'system' could not be found.
WARNING: [BD 41-2576] File 'C:/Users/saber/Desktop/share/DanDike_NewBoard/DanDike_NewBoard.srcs/sources_1/bd/system/ip/system_auto_pc_10/system_auto_pc_10.xci' referenced by design 'system' could not be found.
WARNING: [BD 41-2576] File 'C:/Users/saber/Desktop/share/DanDike_NewBoard/DanDike_NewBoard.srcs/sources_1/bd/system/ip/system_auto_pc_11/system_auto_pc_11.xci' referenced by design 'system' could not be found.
WARNING: [BD 41-2576] File 'C:/Users/saber/Desktop/share/DanDike_NewBoard/DanDike_NewBoard.srcs/sources_1/bd/system/ip/system_auto_pc_12/system_auto_pc_12.xci' referenced by design 'system' could not be found.
WARNING: [BD 41-2576] File 'C:/Users/saber/Desktop/share/DanDike_NewBoard/DanDike_NewBoard.srcs/sources_1/bd/system/ip/system_auto_pc_13/system_auto_pc_13.xci' referenced by design 'system' could not be found.
WARNING: [BD 41-2576] File 'C:/Users/saber/Desktop/share/DanDike_NewBoard/DanDike_NewBoard.srcs/sources_1/bd/system/ip/system_auto_pc_14/system_auto_pc_14.xci' referenced by design 'system' could not be found.
WARNING: [BD 41-2576] File 'C:/Users/saber/Desktop/share/DanDike_NewBoard/DanDike_NewBoard.srcs/sources_1/bd/system/ip/system_auto_pc_15/system_auto_pc_15.xci' referenced by design 'system' could not be found.
WARNING: [BD 41-2576] File 'C:/Users/saber/Desktop/share/DanDike_NewBoard/DanDike_NewBoard.srcs/sources_1/bd/system/ip/system_auto_pc_0_2/system_auto_pc_0.xci' referenced by design 'system' could not be found.
WARNING: [BD 41-2576] File 'C:/Users/saber/Desktop/share/DanDike_NewBoard/DanDike_NewBoard.srcs/sources_1/bd/system/ip/system_auto_pc_1_2/system_auto_pc_1.xci' referenced by design 'system' could not be found.
WARNING: [BD 41-2576] File 'C:/Users/saber/Desktop/share/DanDike_NewBoard/DanDike_NewBoard.srcs/sources_1/bd/system/ip/system_auto_pc_2_1/system_auto_pc_2.xci' referenced by design 'system' could not be found.
WARNING: [BD 41-2576] File 'C:/Users/saber/Desktop/share/DanDike_NewBoard/DanDike_NewBoard.srcs/sources_1/bd/system/ip/system_auto_pc_3_2/system_auto_pc_3.xci' referenced by design 'system' could not be found.
WARNING: [BD 41-2576] File 'C:/Users/saber/Desktop/share/DanDike_NewBoard/DanDike_NewBoard.srcs/sources_1/bd/system/ip/system_auto_pc_4_2/system_auto_pc_4.xci' referenced by design 'system' could not be found.
WARNING: [BD 41-2576] File 'C:/Users/saber/Desktop/share/DanDike_NewBoard/DanDike_NewBoard.srcs/sources_1/bd/system/ip/system_auto_pc_5_1/system_auto_pc_5.xci' referenced by design 'system' could not be found.
WARNING: [BD 41-2576] File 'C:/Users/saber/Desktop/share/DanDike_NewBoard/DanDike_NewBoard.srcs/sources_1/bd/system/ip/system_auto_pc_6_1/system_auto_pc_6.xci' referenced by design 'system' could not be found.
WARNING: [BD 41-2576] File 'C:/Users/saber/Desktop/share/DanDike_NewBoard/DanDike_NewBoard.srcs/sources_1/bd/system/ip/system_auto_pc_7_2/system_auto_pc_7.xci' referenced by design 'system' could not be found.
WARNING: [BD 41-2576] File 'C:/Users/saber/Desktop/share/DanDike_NewBoard/DanDike_NewBoard.srcs/sources_1/bd/system/ip/system_auto_pc_8_1/system_auto_pc_8.xci' referenced by design 'system' could not be found.
WARNING: [BD 41-2576] File 'C:/Users/saber/Desktop/share/DanDike_NewBoard/DanDike_NewBoard.srcs/sources_1/bd/system/ip/system_auto_pc_9/system_auto_pc_9.xci' referenced by design 'system' could not be found.
WARNING: [BD 41-2576] File 'C:/Users/saber/Desktop/share/DanDike_NewBoard/DanDike_NewBoard.srcs/sources_1/bd/system/ip/system_auto_pc_10/system_auto_pc_10.xci' referenced by design 'system' could not be found.
WARNING: [BD 41-2576] File 'C:/Users/saber/Desktop/share/DanDike_NewBoard/DanDike_NewBoard.srcs/sources_1/bd/system/ip/system_auto_pc_11/system_auto_pc_11.xci' referenced by design 'system' could not be found.
WARNING: [BD 41-2576] File 'C:/Users/saber/Desktop/share/DanDike_NewBoard/DanDike_NewBoard.srcs/sources_1/bd/system/ip/system_auto_pc_12/system_auto_pc_12.xci' referenced by design 'system' could not be found.
WARNING: [BD 41-2576] File 'C:/Users/saber/Desktop/share/DanDike_NewBoard/DanDike_NewBoard.srcs/sources_1/bd/system/ip/system_auto_pc_13/system_auto_pc_13.xci' referenced by design 'system' could not be found.
WARNING: [BD 41-2576] File 'C:/Users/saber/Desktop/share/DanDike_NewBoard/DanDike_NewBoard.srcs/sources_1/bd/system/ip/system_auto_pc_14/system_auto_pc_14.xci' referenced by design 'system' could not be found.
INFO: [IP_Flow 19-234] Refreshing IP repositories
INFO: [IP_Flow 19-1700] Loaded user IP repository 'c:/Users/saber/Desktop/share/DanDike_NewBoard/ip_repo'.
INFO: [IP_Flow 19-1700] Loaded user IP repository 'c:/Users/saber/Desktop/share/DanDike_NewBoard/if'.
INFO: [IP_Flow 19-2313] Loaded Vivado IP repository 'E:/vivado/Vivado/2020.2/data/ip'.
open_project: Time (s): cpu = 00:00:18 ; elapsed = 00:00:15 . Memory (MB): peak = 1140.297 ; gain = 0.000
open_bd_design {C:/Users/saber/Desktop/share/DanDike_NewBoard/DanDike_NewBoard.srcs/sources_1/bd/system/system.bd}
Reading block design file <C:/Users/saber/Desktop/share/DanDike_NewBoard/DanDike_NewBoard.srcs/sources_1/bd/system/system.bd>...
Adding component instance block -- xilinx.com:ip:processing_system7:5.5 - processing_system7_0
Adding component instance block -- xilinx.com:ip:proc_sys_reset:5.0 - rst_ps7_0_100M
Adding component instance block -- xilinx.com:ip:axi_interconnect:2.1 - ps7_0_axi_periph
Adding component instance block -- xilinx.com:ip:axi_crossbar:2.1 - xbar
Adding component instance block -- xilinx.com:ip:axi_protocol_converter:2.1 - auto_pc
INFO: [BD 41-434] Could not find an IP with XCI file by name: system_auto_pc_15 
Adding component instance block -- xilinx.com:ip:axi_protocol_converter:2.1 - auto_pc
INFO: [BD 41-434] Could not find an IP with XCI file by name: system_auto_pc_0 
Adding component instance block -- xilinx.com:ip:axi_protocol_converter:2.1 - auto_pc
INFO: [BD 41-434] Could not find an IP with XCI file by name: system_auto_pc_1 
Adding component instance block -- xilinx.com:ip:axi_protocol_converter:2.1 - auto_pc
INFO: [BD 41-434] Could not find an IP with XCI file by name: system_auto_pc_2 
Adding component instance block -- xilinx.com:ip:axi_protocol_converter:2.1 - auto_pc
INFO: [BD 41-434] Could not find an IP with XCI file by name: system_auto_pc_3 
Adding component instance block -- xilinx.com:ip:axi_protocol_converter:2.1 - auto_pc
INFO: [BD 41-434] Could not find an IP with XCI file by name: system_auto_pc_4 
Adding component instance block -- xilinx.com:ip:axi_protocol_converter:2.1 - auto_pc
INFO: [BD 41-434] Could not find an IP with XCI file by name: system_auto_pc_5 
Adding component instance block -- xilinx.com:ip:axi_protocol_converter:2.1 - auto_pc
INFO: [BD 41-434] Could not find an IP with XCI file by name: system_auto_pc_6 
Adding component instance block -- xilinx.com:ip:axi_protocol_converter:2.1 - auto_pc
INFO: [BD 41-434] Could not find an IP with XCI file by name: system_auto_pc_7 
Adding component instance block -- xilinx.com:ip:axi_protocol_converter:2.1 - auto_pc
INFO: [BD 41-434] Could not find an IP with XCI file by name: system_auto_pc_8 
Adding component instance block -- xilinx.com:ip:axi_protocol_converter:2.1 - auto_pc
INFO: [BD 41-434] Could not find an IP with XCI file by name: system_auto_pc_9 
Adding component instance block -- xilinx.com:ip:axi_protocol_converter:2.1 - auto_pc
INFO: [BD 41-434] Could not find an IP with XCI file by name: system_auto_pc_10 
Adding component instance block -- xilinx.com:ip:axi_protocol_converter:2.1 - auto_pc
INFO: [BD 41-434] Could not find an IP with XCI file by name: system_auto_pc_11 
Adding component instance block -- xilinx.com:ip:axi_protocol_converter:2.1 - auto_pc
INFO: [BD 41-434] Could not find an IP with XCI file by name: system_auto_pc_12 
Adding component instance block -- xilinx.com:ip:axi_protocol_converter:2.1 - auto_pc
INFO: [BD 41-434] Could not find an IP with XCI file by name: system_auto_pc_13 
Adding component instance block -- xilinx.com:ip:axi_protocol_converter:2.1 - auto_pc
INFO: [BD 41-434] Could not find an IP with XCI file by name: system_auto_pc_14 
Adding component instance block -- xilinx.com:ip:proc_sys_reset:5.0 - proc_sys_reset_0
Adding component instance block -- xilinx.com:ip:xlconcat:2.1 - xlconcat_0
Adding component instance block -- xilinx.com:ip:proc_sys_reset:5.0 - rst_ps7_0_142M
Adding component instance block -- xilinx.com:ip:axi_vdma:6.3 - axi_vdma_0
Adding component instance block -- xilinx.com:ip:axi_gpio:2.0 - axi_gpio_0
Adding component instance block -- xilinx.com:ip:v_axi4s_vid_out:4.0 - v_axi4s_vid_out_0
Adding component instance block -- xilinx.com:ip:v_tc:6.2 - v_tc_0
Adding component instance block -- xilinx.com:ip:clk_wiz:6.0 - clk_wiz_0
Adding component instance block -- digilentinc.com:IP:PWM:2.0 - PWM_0
Adding component instance block -- xilinx.com:ip:axi_interconnect:2.1 - axi_mem_intercon
Adding component instance block -- xilinx.com:ip:axi_protocol_converter:2.1 - auto_pc
Adding component instance block -- openedv.com:user:rgb2lcd:1.0 - rgb2lcd_0
Adding component instance block -- xilinx.com:ip:axi_gpio:2.0 - axi_gpio_0
Adding component instance block -- xilinx.com:ip:axi_uartlite:2.0 - axi_uartlite_0
Adding component instance block -- xilinx.com:ip:axi_iic:2.0 - axi_iic_0
Adding component instance block -- xilinx.com:ip:util_vector_logic:2.0 - util_vector_logic_0
Adding component instance block -- xilinx.com:user:coder:1.0 - coder_0
Adding component instance block -- xilinx.com:ip:util_vector_logic:2.0 - util_vector_logic_0
Adding component instance block -- xilinx.com:user:gmii2rgmii:1.0 - gmii2rgmii_0
Adding component instance block -- xilinx.com:ip:axi_bram_ctrl:4.1 - axi_bram_ctrl_0
Adding component instance block -- xilinx.com:user:dac_whole:1.0 - dac_whole_0
Adding component instance block -- xilinx.com:ip:axis_data_fifo:2.0 - axis_data_fifo_1
Adding component instance block -- xilinx.com:ip:axi_dma:7.1 - axi_dma_0
WARNING: [BD 41-1282] Ignoring parameter HAS_BURST
WARNING: [BD 41-1281] Parameter HAS_BURST is not defined on /AC_8_channel_0/adda/axi_dma_0/M_AXIS_MM2S. Setting parameter on /AC_8_channel_0/adda/axi_dma_0/M_AXIS_MM2S failed
Adding component instance block -- xilinx.com:ip:blk_mem_gen:8.4 - blk_mem_gen_0
Adding component instance block -- xilinx.com:ip:smartconnect:1.0 - axi_smc
Adding component instance block -- xilinx.com:user:adc_whole:2.0 - adc_whole_0
Adding component instance block -- xilinx.com:user:stimer_onoff_pa_rw:1.0 - stimer_onoff_pa_rw_A_0
Adding component instance block -- xilinx.com:ip:axi_iic:2.0 - axi_iic_0
Adding component instance block -- xilinx.com:ip:system_ila:1.1 - system_ila_0
Adding component instance block -- xilinx.com:user:power_pulse_v1_AXI:1.0 - power_pulse_v1_AXI_0
Successfully read diagram <system> from block design file <C:/Users/saber/Desktop/share/DanDike_NewBoard/DanDike_NewBoard.srcs/sources_1/bd/system/system.bd>
INFO: [BD 41-433] 
Design successfully migrated to use XCI files...
open_bd_design: Time (s): cpu = 00:00:15 ; elapsed = 00:00:11 . Memory (MB): peak = 1356.809 ; gain = 148.336
update_compile_order -fileset sources_1
delete_bd_objs [get_bd_nets xlconcat_0_dout]
WARNING: [IP_Flow 19-474] Invalid Parameter 'Component_Name'
startgroup
set_property -dict [list CONFIG.PCW_CORE1_IRQ_INTR {1}] [get_bd_cells processing_system7_0]
endgroup
copy_bd_objs /  [get_bd_cells {xlconcat_0}]
set_property location {1 196 1659} [get_bd_cells xlconcat_1]
set_property name xlconcat_Linux [get_bd_cells xlconcat_0]
set_property name xlconcat_BraeMetal [get_bd_cells xlconcat_1]
set_property location {0.5 5 1636} [get_bd_cells xlconcat_BraeMetal]
startgroup
create_bd_cell -type ip -vlnv xilinx.com:ip:axi_intc:4.1 axi_intc_0
endgroup
set_property location {3 447 1639} [get_bd_cells axi_intc_0]
WARNING: [IP_Flow 19-474] Invalid Parameter 'Component_Name'
set_property -dict [list CONFIG.C_IRQ_CONNECTION {1}] [get_bd_cells axi_intc_0]
connect_bd_net [get_bd_pins axi_intc_0/irq] [get_bd_pins processing_system7_0/Core1_nIRQ]
set_property name xlconcat_BareMetal [get_bd_cells xlconcat_BraeMetal]
set_property name axi_intc_BareMetal [get_bd_cells axi_intc_0]
connect_bd_net [get_bd_pins xlconcat_Linux/dout] [get_bd_pins processing_system7_0/IRQ_F2P]
delete_bd_objs [get_bd_nets intrpt_q]
delete_bd_objs [get_bd_nets AC_8_channel_0_onoff_done]
delete_bd_objs [get_bd_nets intrpt_p]
delete_bd_objs [get_bd_nets RTC_EEPROM_iic2intc_irpt]
delete_bd_objs [get_bd_nets coder_Res]
delete_bd_objs [get_bd_nets coder_intrpt]
delete_bd_objs [get_bd_nets key_board_Res]
delete_bd_objs [get_bd_nets key_board_iic2intc_irpt]
connect_bd_net [get_bd_pins xlconcat_BareMetal/dout] [get_bd_pins axi_intc_BareMetal/intr]
delete_bd_objs [get_bd_nets axi_uartlite_0_interrupt]
delete_bd_objs [get_bd_nets AC_8_channel_0_prog_empty]
delete_bd_objs [get_bd_nets AC_8_channel_0_mm2s_introut]
delete_bd_objs [get_bd_nets axi_dma_0_s2mm_introut]
delete_bd_objs [get_bd_nets v_tc_0_irq]
delete_bd_objs [get_bd_nets axi_vdma_0_mm2s_introut]
connect_bd_net [get_bd_pins lcd/mm2s_introut] [get_bd_pins xlconcat_Linux/In0]
connect_bd_net [get_bd_pins lcd/irq] [get_bd_pins xlconcat_Linux/In1]
connect_bd_net [get_bd_pins key_board/iic2intc_irpt] [get_bd_pins xlconcat_Linux/In2]
connect_bd_net [get_bd_pins key_board/Res] [get_bd_pins xlconcat_Linux/In3]
connect_bd_net [get_bd_pins coder/intrpt] [get_bd_pins xlconcat_Linux/In4]
connect_bd_net [get_bd_pins coder/Res] [get_bd_pins xlconcat_Linux/In5]
startgroup
set_property -dict [list CONFIG.NUM_PORTS {6}] [get_bd_cells xlconcat_Linux]
endgroup
connect_bd_net [get_bd_pins AC_8_channel_0/s2mm_introut] [get_bd_pins xlconcat_BareMetal/In0]
connect_bd_net [get_bd_pins AC_8_channel_0/mm2s_introut] [get_bd_pins xlconcat_BareMetal/In1]
connect_bd_net [get_bd_pins AC_8_channel_0/prog_empty] [get_bd_pins xlconcat_BareMetal/In2]
connect_bd_net [get_bd_pins AC_8_channel_0/onoff_done] [get_bd_pins xlconcat_BareMetal/In3]
connect_bd_net [get_bd_pins power_pulse_v1_AXI_0/intrpt_p] [get_bd_pins xlconcat_BareMetal/In4]
startgroup
connect_bd_net [get_bd_pins power_pulse_v1_AXI_0/intrpt_q] [get_bd_pins xlconcat_BareMetal/In5]
endgroup
connect_bd_net [get_bd_pins axi_uartlite_0/interrupt] [get_bd_pins xlconcat_BareMetal/In6]
startgroup
set_property HDL_ATTRIBUTE.DEBUG false [get_bd_nets { AC_8_channel_0_bm_syn_end } ]
disconnect_bd_net [get_bd_net AC_8_channel_0_bm_syn_end] [get_bd_pins system_ila_0/probe0]
disconnect_bd_net [get_bd_net AC_8_channel_0/stimer_onoff_pa_rw_A_0_bm_syn_end] [get_bd_pins AC_8_channel_0/bm_syn_end]
delete_bd_objs [get_bd_pins AC_8_channel_0/bm_syn_end]
apply_bd_automation -rule xilinx.com:bd_rule:resize [get_bd_cells system_ila_0]
endgroup
connect_bd_net [get_bd_pins AC_8_channel_0/stimer_onoff_pa_rw_A_0/bm_syn_end] [get_bd_pins xlconcat_BareMetal/In7]
connect_bd_net [get_bd_pins AC_8_channel_0/stimer_onoff_pa_rw_A_0/date_update] [get_bd_pins xlconcat_BareMetal/In8]
connect_bd_net [get_bd_pins AC_8_channel_0/stimer_onoff_pa_rw_A_0/pps_in2cpu] [get_bd_pins xlconcat_BareMetal/In9]
connect_bd_net [get_bd_pins RTC_EEPROM/iic2intc_irpt] [get_bd_pins xlconcat_BareMetal/In10]
startgroup
set_property -dict [list CONFIG.NUM_PORTS {11}] [get_bd_cells xlconcat_BareMetal]
endgroup
connect_bd_net [get_bd_pins axi_intc_BareMetal/s_axi_aclk] [get_bd_pins processing_system7_0/FCLK_CLK0]
apply_bd_automation -rule xilinx.com:bd_rule:axi4 -config { Clk_master {/processing_system7_0/FCLK_CLK0 (100 MHz)} Clk_slave {/processing_system7_0/FCLK_CLK0 (100 MHz)} Clk_xbar {/processing_system7_0/FCLK_CLK0 (100 MHz)} Master {/processing_system7_0/M_AXI_GP0} Slave {/axi_intc_BareMetal/s_axi} ddr_seg {Auto} intc_ip {/ps7_0_axi_periph} master_apm {0}}  [get_bd_intf_pins axi_intc_BareMetal/s_axi]
Slave segment '/axi_intc_BareMetal/S_AXI/Reg' is being assigned into address space '/processing_system7_0/Data' at <0x4180_0000 [ 64K ]>.
apply_bd_automation: Time (s): cpu = 00:00:06 ; elapsed = 00:00:06 . Memory (MB): peak = 1965.207 ; gain = 42.805
regenerate_bd_layout -routing
validate_bd_design
WARNING: [BD 41-1781] Updates have been made to one or more nets/interface connections marked for debug.
Debug nets, which are already connected to any ILA IP core in the block-design, will be automatically available for debug in Hardware Manager.
For unconnected Debug nets, please open synthesized design and use 'Set Up Debug' wizard to insert, modify or delete Debug Cores. 
INFO: [xilinx.com:ip:axi_vdma:6.3-16] /lcd/axi_vdma_0 
                    All clocks connected to AXI VDMA are not identical, therefore configuring AXI-VDMA in ASYNC mode.
INFO: [xilinx.com:ip:clk_wiz:6.0-1] /lcd/clk_wiz_0 clk_wiz propagate
WARNING: [xilinx.com:ip:axi_intc:4.1-6] /axi_intc_BareMetal: Property SENSITIVITY = "NULL" for interrupt input 9 not recognized - using default interrupt type Rising Edge. Please change this manually if necessary.
WARNING: [xilinx.com:ip:axi_intc:4.1-6] /axi_intc_BareMetal: Property SENSITIVITY = "NULL" for interrupt input 8 not recognized - using default interrupt type Rising Edge. Please change this manually if necessary.
WARNING: [xilinx.com:ip:axi_intc:4.1-6] /axi_intc_BareMetal: Property SENSITIVITY = "NULL" for interrupt input 7 not recognized - using default interrupt type Rising Edge. Please change this manually if necessary.
WARNING: [xilinx.com:ip:axi_intc:4.1-6] /axi_intc_BareMetal: Property SENSITIVITY = "NULL" for interrupt input 5 not recognized - using default interrupt type Rising Edge. Please change this manually if necessary.
WARNING: [xilinx.com:ip:axi_intc:4.1-6] /axi_intc_BareMetal: Property SENSITIVITY = "NULL" for interrupt input 4 not recognized - using default interrupt type Rising Edge. Please change this manually if necessary.
WARNING: [xilinx.com:ip:axi_intc:4.1-6] /axi_intc_BareMetal: Property SENSITIVITY = "NULL" for interrupt input 3 not recognized - using default interrupt type Rising Edge. Please change this manually if necessary.
WARNING: [xilinx.com:ip:axi_intc:4.1-6] /axi_intc_BareMetal: Property SENSITIVITY = "NULL" for interrupt input 2 not recognized - using default interrupt type Rising Edge. Please change this manually if necessary.
validate_bd_design: Time (s): cpu = 00:00:32 ; elapsed = 00:00:37 . Memory (MB): peak = 2059.293 ; gain = 80.051
regenerate_bd_layout
save_bd_design
WARNING: [BD 41-597] NET <AC_8_channel_0_bm_syn_end> has no source
Wrote  : <C:\Users\saber\Desktop\share\DanDike_NewBoard\DanDike_NewBoard.srcs\sources_1\bd\system\system.bd> 
Wrote  : <C:/Users/saber/Desktop/share/DanDike_NewBoard/DanDike_NewBoard.srcs/sources_1/bd/system/ui/bd_c954508f.ui> 
reset_run synth_1
launch_runs impl_1 -to_step write_bitstream -jobs 8
INFO: [BD 41-1662] The design 'system.bd' is already validated. Therefore parameter propagation will not be re-run.
Wrote  : <C:/Users/saber/Desktop/share/DanDike_NewBoard/DanDike_NewBoard.srcs/sources_1/bd/system/ui/bd_c954508f.ui> 
WARNING: [BD 41-2384] Width mismatch when connecting pin: '/AC_8_channel_0/adda/blk_mem_gen_0/addra'(32) to pin: '/AC_8_channel_0/adda/axi_bram_ctrl_0/bram_addr_a'(14) - Only lower order bits will be connected.
WARNING: [BD 41-166] Source port for the net:AC_8_channel_0_bm_syn_end is NULL! Connection will be grounded!
VHDL Output written to : C:/Users/saber/Desktop/share/DanDike_NewBoard/DanDike_NewBoard.srcs/sources_1/bd/system/synth/system.v
WARNING: [BD 41-2384] Width mismatch when connecting pin: '/AC_8_channel_0/adda/blk_mem_gen_0/addra'(32) to pin: '/AC_8_channel_0/adda/axi_bram_ctrl_0/bram_addr_a'(14) - Only lower order bits will be connected.
WARNING: [BD 41-166] Source port for the net:AC_8_channel_0_bm_syn_end is NULL! Connection will be grounded!
VHDL Output written to : C:/Users/saber/Desktop/share/DanDike_NewBoard/DanDike_NewBoard.srcs/sources_1/bd/system/sim/system.v
VHDL Output written to : C:/Users/saber/Desktop/share/DanDike_NewBoard/DanDike_NewBoard.srcs/sources_1/bd/system/hdl/system_wrapper.v
WARNING: [IP_Flow 19-5611] Unable to find an associated reset port for the interface 'M_AXI_GP0'. A default connection has been created.
WARNING: [IP_Flow 19-5611] Unable to find an associated reset port for the interface 'S_AXI_HP0'. A default connection has been created.
WARNING: [IP_Flow 19-5611] Unable to find an associated reset port for the interface 'S_AXI_HP1'. A default connection has been created.
INFO: [BD 41-1029] Generation completed for the IP Integrator block processing_system7_0 .
INFO: [BD 41-1029] Generation completed for the IP Integrator block ps7_0_axi_periph/xbar .
INFO: [BD 41-1029] Generation completed for the IP Integrator block xlconcat_Linux .
Exporting to file c:/Users/saber/Desktop/share/DanDike_NewBoard/DanDike_NewBoard.srcs/sources_1/bd/system/ip/system_axi_smc_0_1/bd_0/hw_handoff/system_axi_smc_0.hwh
Generated Block Design Tcl file c:/Users/saber/Desktop/share/DanDike_NewBoard/DanDike_NewBoard.srcs/sources_1/bd/system/ip/system_axi_smc_0_1/bd_0/hw_handoff/system_axi_smc_0_bd.tcl
Generated Hardware Definition File c:/Users/saber/Desktop/share/DanDike_NewBoard/DanDike_NewBoard.srcs/sources_1/bd/system/ip/system_axi_smc_0_1/bd_0/synth/system_axi_smc_0.hwdef
INFO: [BD 41-1029] Generation completed for the IP Integrator block ps7_0_axi_periph/tier2_xbar_0 .
INFO: [BD 41-1029] Generation completed for the IP Integrator block ps7_0_axi_periph/tier2_xbar_1 .
INFO: [BD 41-1029] Generation completed for the IP Integrator block ps7_0_axi_periph/tier2_xbar_2 .
INFO: [BD 41-1029] Generation completed for the IP Integrator block ps7_0_axi_periph/i00_couplers/auto_pc .
INFO: [BD 41-1029] Generation completed for the IP Integrator block ps7_0_axi_periph/i02_couplers/auto_pc .
INFO: [BD 41-1029] Generation completed for the IP Integrator block ps7_0_axi_periph/s00_couplers/auto_pc .
INFO: [BD 41-1029] Generation completed for the IP Integrator block ps7_0_axi_periph/m09_couplers/auto_pc .
INFO: [BD 41-1029] Generation completed for the IP Integrator block ps7_0_axi_periph/m10_couplers/auto_pc .
INFO: [BD 41-1029] Generation completed for the IP Integrator block ps7_0_axi_periph/m11_couplers/auto_pc .
INFO: [BD 41-1029] Generation completed for the IP Integrator block ps7_0_axi_periph/m12_couplers/auto_pc .
INFO: [BD 41-1029] Generation completed for the IP Integrator block ps7_0_axi_periph/m13_couplers/auto_pc .
INFO: [BD 41-1029] Generation completed for the IP Integrator block ps7_0_axi_periph/m14_couplers/auto_pc .
INFO: [BD 41-1029] Generation completed for the IP Integrator block lcd/axi_mem_intercon/s00_couplers/auto_pc .
INFO: [BD 41-1029] Generation completed for the IP Integrator block xlconcat_BareMetal .
INFO: [BD 41-1029] Generation completed for the IP Integrator block axi_intc_BareMetal .
Exporting to file C:/Users/saber/Desktop/share/DanDike_NewBoard/DanDike_NewBoard.srcs/sources_1/bd/system/hw_handoff/system.hwh
Generated Block Design Tcl file C:/Users/saber/Desktop/share/DanDike_NewBoard/DanDike_NewBoard.srcs/sources_1/bd/system/hw_handoff/system_bd.tcl
Generated Hardware Definition File C:/Users/saber/Desktop/share/DanDike_NewBoard/DanDike_NewBoard.srcs/sources_1/bd/system/synth/system.hwdef
[Mon Jun 30 10:14:35 2025] Launched synth_1...
Run output will be captured here: C:/Users/saber/Desktop/share/DanDike_NewBoard/DanDike_NewBoard.runs/synth_1/runme.log
[Mon Jun 30 10:14:35 2025] Launched impl_1...
Run output will be captured here: C:/Users/saber/Desktop/share/DanDike_NewBoard/DanDike_NewBoard.runs/impl_1/runme.log
launch_runs: Time (s): cpu = 00:00:33 ; elapsed = 00:00:47 . Memory (MB): peak = 2309.852 ; gain = 206.160
