#-----------------------------------------------------------
# Vivado v2020.2 (64-bit)
# SW Build 3064766 on Wed Nov 18 09:12:45 MST 2020
# IP Build 3064653 on Wed Nov 18 14:17:31 MST 2020
# Start of session at: Mon Jul  7 09:31:23 2025
# Process ID: 6140
# Current directory: C:/Users/saber/Desktop/share/DanDike_NewBoard
# Command line: vivado.exe -gui_launcher_event rodinguilauncherevent20840 C:\Users\saber\Desktop\share\DanDike_NewBoard\DanDike_NewBoard.xpr
# Log file: C:/Users/saber/Desktop/share/DanDike_NewBoard/vivado.log
# Journal file: C:/Users/saber/Desktop/share/DanDike_NewBoard\vivado.jou
#-----------------------------------------------------------
start_gui
open_project C:/Users/saber/Desktop/share/DanDike_NewBoard/DanDike_NewBoard.xpr
update_compile_order -fileset sources_1
open_bd_design {C:/Users/saber/Desktop/share/DanDike_NewBoard/DanDike_NewBoard.srcs/sources_1/bd/system/system.bd}
set_property location {1 184 2370} [get_bd_cells axi_intc_BareMetal]
set_property location {0.5 -241 2365} [get_bd_cells xlconcat_BareMetal]
startgroup
set_property -dict [list CONFIG.NUM_PORTS {11}] [get_bd_cells xlconcat_BareMetal]
endgroup
delete_bd_objs [get_bd_nets AC_8_channel_0_s2mm_introut]
connect_bd_net [get_bd_pins AC_8_channel_0/s2mm_introut] [get_bd_pins xlconcat_BareMetal/In9]
delete_bd_objs [get_bd_nets AC_8_channel_0_mm2s_introut]
connect_bd_net [get_bd_pins AC_8_channel_0/mm2s_introut] [get_bd_pins xlconcat_BareMetal/In10]
validate_bd_design
startgroup
set_property -dict [list CONFIG.C_KIND_OF_INTR.VALUE_SRC PROPAGATED] [get_bd_cells axi_intc_BareMetal]
endgroup
validate_bd_design
startgroup
set_property -dict [list CONFIG.C_KIND_OF_INTR.VALUE_SRC USER] [get_bd_cells axi_intc_BareMetal]
set_property -dict [list CONFIG.C_KIND_OF_INTR {0xFFFFFFFF}] [get_bd_cells axi_intc_BareMetal]
endgroup
validate_bd_design
save_bd_design
reset_run synth_1
launch_runs impl_1 -to_step write_bitstream -jobs 8
wait_on_run impl_1
write_hw_platform -fixed -include_bit -force -file C:/Users/saber/Desktop/share/DanDike_NewBoard/vitis1/system_wrapper.xsa
open_bd_design {C:/Users/saber/Desktop/share/DanDike_NewBoard/DanDike_NewBoard.srcs/sources_1/bd/system/system.bd}
write_hw_platform -fixed -include_bit -force -file C:/Users/saber/Desktop/share/DanDike_NewBoard/vitis1/system_wrapper.xsa
startgroup
create_bd_cell -type ip -vlnv xilinx.com:ip:xlconcat:2.1 xlconcat_0
endgroup
set_property -dict [list CONFIG.NUM_PORTS {11}] [get_bd_cells xlconcat_0]
connect_bd_net [get_bd_pins xlconcat_0/In9] [get_bd_pins AC_8_channel_0/s2mm_introut]
disconnect_bd_net /AC_8_channel_0_s2mm_introut [get_bd_pins xlconcat_BareMetal/In9]
connect_bd_net [get_bd_pins xlconcat_0/In0] [get_bd_pins AC_8_channel_0/s2mm_introut]
disconnect_bd_net /AC_8_channel_0_s2mm_introut [get_bd_pins xlconcat_0/In9]
connect_bd_net [get_bd_pins xlconcat_0/In1] [get_bd_pins AC_8_channel_0/mm2s_introut]
disconnect_bd_net /AC_8_channel_0_mm2s_introut [get_bd_pins xlconcat_BareMetal/In10]
connect_bd_net [get_bd_pins xlconcat_0/In2] [get_bd_pins AC_8_channel_0/prog_empty]
disconnect_bd_net /AC_8_channel_0_prog_empty [get_bd_pins xlconcat_BareMetal/In0]
startgroup
connect_bd_net [get_bd_pins xlconcat_0/In3] [get_bd_pins AC_8_channel_0/onoff_done]
connect_bd_net [get_bd_pins AC_8_channel_0/onoff_done] [get_bd_pins xlconcat_BareMetal/In0]
endgroup
undo
connect_bd_net [get_bd_pins xlconcat_0/In3] [get_bd_pins AC_8_channel_0/onoff_done]
disconnect_bd_net /AC_8_channel_0_onoff_done [get_bd_pins xlconcat_BareMetal/In1]
connect_bd_net [get_bd_pins xlconcat_0/In4] [get_bd_pins power_pulse_v1_AXI_0/intrpt_p]
connect_bd_net [get_bd_pins xlconcat_0/In5] [get_bd_pins power_pulse_v1_AXI_0/intrpt_q]
connect_bd_net [get_bd_pins xlconcat_0/In6] [get_bd_pins axi_uartlite_0/interrupt]
connect_bd_net [get_bd_pins xlconcat_0/In7] [get_bd_pins AC_8_channel_0/bm_syn_end]
connect_bd_net [get_bd_pins xlconcat_0/In8] [get_bd_pins AC_8_channel_0/date_update]
connect_bd_net [get_bd_pins xlconcat_0/In9] [get_bd_pins AC_8_channel_0/pps_in2cpu]
connect_bd_net [get_bd_pins xlconcat_0/In10] [get_bd_pins RTC_EEPROM/iic2intc_irpt]
disconnect_bd_net /power_pulse_v1_AXI_0_intrpt_p [get_bd_pins xlconcat_BareMetal/In2]
disconnect_bd_net /power_pulse_v1_AXI_0_intrpt_q [get_bd_pins xlconcat_BareMetal/In3]
disconnect_bd_net /axi_uartlite_0_interrupt [get_bd_pins xlconcat_BareMetal/In4]
disconnect_bd_net /AC_8_channel_0_bm_syn_end1 [get_bd_pins xlconcat_BareMetal/In5]
disconnect_bd_net /AC_8_channel_0_date_update [get_bd_pins xlconcat_BareMetal/In6]
disconnect_bd_net /AC_8_channel_0_pps_in2cpu [get_bd_pins xlconcat_BareMetal/In7]
disconnect_bd_net /RTC_EEPROM_iic2intc_irpt [get_bd_pins xlconcat_BareMetal/In8]
delete_bd_objs [get_bd_nets xlconcat_BareMetal_dout]
connect_bd_net [get_bd_pins xlconcat_0/dout] [get_bd_pins axi_intc_BareMetal/intr]
delete_bd_objs [get_bd_cells xlconcat_BareMetal]
set_property name xlconcat_BareMetal [get_bd_cells xlconcat_0]
save_bd_design
validate_bd_design
save_bd_design
reset_run synth_1
launch_runs impl_1 -to_step write_bitstream -jobs 8
wait_on_run impl_1
write_hw_platform -fixed -include_bit -force -file C:/Users/saber/Desktop/share/DanDike_NewBoard/vitis1/system_wrapper.xsa
startgroup
set_property -dict [list CONFIG.C_IRQ_IS_LEVEL {0}] [get_bd_cells axi_intc_BareMetal]
endgroup
save_bd_design
reset_run synth_1
launch_runs impl_1 -to_step write_bitstream -jobs 8
wait_on_run impl_1
write_hw_platform -fixed -include_bit -force -file C:/Users/saber/Desktop/share/DanDike_NewBoard/vitis1/system_wrapper.xsa
