09:50:49 **** Incremental Build of configuration Debug for project CPU1 ****
make all 
make --no-print-directory pre-build
a9-linaro-pre-build-step
' '
make --no-print-directory main-build
'Building file: ../src/helloworld.c'
'Invoking: ARM v7 gcc compiler'
arm-none-eabi-gcc -Wall -O0 -g3 -c -fmessage-length=0 -MT"src/helloworld.o" -mcpu=cortex-a9 -mfpu=vfpv3 -mfloat-abi=hard -IC:/Users/saber/Desktop/share/DanDike_NewBoard/vitis1/system_wrapper/export/system_wrapper/sw/system_wrapper/standalone_ps7_cortexa9_1/bspinclude/include -MMD -MP -MF"src/helloworld.d" -MT"src/helloworld.o" -o "src/helloworld.o" "../src/helloworld.c"
'Finished building: ../src/helloworld.c'
' '
'Building target: CPU1.elf'
'Invoking: ARM v7 gcc linker'
arm-none-eabi-gcc -mcpu=cortex-a9 -mfpu=vfpv3 -mfloat-abi=hard -Wl,-build-id=none -specs=Xilinx.spec -Wl,-T -Wl,../src/lscript.ld -LC:/Users/saber/Desktop/share/DanDike_NewBoard/vitis1/system_wrapper/export/system_wrapper/sw/system_wrapper/standalone_ps7_cortexa9_1/bsplib/lib -o "CPU1.elf"  ./src/kiss_fft/kfc.o ./src/kiss_fft/kiss_fft.o ./src/kiss_fft/kiss_fftnd.o ./src/kiss_fft/kiss_fftndr.o ./src/kiss_fft/kiss_fftr.o  ./src/ADDA.o ./src/Amplifier_Switch.o ./src/Communications_Protocol.o ./src/Msg_Que.o ./src/My_KissFft.o ./src/PID.o ./src/cJSON.o ./src/helloworld.o   -lm -Wl,--start-group,-lxil,-lgcc,-lc,--end-group
'Finished building target: CPU1.elf'
' '
'Invoking: ARM v7 Print Size'
arm-none-eabi-size CPU1.elf  |tee "CPU1.elf.size"
   text	   data	    bss	    dec	    hex	filename
 194400	   4824	21014096	21213320	143b088	CPU1.elf
'Finished building: CPU1.elf.size'
' '

09:50:50 Build Finished (took 1s.266ms)

