10:53:08 **** Incremental Build of configuration Debug for project CPU1 ****
make all 
make --no-print-directory pre-build
a9-linaro-pre-build-step
' '
make --no-print-directory main-build
'Building file: ../src/code/ADDA.c'
'Invoking: ARM v7 gcc compiler'
arm-none-eabi-gcc -Wall -O0 -g3 -c -fmessage-length=0 -MT"src/code/ADDA.o" -mcpu=cortex-a9 -mfpu=vfpv3 -mfloat-abi=hard -IC:/Users/saber/Desktop/share/DanDike_NewBoard/vitis1/system_wrapper/export/system_wrapper/sw/system_wrapper/standalone_ps7_cortexa9_1/bspinclude/include -MMD -MP -MF"src/code/ADDA.d" -MT"src/code/ADDA.o" -o "src/code/ADDA.o" "../src/code/ADDA.c"
'Finished building: ../src/code/ADDA.c'
' '
'Building target: CPU1.elf'
'Invoking: ARM v7 gcc linker'
arm-none-eabi-gcc -mcpu=cortex-a9 -mfpu=vfpv3 -mfloat-abi=hard -Wl,-build-id=none -specs=Xilinx.spec -Wl,-T -Wl,../src/lscript.ld -LC:/Users/saber/Desktop/share/DanDike_NewBoard/vitis1/system_wrapper/export/system_wrapper/sw/system_wrapper/standalone_ps7_cortexa9_1/bsplib/lib -o "CPU1.elf"  ./src/kiss_fft/kfc.o ./src/kiss_fft/kiss_fft.o ./src/kiss_fft/kiss_fftnd.o ./src/kiss_fft/kiss_fftndr.o ./src/kiss_fft/kiss_fftr.o  ./src/code/8025IIC.o ./src/code/ADDA.o ./src/code/Amplifier_Switch.o ./src/code/ClockTest.o ./src/code/Communications_Protocol.o ./src/code/IIC_Master.o ./src/code/Msg_Que.o ./src/code/My_KissFft.o ./src/code/PID.o ./src/code/Rc64.o ./src/code/ReplayWave.o ./src/code/StateSequence.o ./src/code/Timer_sync.o ./src/code/WaveRecord.o ./src/code/cJSON.o ./src/code/gps.o ./src/code/main.o ./src/code/mutex_utils.o ./src/code/power_pulse.o ./src/code/soft_timer.o   -lm -Wl,--start-group,-lxil,-lgcc,-lc,--end-group
'Finished building target: CPU1.elf'
' '
'Invoking: ARM v7 Print Size'
arm-none-eabi-size CPU1.elf  |tee "CPU1.elf.size"
   text	   data	    bss	    dec	    hex	filename
 333188	   4648	21473984	21811820	14cd26c	CPU1.elf
'Finished building: CPU1.elf.size'
' '

10:53:10 Build Finished (took 1s.645ms)

