Nothing to build in platform 'system_wrapper'

11:02:26 **** Incremental Build of configuration Debug for project CPU1 ****
make all 
make --no-print-directory pre-build
a9-linaro-pre-build-step
' '
make --no-print-directory main-build
'Building file: ../src/ADDA.c'
'Invoking: ARM v7 gcc compiler'
arm-none-eabi-gcc -Wall -O0 -g3 -c -fmessage-length=0 -MT"src/ADDA.o" -mcpu=cortex-a9 -mfpu=vfpv3 -mfloat-abi=hard -IC:/Users/saber/Desktop/share/DanDike_NewBoard/vitis1/system_wrapper/export/system_wrapper/sw/system_wrapper/standalone_ps7_cortexa9_1/bspinclude/include -MMD -MP -MF"src/ADDA.d" -MT"src/ADDA.o" -o "src/ADDA.o" "../src/ADDA.c"
../src/ADDA.c: In function 'setup_intr_system':
../src/ADDA.c:397:19: warning: unused variable 'intc_baremetal_config' [-Wunused-variable]
  397 |     XIntc_Config *intc_baremetal_config;
      |                   ^~~~~~~~~~~~~~~~~~~~~
'Finished building: ../src/ADDA.c'
' '
'Building target: CPU1.elf'
'Invoking: ARM v7 gcc linker'
arm-none-eabi-gcc -mcpu=cortex-a9 -mfpu=vfpv3 -mfloat-abi=hard -Wl,-build-id=none -specs=Xilinx.spec -Wl,-T -Wl,../src/lscript.ld -LC:/Users/saber/Desktop/share/DanDike_NewBoard/vitis1/system_wrapper/export/system_wrapper/sw/system_wrapper/standalone_ps7_cortexa9_1/bsplib/lib -o "CPU1.elf"  ./src/kiss_fft/kfc.o ./src/kiss_fft/kiss_fft.o ./src/kiss_fft/kiss_fftnd.o ./src/kiss_fft/kiss_fftndr.o ./src/kiss_fft/kiss_fftr.o  ./src/8025IIC.o ./src/ADDA.o ./src/Amplifier_Switch.o ./src/Communications_Protocol.o ./src/IIC_Master.o ./src/Msg_Que.o ./src/My_KissFft.o ./src/PID.o ./src/Rc64.o ./src/Timer_sync.o ./src/cJSON.o ./src/gps.o ./src/main.o ./src/mutex_utils.o ./src/power_pulse.o ./src/soft_timer.o   -lm -Wl,--start-group,-lxil,-lgcc,-lc,--end-group
'Finished building target: CPU1.elf'
' '
'Invoking: ARM v7 Print Size'
arm-none-eabi-size CPU1.elf  |tee "CPU1.elf.size"
   text	   data	    bss	    dec	    hex	filename
 258988	   4592	21026016	21289596	144da7c	CPU1.elf
'Finished building: CPU1.elf.size'
' '
11:02:27 **** Incremental Build of configuration Debug for project DDK ****
make all 
Generating bif file for the system project
generate_system_bif.bat 2704 C:/Users/saber/Desktop/share/DanDike_NewBoard/vitis1/system_wrapper/export/system_wrapper/system_wrapper.xpfm standalone_ps7_cortexa9_1 C:/Users/saber/Desktop/share/DanDike_NewBoard/vitis1/DDK/Debug/system.bif
sdcard_gen --xpfm C:/Users/saber/Desktop/share/DanDike_NewBoard/vitis1/system_wrapper/export/system_wrapper/system_wrapper.xpfm --sys_config system_wrapper --bif C:/Users/saber/Desktop/share/DanDike_NewBoard/vitis1/DDK/Debug/system.bif --bitstream C:/Users/saber/Desktop/share/DanDike_NewBoard/vitis1/CPU1/_ide/bitstream/system_wrapper.bit --elf C:/Users/saber/Desktop/share/DanDike_NewBoard/vitis1/CPU1/Debug/CPU1.elf,ps7_cortexa9_1
creating BOOT.BIN using C:/Users/saber/Desktop/share/DanDike_NewBoard/vitis1/CPU1/_ide/bitstream/system_wrapper.bit
Running E:/vivado/Vitis/2020.2/bin/bootgen  -image C:/Users/saber/Desktop/share/DanDike_NewBoard/vitis1/DDK/Debug/sd_card_temp/boot.bif -w -o i BOOT.BIN
