15:14:18 **** Build of project system_wrapper ****
buildplatform.bat 13602 system_wrapper  
XSDB Server Channel: tcfchan#2
Building the zynq_fsbl application.
make: Entering directory 'C:/Users/saber/Desktop/share/DanDike_NewBoard/vitis1/system_wrapper/zynq_fsbl/zynq_fsbl_bsp'

make --no-print-directory seq_libs

"Running Make include in ps7_cortexa9_1/libsrc/axicdma_v4_8/src"

make -C ps7_cortexa9_1/libsrc/axicdma_v4_8/src -s include  "SHELL=CMD" "COMPILER=arm-none-eabi-gcc" "ASSEMBLER=arm-none-eabi-as
" "ARCHIVER=arm-none-eabi-ar" "COMPILER_FLAGS=  -O2 -c" "EXTRA_COMPILER_FLAGS=-mcpu=cortex-a9 -mfpu=vfpv3 -mfloat-abi=hard -nos
tartfiles -g -Wall -Wextra"

"Running Make include in ps7_cortexa9_1/libsrc/axidma_v9_12/src"

make -C ps7_cortexa9_1/libsrc/axidma_v9_12/src -s include  "SHELL=CMD" "COMPILER=arm-none-eabi-gcc" "ASSEMBLER=arm-none-eabi-as
" "ARCHIVER=arm-none-eabi-ar" "COMPILER_FLAGS=  -O2 -c" "EXTRA_COMPILER_FLAGS=-mcpu=cortex-a9 -mfpu=vfpv3 -mfloat-abi=hard -nos
tartfiles -g -Wall -Wextra"

"Running Make include in ps7_cortexa9_1/libsrc/axivdma_v6_8/src"

make -C ps7_cortexa9_1/libsrc/axivdma_v6_8/src -s include  "SHELL=CMD" "COMPILER=arm-none-eabi-gcc" "ASSEMBLER=arm-none-eabi-as
" "ARCHIVER=arm-none-eabi-ar" "COMPILER_FLAGS=  -O2 -c" "EXTRA_COMPILER_FLAGS=-mcpu=cortex-a9 -mfpu=vfpv3 -mfloat-abi=hard -nos
tartfiles -g -Wall -Wextra"

"Running Make include in ps7_cortexa9_1/libsrc/clk_wiz_v1_4/src"

make -C ps7_cortexa9_1/libsrc/clk_wiz_v1_4/src -s include  "SHELL=CMD" "COMPILER=arm-none-eabi-gcc" "ASSEMBLER=arm-none-eabi-as
" "ARCHIVER=arm-none-eabi-ar" "COMPILER_FLAGS=  -O2 -c" "EXTRA_COMPILER_FLAGS=-mcpu=cortex-a9 -mfpu=vfpv3 -mfloat-abi=hard -nos
tartfiles -g -Wall -Wextra"

"Running Make include in ps7_cortexa9_1/libsrc/coder_v1_0/src"

make -C ps7_cortexa9_1/libsrc/coder_v1_0/src -s include  "SHELL=CMD" "COMPILER=arm-none-eabi-gcc" "ASSEMBLER=arm-none-eabi-as" 
"ARCHIVER=arm-none-eabi-ar" "COMPILER_FLAGS=  -O2 -c" "EXTRA_COMPILER_FLAGS=-mcpu=cortex-a9 -mfpu=vfpv3 -mfloat-abi=hard -nosta
rtfiles -g -Wall -Wextra"

"Running Make include in ps7_cortexa9_1/libsrc/coresightps_dcc_v1_8/src"

make -C ps7_cortexa9_1/libsrc/coresightps_dcc_v1_8/src -s include  "SHELL=CMD" "COMPILER=arm-none-eabi-gcc" "ASSEMBLER=arm-none
-eabi-as" "ARCHIVER=arm-none-eabi-ar" "COMPILER_FLAGS=  -O2 -c" "EXTRA_COMPILER_FLAGS=-mcpu=cortex-a9 -mfpu=vfpv3 -mfloat-abi=h
ard -nostartfiles -g -Wall -Wextra"

"Running Make include in ps7_cortexa9_1/libsrc/cpu_cortexa9_v2_10/src"

make -C ps7_cortexa9_1/libsrc/cpu_cortexa9_v2_10/src -s include  "SHELL=CMD" "COMPILER=arm-none-eabi-gcc" "ASSEMBLER=arm-none-e
abi-as" "ARCHIVER=arm-none-eabi-ar" "COMPILER_FLAGS=  -O2 -c" "EXTRA_COMPILER_FLAGS=-mcpu=cortex-a9 -mfpu=vfpv3 -mfloat-abi=har
d -nostartfiles -g -Wall -Wextra"

"Running Make include in ps7_cortexa9_1/libsrc/ddrps_v1_2/src"

make -C ps7_cortexa9_1/libsrc/ddrps_v1_2/src -s include  "SHELL=CMD" "COMPILER=arm-none-eabi-gcc" "ASSEMBLER=arm-none-eabi-as" 
"ARCHIVER=arm-none-eabi-ar" "COMPILER_FLAGS=  -O2 -c" "EXTRA_COMPILER_FLAGS=-mcpu=cortex-a9 -mfpu=vfpv3 -mfloat-abi=hard -nosta
rtfiles -g -Wall -Wextra"

"Running Make include in ps7_cortexa9_1/libsrc/devcfg_v3_7/src"

make -C ps7_cortexa9_1/libsrc/devcfg_v3_7/src -s include  "SHELL=CMD" "COMPILER=arm-none-eabi-gcc" "ASSEMBLER=arm-none-eabi-as"
 "ARCHIVER=arm-none-eabi-ar" "COMPILER_FLAGS=  -O2 -c" "EXTRA_COMPILER_FLAGS=-mcpu=cortex-a9 -mfpu=vfpv3 -mfloat-abi=hard -nost
artfiles -g -Wall -Wextra"

"Running Make include in ps7_cortexa9_1/libsrc/dmaps_v2_7/src"

make -C ps7_cortexa9_1/libsrc/dmaps_v2_7/src -s include  "SHELL=CMD" "COMPILER=arm-none-eabi-gcc" "ASSEMBLER=arm-none-eabi-as" 
"ARCHIVER=arm-none-eabi-ar" "COMPILER_FLAGS=  -O2 -c" "EXTRA_COMPILER_FLAGS=-mcpu=cortex-a9 -mfpu=vfpv3 -mfloat-abi=hard -nosta
rtfiles -g -Wall -Wextra"

"Running Make include in ps7_cortexa9_1/libsrc/emacps_v3_12/src"

make -C ps7_cortexa9_1/libsrc/emacps_v3_12/src -s include  "SHELL=CMD" "COMPILER=arm-none-eabi-gcc" "ASSEMBLER=arm-none-eabi-as
" "ARCHIVER=arm-none-eabi-ar" "COMPILER_FLAGS=  -O2 -c" "EXTRA_COMPILER_FLAGS=-mcpu=cortex-a9 -mfpu=vfpv3 -mfloat-abi=hard -nos
tartfiles -g -Wall -Wextra"

"Running Make include in ps7_cortexa9_1/libsrc/gpiops_v3_8/src"

make -C ps7_cortexa9_1/libsrc/gpiops_v3_8/src -s include  "SHELL=CMD" "COMPILER=arm-none-eabi-gcc" "ASSEMBLER=arm-none-eabi-as"
 "ARCHIVER=arm-none-eabi-ar" "COMPILER_FLAGS=  -O2 -c" "EXTRA_COMPILER_FLAGS=-mcpu=cortex-a9 -mfpu=vfpv3 -mfloat-abi=hard -nost
artfiles -g -Wall -Wextra"

"Running Make include in ps7_cortexa9_1/libsrc/gpio_v4_7/src"

make -C ps7_cortexa9_1/libsrc/gpio_v4_7/src -s include  "SHELL=CMD" "COMPILER=arm-none-eabi-gcc" "ASSEMBLER=arm-none-eabi-as" "
ARCHIVER=arm-none-eabi-ar" "COMPILER_FLAGS=  -O2 -c" "EXTRA_COMPILER_FLAGS=-mcpu=cortex-a9 -mfpu=vfpv3 -mfloat-abi=hard -nostar
tfiles -g -Wall -Wextra"

"Running Make include in ps7_cortexa9_1/libsrc/iicps_v3_12/src"

make -C ps7_cortexa9_1/libsrc/iicps_v3_12/src -s include  "SHELL=CMD" "COMPILER=arm-none-eabi-gcc" "ASSEMBLER=arm-none-eabi-as"
 "ARCHIVER=arm-none-eabi-ar" "COMPILER_FLAGS=  -O2 -c" "EXTRA_COMPILER_FLAGS=-mcpu=cortex-a9 -mfpu=vfpv3 -mfloat-abi=hard -nost
artfiles -g -Wall -Wextra"

"Running Make include in ps7_cortexa9_1/libsrc/iic_v3_7/src"

make -C ps7_cortexa9_1/libsrc/iic_v3_7/src -s include  "SHELL=CMD" "COMPILER=arm-none-eabi-gcc" "ASSEMBLER=arm-none-eabi-as" "A
RCHIVER=arm-none-eabi-ar" "COMPILER_FLAGS=  -O2 -c" "EXTRA_COMPILER_FLAGS=-mcpu=cortex-a9 -mfpu=vfpv3 -mfloat-abi=hard -nostart
files -g -Wall -Wextra"

"Running Make include in ps7_cortexa9_1/libsrc/intc_v3_12/src"

make -C ps7_cortexa9_1/libsrc/intc_v3_12/src -s include  "SHELL=CMD" "COMPILER=arm-none-eabi-gcc" "ASSEMBLER=arm-none-eabi-as" 
"ARCHIVER=arm-none-eabi-ar" "COMPILER_FLAGS=  -O2 -c" "EXTRA_COMPILER_FLAGS=-mcpu=cortex-a9 -mfpu=vfpv3 -mfloat-abi=hard -nosta
rtfiles -g -Wall -Wextra"

"Running Make include in ps7_cortexa9_1/libsrc/PWM_v1_0/src"

make -C ps7_cortexa9_1/libsrc/PWM_v1_0/src -s include  "SHELL=CMD" "COMPILER=arm-none-eabi-gcc" "ASSEMBLER=arm-none-eabi-as" "A
RCHIVER=arm-none-eabi-ar" "COMPILER_FLAGS=  -O2 -c" "EXTRA_COMPILER_FLAGS=-mcpu=cortex-a9 -mfpu=vfpv3 -mfloat-abi=hard -nostart
files -g -Wall -Wextra"

"Running Make include in ps7_cortexa9_1/libsrc/qspips_v3_8/src"

make -C ps7_cortexa9_1/libsrc/qspips_v3_8/src -s include  "SHELL=CMD" "COMPILER=arm-none-eabi-gcc" "ASSEMBLER=arm-none-eabi-as"
 "ARCHIVER=arm-none-eabi-ar" "COMPILER_FLAGS=  -O2 -c" "EXTRA_COMPILER_FLAGS=-mcpu=cortex-a9 -mfpu=vfpv3 -mfloat-abi=hard -nost
artfiles -g -Wall -Wextra"

"Running Make include in ps7_cortexa9_1/libsrc/scugic_v4_3/src"

make -C ps7_cortexa9_1/libsrc/scugic_v4_3/src -s include  "SHELL=CMD" "COMPILER=arm-none-eabi-gcc" "ASSEMBLER=arm-none-eabi-as"
 "ARCHIVER=arm-none-eabi-ar" "COMPILER_FLAGS=  -O2 -c" "EXTRA_COMPILER_FLAGS=-mcpu=cortex-a9 -mfpu=vfpv3 -mfloat-abi=hard -nost
artfiles -g -Wall -Wextra"

"Running Make include in ps7_cortexa9_1/libsrc/scutimer_v2_3/src"

make -C ps7_cortexa9_1/libsrc/scutimer_v2_3/src -s include  "SHELL=CMD" "COMPILER=arm-none-eabi-gcc" "ASSEMBLER=arm-none-eabi-a
s" "ARCHIVER=arm-none-eabi-ar" "COMPILER_FLAGS=  -O2 -c" "EXTRA_COMPILER_FLAGS=-mcpu=cortex-a9 -mfpu=vfpv3 -mfloat-abi=hard -no
startfiles -g -Wall -Wextra"

"Running Make include in ps7_cortexa9_1/libsrc/scuwdt_v2_3/src"

make -C ps7_cortexa9_1/libsrc/scuwdt_v2_3/src -s include  "SHELL=CMD" "COMPILER=arm-none-eabi-gcc" "ASSEMBLER=arm-none-eabi-as"
 "ARCHIVER=arm-none-eabi-ar" "COMPILER_FLAGS=  -O2 -c" "EXTRA_COMPILER_FLAGS=-mcpu=cortex-a9 -mfpu=vfpv3 -mfloat-abi=hard -nost
artfiles -g -Wall -Wextra"

"Running Make include in ps7_cortexa9_1/libsrc/sdps_v3_10/src"

make -C ps7_cortexa9_1/libsrc/sdps_v3_10/src -s include  "SHELL=CMD" "COMPILER=arm-none-eabi-gcc" "ASSEMBLER=arm-none-eabi-as" 
"ARCHIVER=arm-none-eabi-ar" "COMPILER_FLAGS=  -O2 -c" "EXTRA_COMPILER_FLAGS=-mcpu=cortex-a9 -mfpu=vfpv3 -mfloat-abi=hard -nosta
rtfiles -g -Wall -Wextra"

"Running Make include in ps7_cortexa9_1/libsrc/standalone_v7_3/src"

make -C ps7_cortexa9_1/libsrc/standalone_v7_3/src -s include  "SHELL=CMD" "COMPILER=arm-none-eabi-gcc" "ASSEMBLER=arm-none-eabi
-as" "ARCHIVER=arm-none-eabi-ar" "COMPILER_FLAGS=  -O2 -c" "EXTRA_COMPILER_FLAGS=-mcpu=cortex-a9 -mfpu=vfpv3 -mfloat-abi=hard -
nostartfiles -g -Wall -Wextra"

"Running Make include in ps7_cortexa9_1/libsrc/ttcps_v3_12/src"

make -C ps7_cortexa9_1/libsrc/ttcps_v3_12/src -s include  "SHELL=CMD" "COMPILER=arm-none-eabi-gcc" "ASSEMBLER=arm-none-eabi-as"
 "ARCHIVER=arm-none-eabi-ar" "COMPILER_FLAGS=  -O2 -c" "EXTRA_COMPILER_FLAGS=-mcpu=cortex-a9 -mfpu=vfpv3 -mfloat-abi=hard -nost
artfiles -g -Wall -Wextra"

"Running Make include in ps7_cortexa9_1/libsrc/uartlite_v3_5/src"

make -C ps7_cortexa9_1/libsrc/uartlite_v3_5/src -s include  "SHELL=CMD" "COMPILER=arm-none-eabi-gcc" "ASSEMBLER=arm-none-eabi-a
s" "ARCHIVER=arm-none-eabi-ar" "COMPILER_FLAGS=  -O2 -c" "EXTRA_COMPILER_FLAGS=-mcpu=cortex-a9 -mfpu=vfpv3 -mfloat-abi=hard -no
startfiles -g -Wall -Wextra"

"Running Make include in ps7_cortexa9_1/libsrc/uartps_v3_10/src"

make -C ps7_cortexa9_1/libsrc/uartps_v3_10/src -s include  "SHELL=CMD" "COMPILER=arm-none-eabi-gcc" "ASSEMBLER=arm-none-eabi-as
" "ARCHIVER=arm-none-eabi-ar" "COMPILER_FLAGS=  -O2 -c" "EXTRA_COMPILER_FLAGS=-mcpu=cortex-a9 -mfpu=vfpv3 -mfloat-abi=hard -nos
tartfiles -g -Wall -Wextra"

"Running Make include in ps7_cortexa9_1/libsrc/usbps_v2_6/src"

make -C ps7_cortexa9_1/libsrc/usbps_v2_6/src -s include  "SHELL=CMD" "COMPILER=arm-none-eabi-gcc" "ASSEMBLER=arm-none-eabi-as" 
"ARCHIVER=arm-none-eabi-ar" "COMPILER_FLAGS=  -O2 -c" "EXTRA_COMPILER_FLAGS=-mcpu=cortex-a9 -mfpu=vfpv3 -mfloat-abi=hard -nosta
rtfiles -g -Wall -Wextra"

"Running Make include in ps7_cortexa9_1/libsrc/vtc_v8_3/src"

make -C ps7_cortexa9_1/libsrc/vtc_v8_3/src -s include  "SHELL=CMD" "COMPILER=arm-none-eabi-gcc" "ASSEMBLER=arm-none-eabi-as" "A
RCHIVER=arm-none-eabi-ar" "COMPILER_FLAGS=  -O2 -c" "EXTRA_COMPILER_FLAGS=-mcpu=cortex-a9 -mfpu=vfpv3 -mfloat-abi=hard -nostart
files -g -Wall -Wextra"

"Running Make include in ps7_cortexa9_1/libsrc/xadcps_v2_5/src"

make -C ps7_cortexa9_1/libsrc/xadcps_v2_5/src -s include  "SHELL=CMD" "COMPILER=arm-none-eabi-gcc" "ASSEMBLER=arm-none-eabi-as"
 "ARCHIVER=arm-none-eabi-ar" "COMPILER_FLAGS=  -O2 -c" "EXTRA_COMPILER_FLAGS=-mcpu=cortex-a9 -mfpu=vfpv3 -mfloat-abi=hard -nost
artfiles -g -Wall -Wextra"

"Running Make include in ps7_cortexa9_1/libsrc/xilffs_v4_4/src"

make -C ps7_cortexa9_1/libsrc/xilffs_v4_4/src -s include  "SHELL=CMD" "COMPILER=arm-none-eabi-gcc" "ASSEMBLER=arm-none-eabi-as"
 "ARCHIVER=arm-none-eabi-ar" "COMPILER_FLAGS=  -O2 -c" "EXTRA_COMPILER_FLAGS=-mcpu=cortex-a9 -mfpu=vfpv3 -mfloat-abi=hard -nost
artfiles -g -Wall -Wextra"

"Running Make include in ps7_cortexa9_1/libsrc/xilrsa_v1_6/src"

make -C ps7_cortexa9_1/libsrc/xilrsa_v1_6/src -s include  "SHELL=CMD" "COMPILER=arm-none-eabi-gcc" "ASSEMBLER=arm-none-eabi-as"
 "ARCHIVER=arm-none-eabi-ar" "COMPILER_FLAGS=  -O2 -c" "EXTRA_COMPILER_FLAGS=-mcpu=cortex-a9 -mfpu=vfpv3 -mfloat-abi=hard -nost
artfiles -g -Wall -Wextra"

"Running Make libs in ps7_cortexa9_1/libsrc/coder_v1_0/src"

make -C ps7_cortexa9_1/libsrc/coder_v1_0/src -s libs  "SHELL=CMD" "COMPILER=arm-none-eabi-gcc" "ASSEMBLER=arm-none-eabi-as" "AR
CHIVER=arm-none-eabi-ar" "COMPILER_FLAGS=  -O2 -c" "EXTRA_COMPILER_FLAGS=-mcpu=cortex-a9 -mfpu=vfpv3 -mfloat-abi=hard -nostartf
iles -g -Wall -Wextra"

"Compiling coder..."

coder_selftest.c: In function 'CODER_Reg_SelfTest':
coder_selftest.c:52:54: warning: comparison of integer expressions of different signedness: 'u32' {aka 'long unsigned int'} and 'int' [-Wsign-compare]
   52 |    if ( CODER_mReadReg (baseaddr, read_loop_index*4) != (read_loop_index+1)*READ_WRITE_MUL_FACTOR){
      |                                                      ^~
coder_selftest.c:36:6: warning: unused variable 'Index' [-Wunused-variable]
   36 |  int Index;
      |      ^~~~~
arm-none-eabi-ar: creating ../../../lib/libxil.a
"Running Make libs in ps7_cortexa9_1/libsrc/PWM_v1_0/src"

make -C ps7_cortexa9_1/libsrc/PWM_v1_0/src -s libs  "SHELL=CMD" "COMPILER=arm-none-eabi-gcc" "ASSEMBLER=arm-none-eabi-as" "ARCH
IVER=arm-none-eabi-ar" "COMPILER_FLAGS=  -O2 -c" "EXTRA_COMPILER_FLAGS=-mcpu=cortex-a9 -mfpu=vfpv3 -mfloat-abi=hard -nostartfil
es -g -Wall -Wextra"

"Compiling PWM..."

PWM_selftest.c: In function 'PWM_Reg_SelfTest':
PWM_selftest.c:52:52: warning: comparison of integer expressions of different signedness: 'u32' {aka 'long unsigned int'} and 'int' [-Wsign-compare]
   52 |    if ( PWM_mReadReg (baseaddr, read_loop_index*4) != (read_loop_index+1)*READ_WRITE_MUL_FACTOR){
      |                                                    ^~
PWM_selftest.c:36:6: warning: unused variable 'Index' [-Wunused-variable]
   36 |  int Index;
      |      ^~~~~
"Running Make libs in ps7_cortexa9_1/libsrc/xilrsa_v1_6/src"

make -C ps7_cortexa9_1/libsrc/xilrsa_v1_6/src -s libs  "SHELL=CMD" "COMPILER=arm-none-eabi-gcc" "ASSEMBLER=arm-none-eabi-as" "A
RCHIVER=arm-none-eabi-ar" "COMPILER_FLAGS=  -O2 -c" "EXTRA_COMPILER_FLAGS=-mcpu=cortex-a9 -mfpu=vfpv3 -mfloat-abi=hard -nostart
files -g -Wall -Wextra"

'Finished building libraries sequentially.'

make -j --no-print-directory par_libs

"Running Make include in ps7_cortexa9_1/libsrc/axicdma_v4_8/src"

make -C ps7_cortexa9_1/libsrc/axicdma_v4_8/src -s include  "SHELL=CMD" "COMPILER=arm-none-eabi-gcc" "ASSEMBLER=arm-none-eabi-as
" "ARCHIVER=arm-none-eabi-ar" "COMPILER_FLAGS=  -O2 -c" "EXTRA_COMPILER_FLAGS=-mcpu=cortex-a9 -mfpu=vfpv3 -mfloat-abi=hard -nos
tartfiles -g -Wall -Wextra"

"Running Make include in ps7_cortexa9_1/libsrc/axidma_v9_12/src"

make -C ps7_cortexa9_1/libsrc/axidma_v9_12/src -s include  "SHELL=CMD" "COMPILER=arm-none-eabi-gcc" "ASSEMBLER=arm-none-eabi-as
" "ARCHIVER=arm-none-eabi-ar" "COMPILER_FLAGS=  -O2 -c" "EXTRA_COMPILER_FLAGS=-mcpu=cortex-a9 -mfpu=vfpv3 -mfloat-abi=hard -nos
tartfiles -g -Wall -Wextra"

"Running Make include in ps7_cortexa9_1/libsrc/axivdma_v6_8/src"

make -C ps7_cortexa9_1/libsrc/axivdma_v6_8/src -s include  "SHELL=CMD" "COMPILER=arm-none-eabi-gcc" "ASSEMBLER=arm-none-eabi-as
" "ARCHIVER=arm-none-eabi-ar" "COMPILER_FLAGS=  -O2 -c" "EXTRA_COMPILER_FLAGS=-mcpu=cortex-a9 -mfpu=vfpv3 -mfloat-abi=hard -nos
tartfiles -g -Wall -Wextra"

"Running Make include in ps7_cortexa9_1/libsrc/clk_wiz_v1_4/src"

make -C ps7_cortexa9_1/libsrc/clk_wiz_v1_4/src -s include  "SHELL=CMD" "COMPILER=arm-none-eabi-gcc" "ASSEMBLER=arm-none-eabi-as
" "ARCHIVER=arm-none-eabi-ar" "COMPILER_FLAGS=  -O2 -c" "EXTRA_COMPILER_FLAGS=-mcpu=cortex-a9 -mfpu=vfpv3 -mfloat-abi=hard -nos
tartfiles -g -Wall -Wextra"

"Running Make include in ps7_cortexa9_1/libsrc/coder_v1_0/src"

make -C ps7_cortexa9_1/libsrc/coder_v1_0/src -s include  "SHELL=CMD" "COMPILER=arm-none-eabi-gcc" "ASSEMBLER=arm-none-eabi-as" 
"ARCHIVER=arm-none-eabi-ar" "COMPILER_FLAGS=  -O2 -c" "EXTRA_COMPILER_FLAGS=-mcpu=cortex-a9 -mfpu=vfpv3 -mfloat-abi=hard -nosta
rtfiles -g -Wall -Wextra"

"Running Make include in ps7_cortexa9_1/libsrc/coresightps_dcc_v1_8/src"

make -C ps7_cortexa9_1/libsrc/coresightps_dcc_v1_8/src -s include  "SHELL=CMD" "COMPILER=arm-none-eabi-gcc" "ASSEMBLER=arm-none
-eabi-as" "ARCHIVER=arm-none-eabi-ar" "COMPILER_FLAGS=  -O2 -c" "EXTRA_COMPILER_FLAGS=-mcpu=cortex-a9 -mfpu=vfpv3 -mfloat-abi=h
ard -nostartfiles -g -Wall -Wextra"

"Running Make include in ps7_cortexa9_1/libsrc/cpu_cortexa9_v2_10/src"

make -C ps7_cortexa9_1/libsrc/cpu_cortexa9_v2_10/src -s include  "SHELL=CMD" "COMPILER=arm-none-eabi-gcc" "ASSEMBLER=arm-none-e
abi-as" "ARCHIVER=arm-none-eabi-ar" "COMPILER_FLAGS=  -O2 -c" "EXTRA_COMPILER_FLAGS=-mcpu=cortex-a9 -mfpu=vfpv3 -mfloat-abi=har
d -nostartfiles -g -Wall -Wextra"

"Running Make include in ps7_cortexa9_1/libsrc/ddrps_v1_2/src"

make -C ps7_cortexa9_1/libsrc/ddrps_v1_2/src -s include  "SHELL=CMD" "COMPILER=arm-none-eabi-gcc" "ASSEMBLER=arm-none-eabi-as" 
"ARCHIVER=arm-none-eabi-ar" "COMPILER_FLAGS=  -O2 -c" "EXTRA_COMPILER_FLAGS=-mcpu=cortex-a9 -mfpu=vfpv3 -mfloat-abi=hard -nosta
rtfiles -g -Wall -Wextra"

"Running Make include in ps7_cortexa9_1/libsrc/devcfg_v3_7/src"

make -C ps7_cortexa9_1/libsrc/devcfg_v3_7/src -s include  "SHELL=CMD" "COMPILER=arm-none-eabi-gcc" "ASSEMBLER=arm-none-eabi-as"
 "ARCHIVER=arm-none-eabi-ar" "COMPILER_FLAGS=  -O2 -c" "EXTRA_COMPILER_FLAGS=-mcpu=cortex-a9 -mfpu=vfpv3 -mfloat-abi=hard -nost
artfiles -g -Wall -Wextra"

"Running Make include in ps7_cortexa9_1/libsrc/dmaps_v2_7/src"

make -C ps7_cortexa9_1/libsrc/dmaps_v2_7/src -s include  "SHELL=CMD" "COMPILER=arm-none-eabi-gcc" "ASSEMBLER=arm-none-eabi-as" 
"ARCHIVER=arm-none-eabi-ar" "COMPILER_FLAGS=  -O2 -c" "EXTRA_COMPILER_FLAGS=-mcpu=cortex-a9 -mfpu=vfpv3 -mfloat-abi=hard -nosta
rtfiles -g -Wall -Wextra"

"Running Make include in ps7_cortexa9_1/libsrc/emacps_v3_12/src"

make -C ps7_cortexa9_1/libsrc/emacps_v3_12/src -s include  "SHELL=CMD" "COMPILER=arm-none-eabi-gcc" "ASSEMBLER=arm-none-eabi-as
" "ARCHIVER=arm-none-eabi-ar" "COMPILER_FLAGS=  -O2 -c" "EXTRA_COMPILER_FLAGS=-mcpu=cortex-a9 -mfpu=vfpv3 -mfloat-abi=hard -nos
tartfiles -g -Wall -Wextra"

"Running Make include in ps7_cortexa9_1/libsrc/gpiops_v3_8/src"

make -C ps7_cortexa9_1/libsrc/gpiops_v3_8/src -s include  "SHELL=CMD" "COMPILER=arm-none-eabi-gcc" "ASSEMBLER=arm-none-eabi-as"
 "ARCHIVER=arm-none-eabi-ar" "COMPILER_FLAGS=  -O2 -c" "EXTRA_COMPILER_FLAGS=-mcpu=cortex-a9 -mfpu=vfpv3 -mfloat-abi=hard -nost
artfiles -g -Wall -Wextra"

"Running Make include in ps7_cortexa9_1/libsrc/gpio_v4_7/src"

make -C ps7_cortexa9_1/libsrc/gpio_v4_7/src -s include  "SHELL=CMD" "COMPILER=arm-none-eabi-gcc" "ASSEMBLER=arm-none-eabi-as" "
ARCHIVER=arm-none-eabi-ar" "COMPILER_FLAGS=  -O2 -c" "EXTRA_COMPILER_FLAGS=-mcpu=cortex-a9 -mfpu=vfpv3 -mfloat-abi=hard -nostar
tfiles -g -Wall -Wextra"

"Running Make include in ps7_cortexa9_1/libsrc/iicps_v3_12/src"

make -C ps7_cortexa9_1/libsrc/iicps_v3_12/src -s include  "SHELL=CMD" "COMPILER=arm-none-eabi-gcc" "ASSEMBLER=arm-none-eabi-as"
 "ARCHIVER=arm-none-eabi-ar" "COMPILER_FLAGS=  -O2 -c" "EXTRA_COMPILER_FLAGS=-mcpu=cortex-a9 -mfpu=vfpv3 -mfloat-abi=hard -nost
artfiles -g -Wall -Wextra"

"Running Make include in ps7_cortexa9_1/libsrc/iic_v3_7/src"

make -C ps7_cortexa9_1/libsrc/iic_v3_7/src -s include  "SHELL=CMD" "COMPILER=arm-none-eabi-gcc" "ASSEMBLER=arm-none-eabi-as" "A
RCHIVER=arm-none-eabi-ar" "COMPILER_FLAGS=  -O2 -c" "EXTRA_COMPILER_FLAGS=-mcpu=cortex-a9 -mfpu=vfpv3 -mfloat-abi=hard -nostart
files -g -Wall -Wextra"

"Running Make include in ps7_cortexa9_1/libsrc/intc_v3_12/src"

make -C ps7_cortexa9_1/libsrc/intc_v3_12/src -s include  "SHELL=CMD" "COMPILER=arm-none-eabi-gcc" "ASSEMBLER=arm-none-eabi-as" 
"ARCHIVER=arm-none-eabi-ar" "COMPILER_FLAGS=  -O2 -c" "EXTRA_COMPILER_FLAGS=-mcpu=cortex-a9 -mfpu=vfpv3 -mfloat-abi=hard -nosta
rtfiles -g -Wall -Wextra"

"Running Make include in ps7_cortexa9_1/libsrc/PWM_v1_0/src"

make -C ps7_cortexa9_1/libsrc/PWM_v1_0/src -s include  "SHELL=CMD" "COMPILER=arm-none-eabi-gcc" "ASSEMBLER=arm-none-eabi-as" "A
RCHIVER=arm-none-eabi-ar" "COMPILER_FLAGS=  -O2 -c" "EXTRA_COMPILER_FLAGS=-mcpu=cortex-a9 -mfpu=vfpv3 -mfloat-abi=hard -nostart
files -g -Wall -Wextra"

"Running Make include in ps7_cortexa9_1/libsrc/qspips_v3_8/src"

make -C ps7_cortexa9_1/libsrc/qspips_v3_8/src -s include  "SHELL=CMD" "COMPILER=arm-none-eabi-gcc" "ASSEMBLER=arm-none-eabi-as"
 "ARCHIVER=arm-none-eabi-ar" "COMPILER_FLAGS=  -O2 -c" "EXTRA_COMPILER_FLAGS=-mcpu=cortex-a9 -mfpu=vfpv3 -mfloat-abi=hard -nost
artfiles -g -Wall -Wextra"

"Running Make include in ps7_cortexa9_1/libsrc/scugic_v4_3/src"

make -C ps7_cortexa9_1/libsrc/scugic_v4_3/src -s include  "SHELL=CMD" "COMPILER=arm-none-eabi-gcc" "ASSEMBLER=arm-none-eabi-as"
 "ARCHIVER=arm-none-eabi-ar" "COMPILER_FLAGS=  -O2 -c" "EXTRA_COMPILER_FLAGS=-mcpu=cortex-a9 -mfpu=vfpv3 -mfloat-abi=hard -nost
artfiles -g -Wall -Wextra"

"Running Make include in ps7_cortexa9_1/libsrc/scutimer_v2_3/src"

make -C ps7_cortexa9_1/libsrc/scutimer_v2_3/src -s include  "SHELL=CMD" "COMPILER=arm-none-eabi-gcc" "ASSEMBLER=arm-none-eabi-a
s" "ARCHIVER=arm-none-eabi-ar" "COMPILER_FLAGS=  -O2 -c" "EXTRA_COMPILER_FLAGS=-mcpu=cortex-a9 -mfpu=vfpv3 -mfloat-abi=hard -no
startfiles -g -Wall -Wextra"

"Running Make include in ps7_cortexa9_1/libsrc/scuwdt_v2_3/src"

make -C ps7_cortexa9_1/libsrc/scuwdt_v2_3/src -s include  "SHELL=CMD" "COMPILER=arm-none-eabi-gcc" "ASSEMBLER=arm-none-eabi-as"
 "ARCHIVER=arm-none-eabi-ar" "COMPILER_FLAGS=  -O2 -c" "EXTRA_COMPILER_FLAGS=-mcpu=cortex-a9 -mfpu=vfpv3 -mfloat-abi=hard -nost
artfiles -g -Wall -Wextra"

"Running Make include in ps7_cortexa9_1/libsrc/sdps_v3_10/src"

make -C ps7_cortexa9_1/libsrc/sdps_v3_10/src -s include  "SHELL=CMD" "COMPILER=arm-none-eabi-gcc" "ASSEMBLER=arm-none-eabi-as" 
"ARCHIVER=arm-none-eabi-ar" "COMPILER_FLAGS=  -O2 -c" "EXTRA_COMPILER_FLAGS=-mcpu=cortex-a9 -mfpu=vfpv3 -mfloat-abi=hard -nosta
rtfiles -g -Wall -Wextra"

"Running Make include in ps7_cortexa9_1/libsrc/standalone_v7_3/src"

make -C ps7_cortexa9_1/libsrc/standalone_v7_3/src -s include  "SHELL=CMD" "COMPILER=arm-none-eabi-gcc" "ASSEMBLER=arm-none-eabi
-as" "ARCHIVER=arm-none-eabi-ar" "COMPILER_FLAGS=  -O2 -c" "EXTRA_COMPILER_FLAGS=-mcpu=cortex-a9 -mfpu=vfpv3 -mfloat-abi=hard -
nostartfiles -g -Wall -Wextra"

"Running Make include in ps7_cortexa9_1/libsrc/ttcps_v3_12/src"

make -C ps7_cortexa9_1/libsrc/ttcps_v3_12/src -s include  "SHELL=CMD" "COMPILER=arm-none-eabi-gcc" "ASSEMBLER=arm-none-eabi-as"
 "ARCHIVER=arm-none-eabi-ar" "COMPILER_FLAGS=  -O2 -c" "EXTRA_COMPILER_FLAGS=-mcpu=cortex-a9 -mfpu=vfpv3 -mfloat-abi=hard -nost
artfiles -g -Wall -Wextra"

"Running Make include in ps7_cortexa9_1/libsrc/uartlite_v3_5/src"

make -C ps7_cortexa9_1/libsrc/uartlite_v3_5/src -s include  "SHELL=CMD" "COMPILER=arm-none-eabi-gcc" "ASSEMBLER=arm-none-eabi-a
s" "ARCHIVER=arm-none-eabi-ar" "COMPILER_FLAGS=  -O2 -c" "EXTRA_COMPILER_FLAGS=-mcpu=cortex-a9 -mfpu=vfpv3 -mfloat-abi=hard -no
startfiles -g -Wall -Wextra"

"Running Make include in ps7_cortexa9_1/libsrc/uartps_v3_10/src"

make -C ps7_cortexa9_1/libsrc/uartps_v3_10/src -s include  "SHELL=CMD" "COMPILER=arm-none-eabi-gcc" "ASSEMBLER=arm-none-eabi-as
" "ARCHIVER=arm-none-eabi-ar" "COMPILER_FLAGS=  -O2 -c" "EXTRA_COMPILER_FLAGS=-mcpu=cortex-a9 -mfpu=vfpv3 -mfloat-abi=hard -nos
tartfiles -g -Wall -Wextra"

"Running Make include in ps7_cortexa9_1/libsrc/usbps_v2_6/src"

"Running Make include in ps7_cortexa9_1/libsrc/vtc_v8_3/src"

make -C ps7_cortexa9_1/libsrc/usbps_v2_6/src -s include  "SHELL=CMD" "COMPILER=arm-none-eabi-gcc" "ASSEMBLER=arm-none-eabi-as" 
"ARCHIVER=arm-none-eabi-ar" "COMPILER_FLAGS=  -O2 -c" "EXTRA_COMPILER_FLAGS=-mcpu=cortex-a9 -mfpu=vfpv3 -mfloat-abi=hard -nosta
rtfiles -g -Wall -Wextra"

make -C ps7_cortexa9_1/libsrc/vtc_v8_3/src -s include  "SHELL=CMD" "COMPILER=arm-none-eabi-gcc" "ASSEMBLER=arm-none-eabi-as" "A
RCHIVER=arm-none-eabi-ar" "COMPILER_FLAGS=  -O2 -c" "EXTRA_COMPILER_FLAGS=-mcpu=cortex-a9 -mfpu=vfpv3 -mfloat-abi=hard -nostart
files -g -Wall -Wextra"

"Running Make include in ps7_cortexa9_1/libsrc/xadcps_v2_5/src"

make -C ps7_cortexa9_1/libsrc/xadcps_v2_5/src -s include  "SHELL=CMD" "COMPILER=arm-none-eabi-gcc" "ASSEMBLER=arm-none-eabi-as"
 "ARCHIVER=arm-none-eabi-ar" "COMPILER_FLAGS=  -O2 -c" "EXTRA_COMPILER_FLAGS=-mcpu=cortex-a9 -mfpu=vfpv3 -mfloat-abi=hard -nost
artfiles -g -Wall -Wextra"

"Running Make include in ps7_cortexa9_1/libsrc/xilffs_v4_4/src"

make -C ps7_cortexa9_1/libsrc/xilffs_v4_4/src -s include  "SHELL=CMD" "COMPILER=arm-none-eabi-gcc" "ASSEMBLER=arm-none-eabi-as"
 "ARCHIVER=arm-none-eabi-ar" "COMPILER_FLAGS=  -O2 -c" "EXTRA_COMPILER_FLAGS=-mcpu=cortex-a9 -mfpu=vfpv3 -mfloat-abi=hard -nost
artfiles -g -Wall -Wextra"

"Running Make include in ps7_cortexa9_1/libsrc/xilrsa_v1_6/src"

make -C ps7_cortexa9_1/libsrc/xilrsa_v1_6/src -s include  "SHELL=CMD" "COMPILER=arm-none-eabi-gcc" "ASSEMBLER=arm-none-eabi-as"
 "ARCHIVER=arm-none-eabi-ar" "COMPILER_FLAGS=  -O2 -c" "EXTRA_COMPILER_FLAGS=-mcpu=cortex-a9 -mfpu=vfpv3 -mfloat-abi=hard -nost
artfiles -g -Wall -Wextra"

"Running Make libs in ps7_cortexa9_1/libsrc/axicdma_v4_8/src"

make -C ps7_cortexa9_1/libsrc/axicdma_v4_8/src -s libs  "SHELL=CMD" "COMPILER=arm-none-eabi-gcc" "ASSEMBLER=arm-none-eabi-as" "
ARCHIVER=arm-none-eabi-ar" "COMPILER_FLAGS=  -O2 -c" "EXTRA_COMPILER_FLAGS=-mcpu=cortex-a9 -mfpu=vfpv3 -mfloat-abi=hard -nostar
tfiles -g -Wall -Wextra"

"Running Make libs in ps7_cortexa9_1/libsrc/axidma_v9_12/src"

make -C ps7_cortexa9_1/libsrc/axidma_v9_12/src -s libs  "SHELL=CMD" "COMPILER=arm-none-eabi-gcc" "ASSEMBLER=arm-none-eabi-as" "
ARCHIVER=arm-none-eabi-ar" "COMPILER_FLAGS=  -O2 -c" "EXTRA_COMPILER_FLAGS=-mcpu=cortex-a9 -mfpu=vfpv3 -mfloat-abi=hard -nostar
tfiles -g -Wall -Wextra"

"Running Make libs in ps7_cortexa9_1/libsrc/axivdma_v6_8/src"

make -C ps7_cortexa9_1/libsrc/axivdma_v6_8/src -s libs  "SHELL=CMD" "COMPILER=arm-none-eabi-gcc" "ASSEMBLER=arm-none-eabi-as" "
ARCHIVER=arm-none-eabi-ar" "COMPILER_FLAGS=  -O2 -c" "EXTRA_COMPILER_FLAGS=-mcpu=cortex-a9 -mfpu=vfpv3 -mfloat-abi=hard -nostar
tfiles -g -Wall -Wextra"

"Running Make libs in ps7_cortexa9_1/libsrc/clk_wiz_v1_4/src"

make -C ps7_cortexa9_1/libsrc/clk_wiz_v1_4/src -s libs  "SHELL=CMD" "COMPILER=arm-none-eabi-gcc" "ASSEMBLER=arm-none-eabi-as" "
ARCHIVER=arm-none-eabi-ar" "COMPILER_FLAGS=  -O2 -c" "EXTRA_COMPILER_FLAGS=-mcpu=cortex-a9 -mfpu=vfpv3 -mfloat-abi=hard -nostar
tfiles -g -Wall -Wextra"

"Running Make libs in ps7_cortexa9_1/libsrc/coresightps_dcc_v1_8/src"

make -C ps7_cortexa9_1/libsrc/coresightps_dcc_v1_8/src -s libs  "SHELL=CMD" "COMPILER=arm-none-eabi-gcc" "ASSEMBLER=arm-none-ea
bi-as" "ARCHIVER=arm-none-eabi-ar" "COMPILER_FLAGS=  -O2 -c" "EXTRA_COMPILER_FLAGS=-mcpu=cortex-a9 -mfpu=vfpv3 -mfloat-abi=hard
 -nostartfiles -g -Wall -Wextra"

"Running Make libs in ps7_cortexa9_1/libsrc/cpu_cortexa9_v2_10/src"

"Running Make libs in ps7_cortexa9_1/libsrc/ddrps_v1_2/src"

"Running Make libs in ps7_cortexa9_1/libsrc/devcfg_v3_7/src"

"Running Make libs in ps7_cortexa9_1/libsrc/dmaps_v2_7/src"

make -C ps7_cortexa9_1/libsrc/cpu_cortexa9_v2_10/src -s libs  "SHELL=CMD" "COMPILER=arm-none-eabi-gcc" "ASSEMBLER=arm-none-eabi
-as" "ARCHIVER=arm-none-eabi-ar" "COMPILER_FLAGS=  -O2 -c" "EXTRA_COMPILER_FLAGS=-mcpu=cortex-a9 -mfpu=vfpv3 -mfloat-abi=hard -
nostartfiles -g -Wall -Wextra"

make -C ps7_cortexa9_1/libsrc/ddrps_v1_2/src -s libs  "SHELL=CMD" "COMPILER=arm-none-eabi-gcc" "ASSEMBLER=arm-none-eabi-as" "AR
CHIVER=arm-none-eabi-ar" "COMPILER_FLAGS=  -O2 -c" "EXTRA_COMPILER_FLAGS=-mcpu=cortex-a9 -mfpu=vfpv3 -mfloat-abi=hard -nostartf
iles -g -Wall -Wextra"

make -C ps7_cortexa9_1/libsrc/devcfg_v3_7/src -s libs  "SHELL=CMD" "COMPILER=arm-none-eabi-gcc" "ASSEMBLER=arm-none-eabi-as" "A
RCHIVER=arm-none-eabi-ar" "COMPILER_FLAGS=  -O2 -c" "EXTRA_COMPILER_FLAGS=-mcpu=cortex-a9 -mfpu=vfpv3 -mfloat-abi=hard -nostart
files -g -Wall -Wextra"

make -C ps7_cortexa9_1/libsrc/dmaps_v2_7/src -s libs  "SHELL=CMD" "COMPILER=arm-none-eabi-gcc" "ASSEMBLER=arm-none-eabi-as" "AR
CHIVER=arm-none-eabi-ar" "COMPILER_FLAGS=  -O2 -c" "EXTRA_COMPILER_FLAGS=-mcpu=cortex-a9 -mfpu=vfpv3 -mfloat-abi=hard -nostartf
iles -g -Wall -Wextra"

"Running Make libs in ps7_cortexa9_1/libsrc/emacps_v3_12/src"

make -C ps7_cortexa9_1/libsrc/emacps_v3_12/src -s libs  "SHELL=CMD" "COMPILER=arm-none-eabi-gcc" "ASSEMBLER=arm-none-eabi-as" "
ARCHIVER=arm-none-eabi-ar" "COMPILER_FLAGS=  -O2 -c" "EXTRA_COMPILER_FLAGS=-mcpu=cortex-a9 -mfpu=vfpv3 -mfloat-abi=hard -nostar
tfiles -g -Wall -Wextra"

"Running Make libs in ps7_cortexa9_1/libsrc/gpiops_v3_8/src"

In file included from ../../../include/xstatus.h:29,
                 from xclk_wiz.c:35:
xclk_wiz.c: In function 'XClk_Wiz_SetMinErr':
../../../include/xil_assert.h:111:16: warning: 'return' with a value, in function returning void [-Wreturn-type]
  111 |         return 0;                                  \
      |                ^
xclk_wiz.c:299:2: note: in expansion of macro 'Xil_AssertNonvoid'
  299 |  Xil_AssertNonvoid(InstancePtr != NULL);
      |  ^~~~~~~~~~~~~~~~~
xclk_wiz.c:297:6: note: declared here
  297 | void XClk_Wiz_SetMinErr(XClk_Wiz  *InstancePtr, u64 Minerr)
      |      ^~~~~~~~~~~~~~~~~~
In file included from ../../../include/xstatus.h:29,
                 from xclk_wiz.c:35:
../../../include/xil_assert.h:111:16: warning: 'return' with a value, in function returning void [-Wreturn-type]
  111 |         return 0;                                  \
      |                ^
xclk_wiz.c:300:2: note: in expansion of macro 'Xil_AssertNonvoid'
  300 |  Xil_AssertNonvoid(InstancePtr->IsReady == XIL_COMPONENT_IS_READY);
      |  ^~~~~~~~~~~~~~~~~
xclk_wiz.c:297:6: note: declared here
  297 | void XClk_Wiz_SetMinErr(XClk_Wiz  *InstancePtr, u64 Minerr)
      |      ^~~~~~~~~~~~~~~~~~
make -C ps7_cortexa9_1/libsrc/gpiops_v3_8/src -s libs  "SHELL=CMD" "COMPILER=arm-none-eabi-gcc" "ASSEMBLER=arm-none-eabi-as" "A
RCHIVER=arm-none-eabi-ar" "COMPILER_FLAGS=  -O2 -c" "EXTRA_COMPILER_FLAGS=-mcpu=cortex-a9 -mfpu=vfpv3 -mfloat-abi=hard -nostart
files -g -Wall -Wextra"

"Running Make libs in ps7_cortexa9_1/libsrc/scugic_v4_3/src"

"Running Make libs in ps7_cortexa9_1/libsrc/qspips_v3_8/src"

make -C ps7_cortexa9_1/libsrc/qspips_v3_8/src -s libs  "SHELL=CMD" "COMPILER=arm-none-eabi-gcc" "ASSEMBLER=arm-none-eabi-as" "A
RCHIVER=arm-none-eabi-ar" "COMPILER_FLAGS=  -O2 -c" "EXTRA_COMPILER_FLAGS=-mcpu=cortex-a9 -mfpu=vfpv3 -mfloat-abi=hard -nostart
files -g -Wall -Wextra"

make -C ps7_cortexa9_1/libsrc/scugic_v4_3/src -s libs  "SHELL=CMD" "COMPILER=arm-none-eabi-gcc" "ASSEMBLER=arm-none-eabi-as" "A
RCHIVER=arm-none-eabi-ar" "COMPILER_FLAGS=  -O2 -c" "EXTRA_COMPILER_FLAGS=-mcpu=cortex-a9 -mfpu=vfpv3 -mfloat-abi=hard -nostart
files -g -Wall -Wextra"

"Running Make libs in ps7_cortexa9_1/libsrc/gpio_v4_7/src"

"Running Make libs in ps7_cortexa9_1/libsrc/iic_v3_7/src"

make -C ps7_cortexa9_1/libsrc/gpio_v4_7/src -s libs  "SHELL=CMD" "COMPILER=arm-none-eabi-gcc" "ASSEMBLER=arm-none-eabi-as" "ARC
HIVER=arm-none-eabi-ar" "COMPILER_FLAGS=  -O2 -c" "EXTRA_COMPILER_FLAGS=-mcpu=cortex-a9 -mfpu=vfpv3 -mfloat-abi=hard -nostartfi
les -g -Wall -Wextra"

make -C ps7_cortexa9_1/libsrc/iic_v3_7/src -s libs  "SHELL=CMD" "COMPILER=arm-none-eabi-gcc" "ASSEMBLER=arm-none-eabi-as" "ARCH
IVER=arm-none-eabi-ar" "COMPILER_FLAGS=  -O2 -c" "EXTRA_COMPILER_FLAGS=-mcpu=cortex-a9 -mfpu=vfpv3 -mfloat-abi=hard -nostartfil
es -g -Wall -Wextra"

"Running Make libs in ps7_cortexa9_1/libsrc/scutimer_v2_3/src"

"Running Make libs in ps7_cortexa9_1/libsrc/iicps_v3_12/src"

make -C ps7_cortexa9_1/libsrc/iicps_v3_12/src -s libs  "SHELL=CMD" "COMPILER=arm-none-eabi-gcc" "ASSEMBLER=arm-none-eabi-as" "A
RCHIVER=arm-none-eabi-ar" "COMPILER_FLAGS=  -O2 -c" "EXTRA_COMPILER_FLAGS=-mcpu=cortex-a9 -mfpu=vfpv3 -mfloat-abi=hard -nostart
files -g -Wall -Wextra"

make -C ps7_cortexa9_1/libsrc/scutimer_v2_3/src -s libs  "SHELL=CMD" "COMPILER=arm-none-eabi-gcc" "ASSEMBLER=arm-none-eabi-as" 
"ARCHIVER=arm-none-eabi-ar" "COMPILER_FLAGS=  -O2 -c" "EXTRA_COMPILER_FLAGS=-mcpu=cortex-a9 -mfpu=vfpv3 -mfloat-abi=hard -nosta
rtfiles -g -Wall -Wextra"

"Running Make libs in ps7_cortexa9_1/libsrc/vtc_v8_3/src"

make -C ps7_cortexa9_1/libsrc/vtc_v8_3/src -s libs  "SHELL=CMD" "COMPILER=arm-none-eabi-gcc" "ASSEMBLER=arm-none-eabi-as" "ARCH
IVER=arm-none-eabi-ar" "COMPILER_FLAGS=  -O2 -c" "EXTRA_COMPILER_FLAGS=-mcpu=cortex-a9 -mfpu=vfpv3 -mfloat-abi=hard -nostartfil
es -g -Wall -Wextra"

"Running Make libs in ps7_cortexa9_1/libsrc/intc_v3_12/src"

"Running Make libs in ps7_cortexa9_1/libsrc/scuwdt_v2_3/src"

"Running Make libs in ps7_cortexa9_1/libsrc/sdps_v3_10/src"

make -C ps7_cortexa9_1/libsrc/scuwdt_v2_3/src -s libs  "SHELL=CMD" "COMPILER=arm-none-eabi-gcc" "ASSEMBLER=arm-none-eabi-as" "A
RCHIVER=arm-none-eabi-ar" "COMPILER_FLAGS=  -O2 -c" "EXTRA_COMPILER_FLAGS=-mcpu=cortex-a9 -mfpu=vfpv3 -mfloat-abi=hard -nostart
files -g -Wall -Wextra"

"Running Make libs in ps7_cortexa9_1/libsrc/ttcps_v3_12/src"

"Running Make libs in ps7_cortexa9_1/libsrc/usbps_v2_6/src"

"Running Make libs in ps7_cortexa9_1/libsrc/standalone_v7_3/src"

make -C ps7_cortexa9_1/libsrc/intc_v3_12/src -s libs  "SHELL=CMD" "COMPILER=arm-none-eabi-gcc" "ASSEMBLER=arm-none-eabi-as" "AR
CHIVER=arm-none-eabi-ar" "COMPILER_FLAGS=  -O2 -c" "EXTRA_COMPILER_FLAGS=-mcpu=cortex-a9 -mfpu=vfpv3 -mfloat-abi=hard -nostartf
iles -g -Wall -Wextra"

make -C ps7_cortexa9_1/libsrc/sdps_v3_10/src -s libs  "SHELL=CMD" "COMPILER=arm-none-eabi-gcc" "ASSEMBLER=arm-none-eabi-as" "AR
CHIVER=arm-none-eabi-ar" "COMPILER_FLAGS=  -O2 -c" "EXTRA_COMPILER_FLAGS=-mcpu=cortex-a9 -mfpu=vfpv3 -mfloat-abi=hard -nostartf
iles -g -Wall -Wextra"

make -C ps7_cortexa9_1/libsrc/standalone_v7_3/src -s libs  "SHELL=CMD" "COMPILER=arm-none-eabi-gcc" "ASSEMBLER=arm-none-eabi-as
" "ARCHIVER=arm-none-eabi-ar" "COMPILER_FLAGS=  -O2 -c" "EXTRA_COMPILER_FLAGS=-mcpu=cortex-a9 -mfpu=vfpv3 -mfloat-abi=hard -nos
tartfiles -g -Wall -Wextra"

"Running Make libs in ps7_cortexa9_1/libsrc/uartps_v3_10/src"

"Running Make libs in ps7_cortexa9_1/libsrc/xadcps_v2_5/src"

"Running Make libs in ps7_cortexa9_1/libsrc/uartlite_v3_5/src"

make -C ps7_cortexa9_1/libsrc/ttcps_v3_12/src -s libs  "SHELL=CMD" "COMPILER=arm-none-eabi-gcc" "ASSEMBLER=arm-none-eabi-as" "A
RCHIVER=arm-none-eabi-ar" "COMPILER_FLAGS=  -O2 -c" "EXTRA_COMPILER_FLAGS=-mcpu=cortex-a9 -mfpu=vfpv3 -mfloat-abi=hard -nostart
files -g -Wall -Wextra"

make -C ps7_cortexa9_1/libsrc/uartlite_v3_5/src -s libs  "SHELL=CMD" "COMPILER=arm-none-eabi-gcc" "ASSEMBLER=arm-none-eabi-as" 
"ARCHIVER=arm-none-eabi-ar" "COMPILER_FLAGS=  -O2 -c" "EXTRA_COMPILER_FLAGS=-mcpu=cortex-a9 -mfpu=vfpv3 -mfloat-abi=hard -nosta
rtfiles -g -Wall -Wextra"

make -C ps7_cortexa9_1/libsrc/uartps_v3_10/src -s libs  "SHELL=CMD" "COMPILER=arm-none-eabi-gcc" "ASSEMBLER=arm-none-eabi-as" "
ARCHIVER=arm-none-eabi-ar" "COMPILER_FLAGS=  -O2 -c" "EXTRA_COMPILER_FLAGS=-mcpu=cortex-a9 -mfpu=vfpv3 -mfloat-abi=hard -nostar
tfiles -g -Wall -Wextra"

make -C ps7_cortexa9_1/libsrc/usbps_v2_6/src -s libs  "SHELL=CMD" "COMPILER=arm-none-eabi-gcc" "ASSEMBLER=arm-none-eabi-as" "AR
CHIVER=arm-none-eabi-ar" "COMPILER_FLAGS=  -O2 -c" "EXTRA_COMPILER_FLAGS=-mcpu=cortex-a9 -mfpu=vfpv3 -mfloat-abi=hard -nostartf
iles -g -Wall -Wextra"

make -C ps7_cortexa9_1/libsrc/xadcps_v2_5/src -s libs  "SHELL=CMD" "COMPILER=arm-none-eabi-gcc" "ASSEMBLER=arm-none-eabi-as" "A
RCHIVER=arm-none-eabi-ar" "COMPILER_FLAGS=  -O2 -c" "EXTRA_COMPILER_FLAGS=-mcpu=cortex-a9 -mfpu=vfpv3 -mfloat-abi=hard -nostart
files -g -Wall -Wextra"

"Running Make libs in ps7_cortexa9_1/libsrc/xilffs_v4_4/src"

make -C ps7_cortexa9_1/libsrc/xilffs_v4_4/src -s libs  "SHELL=CMD" "COMPILER=arm-none-eabi-gcc" "ASSEMBLER=arm-none-eabi-as" "A
RCHIVER=arm-none-eabi-ar" "COMPILER_FLAGS=  -O2 -c" "EXTRA_COMPILER_FLAGS=-mcpu=cortex-a9 -mfpu=vfpv3 -mfloat-abi=hard -nostart
files -g -Wall -Wextra"

In file included from xil_sleeptimer.c:32:
xtime_l.h:65:9: note: #pragma message: For the sleep routines, Global timer is being used
   65 | #pragma message ("For the sleep routines, Global timer is being used")
      |         ^~~~~~~
In file included from usleep.c:34:
xtime_l.h:65:9: note: #pragma message: For the sleep routines, Global timer is being used
   65 | #pragma message ("For the sleep routines, Global timer is being used")
      |         ^~~~~~~
In file included from xtime_l.c:27:
xtime_l.h:65:9: note: #pragma message: For the sleep routines, Global timer is being used
   65 | #pragma message ("For the sleep routines, Global timer is being used")
      |         ^~~~~~~
In file included from sleep.c:31:
xtime_l.h:65:9: note: #pragma message: For the sleep routines, Global timer is being used
   65 | #pragma message ("For the sleep routines, Global timer is being used")
      |         ^~~~~~~
'Finished building libraries parallelly.'

make --no-print-directory archive

arm-none-eabi-ar -r  ps7_cortexa9_1/lib/libxil.a ps7_cortexa9_1/lib/xadcps_selftest.o ps7_cortexa9_1/lib/xplatform_info.o ps7_c
ortexa9_1/lib/xuartlite.o ps7_cortexa9_1/lib/xil_mem.o ps7_cortexa9_1/lib/xil_testio.o ps7_cortexa9_1/lib/isatty.o ps7_cortexa9
_1/lib/xdevcfg_hw.o ps7_cortexa9_1/lib/xil_sleeptimer.o ps7_cortexa9_1/lib/xqspips_options.o ps7_cortexa9_1/lib/xdmaps_g.o ps7_
cortexa9_1/lib/xscutimer_g.o ps7_cortexa9_1/lib/xaxicdma_g.o ps7_cortexa9_1/lib/xdmaps_sinit.o ps7_cortexa9_1/lib/xscutimer_sin
it.o ps7_cortexa9_1/lib/xemacps_hw.o ps7_cortexa9_1/lib/inbyte.o ps7_cortexa9_1/lib/xsdps_options.o ps7_cortexa9_1/lib/xaxicdma
_sinit.o ps7_cortexa9_1/lib/xscutimer_selftest.o ps7_cortexa9_1/lib/xil_misc_psreset_api.o ps7_cortexa9_1/lib/putnum.o ps7_cort
exa9_1/lib/xuartlite_stats.o ps7_cortexa9_1/lib/xttcps_selftest.o ps7_cortexa9_1/lib/xadcps_intr.o ps7_cortexa9_1/lib/xiic_l.o 
ps7_cortexa9_1/lib/xgpiops_g.o ps7_cortexa9_1/lib/xsdps.o ps7_cortexa9_1/lib/close.o ps7_cortexa9_1/lib/_exit.o ps7_cortexa9_1/
lib/xscugic_intr.o ps7_cortexa9_1/lib/xscugic_hw.o ps7_cortexa9_1/lib/xaxicdma_bd.o ps7_cortexa9_1/lib/xintc_g.o ps7_cortexa9_1
/lib/xgpiops_selftest.o ps7_cortexa9_1/lib/xgpio_g.o ps7_cortexa9_1/lib/xscuwdt.o ps7_cortexa9_1/lib/xaxivdma_g.o ps7_cortexa9_
1/lib/xiicps_intr.o ps7_cortexa9_1/lib/xaxivdma_sinit.o ps7_cortexa9_1/lib/xuartps_sinit.o ps7_cortexa9_1/lib/xgpio_selftest.o 
ps7_cortexa9_1/lib/xiic_intr.o ps7_cortexa9_1/lib/xaxivdma_selftest.o ps7_cortexa9_1/lib/xiicps_slave.o ps7_cortexa9_1/lib/xgpi
o_intr.o ps7_cortexa9_1/lib/xintc_intr.o ps7_cortexa9_1/lib/xil_printf.o ps7_cortexa9_1/lib/xiic_g.o ps7_cortexa9_1/lib/xiicps_
g.o ps7_cortexa9_1/lib/xadcps.o ps7_cortexa9_1/lib/xiic_stats.o ps7_cortexa9_1/lib/xiicps_options.o ps7_cortexa9_1/lib/xintc_l.
o ps7_cortexa9_1/lib/xuartps_selftest.o ps7_cortexa9_1/lib/lseek.o ps7_cortexa9_1/lib/xil_testmem.o ps7_cortexa9_1/lib/xusbps_h
w.o ps7_cortexa9_1/lib/xl2cc_counter.o ps7_cortexa9_1/lib/xiicps_hw.o ps7_cortexa9_1/lib/xiic_options.o ps7_cortexa9_1/lib/xsdp
s_sinit.o ps7_cortexa9_1/lib/asm_vectors.o ps7_cortexa9_1/lib/abort.o ps7_cortexa9_1/lib/xdevcfg_g.o ps7_cortexa9_1/lib/xuartli
te_l.o ps7_cortexa9_1/lib/getpid.o ps7_cortexa9_1/lib/xil_testcache.o ps7_cortexa9_1/lib/xdevcfg_sinit.o ps7_cortexa9_1/lib/xdm
aps.o ps7_cortexa9_1/lib/xgpiops_sinit.o ps7_cortexa9_1/lib/xdevcfg_selftest.o ps7_cortexa9_1/lib/xvtc_intr.o ps7_cortexa9_1/li
b/xaxicdma.o ps7_cortexa9_1/lib/xttcps.o ps7_cortexa9_1/lib/xpm_counter.o ps7_cortexa9_1/lib/xemacps_g.o ps7_cortexa9_1/lib/xii
cps.o ps7_cortexa9_1/lib/_sbrk.o ps7_cortexa9_1/lib/xemacps_sinit.o ps7_cortexa9_1/lib/xuartlite_intr.o ps7_cortexa9_1/lib/xusb
ps_endpoint.o ps7_cortexa9_1/lib/xiicps_master.o ps7_cortexa9_1/lib/xqspips_g.o ps7_cortexa9_1/lib/xgpiops.o ps7_cortexa9_1/lib
/xemacps.o ps7_cortexa9_1/lib/xqspips_sinit.o ps7_cortexa9_1/lib/xiic_dyn_master.o ps7_cortexa9_1/lib/xqspips_selftest.o ps7_co
rtexa9_1/lib/xil_exception.o ps7_cortexa9_1/lib/sbrk.o ps7_cortexa9_1/lib/xaxivdma.o ps7_cortexa9_1/lib/xvtc_g.o ps7_cortexa9_1
/lib/xemacps_control.o ps7_cortexa9_1/lib/xiic_master.o ps7_cortexa9_1/lib/open.o ps7_cortexa9_1/lib/xil_assert.o ps7_cortexa9_
1/lib/xaxivdma_intr.o ps7_cortexa9_1/lib/xusbps_intr.o ps7_cortexa9_1/lib/xscugic.o ps7_cortexa9_1/lib/xsdps_host.o ps7_cortexa
9_1/lib/xcoresightpsdcc.o ps7_cortexa9_1/lib/xiicps_xfer.o ps7_cortexa9_1/lib/xintc.o ps7_cortexa9_1/lib/xaxicdma_bdring.o ps7_
cortexa9_1/lib/sleep.o ps7_cortexa9_1/lib/xil-crt0.o ps7_cortexa9_1/lib/xiic_selftest.o ps7_cortexa9_1/lib/cpputest_time.o ps7_
cortexa9_1/lib/xvtc.o ps7_cortexa9_1/lib/xdevcfg.o ps7_cortexa9_1/lib/kill.o ps7_cortexa9_1/lib/xttcps_options.o ps7_cortexa9_1
/lib/print.o ps7_cortexa9_1/lib/xscutimer.o ps7_cortexa9_1/lib/xvtc_selftest.o ps7_cortexa9_1/lib/xqspips.o ps7_cortexa9_1/lib/
xclk_wiz_g.o ps7_cortexa9_1/lib/xil_cache.o ps7_cortexa9_1/lib/xclk_wiz_sinit.o ps7_cortexa9_1/lib/xvtc_sinit.o ps7_cortexa9_1/
lib/xiic_multi_master.o ps7_cortexa9_1/lib/xuartps_intr.o ps7_cortexa9_1/lib/xuartps_options.o ps7_cortexa9_1/lib/unlink.o ps7_
cortexa9_1/lib/xuartps_g.o ps7_cortexa9_1/lib/xaxidma_g.o ps7_cortexa9_1/lib/xqspips_hw.o ps7_cortexa9_1/lib/xdmaps_selftest.o 
ps7_cortexa9_1/lib/xaxidma_sinit.o ps7_cortexa9_1/lib/translation_table.o ps7_cortexa9_1/lib/xaxidma_selftest.o ps7_cortexa9_1/
lib/write.o ps7_cortexa9_1/lib/xil_mmu.o ps7_cortexa9_1/lib/boot.o ps7_cortexa9_1/lib/xemacps_bdring.o ps7_cortexa9_1/lib/xaxic
dma_intr.o ps7_cortexa9_1/lib/cpu_init.o ps7_cortexa9_1/lib/xil_util.o ps7_cortexa9_1/lib/xaxidma_bd.o ps7_cortexa9_1/lib/uslee
p.o ps7_cortexa9_1/lib/xil_sleepcommon.o ps7_cortexa9_1/lib/xgpiops_intr.o ps7_cortexa9_1/lib/xscugic_sinit.o ps7_cortexa9_1/li
b/_open.o ps7_cortexa9_1/lib/fcntl.o ps7_cortexa9_1/lib/outbyte.o ps7_cortexa9_1/lib/xuartps_hw.o ps7_cortexa9_1/lib/read.o ps7
_cortexa9_1/lib/xttcps_g.o ps7_cortexa9_1/lib/xuartlite_g.o ps7_cortexa9_1/lib/xtime_l.o ps7_cortexa9_1/lib/xscugic_selftest.o 
ps7_cortexa9_1/lib/xuartlite_selftest.o ps7_cortexa9_1/lib/xgpio_sinit.o ps7_cortexa9_1/lib/xscuwdt_sinit.o ps7_cortexa9_1/lib/
xsdps_card.o ps7_cortexa9_1/lib/xdmaps_hw.o ps7_cortexa9_1/lib/xclk_wiz.o ps7_cortexa9_1/lib/xttcps_sinit.o ps7_cortexa9_1/lib/
xiic.o ps7_cortexa9_1/lib/xiic_slave.o ps7_cortexa9_1/lib/xiic_sinit.o ps7_cortexa9_1/lib/xgpiops_hw.o ps7_cortexa9_1/lib/xsdps
_g.o ps7_cortexa9_1/lib/fstat.o ps7_cortexa9_1/lib/xaxidma.o ps7_cortexa9_1/lib/errno.o ps7_cortexa9_1/lib/xgpio.o ps7_cortexa9
_1/lib/xintc_options.o ps7_cortexa9_1/lib/xdevcfg_intr.o ps7_cortexa9_1/lib/xaxivdma_channel.o ps7_cortexa9_1/lib/vectors.o ps7
_cortexa9_1/lib/xusbps_g.o ps7_cortexa9_1/lib/xscuwdt_selftest.o ps7_cortexa9_1/lib/xscuwdt_g.o ps7_cortexa9_1/lib/xuartps.o ps
7_cortexa9_1/lib/xclk_wiz_intr.o ps7_cortexa9_1/lib/xil_clocking.o ps7_cortexa9_1/lib/xusbps.o ps7_cortexa9_1/lib/xemacps_intr.
o ps7_cortexa9_1/lib/xiicps_selftest.o ps7_cortexa9_1/lib/xgpio_extra.o ps7_cortexa9_1/lib/xusbps_sinit.o ps7_cortexa9_1/lib/xs
cugic_g.o ps7_cortexa9_1/lib/xiicps_sinit.o ps7_cortexa9_1/lib/xadcps_g.o ps7_cortexa9_1/lib/xuartlite_sinit.o ps7_cortexa9_1/l
ib/xaxidma_bdring.o ps7_cortexa9_1/lib/xadcps_sinit.o ps7_cortexa9_1/lib/xintc_selftest.o

'Finished building libraries'

make: Leaving directory 'C:/Users/saber/Desktop/share/DanDike_NewBoard/vitis1/system_wrapper/zynq_fsbl/zynq_fsbl_bsp'

arm-none-eabi-gcc -MMD -MP       -mcpu=cortex-a9 -mfpu=vfpv3 -mfloat-abi=hard   -O2 -c -c sd.c -o sd.o -Izynq_fsbl_bsp/ps7_cort
exa9_1/include -I.

arm-none-eabi-gcc -MMD -MP       -mcpu=cortex-a9 -mfpu=vfpv3 -mfloat-abi=hard   -O2 -c -c nand.c -o nand.o -Izynq_fsbl_bsp/ps7_
cortexa9_1/include -I.

arm-none-eabi-gcc -MMD -MP       -mcpu=cortex-a9 -mfpu=vfpv3 -mfloat-abi=hard   -O2 -c -c image_mover.c -o image_mover.o -Izynq
_fsbl_bsp/ps7_cortexa9_1/include -I.

arm-none-eabi-gcc -MMD -MP       -mcpu=cortex-a9 -mfpu=vfpv3 -mfloat-abi=hard   -O2 -c -c md5.c -o md5.o -Izynq_fsbl_bsp/ps7_co
rtexa9_1/include -I.

arm-none-eabi-gcc -MMD -MP       -mcpu=cortex-a9 -mfpu=vfpv3 -mfloat-abi=hard   -O2 -c -c fsbl_hooks.c -o fsbl_hooks.o -Izynq_f
sbl_bsp/ps7_cortexa9_1/include -I.

arm-none-eabi-gcc -MMD -MP       -mcpu=cortex-a9 -mfpu=vfpv3 -mfloat-abi=hard   -O2 -c -c main.c -o main.o -Izynq_fsbl_bsp/ps7_
cortexa9_1/include -I.

In file included from main.c:115:
zynq_fsbl_bsp/ps7_cortexa9_1/include/xtime_l.h:65:9: note: #pragma message: For the sleep routines, Global timer is being used
   65 | #pragma message ("For the sleep routines, Global timer is being used")
      |         ^~~~~~~
arm-none-eabi-gcc -MMD -MP       -mcpu=cortex-a9 -mfpu=vfpv3 -mfloat-abi=hard   -O2 -c -c rsa.c -o rsa.o -Izynq_fsbl_bsp/ps7_co
rtexa9_1/include -I.

arm-none-eabi-gcc -MMD -MP       -mcpu=cortex-a9 -mfpu=vfpv3 -mfloat-abi=hard   -O2 -c -c nor.c -o nor.o -Izynq_fsbl_bsp/ps7_co
rtexa9_1/include -I.

arm-none-eabi-gcc -MMD -MP       -mcpu=cortex-a9 -mfpu=vfpv3 -mfloat-abi=hard   -O2 -c -c qspi.c -o qspi.o -Izynq_fsbl_bsp/ps7_
cortexa9_1/include -I.

arm-none-eabi-gcc -MMD -MP       -mcpu=cortex-a9 -mfpu=vfpv3 -mfloat-abi=hard   -O2 -c -c ps7_init.c -o ps7_init.o -Izynq_fsbl_
bsp/ps7_cortexa9_1/include -I.

arm-none-eabi-gcc -MMD -MP       -mcpu=cortex-a9 -mfpu=vfpv3 -mfloat-abi=hard   -O2 -c -c pcap.c -o pcap.o -Izynq_fsbl_bsp/ps7_
cortexa9_1/include -I.

In file included from pcap.c:78:
zynq_fsbl_bsp/ps7_cortexa9_1/include/xtime_l.h:65:9: note: #pragma message: For the sleep routines, Global timer is being used
   65 | #pragma message ("For the sleep routines, Global timer is being used")
      |         ^~~~~~~
arm-none-eabi-gcc -MMD -MP       -mcpu=cortex-a9 -mfpu=vfpv3 -mfloat-abi=hard   -O2 -c -c fsbl_handoff.S -o fsbl_handoff.o -Izy
nq_fsbl_bsp/ps7_cortexa9_1/include -I.

arm-none-eabi-gcc -o fsbl.elf  sd.o  nand.o  image_mover.o  md5.o  fsbl_hooks.o  main.o  rsa.o  nor.o  qspi.o  ps7_init.o  pcap
.o  fsbl_handoff.o -MMD -MP       -mcpu=cortex-a9 -mfpu=vfpv3 -mfloat-abi=hard   -mcpu=cortex-a9 -mfpu=vfpv3 -mfloat-abi=hard -
Wl,-build-id=none -specs=Xilinx.spec  -lrsa -Wl,--start-group,-lxil,-lgcc,-lc,--end-group -Wl,--start-group,-lxilffs,-lxil,-lgc
c,-lc,--end-group -Wl,--start-group,-lrsa,-lxil,-lgcc,-lc,--end-group                                                         -
Wl,--gc-sections -Lzynq_fsbl_bsp/ps7_cortexa9_1/lib -L./ -Tlscript.ld

Building the BSP Library for domain  - standalone_ps7_cortexa9_1 on processor ps7_cortexa9_1
make --no-print-directory seq_libs

"Running Make include in ps7_cortexa9_1/libsrc/axicdma_v4_8/src"

make -C ps7_cortexa9_1/libsrc/axicdma_v4_8/src -s include  "SHELL=CMD" "COMPILER=arm-none-eabi-gcc" "ASSEMBLER=arm-none-eabi-as
" "ARCHIVER=arm-none-eabi-ar" "COMPILER_FLAGS=  -O2 -c" "EXTRA_COMPILER_FLAGS=-mcpu=cortex-a9 -mfpu=vfpv3 -mfloat-abi=hard -nos
tartfiles -g -Wall -Wextra"

"Running Make include in ps7_cortexa9_1/libsrc/axidma_v9_12/src"

make -C ps7_cortexa9_1/libsrc/axidma_v9_12/src -s include  "SHELL=CMD" "COMPILER=arm-none-eabi-gcc" "ASSEMBLER=arm-none-eabi-as
" "ARCHIVER=arm-none-eabi-ar" "COMPILER_FLAGS=  -O2 -c" "EXTRA_COMPILER_FLAGS=-mcpu=cortex-a9 -mfpu=vfpv3 -mfloat-abi=hard -nos
tartfiles -g -Wall -Wextra"

"Running Make include in ps7_cortexa9_1/libsrc/axivdma_v6_8/src"

make -C ps7_cortexa9_1/libsrc/axivdma_v6_8/src -s include  "SHELL=CMD" "COMPILER=arm-none-eabi-gcc" "ASSEMBLER=arm-none-eabi-as
" "ARCHIVER=arm-none-eabi-ar" "COMPILER_FLAGS=  -O2 -c" "EXTRA_COMPILER_FLAGS=-mcpu=cortex-a9 -mfpu=vfpv3 -mfloat-abi=hard -nos
tartfiles -g -Wall -Wextra"

"Running Make include in ps7_cortexa9_1/libsrc/clk_wiz_v1_4/src"

make -C ps7_cortexa9_1/libsrc/clk_wiz_v1_4/src -s include  "SHELL=CMD" "COMPILER=arm-none-eabi-gcc" "ASSEMBLER=arm-none-eabi-as
" "ARCHIVER=arm-none-eabi-ar" "COMPILER_FLAGS=  -O2 -c" "EXTRA_COMPILER_FLAGS=-mcpu=cortex-a9 -mfpu=vfpv3 -mfloat-abi=hard -nos
tartfiles -g -Wall -Wextra"

"Running Make include in ps7_cortexa9_1/libsrc/coder_v1_0/src"

make -C ps7_cortexa9_1/libsrc/coder_v1_0/src -s include  "SHELL=CMD" "COMPILER=arm-none-eabi-gcc" "ASSEMBLER=arm-none-eabi-as" 
"ARCHIVER=arm-none-eabi-ar" "COMPILER_FLAGS=  -O2 -c" "EXTRA_COMPILER_FLAGS=-mcpu=cortex-a9 -mfpu=vfpv3 -mfloat-abi=hard -nosta
rtfiles -g -Wall -Wextra"

"Running Make include in ps7_cortexa9_1/libsrc/coresightps_dcc_v1_8/src"

make -C ps7_cortexa9_1/libsrc/coresightps_dcc_v1_8/src -s include  "SHELL=CMD" "COMPILER=arm-none-eabi-gcc" "ASSEMBLER=arm-none
-eabi-as" "ARCHIVER=arm-none-eabi-ar" "COMPILER_FLAGS=  -O2 -c" "EXTRA_COMPILER_FLAGS=-mcpu=cortex-a9 -mfpu=vfpv3 -mfloat-abi=h
ard -nostartfiles -g -Wall -Wextra"

"Running Make include in ps7_cortexa9_1/libsrc/cpu_cortexa9_v2_10/src"

make -C ps7_cortexa9_1/libsrc/cpu_cortexa9_v2_10/src -s include  "SHELL=CMD" "COMPILER=arm-none-eabi-gcc" "ASSEMBLER=arm-none-e
abi-as" "ARCHIVER=arm-none-eabi-ar" "COMPILER_FLAGS=  -O2 -c" "EXTRA_COMPILER_FLAGS=-mcpu=cortex-a9 -mfpu=vfpv3 -mfloat-abi=har
d -nostartfiles -g -Wall -Wextra"

"Running Make include in ps7_cortexa9_1/libsrc/ddrps_v1_2/src"

make -C ps7_cortexa9_1/libsrc/ddrps_v1_2/src -s include  "SHELL=CMD" "COMPILER=arm-none-eabi-gcc" "ASSEMBLER=arm-none-eabi-as" 
"ARCHIVER=arm-none-eabi-ar" "COMPILER_FLAGS=  -O2 -c" "EXTRA_COMPILER_FLAGS=-mcpu=cortex-a9 -mfpu=vfpv3 -mfloat-abi=hard -nosta
rtfiles -g -Wall -Wextra"

"Running Make include in ps7_cortexa9_1/libsrc/devcfg_v3_7/src"

make -C ps7_cortexa9_1/libsrc/devcfg_v3_7/src -s include  "SHELL=CMD" "COMPILER=arm-none-eabi-gcc" "ASSEMBLER=arm-none-eabi-as"
 "ARCHIVER=arm-none-eabi-ar" "COMPILER_FLAGS=  -O2 -c" "EXTRA_COMPILER_FLAGS=-mcpu=cortex-a9 -mfpu=vfpv3 -mfloat-abi=hard -nost
artfiles -g -Wall -Wextra"

"Running Make include in ps7_cortexa9_1/libsrc/dmaps_v2_7/src"

make -C ps7_cortexa9_1/libsrc/dmaps_v2_7/src -s include  "SHELL=CMD" "COMPILER=arm-none-eabi-gcc" "ASSEMBLER=arm-none-eabi-as" 
"ARCHIVER=arm-none-eabi-ar" "COMPILER_FLAGS=  -O2 -c" "EXTRA_COMPILER_FLAGS=-mcpu=cortex-a9 -mfpu=vfpv3 -mfloat-abi=hard -nosta
rtfiles -g -Wall -Wextra"

"Running Make include in ps7_cortexa9_1/libsrc/emacps_v3_12/src"

make -C ps7_cortexa9_1/libsrc/emacps_v3_12/src -s include  "SHELL=CMD" "COMPILER=arm-none-eabi-gcc" "ASSEMBLER=arm-none-eabi-as
" "ARCHIVER=arm-none-eabi-ar" "COMPILER_FLAGS=  -O2 -c" "EXTRA_COMPILER_FLAGS=-mcpu=cortex-a9 -mfpu=vfpv3 -mfloat-abi=hard -nos
tartfiles -g -Wall -Wextra"

"Running Make include in ps7_cortexa9_1/libsrc/gpiops_v3_8/src"

make -C ps7_cortexa9_1/libsrc/gpiops_v3_8/src -s include  "SHELL=CMD" "COMPILER=arm-none-eabi-gcc" "ASSEMBLER=arm-none-eabi-as"
 "ARCHIVER=arm-none-eabi-ar" "COMPILER_FLAGS=  -O2 -c" "EXTRA_COMPILER_FLAGS=-mcpu=cortex-a9 -mfpu=vfpv3 -mfloat-abi=hard -nost
artfiles -g -Wall -Wextra"

"Running Make include in ps7_cortexa9_1/libsrc/gpio_v4_7/src"

make -C ps7_cortexa9_1/libsrc/gpio_v4_7/src -s include  "SHELL=CMD" "COMPILER=arm-none-eabi-gcc" "ASSEMBLER=arm-none-eabi-as" "
ARCHIVER=arm-none-eabi-ar" "COMPILER_FLAGS=  -O2 -c" "EXTRA_COMPILER_FLAGS=-mcpu=cortex-a9 -mfpu=vfpv3 -mfloat-abi=hard -nostar
tfiles -g -Wall -Wextra"

"Running Make include in ps7_cortexa9_1/libsrc/iicps_v3_12/src"

make -C ps7_cortexa9_1/libsrc/iicps_v3_12/src -s include  "SHELL=CMD" "COMPILER=arm-none-eabi-gcc" "ASSEMBLER=arm-none-eabi-as"
 "ARCHIVER=arm-none-eabi-ar" "COMPILER_FLAGS=  -O2 -c" "EXTRA_COMPILER_FLAGS=-mcpu=cortex-a9 -mfpu=vfpv3 -mfloat-abi=hard -nost
artfiles -g -Wall -Wextra"

"Running Make include in ps7_cortexa9_1/libsrc/iic_v3_7/src"

make -C ps7_cortexa9_1/libsrc/iic_v3_7/src -s include  "SHELL=CMD" "COMPILER=arm-none-eabi-gcc" "ASSEMBLER=arm-none-eabi-as" "A
RCHIVER=arm-none-eabi-ar" "COMPILER_FLAGS=  -O2 -c" "EXTRA_COMPILER_FLAGS=-mcpu=cortex-a9 -mfpu=vfpv3 -mfloat-abi=hard -nostart
files -g -Wall -Wextra"

"Running Make include in ps7_cortexa9_1/libsrc/intc_v3_12/src"

make -C ps7_cortexa9_1/libsrc/intc_v3_12/src -s include  "SHELL=CMD" "COMPILER=arm-none-eabi-gcc" "ASSEMBLER=arm-none-eabi-as" 
"ARCHIVER=arm-none-eabi-ar" "COMPILER_FLAGS=  -O2 -c" "EXTRA_COMPILER_FLAGS=-mcpu=cortex-a9 -mfpu=vfpv3 -mfloat-abi=hard -nosta
rtfiles -g -Wall -Wextra"

"Running Make include in ps7_cortexa9_1/libsrc/PWM_v1_0/src"

make -C ps7_cortexa9_1/libsrc/PWM_v1_0/src -s include  "SHELL=CMD" "COMPILER=arm-none-eabi-gcc" "ASSEMBLER=arm-none-eabi-as" "A
RCHIVER=arm-none-eabi-ar" "COMPILER_FLAGS=  -O2 -c" "EXTRA_COMPILER_FLAGS=-mcpu=cortex-a9 -mfpu=vfpv3 -mfloat-abi=hard -nostart
files -g -Wall -Wextra"

"Running Make include in ps7_cortexa9_1/libsrc/qspips_v3_8/src"

make -C ps7_cortexa9_1/libsrc/qspips_v3_8/src -s include  "SHELL=CMD" "COMPILER=arm-none-eabi-gcc" "ASSEMBLER=arm-none-eabi-as"
 "ARCHIVER=arm-none-eabi-ar" "COMPILER_FLAGS=  -O2 -c" "EXTRA_COMPILER_FLAGS=-mcpu=cortex-a9 -mfpu=vfpv3 -mfloat-abi=hard -nost
artfiles -g -Wall -Wextra"

"Running Make include in ps7_cortexa9_1/libsrc/scugic_v4_3/src"

make -C ps7_cortexa9_1/libsrc/scugic_v4_3/src -s include  "SHELL=CMD" "COMPILER=arm-none-eabi-gcc" "ASSEMBLER=arm-none-eabi-as"
 "ARCHIVER=arm-none-eabi-ar" "COMPILER_FLAGS=  -O2 -c" "EXTRA_COMPILER_FLAGS=-mcpu=cortex-a9 -mfpu=vfpv3 -mfloat-abi=hard -nost
artfiles -g -Wall -Wextra"

"Running Make include in ps7_cortexa9_1/libsrc/scutimer_v2_3/src"

make -C ps7_cortexa9_1/libsrc/scutimer_v2_3/src -s include  "SHELL=CMD" "COMPILER=arm-none-eabi-gcc" "ASSEMBLER=arm-none-eabi-a
s" "ARCHIVER=arm-none-eabi-ar" "COMPILER_FLAGS=  -O2 -c" "EXTRA_COMPILER_FLAGS=-mcpu=cortex-a9 -mfpu=vfpv3 -mfloat-abi=hard -no
startfiles -g -Wall -Wextra"

"Running Make include in ps7_cortexa9_1/libsrc/scuwdt_v2_3/src"

make -C ps7_cortexa9_1/libsrc/scuwdt_v2_3/src -s include  "SHELL=CMD" "COMPILER=arm-none-eabi-gcc" "ASSEMBLER=arm-none-eabi-as"
 "ARCHIVER=arm-none-eabi-ar" "COMPILER_FLAGS=  -O2 -c" "EXTRA_COMPILER_FLAGS=-mcpu=cortex-a9 -mfpu=vfpv3 -mfloat-abi=hard -nost
artfiles -g -Wall -Wextra"

"Running Make include in ps7_cortexa9_1/libsrc/sdps_v3_10/src"

make -C ps7_cortexa9_1/libsrc/sdps_v3_10/src -s include  "SHELL=CMD" "COMPILER=arm-none-eabi-gcc" "ASSEMBLER=arm-none-eabi-as" 
"ARCHIVER=arm-none-eabi-ar" "COMPILER_FLAGS=  -O2 -c" "EXTRA_COMPILER_FLAGS=-mcpu=cortex-a9 -mfpu=vfpv3 -mfloat-abi=hard -nosta
rtfiles -g -Wall -Wextra"

"Running Make include in ps7_cortexa9_1/libsrc/standalone_v7_3/src"

make -C ps7_cortexa9_1/libsrc/standalone_v7_3/src -s include  "SHELL=CMD" "COMPILER=arm-none-eabi-gcc" "ASSEMBLER=arm-none-eabi
-as" "ARCHIVER=arm-none-eabi-ar" "COMPILER_FLAGS=  -O2 -c" "EXTRA_COMPILER_FLAGS=-mcpu=cortex-a9 -mfpu=vfpv3 -mfloat-abi=hard -
nostartfiles -g -Wall -Wextra"

"Running Make include in ps7_cortexa9_1/libsrc/ttcps_v3_12/src"

make -C ps7_cortexa9_1/libsrc/ttcps_v3_12/src -s include  "SHELL=CMD" "COMPILER=arm-none-eabi-gcc" "ASSEMBLER=arm-none-eabi-as"
 "ARCHIVER=arm-none-eabi-ar" "COMPILER_FLAGS=  -O2 -c" "EXTRA_COMPILER_FLAGS=-mcpu=cortex-a9 -mfpu=vfpv3 -mfloat-abi=hard -nost
artfiles -g -Wall -Wextra"

"Running Make include in ps7_cortexa9_1/libsrc/uartlite_v3_5/src"

make -C ps7_cortexa9_1/libsrc/uartlite_v3_5/src -s include  "SHELL=CMD" "COMPILER=arm-none-eabi-gcc" "ASSEMBLER=arm-none-eabi-a
s" "ARCHIVER=arm-none-eabi-ar" "COMPILER_FLAGS=  -O2 -c" "EXTRA_COMPILER_FLAGS=-mcpu=cortex-a9 -mfpu=vfpv3 -mfloat-abi=hard -no
startfiles -g -Wall -Wextra"

"Running Make include in ps7_cortexa9_1/libsrc/uartps_v3_10/src"

make -C ps7_cortexa9_1/libsrc/uartps_v3_10/src -s include  "SHELL=CMD" "COMPILER=arm-none-eabi-gcc" "ASSEMBLER=arm-none-eabi-as
" "ARCHIVER=arm-none-eabi-ar" "COMPILER_FLAGS=  -O2 -c" "EXTRA_COMPILER_FLAGS=-mcpu=cortex-a9 -mfpu=vfpv3 -mfloat-abi=hard -nos
tartfiles -g -Wall -Wextra"

"Running Make include in ps7_cortexa9_1/libsrc/usbps_v2_6/src"

make -C ps7_cortexa9_1/libsrc/usbps_v2_6/src -s include  "SHELL=CMD" "COMPILER=arm-none-eabi-gcc" "ASSEMBLER=arm-none-eabi-as" 
"ARCHIVER=arm-none-eabi-ar" "COMPILER_FLAGS=  -O2 -c" "EXTRA_COMPILER_FLAGS=-mcpu=cortex-a9 -mfpu=vfpv3 -mfloat-abi=hard -nosta
rtfiles -g -Wall -Wextra"

"Running Make include in ps7_cortexa9_1/libsrc/vtc_v8_3/src"

make -C ps7_cortexa9_1/libsrc/vtc_v8_3/src -s include  "SHELL=CMD" "COMPILER=arm-none-eabi-gcc" "ASSEMBLER=arm-none-eabi-as" "A
RCHIVER=arm-none-eabi-ar" "COMPILER_FLAGS=  -O2 -c" "EXTRA_COMPILER_FLAGS=-mcpu=cortex-a9 -mfpu=vfpv3 -mfloat-abi=hard -nostart
files -g -Wall -Wextra"

"Running Make include in ps7_cortexa9_1/libsrc/xadcps_v2_5/src"

make -C ps7_cortexa9_1/libsrc/xadcps_v2_5/src -s include  "SHELL=CMD" "COMPILER=arm-none-eabi-gcc" "ASSEMBLER=arm-none-eabi-as"
 "ARCHIVER=arm-none-eabi-ar" "COMPILER_FLAGS=  -O2 -c" "EXTRA_COMPILER_FLAGS=-mcpu=cortex-a9 -mfpu=vfpv3 -mfloat-abi=hard -nost
artfiles -g -Wall -Wextra"

"Running Make libs in ps7_cortexa9_1/libsrc/coder_v1_0/src"

make -C ps7_cortexa9_1/libsrc/coder_v1_0/src -s libs  "SHELL=CMD" "COMPILER=arm-none-eabi-gcc" "ASSEMBLER=arm-none-eabi-as" "AR
CHIVER=arm-none-eabi-ar" "COMPILER_FLAGS=  -O2 -c" "EXTRA_COMPILER_FLAGS=-mcpu=cortex-a9 -mfpu=vfpv3 -mfloat-abi=hard -nostartf
iles -g -Wall -Wextra"

"Compiling coder..."

coder_selftest.c: In function 'CODER_Reg_SelfTest':
coder_selftest.c:52:54: warning: comparison of integer expressions of different signedness: 'u32' {aka 'long unsigned int'} and 'int' [-Wsign-compare]
   52 |    if ( CODER_mReadReg (baseaddr, read_loop_index*4) != (read_loop_index+1)*READ_WRITE_MUL_FACTOR){
      |                                                      ^~
coder_selftest.c:36:6: warning: unused variable 'Index' [-Wunused-variable]
   36 |  int Index;
      |      ^~~~~
arm-none-eabi-ar: creating ../../../lib/libxil.a
"Running Make libs in ps7_cortexa9_1/libsrc/PWM_v1_0/src"

make -C ps7_cortexa9_1/libsrc/PWM_v1_0/src -s libs  "SHELL=CMD" "COMPILER=arm-none-eabi-gcc" "ASSEMBLER=arm-none-eabi-as" "ARCH
IVER=arm-none-eabi-ar" "COMPILER_FLAGS=  -O2 -c" "EXTRA_COMPILER_FLAGS=-mcpu=cortex-a9 -mfpu=vfpv3 -mfloat-abi=hard -nostartfil
es -g -Wall -Wextra"

"Compiling PWM..."

PWM_selftest.c: In function 'PWM_Reg_SelfTest':
PWM_selftest.c:52:52: warning: comparison of integer expressions of different signedness: 'u32' {aka 'long unsigned int'} and 'int' [-Wsign-compare]
   52 |    if ( PWM_mReadReg (baseaddr, read_loop_index*4) != (read_loop_index+1)*READ_WRITE_MUL_FACTOR){
      |                                                    ^~
PWM_selftest.c:36:6: warning: unused variable 'Index' [-Wunused-variable]
   36 |  int Index;
      |      ^~~~~
'Finished building libraries sequentially.'

make -j --no-print-directory par_libs

"Running Make include in ps7_cortexa9_1/libsrc/axicdma_v4_8/src"

make -C ps7_cortexa9_1/libsrc/axicdma_v4_8/src -s include  "SHELL=CMD" "COMPILER=arm-none-eabi-gcc" "ASSEMBLER=arm-none-eabi-as
" "ARCHIVER=arm-none-eabi-ar" "COMPILER_FLAGS=  -O2 -c" "EXTRA_COMPILER_FLAGS=-mcpu=cortex-a9 -mfpu=vfpv3 -mfloat-abi=hard -nos
tartfiles -g -Wall -Wextra"

"Running Make include in ps7_cortexa9_1/libsrc/axidma_v9_12/src"

make -C ps7_cortexa9_1/libsrc/axidma_v9_12/src -s include  "SHELL=CMD" "COMPILER=arm-none-eabi-gcc" "ASSEMBLER=arm-none-eabi-as
" "ARCHIVER=arm-none-eabi-ar" "COMPILER_FLAGS=  -O2 -c" "EXTRA_COMPILER_FLAGS=-mcpu=cortex-a9 -mfpu=vfpv3 -mfloat-abi=hard -nos
tartfiles -g -Wall -Wextra"

"Running Make include in ps7_cortexa9_1/libsrc/axivdma_v6_8/src"

make -C ps7_cortexa9_1/libsrc/axivdma_v6_8/src -s include  "SHELL=CMD" "COMPILER=arm-none-eabi-gcc" "ASSEMBLER=arm-none-eabi-as
" "ARCHIVER=arm-none-eabi-ar" "COMPILER_FLAGS=  -O2 -c" "EXTRA_COMPILER_FLAGS=-mcpu=cortex-a9 -mfpu=vfpv3 -mfloat-abi=hard -nos
tartfiles -g -Wall -Wextra"

"Running Make include in ps7_cortexa9_1/libsrc/clk_wiz_v1_4/src"

make -C ps7_cortexa9_1/libsrc/clk_wiz_v1_4/src -s include  "SHELL=CMD" "COMPILER=arm-none-eabi-gcc" "ASSEMBLER=arm-none-eabi-as
" "ARCHIVER=arm-none-eabi-ar" "COMPILER_FLAGS=  -O2 -c" "EXTRA_COMPILER_FLAGS=-mcpu=cortex-a9 -mfpu=vfpv3 -mfloat-abi=hard -nos
tartfiles -g -Wall -Wextra"

"Running Make include in ps7_cortexa9_1/libsrc/coder_v1_0/src"

make -C ps7_cortexa9_1/libsrc/coder_v1_0/src -s include  "SHELL=CMD" "COMPILER=arm-none-eabi-gcc" "ASSEMBLER=arm-none-eabi-as" 
"ARCHIVER=arm-none-eabi-ar" "COMPILER_FLAGS=  -O2 -c" "EXTRA_COMPILER_FLAGS=-mcpu=cortex-a9 -mfpu=vfpv3 -mfloat-abi=hard -nosta
rtfiles -g -Wall -Wextra"

"Running Make include in ps7_cortexa9_1/libsrc/coresightps_dcc_v1_8/src"

make -C ps7_cortexa9_1/libsrc/coresightps_dcc_v1_8/src -s include  "SHELL=CMD" "COMPILER=arm-none-eabi-gcc" "ASSEMBLER=arm-none
-eabi-as" "ARCHIVER=arm-none-eabi-ar" "COMPILER_FLAGS=  -O2 -c" "EXTRA_COMPILER_FLAGS=-mcpu=cortex-a9 -mfpu=vfpv3 -mfloat-abi=h
ard -nostartfiles -g -Wall -Wextra"

"Running Make include in ps7_cortexa9_1/libsrc/cpu_cortexa9_v2_10/src"

make -C ps7_cortexa9_1/libsrc/cpu_cortexa9_v2_10/src -s include  "SHELL=CMD" "COMPILER=arm-none-eabi-gcc" "ASSEMBLER=arm-none-e
abi-as" "ARCHIVER=arm-none-eabi-ar" "COMPILER_FLAGS=  -O2 -c" "EXTRA_COMPILER_FLAGS=-mcpu=cortex-a9 -mfpu=vfpv3 -mfloat-abi=har
d -nostartfiles -g -Wall -Wextra"

"Running Make include in ps7_cortexa9_1/libsrc/ddrps_v1_2/src"

make -C ps7_cortexa9_1/libsrc/ddrps_v1_2/src -s include  "SHELL=CMD" "COMPILER=arm-none-eabi-gcc" "ASSEMBLER=arm-none-eabi-as" 
"ARCHIVER=arm-none-eabi-ar" "COMPILER_FLAGS=  -O2 -c" "EXTRA_COMPILER_FLAGS=-mcpu=cortex-a9 -mfpu=vfpv3 -mfloat-abi=hard -nosta
rtfiles -g -Wall -Wextra"

"Running Make include in ps7_cortexa9_1/libsrc/devcfg_v3_7/src"

make -C ps7_cortexa9_1/libsrc/devcfg_v3_7/src -s include  "SHELL=CMD" "COMPILER=arm-none-eabi-gcc" "ASSEMBLER=arm-none-eabi-as"
 "ARCHIVER=arm-none-eabi-ar" "COMPILER_FLAGS=  -O2 -c" "EXTRA_COMPILER_FLAGS=-mcpu=cortex-a9 -mfpu=vfpv3 -mfloat-abi=hard -nost
artfiles -g -Wall -Wextra"

"Running Make include in ps7_cortexa9_1/libsrc/dmaps_v2_7/src"

make -C ps7_cortexa9_1/libsrc/dmaps_v2_7/src -s include  "SHELL=CMD" "COMPILER=arm-none-eabi-gcc" "ASSEMBLER=arm-none-eabi-as" 
"ARCHIVER=arm-none-eabi-ar" "COMPILER_FLAGS=  -O2 -c" "EXTRA_COMPILER_FLAGS=-mcpu=cortex-a9 -mfpu=vfpv3 -mfloat-abi=hard -nosta
rtfiles -g -Wall -Wextra"

"Running Make include in ps7_cortexa9_1/libsrc/emacps_v3_12/src"

make -C ps7_cortexa9_1/libsrc/emacps_v3_12/src -s include  "SHELL=CMD" "COMPILER=arm-none-eabi-gcc" "ASSEMBLER=arm-none-eabi-as
" "ARCHIVER=arm-none-eabi-ar" "COMPILER_FLAGS=  -O2 -c" "EXTRA_COMPILER_FLAGS=-mcpu=cortex-a9 -mfpu=vfpv3 -mfloat-abi=hard -nos
tartfiles -g -Wall -Wextra"

"Running Make include in ps7_cortexa9_1/libsrc/gpiops_v3_8/src"

make -C ps7_cortexa9_1/libsrc/gpiops_v3_8/src -s include  "SHELL=CMD" "COMPILER=arm-none-eabi-gcc" "ASSEMBLER=arm-none-eabi-as"
 "ARCHIVER=arm-none-eabi-ar" "COMPILER_FLAGS=  -O2 -c" "EXTRA_COMPILER_FLAGS=-mcpu=cortex-a9 -mfpu=vfpv3 -mfloat-abi=hard -nost
artfiles -g -Wall -Wextra"

"Running Make include in ps7_cortexa9_1/libsrc/gpio_v4_7/src"

make -C ps7_cortexa9_1/libsrc/gpio_v4_7/src -s include  "SHELL=CMD" "COMPILER=arm-none-eabi-gcc" "ASSEMBLER=arm-none-eabi-as" "
ARCHIVER=arm-none-eabi-ar" "COMPILER_FLAGS=  -O2 -c" "EXTRA_COMPILER_FLAGS=-mcpu=cortex-a9 -mfpu=vfpv3 -mfloat-abi=hard -nostar
tfiles -g -Wall -Wextra"

"Running Make include in ps7_cortexa9_1/libsrc/iicps_v3_12/src"

make -C ps7_cortexa9_1/libsrc/iicps_v3_12/src -s include  "SHELL=CMD" "COMPILER=arm-none-eabi-gcc" "ASSEMBLER=arm-none-eabi-as"
 "ARCHIVER=arm-none-eabi-ar" "COMPILER_FLAGS=  -O2 -c" "EXTRA_COMPILER_FLAGS=-mcpu=cortex-a9 -mfpu=vfpv3 -mfloat-abi=hard -nost
artfiles -g -Wall -Wextra"

"Running Make include in ps7_cortexa9_1/libsrc/iic_v3_7/src"

make -C ps7_cortexa9_1/libsrc/iic_v3_7/src -s include  "SHELL=CMD" "COMPILER=arm-none-eabi-gcc" "ASSEMBLER=arm-none-eabi-as" "A
RCHIVER=arm-none-eabi-ar" "COMPILER_FLAGS=  -O2 -c" "EXTRA_COMPILER_FLAGS=-mcpu=cortex-a9 -mfpu=vfpv3 -mfloat-abi=hard -nostart
files -g -Wall -Wextra"

"Running Make include in ps7_cortexa9_1/libsrc/intc_v3_12/src"

make -C ps7_cortexa9_1/libsrc/intc_v3_12/src -s include  "SHELL=CMD" "COMPILER=arm-none-eabi-gcc" "ASSEMBLER=arm-none-eabi-as" 
"ARCHIVER=arm-none-eabi-ar" "COMPILER_FLAGS=  -O2 -c" "EXTRA_COMPILER_FLAGS=-mcpu=cortex-a9 -mfpu=vfpv3 -mfloat-abi=hard -nosta
rtfiles -g -Wall -Wextra"

"Running Make include in ps7_cortexa9_1/libsrc/PWM_v1_0/src"

make -C ps7_cortexa9_1/libsrc/PWM_v1_0/src -s include  "SHELL=CMD" "COMPILER=arm-none-eabi-gcc" "ASSEMBLER=arm-none-eabi-as" "A
RCHIVER=arm-none-eabi-ar" "COMPILER_FLAGS=  -O2 -c" "EXTRA_COMPILER_FLAGS=-mcpu=cortex-a9 -mfpu=vfpv3 -mfloat-abi=hard -nostart
files -g -Wall -Wextra"

"Running Make include in ps7_cortexa9_1/libsrc/qspips_v3_8/src"

make -C ps7_cortexa9_1/libsrc/qspips_v3_8/src -s include  "SHELL=CMD" "COMPILER=arm-none-eabi-gcc" "ASSEMBLER=arm-none-eabi-as"
 "ARCHIVER=arm-none-eabi-ar" "COMPILER_FLAGS=  -O2 -c" "EXTRA_COMPILER_FLAGS=-mcpu=cortex-a9 -mfpu=vfpv3 -mfloat-abi=hard -nost
artfiles -g -Wall -Wextra"

"Running Make include in ps7_cortexa9_1/libsrc/scugic_v4_3/src"

make -C ps7_cortexa9_1/libsrc/scugic_v4_3/src -s include  "SHELL=CMD" "COMPILER=arm-none-eabi-gcc" "ASSEMBLER=arm-none-eabi-as"
 "ARCHIVER=arm-none-eabi-ar" "COMPILER_FLAGS=  -O2 -c" "EXTRA_COMPILER_FLAGS=-mcpu=cortex-a9 -mfpu=vfpv3 -mfloat-abi=hard -nost
artfiles -g -Wall -Wextra"

"Running Make include in ps7_cortexa9_1/libsrc/scutimer_v2_3/src"

make -C ps7_cortexa9_1/libsrc/scutimer_v2_3/src -s include  "SHELL=CMD" "COMPILER=arm-none-eabi-gcc" "ASSEMBLER=arm-none-eabi-a
s" "ARCHIVER=arm-none-eabi-ar" "COMPILER_FLAGS=  -O2 -c" "EXTRA_COMPILER_FLAGS=-mcpu=cortex-a9 -mfpu=vfpv3 -mfloat-abi=hard -no
startfiles -g -Wall -Wextra"

"Running Make include in ps7_cortexa9_1/libsrc/scuwdt_v2_3/src"

make -C ps7_cortexa9_1/libsrc/scuwdt_v2_3/src -s include  "SHELL=CMD" "COMPILER=arm-none-eabi-gcc" "ASSEMBLER=arm-none-eabi-as"
 "ARCHIVER=arm-none-eabi-ar" "COMPILER_FLAGS=  -O2 -c" "EXTRA_COMPILER_FLAGS=-mcpu=cortex-a9 -mfpu=vfpv3 -mfloat-abi=hard -nost
artfiles -g -Wall -Wextra"

"Running Make include in ps7_cortexa9_1/libsrc/sdps_v3_10/src"

make -C ps7_cortexa9_1/libsrc/sdps_v3_10/src -s include  "SHELL=CMD" "COMPILER=arm-none-eabi-gcc" "ASSEMBLER=arm-none-eabi-as" 
"ARCHIVER=arm-none-eabi-ar" "COMPILER_FLAGS=  -O2 -c" "EXTRA_COMPILER_FLAGS=-mcpu=cortex-a9 -mfpu=vfpv3 -mfloat-abi=hard -nosta
rtfiles -g -Wall -Wextra"

"Running Make include in ps7_cortexa9_1/libsrc/standalone_v7_3/src"

make -C ps7_cortexa9_1/libsrc/standalone_v7_3/src -s include  "SHELL=CMD" "COMPILER=arm-none-eabi-gcc" "ASSEMBLER=arm-none-eabi
-as" "ARCHIVER=arm-none-eabi-ar" "COMPILER_FLAGS=  -O2 -c" "EXTRA_COMPILER_FLAGS=-mcpu=cortex-a9 -mfpu=vfpv3 -mfloat-abi=hard -
nostartfiles -g -Wall -Wextra"

"Running Make include in ps7_cortexa9_1/libsrc/ttcps_v3_12/src"

make -C ps7_cortexa9_1/libsrc/ttcps_v3_12/src -s include  "SHELL=CMD" "COMPILER=arm-none-eabi-gcc" "ASSEMBLER=arm-none-eabi-as"
 "ARCHIVER=arm-none-eabi-ar" "COMPILER_FLAGS=  -O2 -c" "EXTRA_COMPILER_FLAGS=-mcpu=cortex-a9 -mfpu=vfpv3 -mfloat-abi=hard -nost
artfiles -g -Wall -Wextra"

"Running Make include in ps7_cortexa9_1/libsrc/uartlite_v3_5/src"

make -C ps7_cortexa9_1/libsrc/uartlite_v3_5/src -s include  "SHELL=CMD" "COMPILER=arm-none-eabi-gcc" "ASSEMBLER=arm-none-eabi-a
s" "ARCHIVER=arm-none-eabi-ar" "COMPILER_FLAGS=  -O2 -c" "EXTRA_COMPILER_FLAGS=-mcpu=cortex-a9 -mfpu=vfpv3 -mfloat-abi=hard -no
startfiles -g -Wall -Wextra"

"Running Make include in ps7_cortexa9_1/libsrc/uartps_v3_10/src"

make -C ps7_cortexa9_1/libsrc/uartps_v3_10/src -s include  "SHELL=CMD" "COMPILER=arm-none-eabi-gcc" "ASSEMBLER=arm-none-eabi-as
" "ARCHIVER=arm-none-eabi-ar" "COMPILER_FLAGS=  -O2 -c" "EXTRA_COMPILER_FLAGS=-mcpu=cortex-a9 -mfpu=vfpv3 -mfloat-abi=hard -nos
tartfiles -g -Wall -Wextra"

"Running Make include in ps7_cortexa9_1/libsrc/usbps_v2_6/src"

make -C ps7_cortexa9_1/libsrc/usbps_v2_6/src -s include  "SHELL=CMD" "COMPILER=arm-none-eabi-gcc" "ASSEMBLER=arm-none-eabi-as" 
"ARCHIVER=arm-none-eabi-ar" "COMPILER_FLAGS=  -O2 -c" "EXTRA_COMPILER_FLAGS=-mcpu=cortex-a9 -mfpu=vfpv3 -mfloat-abi=hard -nosta
rtfiles -g -Wall -Wextra"

"Running Make include in ps7_cortexa9_1/libsrc/vtc_v8_3/src"

make -C ps7_cortexa9_1/libsrc/vtc_v8_3/src -s include  "SHELL=CMD" "COMPILER=arm-none-eabi-gcc" "ASSEMBLER=arm-none-eabi-as" "A
RCHIVER=arm-none-eabi-ar" "COMPILER_FLAGS=  -O2 -c" "EXTRA_COMPILER_FLAGS=-mcpu=cortex-a9 -mfpu=vfpv3 -mfloat-abi=hard -nostart
files -g -Wall -Wextra"

"Running Make include in ps7_cortexa9_1/libsrc/xadcps_v2_5/src"

make -C ps7_cortexa9_1/libsrc/xadcps_v2_5/src -s include  "SHELL=CMD" "COMPILER=arm-none-eabi-gcc" "ASSEMBLER=arm-none-eabi-as"
 "ARCHIVER=arm-none-eabi-ar" "COMPILER_FLAGS=  -O2 -c" "EXTRA_COMPILER_FLAGS=-mcpu=cortex-a9 -mfpu=vfpv3 -mfloat-abi=hard -nost
artfiles -g -Wall -Wextra"

"Running Make libs in ps7_cortexa9_1/libsrc/axicdma_v4_8/src"

make -C ps7_cortexa9_1/libsrc/axicdma_v4_8/src -s libs  "SHELL=CMD" "COMPILER=arm-none-eabi-gcc" "ASSEMBLER=arm-none-eabi-as" "
ARCHIVER=arm-none-eabi-ar" "COMPILER_FLAGS=  -O2 -c" "EXTRA_COMPILER_FLAGS=-mcpu=cortex-a9 -mfpu=vfpv3 -mfloat-abi=hard -nostar
tfiles -g -Wall -Wextra"

"Running Make libs in ps7_cortexa9_1/libsrc/axidma_v9_12/src"

"Running Make libs in ps7_cortexa9_1/libsrc/axivdma_v6_8/src"

make -C ps7_cortexa9_1/libsrc/axidma_v9_12/src -s libs  "SHELL=CMD" "COMPILER=arm-none-eabi-gcc" "ASSEMBLER=arm-none-eabi-as" "
ARCHIVER=arm-none-eabi-ar" "COMPILER_FLAGS=  -O2 -c" "EXTRA_COMPILER_FLAGS=-mcpu=cortex-a9 -mfpu=vfpv3 -mfloat-abi=hard -nostar
tfiles -g -Wall -Wextra"

make -C ps7_cortexa9_1/libsrc/axivdma_v6_8/src -s libs  "SHELL=CMD" "COMPILER=arm-none-eabi-gcc" "ASSEMBLER=arm-none-eabi-as" "
ARCHIVER=arm-none-eabi-ar" "COMPILER_FLAGS=  -O2 -c" "EXTRA_COMPILER_FLAGS=-mcpu=cortex-a9 -mfpu=vfpv3 -mfloat-abi=hard -nostar
tfiles -g -Wall -Wextra"

"Running Make libs in ps7_cortexa9_1/libsrc/coresightps_dcc_v1_8/src"

"Running Make libs in ps7_cortexa9_1/libsrc/clk_wiz_v1_4/src"

"Running Make libs in ps7_cortexa9_1/libsrc/cpu_cortexa9_v2_10/src"

make -C ps7_cortexa9_1/libsrc/clk_wiz_v1_4/src -s libs  "SHELL=CMD" "COMPILER=arm-none-eabi-gcc" "ASSEMBLER=arm-none-eabi-as" "
ARCHIVER=arm-none-eabi-ar" "COMPILER_FLAGS=  -O2 -c" "EXTRA_COMPILER_FLAGS=-mcpu=cortex-a9 -mfpu=vfpv3 -mfloat-abi=hard -nostar
tfiles -g -Wall -Wextra"

make -C ps7_cortexa9_1/libsrc/coresightps_dcc_v1_8/src -s libs  "SHELL=CMD" "COMPILER=arm-none-eabi-gcc" "ASSEMBLER=arm-none-ea
bi-as" "ARCHIVER=arm-none-eabi-ar" "COMPILER_FLAGS=  -O2 -c" "EXTRA_COMPILER_FLAGS=-mcpu=cortex-a9 -mfpu=vfpv3 -mfloat-abi=hard
 -nostartfiles -g -Wall -Wextra"

make -C ps7_cortexa9_1/libsrc/cpu_cortexa9_v2_10/src -s libs  "SHELL=CMD" "COMPILER=arm-none-eabi-gcc" "ASSEMBLER=arm-none-eabi
-as" "ARCHIVER=arm-none-eabi-ar" "COMPILER_FLAGS=  -O2 -c" "EXTRA_COMPILER_FLAGS=-mcpu=cortex-a9 -mfpu=vfpv3 -mfloat-abi=hard -
nostartfiles -g -Wall -Wextra"

"Running Make libs in ps7_cortexa9_1/libsrc/ddrps_v1_2/src"

make -C ps7_cortexa9_1/libsrc/ddrps_v1_2/src -s libs  "SHELL=CMD" "COMPILER=arm-none-eabi-gcc" "ASSEMBLER=arm-none-eabi-as" "AR
CHIVER=arm-none-eabi-ar" "COMPILER_FLAGS=  -O2 -c" "EXTRA_COMPILER_FLAGS=-mcpu=cortex-a9 -mfpu=vfpv3 -mfloat-abi=hard -nostartf
iles -g -Wall -Wextra"

"Running Make libs in ps7_cortexa9_1/libsrc/devcfg_v3_7/src"

make -C ps7_cortexa9_1/libsrc/devcfg_v3_7/src -s libs  "SHELL=CMD" "COMPILER=arm-none-eabi-gcc" "ASSEMBLER=arm-none-eabi-as" "A
RCHIVER=arm-none-eabi-ar" "COMPILER_FLAGS=  -O2 -c" "EXTRA_COMPILER_FLAGS=-mcpu=cortex-a9 -mfpu=vfpv3 -mfloat-abi=hard -nostart
files -g -Wall -Wextra"

"Running Make libs in ps7_cortexa9_1/libsrc/scugic_v4_3/src"

"Running Make libs in ps7_cortexa9_1/libsrc/dmaps_v2_7/src"

"Running Make libs in ps7_cortexa9_1/libsrc/gpiops_v3_8/src"

"Running Make libs in ps7_cortexa9_1/libsrc/emacps_v3_12/src"

make -C ps7_cortexa9_1/libsrc/dmaps_v2_7/src -s libs  "SHELL=CMD" "COMPILER=arm-none-eabi-gcc" "ASSEMBLER=arm-none-eabi-as" "AR
CHIVER=arm-none-eabi-ar" "COMPILER_FLAGS=  -O2 -c" "EXTRA_COMPILER_FLAGS=-mcpu=cortex-a9 -mfpu=vfpv3 -mfloat-abi=hard -nostartf
iles -g -Wall -Wextra"

make -C ps7_cortexa9_1/libsrc/emacps_v3_12/src -s libs  "SHELL=CMD" "COMPILER=arm-none-eabi-gcc" "ASSEMBLER=arm-none-eabi-as" "
ARCHIVER=arm-none-eabi-ar" "COMPILER_FLAGS=  -O2 -c" "EXTRA_COMPILER_FLAGS=-mcpu=cortex-a9 -mfpu=vfpv3 -mfloat-abi=hard -nostar
tfiles -g -Wall -Wextra"

make -C ps7_cortexa9_1/libsrc/gpiops_v3_8/src -s libs  "SHELL=CMD" "COMPILER=arm-none-eabi-gcc" "ASSEMBLER=arm-none-eabi-as" "A
RCHIVER=arm-none-eabi-ar" "COMPILER_FLAGS=  -O2 -c" "EXTRA_COMPILER_FLAGS=-mcpu=cortex-a9 -mfpu=vfpv3 -mfloat-abi=hard -nostart
files -g -Wall -Wextra"

make -C ps7_cortexa9_1/libsrc/scugic_v4_3/src -s libs  "SHELL=CMD" "COMPILER=arm-none-eabi-gcc" "ASSEMBLER=arm-none-eabi-as" "A
RCHIVER=arm-none-eabi-ar" "COMPILER_FLAGS=  -O2 -c" "EXTRA_COMPILER_FLAGS=-mcpu=cortex-a9 -mfpu=vfpv3 -mfloat-abi=hard -nostart
files -g -Wall -Wextra"

"Running Make libs in ps7_cortexa9_1/libsrc/intc_v3_12/src"

"Running Make libs in ps7_cortexa9_1/libsrc/iicps_v3_12/src"

make -C ps7_cortexa9_1/libsrc/intc_v3_12/src -s libs  "SHELL=CMD" "COMPILER=arm-none-eabi-gcc" "ASSEMBLER=arm-none-eabi-as" "AR
CHIVER=arm-none-eabi-ar" "COMPILER_FLAGS=  -O2 -c" "EXTRA_COMPILER_FLAGS=-mcpu=cortex-a9 -mfpu=vfpv3 -mfloat-abi=hard -nostartf
iles -g -Wall -Wextra"

"Running Make libs in ps7_cortexa9_1/libsrc/scuwdt_v2_3/src"

make -C ps7_cortexa9_1/libsrc/iicps_v3_12/src -s libs  "SHELL=CMD" "COMPILER=arm-none-eabi-gcc" "ASSEMBLER=arm-none-eabi-as" "A
RCHIVER=arm-none-eabi-ar" "COMPILER_FLAGS=  -O2 -c" "EXTRA_COMPILER_FLAGS=-mcpu=cortex-a9 -mfpu=vfpv3 -mfloat-abi=hard -nostart
files -g -Wall -Wextra"

"Running Make libs in ps7_cortexa9_1/libsrc/qspips_v3_8/src"

"Running Make libs in ps7_cortexa9_1/libsrc/iic_v3_7/src"

"Running Make libs in ps7_cortexa9_1/libsrc/gpio_v4_7/src"

make -C ps7_cortexa9_1/libsrc/iic_v3_7/src -s libs  "SHELL=CMD" "COMPILER=arm-none-eabi-gcc" "ASSEMBLER=arm-none-eabi-as" "ARCH
IVER=arm-none-eabi-ar" "COMPILER_FLAGS=  -O2 -c" "EXTRA_COMPILER_FLAGS=-mcpu=cortex-a9 -mfpu=vfpv3 -mfloat-abi=hard -nostartfil
es -g -Wall -Wextra"

make -C ps7_cortexa9_1/libsrc/qspips_v3_8/src -s libs  "SHELL=CMD" "COMPILER=arm-none-eabi-gcc" "ASSEMBLER=arm-none-eabi-as" "A
RCHIVER=arm-none-eabi-ar" "COMPILER_FLAGS=  -O2 -c" "EXTRA_COMPILER_FLAGS=-mcpu=cortex-a9 -mfpu=vfpv3 -mfloat-abi=hard -nostart
files -g -Wall -Wextra"

make -C ps7_cortexa9_1/libsrc/scuwdt_v2_3/src -s libs  "SHELL=CMD" "COMPILER=arm-none-eabi-gcc" "ASSEMBLER=arm-none-eabi-as" "A
RCHIVER=arm-none-eabi-ar" "COMPILER_FLAGS=  -O2 -c" "EXTRA_COMPILER_FLAGS=-mcpu=cortex-a9 -mfpu=vfpv3 -mfloat-abi=hard -nostart
files -g -Wall -Wextra"

"Running Make libs in ps7_cortexa9_1/libsrc/standalone_v7_3/src"

make -C ps7_cortexa9_1/libsrc/gpio_v4_7/src -s libs  "SHELL=CMD" "COMPILER=arm-none-eabi-gcc" "ASSEMBLER=arm-none-eabi-as" "ARC
HIVER=arm-none-eabi-ar" "COMPILER_FLAGS=  -O2 -c" "EXTRA_COMPILER_FLAGS=-mcpu=cortex-a9 -mfpu=vfpv3 -mfloat-abi=hard -nostartfi
les -g -Wall -Wextra"

make -C ps7_cortexa9_1/libsrc/standalone_v7_3/src -s libs  "SHELL=CMD" "COMPILER=arm-none-eabi-gcc" "ASSEMBLER=arm-none-eabi-as
" "ARCHIVER=arm-none-eabi-ar" "COMPILER_FLAGS=  -O2 -c" "EXTRA_COMPILER_FLAGS=-mcpu=cortex-a9 -mfpu=vfpv3 -mfloat-abi=hard -nos
tartfiles -g -Wall -Wextra"

"Running Make libs in ps7_cortexa9_1/libsrc/scutimer_v2_3/src"

"Running Make libs in ps7_cortexa9_1/libsrc/sdps_v3_10/src"

make -C ps7_cortexa9_1/libsrc/sdps_v3_10/src -s libs  "SHELL=CMD" "COMPILER=arm-none-eabi-gcc" "ASSEMBLER=arm-none-eabi-as" "AR
CHIVER=arm-none-eabi-ar" "COMPILER_FLAGS=  -O2 -c" "EXTRA_COMPILER_FLAGS=-mcpu=cortex-a9 -mfpu=vfpv3 -mfloat-abi=hard -nostartf
iles -g -Wall -Wextra"

make -C ps7_cortexa9_1/libsrc/scutimer_v2_3/src -s libs  "SHELL=CMD" "COMPILER=arm-none-eabi-gcc" "ASSEMBLER=arm-none-eabi-as" 
"ARCHIVER=arm-none-eabi-ar" "COMPILER_FLAGS=  -O2 -c" "EXTRA_COMPILER_FLAGS=-mcpu=cortex-a9 -mfpu=vfpv3 -mfloat-abi=hard -nosta
rtfiles -g -Wall -Wextra"

"Running Make libs in ps7_cortexa9_1/libsrc/xadcps_v2_5/src"

"Running Make libs in ps7_cortexa9_1/libsrc/usbps_v2_6/src"

"Running Make libs in ps7_cortexa9_1/libsrc/ttcps_v3_12/src"

"Running Make libs in ps7_cortexa9_1/libsrc/vtc_v8_3/src"

"Running Make libs in ps7_cortexa9_1/libsrc/uartlite_v3_5/src"

make -C ps7_cortexa9_1/libsrc/usbps_v2_6/src -s libs  "SHELL=CMD" "COMPILER=arm-none-eabi-gcc" "ASSEMBLER=arm-none-eabi-as" "AR
CHIVER=arm-none-eabi-ar" "COMPILER_FLAGS=  -O2 -c" "EXTRA_COMPILER_FLAGS=-mcpu=cortex-a9 -mfpu=vfpv3 -mfloat-abi=hard -nostartf
iles -g -Wall -Wextra"

make -C ps7_cortexa9_1/libsrc/ttcps_v3_12/src -s libs  "SHELL=CMD" "COMPILER=arm-none-eabi-gcc" "ASSEMBLER=arm-none-eabi-as" "A
RCHIVER=arm-none-eabi-ar" "COMPILER_FLAGS=  -O2 -c" "EXTRA_COMPILER_FLAGS=-mcpu=cortex-a9 -mfpu=vfpv3 -mfloat-abi=hard -nostart
files -g -Wall -Wextra"

make -C ps7_cortexa9_1/libsrc/uartlite_v3_5/src -s libs  "SHELL=CMD" "COMPILER=arm-none-eabi-gcc" "ASSEMBLER=arm-none-eabi-as" 
"ARCHIVER=arm-none-eabi-ar" "COMPILER_FLAGS=  -O2 -c" "EXTRA_COMPILER_FLAGS=-mcpu=cortex-a9 -mfpu=vfpv3 -mfloat-abi=hard -nosta
rtfiles -g -Wall -Wextra"

make -C ps7_cortexa9_1/libsrc/vtc_v8_3/src -s libs  "SHELL=CMD" "COMPILER=arm-none-eabi-gcc" "ASSEMBLER=arm-none-eabi-as" "ARCH
IVER=arm-none-eabi-ar" "COMPILER_FLAGS=  -O2 -c" "EXTRA_COMPILER_FLAGS=-mcpu=cortex-a9 -mfpu=vfpv3 -mfloat-abi=hard -nostartfil
es -g -Wall -Wextra"

make -C ps7_cortexa9_1/libsrc/xadcps_v2_5/src -s libs  "SHELL=CMD" "COMPILER=arm-none-eabi-gcc" "ASSEMBLER=arm-none-eabi-as" "A
RCHIVER=arm-none-eabi-ar" "COMPILER_FLAGS=  -O2 -c" "EXTRA_COMPILER_FLAGS=-mcpu=cortex-a9 -mfpu=vfpv3 -mfloat-abi=hard -nostart
files -g -Wall -Wextra"

In file included from ../../../include/xstatus.h:29,
                 from xclk_wiz.c:35:
xclk_wiz.c: In function 'XClk_Wiz_SetMinErr':
../../../include/xil_assert.h:111:16: warning: 'return' with a value, in function returning void [-Wreturn-type]
  111 |         return 0;                                  \
      |                ^
xclk_wiz.c:299:2: note: in expansion of macro 'Xil_AssertNonvoid'
  299 |  Xil_AssertNonvoid(InstancePtr != NULL);
      |  ^~~~~~~~~~~~~~~~~
xclk_wiz.c:297:6: note: declared here
  297 | void XClk_Wiz_SetMinErr(XClk_Wiz  *InstancePtr, u64 Minerr)
      |      ^~~~~~~~~~~~~~~~~~
In file included from ../../../include/xstatus.h:29,
                 from xclk_wiz.c:35:
../../../include/xil_assert.h:111:16: warning: 'return' with a value, in function returning void [-Wreturn-type]
  111 |         return 0;                                  \
      |                ^
xclk_wiz.c:300:2: note: in expansion of macro 'Xil_AssertNonvoid'
  300 |  Xil_AssertNonvoid(InstancePtr->IsReady == XIL_COMPONENT_IS_READY);
      |  ^~~~~~~~~~~~~~~~~
xclk_wiz.c:297:6: note: declared here
  297 | void XClk_Wiz_SetMinErr(XClk_Wiz  *InstancePtr, u64 Minerr)
      |      ^~~~~~~~~~~~~~~~~~
"Running Make libs in ps7_cortexa9_1/libsrc/uartps_v3_10/src"

make -C ps7_cortexa9_1/libsrc/uartps_v3_10/src -s libs  "SHELL=CMD" "COMPILER=arm-none-eabi-gcc" "ASSEMBLER=arm-none-eabi-as" "
ARCHIVER=arm-none-eabi-ar" "COMPILER_FLAGS=  -O2 -c" "EXTRA_COMPILER_FLAGS=-mcpu=cortex-a9 -mfpu=vfpv3 -mfloat-abi=hard -nostar
tfiles -g -Wall -Wextra"

In file included from xil_sleeptimer.c:32:
xtime_l.h:65:9: note: #pragma message: For the sleep routines, Global timer is being used
   65 | #pragma message ("For the sleep routines, Global timer is being used")
      |         ^~~~~~~
In file included from xtime_l.c:27:
xtime_l.h:65:9: note: #pragma message: For the sleep routines, Global timer is being used
   65 | #pragma message ("For the sleep routines, Global timer is being used")
      |         ^~~~~~~
In file included from usleep.c:34:
xtime_l.h:65:9: note: #pragma message: For the sleep routines, Global timer is being used
   65 | #pragma message ("For the sleep routines, Global timer is being used")
      |         ^~~~~~~
In file included from sleep.c:31:
xtime_l.h:65:9: note: #pragma message: For the sleep routines, Global timer is being used
   65 | #pragma message ("For the sleep routines, Global timer is being used")
      |         ^~~~~~~
'Finished building libraries parallelly.'

make --no-print-directory archive

arm-none-eabi-ar -r  ps7_cortexa9_1/lib/libxil.a ps7_cortexa9_1/lib/xadcps_selftest.o ps7_cortexa9_1/lib/xplatform_info.o ps7_c
ortexa9_1/lib/xuartlite.o ps7_cortexa9_1/lib/xil_mem.o ps7_cortexa9_1/lib/xil_testio.o ps7_cortexa9_1/lib/isatty.o ps7_cortexa9
_1/lib/xdevcfg_hw.o ps7_cortexa9_1/lib/xil_sleeptimer.o ps7_cortexa9_1/lib/xqspips_options.o ps7_cortexa9_1/lib/xdmaps_g.o ps7_
cortexa9_1/lib/xscutimer_g.o ps7_cortexa9_1/lib/xaxicdma_g.o ps7_cortexa9_1/lib/xdmaps_sinit.o ps7_cortexa9_1/lib/xscutimer_sin
it.o ps7_cortexa9_1/lib/xemacps_hw.o ps7_cortexa9_1/lib/inbyte.o ps7_cortexa9_1/lib/xsdps_options.o ps7_cortexa9_1/lib/xaxicdma
_sinit.o ps7_cortexa9_1/lib/xscutimer_selftest.o ps7_cortexa9_1/lib/xil_misc_psreset_api.o ps7_cortexa9_1/lib/putnum.o ps7_cort
exa9_1/lib/xuartlite_stats.o ps7_cortexa9_1/lib/xttcps_selftest.o ps7_cortexa9_1/lib/xadcps_intr.o ps7_cortexa9_1/lib/xgpiops_g
.o ps7_cortexa9_1/lib/xsdps.o ps7_cortexa9_1/lib/close.o ps7_cortexa9_1/lib/_exit.o ps7_cortexa9_1/lib/xscugic_intr.o ps7_corte
xa9_1/lib/xscugic_hw.o ps7_cortexa9_1/lib/xaxicdma_bd.o ps7_cortexa9_1/lib/xintc_g.o ps7_cortexa9_1/lib/xuartps.o ps7_cortexa9_
1/lib/xgpiops_selftest.o ps7_cortexa9_1/lib/xgpio_g.o ps7_cortexa9_1/lib/xscuwdt.o ps7_cortexa9_1/lib/xaxivdma_g.o ps7_cortexa9
_1/lib/xclk_wiz_intr.o ps7_cortexa9_1/lib/xiicps_intr.o ps7_cortexa9_1/lib/xaxivdma_sinit.o ps7_cortexa9_1/lib/xuartps_sinit.o 
ps7_cortexa9_1/lib/xgpio_selftest.o ps7_cortexa9_1/lib/xiic_intr.o ps7_cortexa9_1/lib/xaxivdma_selftest.o ps7_cortexa9_1/lib/xi
icps_slave.o ps7_cortexa9_1/lib/xgpio_intr.o ps7_cortexa9_1/lib/xintc_intr.o ps7_cortexa9_1/lib/xil_printf.o ps7_cortexa9_1/lib
/xiic_g.o ps7_cortexa9_1/lib/xadcps.o ps7_cortexa9_1/lib/xiic_stats.o ps7_cortexa9_1/lib/xiicps_options.o ps7_cortexa9_1/lib/xi
ntc_l.o ps7_cortexa9_1/lib/xuartps_selftest.o ps7_cortexa9_1/lib/lseek.o ps7_cortexa9_1/lib/xiic_slave.o ps7_cortexa9_1/lib/xvt
c.o ps7_cortexa9_1/lib/xil_testmem.o ps7_cortexa9_1/lib/xusbps_hw.o ps7_cortexa9_1/lib/xaxicdma_intr.o ps7_cortexa9_1/lib/xl2cc
_counter.o ps7_cortexa9_1/lib/xiicps_hw.o ps7_cortexa9_1/lib/xiic_options.o ps7_cortexa9_1/lib/xuartps_g.o ps7_cortexa9_1/lib/x
sdps_sinit.o ps7_cortexa9_1/lib/asm_vectors.o ps7_cortexa9_1/lib/abort.o ps7_cortexa9_1/lib/xdevcfg_g.o ps7_cortexa9_1/lib/xuar
tlite_l.o ps7_cortexa9_1/lib/getpid.o ps7_cortexa9_1/lib/xil_testcache.o ps7_cortexa9_1/lib/xdevcfg_sinit.o ps7_cortexa9_1/lib/
xdmaps.o ps7_cortexa9_1/lib/xgpiops_sinit.o ps7_cortexa9_1/lib/xdevcfg_selftest.o ps7_cortexa9_1/lib/xvtc_intr.o ps7_cortexa9_1
/lib/xaxicdma.o ps7_cortexa9_1/lib/xttcps.o ps7_cortexa9_1/lib/xpm_counter.o ps7_cortexa9_1/lib/xemacps_g.o ps7_cortexa9_1/lib/
xiicps.o ps7_cortexa9_1/lib/_sbrk.o ps7_cortexa9_1/lib/xemacps_sinit.o ps7_cortexa9_1/lib/xuartlite_intr.o ps7_cortexa9_1/lib/x
usbps_endpoint.o ps7_cortexa9_1/lib/xiicps_master.o ps7_cortexa9_1/lib/xqspips_g.o ps7_cortexa9_1/lib/xgpiops.o ps7_cortexa9_1/
lib/xemacps.o ps7_cortexa9_1/lib/xqspips_sinit.o ps7_cortexa9_1/lib/xiic_dyn_master.o ps7_cortexa9_1/lib/xqspips_selftest.o ps7
_cortexa9_1/lib/xil_exception.o ps7_cortexa9_1/lib/sbrk.o ps7_cortexa9_1/lib/xaxivdma.o ps7_cortexa9_1/lib/xvtc_g.o ps7_cortexa
9_1/lib/xemacps_control.o ps7_cortexa9_1/lib/xiic_master.o ps7_cortexa9_1/lib/open.o ps7_cortexa9_1/lib/xil_assert.o ps7_cortex
a9_1/lib/xaxivdma_intr.o ps7_cortexa9_1/lib/xusbps_intr.o ps7_cortexa9_1/lib/xscugic.o ps7_cortexa9_1/lib/xsdps_host.o ps7_cort
exa9_1/lib/xcoresightpsdcc.o ps7_cortexa9_1/lib/xiicps_xfer.o ps7_cortexa9_1/lib/xintc.o ps7_cortexa9_1/lib/xiic.o ps7_cortexa9
_1/lib/sleep.o ps7_cortexa9_1/lib/xil-crt0.o ps7_cortexa9_1/lib/xiic_selftest.o ps7_cortexa9_1/lib/cpputest_time.o ps7_cortexa9
_1/lib/xintc_selftest.o ps7_cortexa9_1/lib/xdevcfg.o ps7_cortexa9_1/lib/xaxicdma_bdring.o ps7_cortexa9_1/lib/kill.o ps7_cortexa
9_1/lib/xttcps_options.o ps7_cortexa9_1/lib/print.o ps7_cortexa9_1/lib/xscutimer.o ps7_cortexa9_1/lib/xvtc_selftest.o ps7_corte
xa9_1/lib/xqspips.o ps7_cortexa9_1/lib/xclk_wiz_g.o ps7_cortexa9_1/lib/xil_cache.o ps7_cortexa9_1/lib/xclk_wiz_sinit.o ps7_cort
exa9_1/lib/xvtc_sinit.o ps7_cortexa9_1/lib/xiic_multi_master.o ps7_cortexa9_1/lib/unlink.o ps7_cortexa9_1/lib/xaxidma_g.o ps7_c
ortexa9_1/lib/xusbps.o ps7_cortexa9_1/lib/xqspips_hw.o ps7_cortexa9_1/lib/xdmaps_selftest.o ps7_cortexa9_1/lib/xaxidma_sinit.o 
ps7_cortexa9_1/lib/xiicps_g.o ps7_cortexa9_1/lib/translation_table.o ps7_cortexa9_1/lib/xaxidma_selftest.o ps7_cortexa9_1/lib/w
rite.o ps7_cortexa9_1/lib/xil_mmu.o ps7_cortexa9_1/lib/boot.o ps7_cortexa9_1/lib/xemacps_bdring.o ps7_cortexa9_1/lib/xaxivdma_c
hannel.o ps7_cortexa9_1/lib/cpu_init.o ps7_cortexa9_1/lib/xil_util.o ps7_cortexa9_1/lib/xaxidma_bd.o ps7_cortexa9_1/lib/usleep.
o ps7_cortexa9_1/lib/xil_sleepcommon.o ps7_cortexa9_1/lib/xgpiops_intr.o ps7_cortexa9_1/lib/xscugic_sinit.o ps7_cortexa9_1/lib/
_open.o ps7_cortexa9_1/lib/fcntl.o ps7_cortexa9_1/lib/outbyte.o ps7_cortexa9_1/lib/xuartps_hw.o ps7_cortexa9_1/lib/read.o ps7_c
ortexa9_1/lib/xttcps_g.o ps7_cortexa9_1/lib/xuartlite_g.o ps7_cortexa9_1/lib/xtime_l.o ps7_cortexa9_1/lib/xscugic_selftest.o ps
7_cortexa9_1/lib/xuartlite_selftest.o ps7_cortexa9_1/lib/xgpio_sinit.o ps7_cortexa9_1/lib/xuartps_intr.o ps7_cortexa9_1/lib/xsd
ps_card.o ps7_cortexa9_1/lib/xdmaps_hw.o ps7_cortexa9_1/lib/xclk_wiz.o ps7_cortexa9_1/lib/xttcps_sinit.o ps7_cortexa9_1/lib/xii
c_l.o ps7_cortexa9_1/lib/xscuwdt_sinit.o ps7_cortexa9_1/lib/xiic_sinit.o ps7_cortexa9_1/lib/xgpiops_hw.o ps7_cortexa9_1/lib/xsd
ps_g.o ps7_cortexa9_1/lib/fstat.o ps7_cortexa9_1/lib/xaxidma.o ps7_cortexa9_1/lib/errno.o ps7_cortexa9_1/lib/xgpio.o ps7_cortex
a9_1/lib/xintc_options.o ps7_cortexa9_1/lib/xdevcfg_intr.o ps7_cortexa9_1/lib/xuartps_options.o ps7_cortexa9_1/lib/vectors.o ps
7_cortexa9_1/lib/xusbps_g.o ps7_cortexa9_1/lib/xscuwdt_selftest.o ps7_cortexa9_1/lib/xscuwdt_g.o ps7_cortexa9_1/lib/xil_clockin
g.o ps7_cortexa9_1/lib/xemacps_intr.o ps7_cortexa9_1/lib/xiicps_selftest.o ps7_cortexa9_1/lib/xgpio_extra.o ps7_cortexa9_1/lib/
xusbps_sinit.o ps7_cortexa9_1/lib/xscugic_g.o ps7_cortexa9_1/lib/xiicps_sinit.o ps7_cortexa9_1/lib/xadcps_g.o ps7_cortexa9_1/li
b/xuartlite_sinit.o ps7_cortexa9_1/lib/xaxidma_bdring.o ps7_cortexa9_1/lib/xadcps_sinit.o

'Finished building libraries'

15:14:46 **** Build of configuration Debug for project CPU1 ****
make all 
make --no-print-directory pre-build
a9-linaro-pre-build-step
' '
make --no-print-directory main-build
'Building file: ../src/kiss_fft/kfc.c'
'Invoking: ARM v7 gcc compiler'
arm-none-eabi-gcc -Wall -O0 -g3 -c -fmessage-length=0 -MT"src/kiss_fft/kfc.o" -mcpu=cortex-a9 -mfpu=vfpv3 -mfloat-abi=hard -IC:/Users/saber/Desktop/share/DanDike_NewBoard/vitis1/system_wrapper/export/system_wrapper/sw/system_wrapper/standalone_ps7_cortexa9_1/bspinclude/include -MMD -MP -MF"src/kiss_fft/kfc.d" -MT"src/kiss_fft/kfc.o" -o "src/kiss_fft/kfc.o" "../src/kiss_fft/kfc.c"
'Finished building: ../src/kiss_fft/kfc.c'
' '
'Building file: ../src/kiss_fft/kiss_fft.c'
'Invoking: ARM v7 gcc compiler'
arm-none-eabi-gcc -Wall -O0 -g3 -c -fmessage-length=0 -MT"src/kiss_fft/kiss_fft.o" -mcpu=cortex-a9 -mfpu=vfpv3 -mfloat-abi=hard -IC:/Users/saber/Desktop/share/DanDike_NewBoard/vitis1/system_wrapper/export/system_wrapper/sw/system_wrapper/standalone_ps7_cortexa9_1/bspinclude/include -MMD -MP -MF"src/kiss_fft/kiss_fft.d" -MT"src/kiss_fft/kiss_fft.o" -o "src/kiss_fft/kiss_fft.o" "../src/kiss_fft/kiss_fft.c"
'Finished building: ../src/kiss_fft/kiss_fft.c'
' '
'Building file: ../src/kiss_fft/kiss_fftnd.c'
'Invoking: ARM v7 gcc compiler'
arm-none-eabi-gcc -Wall -O0 -g3 -c -fmessage-length=0 -MT"src/kiss_fft/kiss_fftnd.o" -mcpu=cortex-a9 -mfpu=vfpv3 -mfloat-abi=hard -IC:/Users/saber/Desktop/share/DanDike_NewBoard/vitis1/system_wrapper/export/system_wrapper/sw/system_wrapper/standalone_ps7_cortexa9_1/bspinclude/include -MMD -MP -MF"src/kiss_fft/kiss_fftnd.d" -MT"src/kiss_fft/kiss_fftnd.o" -o "src/kiss_fft/kiss_fftnd.o" "../src/kiss_fft/kiss_fftnd.c"
'Finished building: ../src/kiss_fft/kiss_fftnd.c'
' '
'Building file: ../src/kiss_fft/kiss_fftndr.c'
'Invoking: ARM v7 gcc compiler'
arm-none-eabi-gcc -Wall -O0 -g3 -c -fmessage-length=0 -MT"src/kiss_fft/kiss_fftndr.o" -mcpu=cortex-a9 -mfpu=vfpv3 -mfloat-abi=hard -IC:/Users/saber/Desktop/share/DanDike_NewBoard/vitis1/system_wrapper/export/system_wrapper/sw/system_wrapper/standalone_ps7_cortexa9_1/bspinclude/include -MMD -MP -MF"src/kiss_fft/kiss_fftndr.d" -MT"src/kiss_fft/kiss_fftndr.o" -o "src/kiss_fft/kiss_fftndr.o" "../src/kiss_fft/kiss_fftndr.c"
'Finished building: ../src/kiss_fft/kiss_fftndr.c'
' '
'Building file: ../src/kiss_fft/kiss_fftr.c'
'Invoking: ARM v7 gcc compiler'
arm-none-eabi-gcc -Wall -O0 -g3 -c -fmessage-length=0 -MT"src/kiss_fft/kiss_fftr.o" -mcpu=cortex-a9 -mfpu=vfpv3 -mfloat-abi=hard -IC:/Users/saber/Desktop/share/DanDike_NewBoard/vitis1/system_wrapper/export/system_wrapper/sw/system_wrapper/standalone_ps7_cortexa9_1/bspinclude/include -MMD -MP -MF"src/kiss_fft/kiss_fftr.d" -MT"src/kiss_fft/kiss_fftr.o" -o "src/kiss_fft/kiss_fftr.o" "../src/kiss_fft/kiss_fftr.c"
'Finished building: ../src/kiss_fft/kiss_fftr.c'
' '
'Building file: ../src/8025IIC.c'
'Invoking: ARM v7 gcc compiler'
arm-none-eabi-gcc -Wall -O0 -g3 -c -fmessage-length=0 -MT"src/8025IIC.o" -mcpu=cortex-a9 -mfpu=vfpv3 -mfloat-abi=hard -IC:/Users/saber/Desktop/share/DanDike_NewBoard/vitis1/system_wrapper/export/system_wrapper/sw/system_wrapper/standalone_ps7_cortexa9_1/bspinclude/include -MMD -MP -MF"src/8025IIC.d" -MT"src/8025IIC.o" -o "src/8025IIC.o" "../src/8025IIC.c"
'Finished building: ../src/8025IIC.c'
' '
'Building file: ../src/ADDA.c'
'Invoking: ARM v7 gcc compiler'
arm-none-eabi-gcc -Wall -O0 -g3 -c -fmessage-length=0 -MT"src/ADDA.o" -mcpu=cortex-a9 -mfpu=vfpv3 -mfloat-abi=hard -IC:/Users/saber/Desktop/share/DanDike_NewBoard/vitis1/system_wrapper/export/system_wrapper/sw/system_wrapper/standalone_ps7_cortexa9_1/bspinclude/include -MMD -MP -MF"src/ADDA.d" -MT"src/ADDA.o" -o "src/ADDA.o" "../src/ADDA.c"
'Finished building: ../src/ADDA.c'
' '
'Building file: ../src/Amplifier_Switch.c'
'Invoking: ARM v7 gcc compiler'
arm-none-eabi-gcc -Wall -O0 -g3 -c -fmessage-length=0 -MT"src/Amplifier_Switch.o" -mcpu=cortex-a9 -mfpu=vfpv3 -mfloat-abi=hard -IC:/Users/saber/Desktop/share/DanDike_NewBoard/vitis1/system_wrapper/export/system_wrapper/sw/system_wrapper/standalone_ps7_cortexa9_1/bspinclude/include -MMD -MP -MF"src/Amplifier_Switch.d" -MT"src/Amplifier_Switch.o" -o "src/Amplifier_Switch.o" "../src/Amplifier_Switch.c"
'Finished building: ../src/Amplifier_Switch.c'
' '
'Building file: ../src/Communications_Protocol.c'
'Invoking: ARM v7 gcc compiler'
arm-none-eabi-gcc -Wall -O0 -g3 -c -fmessage-length=0 -MT"src/Communications_Protocol.o" -mcpu=cortex-a9 -mfpu=vfpv3 -mfloat-abi=hard -IC:/Users/saber/Desktop/share/DanDike_NewBoard/vitis1/system_wrapper/export/system_wrapper/sw/system_wrapper/standalone_ps7_cortexa9_1/bspinclude/include -MMD -MP -MF"src/Communications_Protocol.d" -MT"src/Communications_Protocol.o" -o "src/Communications_Protocol.o" "../src/Communications_Protocol.c"
'Finished building: ../src/Communications_Protocol.c'
' '
'Building file: ../src/IIC_Master.c'
'Invoking: ARM v7 gcc compiler'
arm-none-eabi-gcc -Wall -O0 -g3 -c -fmessage-length=0 -MT"src/IIC_Master.o" -mcpu=cortex-a9 -mfpu=vfpv3 -mfloat-abi=hard -IC:/Users/saber/Desktop/share/DanDike_NewBoard/vitis1/system_wrapper/export/system_wrapper/sw/system_wrapper/standalone_ps7_cortexa9_1/bspinclude/include -MMD -MP -MF"src/IIC_Master.d" -MT"src/IIC_Master.o" -o "src/IIC_Master.o" "../src/IIC_Master.c"
'Finished building: ../src/IIC_Master.c'
' '
'Building file: ../src/Msg_Que.c'
'Invoking: ARM v7 gcc compiler'
arm-none-eabi-gcc -Wall -O0 -g3 -c -fmessage-length=0 -MT"src/Msg_Que.o" -mcpu=cortex-a9 -mfpu=vfpv3 -mfloat-abi=hard -IC:/Users/saber/Desktop/share/DanDike_NewBoard/vitis1/system_wrapper/export/system_wrapper/sw/system_wrapper/standalone_ps7_cortexa9_1/bspinclude/include -MMD -MP -MF"src/Msg_Que.d" -MT"src/Msg_Que.o" -o "src/Msg_Que.o" "../src/Msg_Que.c"
'Finished building: ../src/Msg_Que.c'
' '
'Building file: ../src/My_KissFft.c'
'Invoking: ARM v7 gcc compiler'
arm-none-eabi-gcc -Wall -O0 -g3 -c -fmessage-length=0 -MT"src/My_KissFft.o" -mcpu=cortex-a9 -mfpu=vfpv3 -mfloat-abi=hard -IC:/Users/saber/Desktop/share/DanDike_NewBoard/vitis1/system_wrapper/export/system_wrapper/sw/system_wrapper/standalone_ps7_cortexa9_1/bspinclude/include -MMD -MP -MF"src/My_KissFft.d" -MT"src/My_KissFft.o" -o "src/My_KissFft.o" "../src/My_KissFft.c"
../src/My_KissFft.c: In function 'perform_fft_with_window':
../src/My_KissFft.c:331:9: warning: variable 'fundamental_idx' set but not used [-Wunused-but-set-variable]
  331 |     int fundamental_idx = 0;
      |         ^~~~~~~~~~~~~~~
'Finished building: ../src/My_KissFft.c'
' '
'Building file: ../src/PID.c'
'Invoking: ARM v7 gcc compiler'
arm-none-eabi-gcc -Wall -O0 -g3 -c -fmessage-length=0 -MT"src/PID.o" -mcpu=cortex-a9 -mfpu=vfpv3 -mfloat-abi=hard -IC:/Users/saber/Desktop/share/DanDike_NewBoard/vitis1/system_wrapper/export/system_wrapper/sw/system_wrapper/standalone_ps7_cortexa9_1/bspinclude/include -MMD -MP -MF"src/PID.d" -MT"src/PID.o" -o "src/PID.o" "../src/PID.c"
'Finished building: ../src/PID.c'
' '
'Building file: ../src/Rc64.c'
'Invoking: ARM v7 gcc compiler'
arm-none-eabi-gcc -Wall -O0 -g3 -c -fmessage-length=0 -MT"src/Rc64.o" -mcpu=cortex-a9 -mfpu=vfpv3 -mfloat-abi=hard -IC:/Users/saber/Desktop/share/DanDike_NewBoard/vitis1/system_wrapper/export/system_wrapper/sw/system_wrapper/standalone_ps7_cortexa9_1/bspinclude/include -MMD -MP -MF"src/Rc64.d" -MT"src/Rc64.o" -o "src/Rc64.o" "../src/Rc64.c"
'Finished building: ../src/Rc64.c'
' '
'Building file: ../src/StateSequence.c'
'Invoking: ARM v7 gcc compiler'
arm-none-eabi-gcc -Wall -O0 -g3 -c -fmessage-length=0 -MT"src/StateSequence.o" -mcpu=cortex-a9 -mfpu=vfpv3 -mfloat-abi=hard -IC:/Users/saber/Desktop/share/DanDike_NewBoard/vitis1/system_wrapper/export/system_wrapper/sw/system_wrapper/standalone_ps7_cortexa9_1/bspinclude/include -MMD -MP -MF"src/StateSequence.d" -MT"src/StateSequence.o" -o "src/StateSequence.o" "../src/StateSequence.c"
'Finished building: ../src/StateSequence.c'
' '
'Building file: ../src/Timer_sync.c'
'Invoking: ARM v7 gcc compiler'
arm-none-eabi-gcc -Wall -O0 -g3 -c -fmessage-length=0 -MT"src/Timer_sync.o" -mcpu=cortex-a9 -mfpu=vfpv3 -mfloat-abi=hard -IC:/Users/saber/Desktop/share/DanDike_NewBoard/vitis1/system_wrapper/export/system_wrapper/sw/system_wrapper/standalone_ps7_cortexa9_1/bspinclude/include -MMD -MP -MF"src/Timer_sync.d" -MT"src/Timer_sync.o" -o "src/Timer_sync.o" "../src/Timer_sync.c"
'Finished building: ../src/Timer_sync.c'
' '
'Building file: ../src/cJSON.c'
'Invoking: ARM v7 gcc compiler'
arm-none-eabi-gcc -Wall -O0 -g3 -c -fmessage-length=0 -MT"src/cJSON.o" -mcpu=cortex-a9 -mfpu=vfpv3 -mfloat-abi=hard -IC:/Users/saber/Desktop/share/DanDike_NewBoard/vitis1/system_wrapper/export/system_wrapper/sw/system_wrapper/standalone_ps7_cortexa9_1/bspinclude/include -MMD -MP -MF"src/cJSON.d" -MT"src/cJSON.o" -o "src/cJSON.o" "../src/cJSON.c"
'Finished building: ../src/cJSON.c'
' '
'Building file: ../src/gps.c'
'Invoking: ARM v7 gcc compiler'
arm-none-eabi-gcc -Wall -O0 -g3 -c -fmessage-length=0 -MT"src/gps.o" -mcpu=cortex-a9 -mfpu=vfpv3 -mfloat-abi=hard -IC:/Users/saber/Desktop/share/DanDike_NewBoard/vitis1/system_wrapper/export/system_wrapper/sw/system_wrapper/standalone_ps7_cortexa9_1/bspinclude/include -MMD -MP -MF"src/gps.d" -MT"src/gps.o" -o "src/gps.o" "../src/gps.c"
'Finished building: ../src/gps.c'
' '
'Building file: ../src/main.c'
'Invoking: ARM v7 gcc compiler'
arm-none-eabi-gcc -Wall -O0 -g3 -c -fmessage-length=0 -MT"src/main.o" -mcpu=cortex-a9 -mfpu=vfpv3 -mfloat-abi=hard -IC:/Users/saber/Desktop/share/DanDike_NewBoard/vitis1/system_wrapper/export/system_wrapper/sw/system_wrapper/standalone_ps7_cortexa9_1/bspinclude/include -MMD -MP -MF"src/main.d" -MT"src/main.o" -o "src/main.o" "../src/main.c"
'Finished building: ../src/main.c'
' '
'Building file: ../src/mutex_utils.c'
'Invoking: ARM v7 gcc compiler'
arm-none-eabi-gcc -Wall -O0 -g3 -c -fmessage-length=0 -MT"src/mutex_utils.o" -mcpu=cortex-a9 -mfpu=vfpv3 -mfloat-abi=hard -IC:/Users/saber/Desktop/share/DanDike_NewBoard/vitis1/system_wrapper/export/system_wrapper/sw/system_wrapper/standalone_ps7_cortexa9_1/bspinclude/include -MMD -MP -MF"src/mutex_utils.d" -MT"src/mutex_utils.o" -o "src/mutex_utils.o" "../src/mutex_utils.c"
'Finished building: ../src/mutex_utils.c'
' '
'Building file: ../src/power_pulse.c'
'Invoking: ARM v7 gcc compiler'
arm-none-eabi-gcc -Wall -O0 -g3 -c -fmessage-length=0 -MT"src/power_pulse.o" -mcpu=cortex-a9 -mfpu=vfpv3 -mfloat-abi=hard -IC:/Users/saber/Desktop/share/DanDike_NewBoard/vitis1/system_wrapper/export/system_wrapper/sw/system_wrapper/standalone_ps7_cortexa9_1/bspinclude/include -MMD -MP -MF"src/power_pulse.d" -MT"src/power_pulse.o" -o "src/power_pulse.o" "../src/power_pulse.c"
'Finished building: ../src/power_pulse.c'
' '
'Building file: ../src/soft_timer.c'
'Invoking: ARM v7 gcc compiler'
arm-none-eabi-gcc -Wall -O0 -g3 -c -fmessage-length=0 -MT"src/soft_timer.o" -mcpu=cortex-a9 -mfpu=vfpv3 -mfloat-abi=hard -IC:/Users/saber/Desktop/share/DanDike_NewBoard/vitis1/system_wrapper/export/system_wrapper/sw/system_wrapper/standalone_ps7_cortexa9_1/bspinclude/include -MMD -MP -MF"src/soft_timer.d" -MT"src/soft_timer.o" -o "src/soft_timer.o" "../src/soft_timer.c"
'Finished building: ../src/soft_timer.c'
' '
'Building target: CPU1.elf'
'Invoking: ARM v7 gcc linker'
arm-none-eabi-gcc -mcpu=cortex-a9 -mfpu=vfpv3 -mfloat-abi=hard -Wl,-build-id=none -specs=Xilinx.spec -Wl,-T -Wl,../src/lscript.ld -LC:/Users/saber/Desktop/share/DanDike_NewBoard/vitis1/system_wrapper/export/system_wrapper/sw/system_wrapper/standalone_ps7_cortexa9_1/bsplib/lib -o "CPU1.elf"  ./src/kiss_fft/kfc.o ./src/kiss_fft/kiss_fft.o ./src/kiss_fft/kiss_fftnd.o ./src/kiss_fft/kiss_fftndr.o ./src/kiss_fft/kiss_fftr.o  ./src/8025IIC.o ./src/ADDA.o ./src/Amplifier_Switch.o ./src/Communications_Protocol.o ./src/IIC_Master.o ./src/Msg_Que.o ./src/My_KissFft.o ./src/PID.o ./src/Rc64.o ./src/StateSequence.o ./src/Timer_sync.o ./src/cJSON.o ./src/gps.o ./src/main.o ./src/mutex_utils.o ./src/power_pulse.o ./src/soft_timer.o   -lm -Wl,--start-group,-lxil,-lgcc,-lc,--end-group
'Finished building target: CPU1.elf'
' '
'Invoking: ARM v7 Print Size'
arm-none-eabi-size CPU1.elf  |tee "CPU1.elf.size"
   text	   data	    bss	    dec	    hex	filename
 288640	   4632	21334208	21627480	14a0258	CPU1.elf
'Finished building: CPU1.elf.size'
' '
15:14:55 **** Build of configuration Debug for project DDK ****
make all 
Generating bif file for the system project
generate_system_bif.bat 13602 C:/Users/saber/Desktop/share/DanDike_NewBoard/vitis1/system_wrapper/export/system_wrapper/system_wrapper.xpfm standalone_ps7_cortexa9_1 C:/Users/saber/Desktop/share/DanDike_NewBoard/vitis1/DDK/Debug/system.bif
sdcard_gen --xpfm C:/Users/saber/Desktop/share/DanDike_NewBoard/vitis1/system_wrapper/export/system_wrapper/system_wrapper.xpfm --sys_config system_wrapper --bif C:/Users/saber/Desktop/share/DanDike_NewBoard/vitis1/DDK/Debug/system.bif --bitstream C:/Users/saber/Desktop/share/DanDike_NewBoard/vitis1/CPU1/_ide/bitstream/system_wrapper.bit --elf C:/Users/saber/Desktop/share/DanDike_NewBoard/vitis1/CPU1/Debug/CPU1.elf,ps7_cortexa9_1
creating BOOT.BIN using C:/Users/saber/Desktop/share/DanDike_NewBoard/vitis1/CPU1/_ide/bitstream/system_wrapper.bit
Running E:/vivado/Vitis/2020.2/bin/bootgen  -image C:/Users/saber/Desktop/share/DanDike_NewBoard/vitis1/DDK/Debug/sd_card_temp/boot.bif -w -o i BOOT.BIN
